******************************************************************************
             TMS320C2000 Linker PC v15.12.3                    
******************************************************************************
>> Linked Sun May 21 14:11:53 2017

OUTPUT FILE NAME:   <sd_card_cpu01.out>
ENTRY POINT SYMBOL: "code_start"  address: 00000000


MEMORY CONFIGURATION

         name            origin    length      used     unused   attr    fill
----------------------  --------  ---------  --------  --------  ----  --------
PAGE 0:
  BEGIN                 00000000   00000002  00000002  00000000  RWIX
  RAMM0                 00000122   000002de  000000c4  0000021a  RWIX
  RAMD0                 0000b000   00000800  00000000  00000800  RWIX
  RAMGS0                0000c000   00001000  00001000  00000000  RWIX
  RAMGS1                0000d000   00001000  00000f13  000000ed  RWIX
  RAMGS2                0000e000   00001000  00000000  00001000  RWIX
  RAMGS3                0000f000   00001000  00000000  00001000  RWIX
  RAMGS4                00010000   00001000  00000000  00001000  RWIX
  RAMGS5                00011000   00002000  000010a7  00000f59  RWIX
  RESET                 003fffc0   00000002  00000000  00000002  RWIX

PAGE 1:
  BOOT_RSVD             00000002   00000120  00000000  00000120  RWIX
  RAMM1                 00000400   00000400  00000100  00000300  RWIX
  ADCA_RESULT           00000b00   00000020  00000018  00000008  RWIX
  ADCB_RESULT           00000b20   00000020  00000018  00000008  RWIX
  ADCC_RESULT           00000b40   00000020  00000018  00000008  RWIX
  ADCD_RESULT           00000b60   00000020  00000018  00000008  RWIX
  CPU_TIMER0            00000c00   00000008  00000008  00000000  RWIX
  CPU_TIMER1            00000c08   00000008  00000008  00000000  RWIX
  CPU_TIMER2            00000c10   00000008  00000008  00000000  RWIX
  PIE_CTRL              00000ce0   00000020  0000001a  00000006  RWIX
  PIE_VECT              00000d00   00000200  000001c0  00000040  RWIX
  DMA                   00001000   00000200  000000e0  00000120  RWIX
  CLA1                  00001400   00000040  0000003e  00000002  RWIX
  EPWM1                 00004000   00000100  00000100  00000000  RWIX
  EPWM2                 00004100   00000100  00000100  00000000  RWIX
  EPWM3                 00004200   00000100  00000100  00000000  RWIX
  EPWM4                 00004300   00000100  00000100  00000000  RWIX
  EPWM5                 00004400   00000100  00000100  00000000  RWIX
  EPWM6                 00004500   00000100  00000100  00000000  RWIX
  EPWM7                 00004600   00000100  00000100  00000000  RWIX
  EPWM8                 00004700   00000100  00000100  00000000  RWIX
  EPWM9                 00004800   00000100  00000100  00000000  RWIX
  EPWM10                00004900   00000100  00000100  00000000  RWIX
  EPWM11                00004a00   00000100  00000100  00000000  RWIX
  EPWM12                00004b00   00000100  00000100  00000000  RWIX
  ECAP1                 00005000   00000020  00000020  00000000  RWIX
  ECAP2                 00005020   00000020  00000020  00000000  RWIX
  ECAP3                 00005040   00000020  00000020  00000000  RWIX
  ECAP4                 00005060   00000020  00000020  00000000  RWIX
  ECAP5                 00005080   00000020  00000020  00000000  RWIX
  ECAP6                 000050a0   00000020  00000020  00000000  RWIX
  EQEP1                 00005100   00000040  00000022  0000001e  RWIX
  EQEP2                 00005140   00000040  00000022  0000001e  RWIX
  EQEP3                 00005180   00000040  00000022  0000001e  RWIX
  DACA                  00005c00   00000010  00000008  00000008  RWIX
  DACB                  00005c10   00000010  00000008  00000008  RWIX
  DACC                  00005c20   00000010  00000008  00000008  RWIX
  CMPSS1                00005c80   00000020  00000020  00000000  RWIX
  CMPSS2                00005ca0   00000020  00000020  00000000  RWIX
  CMPSS3                00005cc0   00000020  00000020  00000000  RWIX
  CMPSS4                00005ce0   00000020  00000020  00000000  RWIX
  CMPSS5                00005d00   00000020  00000020  00000000  RWIX
  CMPSS6                00005d20   00000020  00000020  00000000  RWIX
  CMPSS7                00005d40   00000020  00000020  00000000  RWIX
  CMPSS8                00005d60   00000020  00000020  00000000  RWIX
  SDFM1                 00005e00   00000080  00000080  00000000  RWIX
  SDFM2                 00005e80   00000080  00000080  00000000  RWIX
  MCBSPA                00006000   00000040  00000024  0000001c  RWIX
  MCBSPB                00006040   00000040  00000024  0000001c  RWIX
  SPIA                  00006100   00000010  00000010  00000000  RWIX
  SPIB                  00006110   00000010  00000010  00000000  RWIX
  SPIC                  00006120   00000010  00000010  00000000  RWIX
  SPID                  00006130   00000010  00000000  00000010  RWIX
  UPP                   00006200   00000100  00000048  000000b8  RWIX
  WD                    00007000   00000040  0000002b  00000015  RWIX
  NMIINTRUPT            00007060   00000010  00000007  00000009  RWIX
  XINT                  00007070   00000010  0000000b  00000005  RWIX
  SCIA                  00007200   00000010  00000010  00000000  RWIX
  SCIB                  00007210   00000010  00000010  00000000  RWIX
  SCIC                  00007220   00000010  00000010  00000000  RWIX
  SCID                  00007230   00000010  00000010  00000000  RWIX
  I2CA                  00007300   00000040  00000022  0000001e  RWIX
  I2CB                  00007340   00000040  00000022  0000001e  RWIX
  ADCA                  00007400   00000080  00000080  00000000  RWIX
  ADCB                  00007480   00000080  00000080  00000000  RWIX
  ADCC                  00007500   00000080  00000080  00000000  RWIX
  ADCD                  00007580   00000080  00000080  00000000  RWIX
  INPUT_XBAR            00007900   00000020  00000020  00000000  RWIX
  XBAR                  00007920   00000020  00000020  00000000  RWIX
  SYNC_SOC              00007940   00000010  00000006  0000000a  RWIX
  DMACLASRCSEL          00007980   00000040  0000001a  00000026  RWIX
  EPWM_XBAR             00007a00   00000040  00000040  00000000  RWIX
  CLB_XBAR              00007a40   00000040  00000000  00000040  RWIX
  OUTPUT_XBAR           00007a80   00000040  00000040  00000000  RWIX
  GPIOCTRL              00007c00   00000180  00000180  00000000  RWIX
  GPIODAT               00007f00   00000030  00000030  00000000  RWIX
  RAMLS01               00008000   00001000  00000b5c  000004a4  RWIX
  RAMLS2                00009000   00000800  00000000  00000800  RWIX
  RAMLS3_RAMLS4_RAMLS5  00009800   00001800  000005d6  0000122a  RWIX
  RAMD1                 0000b800   00000800  00000000  00000800  RWIX
  RAMGS7                00013000   00001000  00000000  00001000  RWIX
  RAMGS8                00014000   00001000  00000000  00001000  RWIX
  RAMGS9                00015000   00001000  00000000  00001000  RWIX
  RAMGS10               00016000   00001000  00000000  00001000  RWIX
  RAMGS11               00017000   00001000  00000000  00001000  RWIX
  RAMGS12               00018000   00001000  00000000  00001000  RWIX
  RAMGS13               00019000   00001000  00000000  00001000  RWIX
  RAMGS14               0001a000   00001000  00000000  00001000  RWIX
  RAMGS15               0001b000   00001000  00000000  00001000  RWIX
  CPU2TOCPU1RAM         0003f800   00000400  00000000  00000400  RWIX
  CPU1TOCPU2RAM         0003fc00   00000400  00000000  00000400  RWIX
  EMIF1                 00047000   00000800  00000070  00000790  RWIX
  EMIF2                 00047800   00000800  00000070  00000790  RWIX
  CANA                  00048000   00000800  00000000  00000800  RWIX
  CANA_MSG_RAM          00049000   00000800  00000000  00000800  RWIX
  CANB                  0004a000   00000800  00000000  00000800  RWIX
  CANB_MSG_RAM          0004b000   00000800  00000000  00000800  RWIX
  IPC                   00050000   00000024  00000024  00000000  RWIX
  FLASHPUMPSEMAPHORE    00050024   00000002  00000002  00000000  RWIX
  DEV_CFG               0005d000   00000180  0000012e  00000052  RWIX
  ANALOG_SUBSYS         0005d180   00000080  00000048  00000038  RWIX
  CLK_CFG               0005d200   00000100  00000032  000000ce  RWIX
  CPU_SYS               0005d300   00000100  00000082  0000007e  RWIX
  ROMPREFETCH           0005e608   00000002  00000002  00000000  RWIX
  DCSM_Z1               0005f000   00000030  00000024  0000000c  RWIX
  DCSM_Z2               0005f040   00000030  00000024  0000000c  RWIX
  DCSM_COMMON           0005f070   00000010  00000008  00000008  RWIX
  MEMCFG                0005f400   00000080  00000080  00000000  RWIX
  EMIF1CONFIG           0005f480   00000020  00000020  00000000  RWIX
  EMIF2CONFIG           0005f4a0   00000020  00000020  00000000  RWIX
  ACCESSPROTECTION      0005f4c0   00000040  00000040  00000000  RWIX
  MEMORYERROR           0005f500   00000040  00000040  00000000  RWIX
  ROMWAITSTATE          0005f540   00000002  00000002  00000000  RWIX
  FLASH0_CTRL           0005f800   00000300  00000182  0000017e  RWIX
  FLASH0_ECC            0005fb00   00000040  00000028  00000018  RWIX
  DCSM_Z1_OTP           00078000   00000020  00000020  00000000  RWIX
  DCSM_Z2_OTP           00078200   00000020  00000020  00000000  RWIX


SECTION ALLOCATION MAP

 output                                  attributes/
section   page    origin      length       input sections
--------  ----  ----------  ----------   ----------------
codestart 
*          0    00000000    00000002     
                  00000000    00000002     F2837xD_CodeStartBranch.obj (codestart)

.cinit     0    00000122    000000bc     
                  00000122    0000008d     sd_card.obj (.cinit)
                  000001af    0000000e     rts2800_fpu32.lib : exit.obj (.cinit)
                  000001bd    00000009     uartstdio.obj (.cinit)
                  000001c6    00000008     mmc-F2837x.obj (.cinit)
                  000001ce    00000005     rts2800_fpu32.lib : _lock.obj (.cinit:__lock)
                  000001d3    00000005                       : _lock.obj (.cinit:__unlock)
                  000001d8    00000004     ustdlib.obj (.cinit)
                  000001dc    00000002     --HOLE-- [fill = 0]

.pinit     0    00000122    00000000     UNINITIALIZED

.reset     0    003fffc0    00000002     DSECT
                  003fffc0    00000002     rts2800_fpu32.lib : boot.obj (.reset)

.TI.ramfunc 
*          0    000001de    00000008     
                  000001de    00000004     F2837xD_usDelay.obj (.TI.ramfunc)
                  000001e2    00000004     sysctl.obj (.TI.ramfunc)

.stack     1    00000400    00000100     UNINITIALIZED
                  00000400    00000100     --HOLE--

.econst    1    00009800    000005d6     
                  00009800    0000039c     sd_card.obj (.econst:.string)
                  00009b9c    000001c0     F2837xD_PieVect.obj (.econst:_PieVectTableInit)
                  00009d5c    00000022     uartstdio.obj (.econst:.string)
                  00009d7e    00000018     ustdlib.obj (.econst:.string)
                  00009d96    00000018     ustdlib.obj (.econst:_g_psDaysToMonth)
                  00009dae    0000000c     ustdlib.obj (.econst:_g_pfExponents)
                  00009dba    0000000a     ff.obj (.econst:.string)
                  00009dc4    00000008     uartstdio.obj (.econst:_g_ui32UARTBase)
                  00009dcc    00000006     uartstdio.obj (.econst:_g_ui32UARTPeriph)
                  00009dd2    00000002     uartstdio.obj (.econst)
                  00009dd4    00000002     ustdlib.obj (.econst)

GETBUFFER 
*          0    0003f800    00000000     DSECT

GETWRITEIDX 
*          0    0003f800    00000000     DSECT

PUTREADIDX 
*          0    0003f800    00000000     DSECT

.text.1    0    0000c000    00001000     
                  0000c000    000005d4     ustdlib.obj (.text)
                  0000c5d4    00000585     F2837xD_DefaultISR.obj (.text:retain)
                  0000cb59    0000042e     mmc-F2837x.obj (.text)
                  0000cf87    00000056     rts2800_fpu32.lib : boot.obj (.text)
                  0000cfdd    0000001e                       : memcpy.obj (.text)
                  0000cffb    00000005                       : strcpy.obj (.text)

.text.2    0    0000d000    00000f13     
                  0000d000    000002f0     uart.obj (.text)
                  0000d2f0    000002c6     sd_card.obj (.text)
                  0000d5b6    00000270     sysctl.obj (.text)
                  0000d826    00000267     uartstdio.obj (.text)
                  0000da8d    000001ca     interrupt.obj (.text)
                  0000dc57    00000088     rts2800_fpu32.lib : fs_div.obj (.text)
                  0000dcdf    00000055     systick.obj (.text)
                  0000dd34    00000049     cmdline.obj (.text)
                  0000dd7d    00000046     rts2800_fpu32.lib : cpy_tbl.obj (.text)
                  0000ddc3    00000031     sd_card.obj (.text:retain)
                  0000ddf4    00000029     rts2800_fpu32.lib : exit.obj (.text)
                  0000de1d    00000028     F2837xD_PieCtrl.obj (.text)
                  0000de45    00000026     F2837xD_PieVect.obj (.text)
                  0000de6b    0000001e     rts2800_fpu32.lib : strncpy.obj (.text)
                  0000de89    0000001a                       : cpy_utils.obj (.text)
                  0000dea3    00000019                       : args_main.obj (.text)
                  0000debc    00000015                       : memcmp.obj (.text)
                  0000ded1    0000000f     interrupt.obj (.text:retain)
                  0000dee0    0000000c     rts2800_fpu32.lib : memset.obj (.text)
                  0000deec    0000000a                       : strcmp.obj (.text)
                  0000def6    00000009                       : _lock.obj (.text)
                  0000deff    00000009                       : strcat.obj (.text)
                  0000df08    00000008                       : strlen.obj (.text)
                  0000df10    00000002                       : pre_init.obj (.text)
                  0000df12    00000001                       : startup.obj (.text)

.text.3    0    00011000    000010a7     
                  00011000    000010a7     ff.obj (.text)

AdcaResultFile 
*          1    00000b00    00000018     UNINITIALIZED
                  00000b00    00000018     F2837xD_GlobalVariableDefs.obj (AdcaResultFile)

AdcbResultFile 
*          1    00000b20    00000018     UNINITIALIZED
                  00000b20    00000018     F2837xD_GlobalVariableDefs.obj (AdcbResultFile)

AdccResultFile 
*          1    00000b40    00000018     UNINITIALIZED
                  00000b40    00000018     F2837xD_GlobalVariableDefs.obj (AdccResultFile)

AdcdResultFile 
*          1    00000b60    00000018     UNINITIALIZED
                  00000b60    00000018     F2837xD_GlobalVariableDefs.obj (AdcdResultFile)

CpuTimer0RegsFile 
*          1    00000c00    00000008     UNINITIALIZED
                  00000c00    00000008     F2837xD_GlobalVariableDefs.obj (CpuTimer0RegsFile)

CpuTimer1RegsFile 
*          1    00000c08    00000008     UNINITIALIZED
                  00000c08    00000008     F2837xD_GlobalVariableDefs.obj (CpuTimer1RegsFile)

CpuTimer2RegsFile 
*          1    00000c10    00000008     UNINITIALIZED
                  00000c10    00000008     F2837xD_GlobalVariableDefs.obj (CpuTimer2RegsFile)

PieCtrlRegsFile 
*          1    00000ce0    0000001a     UNINITIALIZED
                  00000ce0    0000001a     F2837xD_GlobalVariableDefs.obj (PieCtrlRegsFile)

PieVectTableFile 
*          1    00000d00    000001c0     UNINITIALIZED
                  00000d00    000001c0     F2837xD_GlobalVariableDefs.obj (PieVectTableFile)

EmuKeyVar 
*          1    00000d00    00000001     UNINITIALIZED
                  00000d00    00000001     F2837xD_GlobalVariableDefs.obj (EmuKeyVar)

EmuBModeVar 
*          1    00000d01    00000001     UNINITIALIZED
                  00000d01    00000001     F2837xD_GlobalVariableDefs.obj (EmuBModeVar)

FlashCallbackVar 
*          1    00000d02    00000000     UNINITIALIZED

FlashScalingVar 
*          1    00000d02    00000000     UNINITIALIZED

DmaRegsFile 
*          1    00001000    000000e0     UNINITIALIZED
                  00001000    000000e0     F2837xD_GlobalVariableDefs.obj (DmaRegsFile)

Cla1RegsFile 
*          1    00001400    0000003e     UNINITIALIZED
                  00001400    0000003e     F2837xD_GlobalVariableDefs.obj (Cla1RegsFile)

EPwm1RegsFile 
*          1    00004000    00000100     UNINITIALIZED
                  00004000    00000100     F2837xD_GlobalVariableDefs.obj (EPwm1RegsFile)

EPwm2RegsFile 
*          1    00004100    00000100     UNINITIALIZED
                  00004100    00000100     F2837xD_GlobalVariableDefs.obj (EPwm2RegsFile)

EPwm3RegsFile 
*          1    00004200    00000100     UNINITIALIZED
                  00004200    00000100     F2837xD_GlobalVariableDefs.obj (EPwm3RegsFile)

EPwm4RegsFile 
*          1    00004300    00000100     UNINITIALIZED
                  00004300    00000100     F2837xD_GlobalVariableDefs.obj (EPwm4RegsFile)

EPwm5RegsFile 
*          1    00004400    00000100     UNINITIALIZED
                  00004400    00000100     F2837xD_GlobalVariableDefs.obj (EPwm5RegsFile)

EPwm6RegsFile 
*          1    00004500    00000100     UNINITIALIZED
                  00004500    00000100     F2837xD_GlobalVariableDefs.obj (EPwm6RegsFile)

EPwm7RegsFile 
*          1    00004600    00000100     UNINITIALIZED
                  00004600    00000100     F2837xD_GlobalVariableDefs.obj (EPwm7RegsFile)

EPwm8RegsFile 
*          1    00004700    00000100     UNINITIALIZED
                  00004700    00000100     F2837xD_GlobalVariableDefs.obj (EPwm8RegsFile)

EPwm9RegsFile 
*          1    00004800    00000100     UNINITIALIZED
                  00004800    00000100     F2837xD_GlobalVariableDefs.obj (EPwm9RegsFile)

EPwm10RegsFile 
*          1    00004900    00000100     UNINITIALIZED
                  00004900    00000100     F2837xD_GlobalVariableDefs.obj (EPwm10RegsFile)

EPwm11RegsFile 
*          1    00004a00    00000100     UNINITIALIZED
                  00004a00    00000100     F2837xD_GlobalVariableDefs.obj (EPwm11RegsFile)

EPwm12RegsFile 
*          1    00004b00    00000100     UNINITIALIZED
                  00004b00    00000100     F2837xD_GlobalVariableDefs.obj (EPwm12RegsFile)

ECap1RegsFile 
*          1    00005000    00000020     UNINITIALIZED
                  00005000    00000020     F2837xD_GlobalVariableDefs.obj (ECap1RegsFile)

ECap2RegsFile 
*          1    00005020    00000020     UNINITIALIZED
                  00005020    00000020     F2837xD_GlobalVariableDefs.obj (ECap2RegsFile)

ECap3RegsFile 
*          1    00005040    00000020     UNINITIALIZED
                  00005040    00000020     F2837xD_GlobalVariableDefs.obj (ECap3RegsFile)

ECap4RegsFile 
*          1    00005060    00000020     UNINITIALIZED
                  00005060    00000020     F2837xD_GlobalVariableDefs.obj (ECap4RegsFile)

ECap5RegsFile 
*          1    00005080    00000020     UNINITIALIZED
                  00005080    00000020     F2837xD_GlobalVariableDefs.obj (ECap5RegsFile)

ECap6RegsFile 
*          1    000050a0    00000020     UNINITIALIZED
                  000050a0    00000020     F2837xD_GlobalVariableDefs.obj (ECap6RegsFile)

EQep1RegsFile 
*          1    00005100    00000022     UNINITIALIZED
                  00005100    00000022     F2837xD_GlobalVariableDefs.obj (EQep1RegsFile)

EQep2RegsFile 
*          1    00005140    00000022     UNINITIALIZED
                  00005140    00000022     F2837xD_GlobalVariableDefs.obj (EQep2RegsFile)

EQep3RegsFile 
*          1    00005180    00000022     UNINITIALIZED
                  00005180    00000022     F2837xD_GlobalVariableDefs.obj (EQep3RegsFile)

DacaRegsFile 
*          1    00005c00    00000008     UNINITIALIZED
                  00005c00    00000008     F2837xD_GlobalVariableDefs.obj (DacaRegsFile)

DacbRegsFile 
*          1    00005c10    00000008     UNINITIALIZED
                  00005c10    00000008     F2837xD_GlobalVariableDefs.obj (DacbRegsFile)

DaccRegsFile 
*          1    00005c20    00000008     UNINITIALIZED
                  00005c20    00000008     F2837xD_GlobalVariableDefs.obj (DaccRegsFile)

Cmpss1RegsFile 
*          1    00005c80    00000020     UNINITIALIZED
                  00005c80    00000020     F2837xD_GlobalVariableDefs.obj (Cmpss1RegsFile)

Cmpss2RegsFile 
*          1    00005ca0    00000020     UNINITIALIZED
                  00005ca0    00000020     F2837xD_GlobalVariableDefs.obj (Cmpss2RegsFile)

Cmpss3RegsFile 
*          1    00005cc0    00000020     UNINITIALIZED
                  00005cc0    00000020     F2837xD_GlobalVariableDefs.obj (Cmpss3RegsFile)

Cmpss4RegsFile 
*          1    00005ce0    00000020     UNINITIALIZED
                  00005ce0    00000020     F2837xD_GlobalVariableDefs.obj (Cmpss4RegsFile)

Cmpss5RegsFile 
*          1    00005d00    00000020     UNINITIALIZED
                  00005d00    00000020     F2837xD_GlobalVariableDefs.obj (Cmpss5RegsFile)

Cmpss6RegsFile 
*          1    00005d20    00000020     UNINITIALIZED
                  00005d20    00000020     F2837xD_GlobalVariableDefs.obj (Cmpss6RegsFile)

Cmpss7RegsFile 
*          1    00005d40    00000020     UNINITIALIZED
                  00005d40    00000020     F2837xD_GlobalVariableDefs.obj (Cmpss7RegsFile)

Cmpss8RegsFile 
*          1    00005d60    00000020     UNINITIALIZED
                  00005d60    00000020     F2837xD_GlobalVariableDefs.obj (Cmpss8RegsFile)

Sdfm1RegsFile 
*          1    00005e00    00000080     UNINITIALIZED
                  00005e00    00000080     F2837xD_GlobalVariableDefs.obj (Sdfm1RegsFile)

Sdfm2RegsFile 
*          1    00005e80    00000080     UNINITIALIZED
                  00005e80    00000080     F2837xD_GlobalVariableDefs.obj (Sdfm2RegsFile)

McbspaRegsFile 
*          1    00006000    00000024     UNINITIALIZED
                  00006000    00000024     F2837xD_GlobalVariableDefs.obj (McbspaRegsFile)

McbspbRegsFile 
*          1    00006040    00000024     UNINITIALIZED
                  00006040    00000024     F2837xD_GlobalVariableDefs.obj (McbspbRegsFile)

SpiaRegsFile 
*          1    00006100    00000010     UNINITIALIZED
                  00006100    00000010     F2837xD_GlobalVariableDefs.obj (SpiaRegsFile)

SpibRegsFile 
*          1    00006110    00000010     UNINITIALIZED
                  00006110    00000010     F2837xD_GlobalVariableDefs.obj (SpibRegsFile)

SpicRegsFile 
*          1    00006120    00000010     UNINITIALIZED
                  00006120    00000010     F2837xD_GlobalVariableDefs.obj (SpicRegsFile)

UppRegsFile 
*          1    00006200    00000048     UNINITIALIZED
                  00006200    00000048     F2837xD_GlobalVariableDefs.obj (UppRegsFile)

WdRegsFile 
*          1    00007000    0000002b     UNINITIALIZED
                  00007000    0000002b     F2837xD_GlobalVariableDefs.obj (WdRegsFile)

NmiIntruptRegsFile 
*          1    00007060    00000007     UNINITIALIZED
                  00007060    00000007     F2837xD_GlobalVariableDefs.obj (NmiIntruptRegsFile)

XintRegsFile 
*          1    00007070    0000000b     UNINITIALIZED
                  00007070    0000000b     F2837xD_GlobalVariableDefs.obj (XintRegsFile)

SciaRegsFile 
*          1    00007200    00000010     UNINITIALIZED
                  00007200    00000010     F2837xD_GlobalVariableDefs.obj (SciaRegsFile)

ScibRegsFile 
*          1    00007210    00000010     UNINITIALIZED
                  00007210    00000010     F2837xD_GlobalVariableDefs.obj (ScibRegsFile)

ScicRegsFile 
*          1    00007220    00000010     UNINITIALIZED
                  00007220    00000010     F2837xD_GlobalVariableDefs.obj (ScicRegsFile)

ScidRegsFile 
*          1    00007230    00000010     UNINITIALIZED
                  00007230    00000010     F2837xD_GlobalVariableDefs.obj (ScidRegsFile)

I2caRegsFile 
*          1    00007300    00000022     UNINITIALIZED
                  00007300    00000022     F2837xD_GlobalVariableDefs.obj (I2caRegsFile)

I2cbRegsFile 
*          1    00007340    00000022     UNINITIALIZED
                  00007340    00000022     F2837xD_GlobalVariableDefs.obj (I2cbRegsFile)

AdcaRegsFile 
*          1    00007400    00000080     UNINITIALIZED
                  00007400    00000080     F2837xD_GlobalVariableDefs.obj (AdcaRegsFile)

AdcbRegsFile 
*          1    00007480    00000080     UNINITIALIZED
                  00007480    00000080     F2837xD_GlobalVariableDefs.obj (AdcbRegsFile)

AdccRegsFile 
*          1    00007500    00000080     UNINITIALIZED
                  00007500    00000080     F2837xD_GlobalVariableDefs.obj (AdccRegsFile)

AdcdRegsFile 
*          1    00007580    00000080     UNINITIALIZED
                  00007580    00000080     F2837xD_GlobalVariableDefs.obj (AdcdRegsFile)

InputXbarRegsFile 
*          1    00007900    00000020     UNINITIALIZED
                  00007900    00000020     F2837xD_GlobalVariableDefs.obj (InputXbarRegsFile)

XbarRegsFile 
*          1    00007920    00000020     UNINITIALIZED
                  00007920    00000020     F2837xD_GlobalVariableDefs.obj (XbarRegsFile)

SyncSocRegsFile 
*          1    00007940    00000006     UNINITIALIZED
                  00007940    00000006     F2837xD_GlobalVariableDefs.obj (SyncSocRegsFile)

DmaClaSrcSelRegsFile 
*          1    00007980    0000001a     UNINITIALIZED
                  00007980    0000001a     F2837xD_GlobalVariableDefs.obj (DmaClaSrcSelRegsFile)

EPwmXbarRegsFile 
*          1    00007a00    00000040     UNINITIALIZED
                  00007a00    00000040     F2837xD_GlobalVariableDefs.obj (EPwmXbarRegsFile)

OutputXbarRegsFile 
*          1    00007a80    00000040     UNINITIALIZED
                  00007a80    00000040     F2837xD_GlobalVariableDefs.obj (OutputXbarRegsFile)

GpioCtrlRegsFile 
*          1    00007c00    00000180     UNINITIALIZED
                  00007c00    00000180     F2837xD_GlobalVariableDefs.obj (GpioCtrlRegsFile)

GpioDataRegsFile 
*          1    00007f00    00000030     UNINITIALIZED
                  00007f00    00000030     F2837xD_GlobalVariableDefs.obj (GpioDataRegsFile)

.ebss      1    00008000    00000b5c     UNINITIALIZED
                  00008000    00000b30     sd_card.obj (.ebss)
                  00008b30    00000006     ff.obj (.ebss)
                  00008b36    00000006     rts2800_fpu32.lib : exit.obj (.ebss)
                  00008b3c    00000004     uartstdio.obj (.ebss)
                  00008b40    00000012     cmdline.obj (.ebss)
                  00008b52    00000005     mmc-F2837x.obj (.ebss)
                  00008b57    00000001     ustdlib.obj (.ebss)
                  00008b58    00000002     rts2800_fpu32.lib : _lock.obj (.ebss:__lock)
                  00008b5a    00000002                       : _lock.obj (.ebss:__unlock)

Emif1RegsFile 
*          1    00047000    00000070     UNINITIALIZED
                  00047000    00000070     F2837xD_GlobalVariableDefs.obj (Emif1RegsFile)

Emif2RegsFile 
*          1    00047800    00000070     UNINITIALIZED
                  00047800    00000070     F2837xD_GlobalVariableDefs.obj (Emif2RegsFile)

IpcRegsFile 
*          1    00050000    00000024     UNINITIALIZED
                  00050000    00000024     F2837xD_GlobalVariableDefs.obj (IpcRegsFile)

FlashPumpSemaphoreRegsFile 
*          1    00050024    00000002     UNINITIALIZED
                  00050024    00000002     F2837xD_GlobalVariableDefs.obj (FlashPumpSemaphoreRegsFile)

DevCfgRegsFile 
*          1    0005d000    0000012e     UNINITIALIZED
                  0005d000    0000012e     F2837xD_GlobalVariableDefs.obj (DevCfgRegsFile)

AnalogSubsysRegsFile 
*          1    0005d180    00000048     UNINITIALIZED
                  0005d180    00000048     F2837xD_GlobalVariableDefs.obj (AnalogSubsysRegsFile)

Cla1SoftIntRegsFile 
*          1    00000ce0    00000004     DSECT
                  00000ce0    00000004     F2837xD_GlobalVariableDefs.obj (Cla1SoftIntRegsFile)

ClkCfgRegsFile 
*          1    0005d200    00000032     UNINITIALIZED
                  0005d200    00000032     F2837xD_GlobalVariableDefs.obj (ClkCfgRegsFile)

CpuSysRegsFile 
*          1    0005d300    00000082     UNINITIALIZED
                  0005d300    00000082     F2837xD_GlobalVariableDefs.obj (CpuSysRegsFile)

RomPrefetchRegsFile 
*          1    0005e608    00000002     UNINITIALIZED
                  0005e608    00000002     F2837xD_GlobalVariableDefs.obj (RomPrefetchRegsFile)

DcsmZ1RegsFile 
*          1    0005f000    00000024     UNINITIALIZED
                  0005f000    00000024     F2837xD_GlobalVariableDefs.obj (DcsmZ1RegsFile)

DcsmZ2RegsFile 
*          1    0005f040    00000024     UNINITIALIZED
                  0005f040    00000024     F2837xD_GlobalVariableDefs.obj (DcsmZ2RegsFile)

DcsmCommonRegsFile 
*          1    0005f070    00000008     UNINITIALIZED
                  0005f070    00000008     F2837xD_GlobalVariableDefs.obj (DcsmCommonRegsFile)

MemCfgRegsFile 
*          1    0005f400    00000080     UNINITIALIZED
                  0005f400    00000080     F2837xD_GlobalVariableDefs.obj (MemCfgRegsFile)

Emif1ConfigRegsFile 
*          1    0005f480    00000020     UNINITIALIZED
                  0005f480    00000020     F2837xD_GlobalVariableDefs.obj (Emif1ConfigRegsFile)

Emif2ConfigRegsFile 
*          1    0005f4a0    00000020     UNINITIALIZED
                  0005f4a0    00000020     F2837xD_GlobalVariableDefs.obj (Emif2ConfigRegsFile)

AccessProtectionRegsFile 
*          1    0005f4c0    00000040     UNINITIALIZED
                  0005f4c0    00000040     F2837xD_GlobalVariableDefs.obj (AccessProtectionRegsFile)

MemoryErrorRegsFile 
*          1    0005f500    00000040     UNINITIALIZED
                  0005f500    00000040     F2837xD_GlobalVariableDefs.obj (MemoryErrorRegsFile)

RomWaitStateRegsFile 
*          1    0005f540    00000002     UNINITIALIZED
                  0005f540    00000002     F2837xD_GlobalVariableDefs.obj (RomWaitStateRegsFile)

Flash0CtrlRegsFile 
*          1    0005f800    00000182     UNINITIALIZED
                  0005f800    00000182     F2837xD_GlobalVariableDefs.obj (Flash0CtrlRegsFile)

Flash0EccRegsFile 
*          1    0005fb00    00000028     UNINITIALIZED
                  0005fb00    00000028     F2837xD_GlobalVariableDefs.obj (Flash0EccRegsFile)

DcsmZ1OtpFile 
*          1    00078000    00000020     NOLOAD SECTION
                  00078000    00000020     F2837xD_GlobalVariableDefs.obj (DcsmZ1OtpFile)

DcsmZ2OtpFile 
*          1    00078200    00000020     NOLOAD SECTION
                  00078200    00000020     F2837xD_GlobalVariableDefs.obj (DcsmZ2OtpFile)

MODULE SUMMARY

       Module                           code    ro data   rw data
       ------                           ----    -------   -------
    .\
       F2837xD_GlobalVariableDefs.obj   0       0         8047   
       sd_card.obj                      759     0         3929   
       ff.obj                           4263    0         16     
       ustdlib.obj                      1492    0         67     
       F2837xD_DefaultISR.obj           1413    0         0      
       mmc-F2837x.obj                   1070    0         13     
       uart.obj                         752     0         0      
       uartstdio.obj                    615     0         63     
       sysctl.obj                       628     0         0      
       F2837xD_PieVect.obj              38      0         448    
       interrupt.obj                    473     0         0      
       cmdline.obj                      73      0         18     
       systick.obj                      85      0         0      
       F2837xD_PieCtrl.obj              40      0         0      
       F2837xD_usDelay.obj              4       0         0      
       F2837xD_CodeStartBranch.obj      2       0         0      
    +--+--------------------------------+-------+---------+---------+
       Total:                           11707   0         12601  
                                                                 
    C:/ti/c2000_15.12.3.LTS/lib/rts2800_fpu32.lib
       fs_div.obj                       136     0         0      
       boot.obj                         86      0         0      
       cpy_tbl.obj                      70      0         0      
       exit.obj                         41      0         20     
       memcpy.obj                       30      0         0      
       strncpy.obj                      30      0         0      
       cpy_utils.obj                    26      0         0      
       args_main.obj                    25      0         0      
       _lock.obj                        9       0         14     
       memcmp.obj                       21      0         0      
       memset.obj                       12      0         0      
       strcmp.obj                       10      0         0      
       strcat.obj                       9       0         0      
       strlen.obj                       8       0         0      
       strcpy.obj                       5       0         0      
       pre_init.obj                     2       0         0      
       startup.obj                      1       0         0      
    +--+--------------------------------+-------+---------+---------+
       Total:                           521     0         34     
                                                                 
       Stack:                           0       0         256    
    +--+--------------------------------+-------+---------+---------+
       Grand Total:                     12228   0         12891  


GLOBAL DATA SYMBOLS: SORTED BY DATA PAGE

address     data page           name
--------    ----------------    ----
00000400      10 (00000400)     __stack

00000b00      2c (00000b00)     _AdcaResultRegs
00000b20      2c (00000b00)     _AdcbResultRegs

00000b40      2d (00000b40)     _AdccResultRegs
00000b60      2d (00000b40)     _AdcdResultRegs

00000c00      30 (00000c00)     _CpuTimer0Regs
00000c08      30 (00000c00)     _CpuTimer1Regs
00000c10      30 (00000c00)     _CpuTimer2Regs

00000ce0      33 (00000cc0)     _Cla1SoftIntRegs
00000ce0      33 (00000cc0)     _PieCtrlRegs

00000d00      34 (00000d00)     _EmuKey
00000d00      34 (00000d00)     _PieVectTable
00000d01      34 (00000d00)     _EmuBMode

00001000      40 (00001000)     _DmaRegs

00001400      50 (00001400)     _Cla1Regs

00004000     100 (00004000)     _EPwm1Regs

00004100     104 (00004100)     _EPwm2Regs

00004200     108 (00004200)     _EPwm3Regs

00004300     10c (00004300)     _EPwm4Regs

00004400     110 (00004400)     _EPwm5Regs

00004500     114 (00004500)     _EPwm6Regs

00004600     118 (00004600)     _EPwm7Regs

00004700     11c (00004700)     _EPwm8Regs

00004800     120 (00004800)     _EPwm9Regs

00004900     124 (00004900)     _EPwm10Regs

00004a00     128 (00004a00)     _EPwm11Regs

00004b00     12c (00004b00)     _EPwm12Regs

00005000     140 (00005000)     _ECap1Regs
00005020     140 (00005000)     _ECap2Regs

00005040     141 (00005040)     _ECap3Regs
00005060     141 (00005040)     _ECap4Regs

00005080     142 (00005080)     _ECap5Regs
000050a0     142 (00005080)     _ECap6Regs

00005100     144 (00005100)     _EQep1Regs

00005140     145 (00005140)     _EQep2Regs

00005180     146 (00005180)     _EQep3Regs

00005c00     170 (00005c00)     _DacaRegs
00005c10     170 (00005c00)     _DacbRegs
00005c20     170 (00005c00)     _DaccRegs

00005c80     172 (00005c80)     _Cmpss1Regs
00005ca0     172 (00005c80)     _Cmpss2Regs

00005cc0     173 (00005cc0)     _Cmpss3Regs
00005ce0     173 (00005cc0)     _Cmpss4Regs

00005d00     174 (00005d00)     _Cmpss5Regs
00005d20     174 (00005d00)     _Cmpss6Regs

00005d40     175 (00005d40)     _Cmpss7Regs
00005d60     175 (00005d40)     _Cmpss8Regs

00005e00     178 (00005e00)     _Sdfm1Regs

00005e80     17a (00005e80)     _Sdfm2Regs

00006000     180 (00006000)     _McbspaRegs

00006040     181 (00006040)     _McbspbRegs

00006100     184 (00006100)     _SpiaRegs
00006110     184 (00006100)     _SpibRegs
00006120     184 (00006100)     _SpicRegs

00006200     188 (00006200)     _UppRegs

00007000     1c0 (00007000)     _WdRegs

00007060     1c1 (00007040)     _NmiIntruptRegs
00007070     1c1 (00007040)     _XintRegs

00007200     1c8 (00007200)     _SciaRegs
00007210     1c8 (00007200)     _ScibRegs
00007220     1c8 (00007200)     _ScicRegs
00007230     1c8 (00007200)     _ScidRegs

00007300     1cc (00007300)     _I2caRegs

00007340     1cd (00007340)     _I2cbRegs

00007400     1d0 (00007400)     _AdcaRegs

00007480     1d2 (00007480)     _AdcbRegs

00007500     1d4 (00007500)     _AdccRegs

00007580     1d6 (00007580)     _AdcdRegs

00007900     1e4 (00007900)     _InputXbarRegs
00007920     1e4 (00007900)     _XbarRegs

00007940     1e5 (00007940)     _SyncSocRegs

00007980     1e6 (00007980)     _DmaClaSrcSelRegs

00007a00     1e8 (00007a00)     _EPwmXbarRegs

00007a80     1ea (00007a80)     _OutputXbarRegs

00007c00     1f0 (00007c00)     _GpioCtrlRegs

00007f00     1fc (00007f00)     _GpioDataRegs

00008000     200 (00008000)     _g_ulStatusStringIndex
0000800c     200 (00008000)     _g_ppcStatusStrings

00008040     201 (00008040)     _g_psCmdTable

00008080     202 (00008080)     _g_sFresultStrings

00008200     208 (00008200)     _g_ppcDirListStrings

00008280     20a (00008280)     _g_pcStatus

00008800     220 (00008800)     _g_pcFilenames

00008b36     22c (00008b00)     ___TI_enable_exit_profile_output
00008b38     22c (00008b00)     ___TI_cleanup_ptr
00008b3a     22c (00008b00)     ___TI_dtors_ptr

00008b58     22d (00008b40)     __lock
00008b5a     22d (00008b40)     __unlock

00009b9c     26e (00009b80)     _PieVectTableInit

00047000    11c0 (00047000)     _Emif1Regs

00047800    11e0 (00047800)     _Emif2Regs

00050000    1400 (00050000)     _IpcRegs
00050024    1400 (00050000)     _FlashPumpSemaphoreRegs

0005d000    1740 (0005d000)     _DevCfgRegs

0005d180    1746 (0005d180)     _AnalogSubsysRegs

0005d200    1748 (0005d200)     _ClkCfgRegs

0005d300    174c (0005d300)     _CpuSysRegs

0005e608    1798 (0005e600)     _RomPrefetchRegs

0005f000    17c0 (0005f000)     _DcsmZ1Regs

0005f040    17c1 (0005f040)     _DcsmZ2Regs
0005f070    17c1 (0005f040)     _DcsmCommonRegs

0005f400    17d0 (0005f400)     _MemCfgRegs

0005f480    17d2 (0005f480)     _Emif1ConfigRegs
0005f4a0    17d2 (0005f480)     _Emif2ConfigRegs

0005f4c0    17d3 (0005f4c0)     _AccessProtectionRegs

0005f500    17d4 (0005f500)     _MemoryErrorRegs

0005f540    17d5 (0005f540)     _RomWaitStateRegs

0005f800    17e0 (0005f800)     _Flash0CtrlRegs

0005fb00    17ec (0005fb00)     _Flash0EccRegs

00078000    1e00 (00078000)     _DcsmZ1Otp

00078200    1e08 (00078200)     _DcsmZ2Otp


GLOBAL SYMBOLS: SORTED ALPHABETICALLY BY Name 

page  address   name                            
----  -------   ----                            
abs   ffffffff  .text                           
0     0000ddf4  C$$EXIT                         
0     0000dc57  FS$$DIV                         
0     0000c692  _ADCA1_ISR                      
0     0000c912  _ADCA2_ISR                      
0     0000c91c  _ADCA3_ISR                      
0     0000c926  _ADCA4_ISR                      
0     0000c908  _ADCA_EVT_ISR                   
0     0000c69c  _ADCB1_ISR                      
0     0000c93a  _ADCB2_ISR                      
0     0000c944  _ADCB3_ISR                      
0     0000c94e  _ADCB4_ISR                      
0     0000c930  _ADCB_EVT_ISR                   
0     0000c6a6  _ADCC1_ISR                      
0     0000caa2  _ADCC2_ISR                      
0     0000caac  _ADCC3_ISR                      
0     0000cab6  _ADCC4_ISR                      
0     0000ca98  _ADCC_EVT_ISR                   
0     0000c6c4  _ADCD1_ISR                      
0     0000caca  _ADCD2_ISR                      
0     0000cad4  _ADCD3_ISR                      
0     0000cade  _ADCD4_ISR                      
0     0000cac0  _ADCD_EVT_ISR                   
0     0000cb1a  _AUX_PLL_SLIP_ISR               
1     0005f4c0  _AccessProtectionRegs           
1     00007400  _AdcaRegs                       
1     00000b00  _AdcaResultRegs                 
1     00007480  _AdcbRegs                       
1     00000b20  _AdcbResultRegs                 
1     00007500  _AdccRegs                       
1     00000b40  _AdccResultRegs                 
1     00007580  _AdcdRegs                       
1     00000b60  _AdcdResultRegs                 
1     0005d180  _AnalogSubsysRegs               
0     0000c8e0  _CANA0_ISR                      
0     0000c8ea  _CANA1_ISR                      
0     0000c8f4  _CANB0_ISR                      
0     0000c8fe  _CANB1_ISR                      
0     0000c958  _CLA1_1_ISR                     
0     0000c962  _CLA1_2_ISR                     
0     0000c96c  _CLA1_3_ISR                     
0     0000c976  _CLA1_4_ISR                     
0     0000c980  _CLA1_5_ISR                     
0     0000c98a  _CLA1_6_ISR                     
0     0000c994  _CLA1_7_ISR                     
0     0000c99e  _CLA1_8_ISR                     
0     0000cb24  _CLA_OVERFLOW_ISR               
0     0000cb2e  _CLA_UNDERFLOW_ISR              
1     00001400  _Cla1Regs                       
0     00000ce0  _Cla1SoftIntRegs                
1     0005d200  _ClkCfgRegs                     
0     0000dd34  _CmdLineProcess                 
0     0000d485  _Cmd_cat                        
0     0000d44d  _Cmd_cd                         
0     0000d4ea  _Cmd_help                       
0     0000d311  _Cmd_ls                         
0     0000d477  _Cmd_pwd                        
1     00005c80  _Cmpss1Regs                     
1     00005ca0  _Cmpss2Regs                     
1     00005cc0  _Cmpss3Regs                     
1     00005ce0  _Cmpss4Regs                     
1     00005d00  _Cmpss5Regs                     
1     00005d20  _Cmpss6Regs                     
1     00005d40  _Cmpss7Regs                     
1     00005d60  _Cmpss8Regs                     
0     0000d50f  _ConfigureUART                  
1     0005d300  _CpuSysRegs                     
1     00000c00  _CpuTimer0Regs                  
1     00000c08  _CpuTimer1Regs                  
1     00000c10  _CpuTimer2Regs                  
0     0000c5e8  _DATALOG_ISR                    
0     0000c82c  _DMA_CH1_ISR                    
0     0000c836  _DMA_CH2_ISR                    
0     0000c840  _DMA_CH3_ISR                    
0     0000c84a  _DMA_CH4_ISR                    
0     0000c854  _DMA_CH5_ISR                    
0     0000c85e  _DMA_CH6_ISR                    
1     00005c00  _DacaRegs                       
1     00005c10  _DacbRegs                       
1     00005c20  _DaccRegs                       
1     0005f070  _DcsmCommonRegs                 
1     00078000  _DcsmZ1Otp                      
1     0005f000  _DcsmZ1Regs                     
1     00078200  _DcsmZ2Otp                      
1     0005f040  _DcsmZ2Regs                     
1     0005d000  _DevCfgRegs                     
1     00007980  _DmaClaSrcSelRegs               
1     00001000  _DmaRegs                        
0     0000c782  _ECAP1_ISR                      
0     0000c78c  _ECAP2_ISR                      
0     0000c796  _ECAP3_ISR                      
0     0000c7a0  _ECAP4_ISR                      
0     0000c7aa  _ECAP5_ISR                      
0     0000c7b4  _ECAP6_ISR                      
1     00005000  _ECap1Regs                      
1     00005020  _ECap2Regs                      
1     00005040  _ECap3Regs                      
1     00005060  _ECap4Regs                      
1     00005080  _ECap5Regs                      
1     000050a0  _ECap6Regs                      
0     0000cae8  _EMIF_ERROR_ISR                 
0     0000cb42  _EMPTY_ISR                      
0     0000c5fc  _EMU_ISR                        
0     0000ca3e  _EPWM10_ISR                     
0     0000ca16  _EPWM10_TZ_ISR                  
0     0000ca48  _EPWM11_ISR                     
0     0000ca20  _EPWM11_TZ_ISR                  
0     0000ca52  _EPWM12_ISR                     
0     0000ca2a  _EPWM12_TZ_ISR                  
0     0000c732  _EPWM1_ISR                      
0     0000c6e2  _EPWM1_TZ_ISR                   
0     0000c73c  _EPWM2_ISR                      
0     0000c6ec  _EPWM2_TZ_ISR                   
0     0000c746  _EPWM3_ISR                      
0     0000c6f6  _EPWM3_TZ_ISR                   
0     0000c750  _EPWM4_ISR                      
0     0000c700  _EPWM4_TZ_ISR                   
0     0000c75a  _EPWM5_ISR                      
0     0000c70a  _EPWM5_TZ_ISR                   
0     0000c764  _EPWM6_ISR                      
0     0000c714  _EPWM6_TZ_ISR                   
0     0000c76e  _EPWM7_ISR                      
0     0000c71e  _EPWM7_TZ_ISR                   
0     0000c778  _EPWM8_ISR                      
0     0000c728  _EPWM8_TZ_ISR                   
0     0000ca34  _EPWM9_ISR                      
0     0000ca0c  _EPWM9_TZ_ISR                   
1     00004900  _EPwm10Regs                     
1     00004a00  _EPwm11Regs                     
1     00004b00  _EPwm12Regs                     
1     00004000  _EPwm1Regs                      
1     00004100  _EPwm2Regs                      
1     00004200  _EPwm3Regs                      
1     00004300  _EPwm4Regs                      
1     00004400  _EPwm5Regs                      
1     00004500  _EPwm6Regs                      
1     00004600  _EPwm7Regs                      
1     00004700  _EPwm8Regs                      
1     00004800  _EPwm9Regs                      
1     00007a00  _EPwmXbarRegs                   
0     0000c7be  _EQEP1_ISR                      
0     0000c7c8  _EQEP2_ISR                      
0     0000c7d2  _EQEP3_ISR                      
1     00005100  _EQep1Regs                      
1     00005140  _EQep2Regs                      
1     00005180  _EQep3Regs                      
1     0005f480  _Emif1ConfigRegs                
1     00047000  _Emif1Regs                      
1     0005f4a0  _Emif2ConfigRegs                
1     00047800  _Emif2Regs                      
1     00000d01  _EmuBMode                       
1     00000d00  _EmuKey                         
0     0000de3c  _EnableInterrupts               
0     000001de  _F28x_usDelay                   
0     0000cafc  _FLASH_CORRECTABLE_ERROR_ISR    
0     0000c9d0  _FPU_OVERFLOW_ISR               
0     0000c9da  _FPU_UNDERFLOW_ISR              
1     0005f800  _Flash0CtrlRegs                 
1     0005fb00  _Flash0EccRegs                  
1     00050024  _FlashPumpSemaphoreRegs         
1     00007c00  _GpioCtrlRegs                   
1     00007f00  _GpioDataRegs                   
0     0000c872  _I2CA_FIFO_ISR                  
0     0000c868  _I2CA_ISR                       
0     0000c886  _I2CB_FIFO_ISR                  
0     0000c87c  _I2CB_ISR                       
1     00007300  _I2caRegs                       
1     00007340  _I2cbRegs                       
0     0000c610  _ILLEGAL_ISR                    
0     0000c9e4  _IPC0_ISR                       
0     0000c9ee  _IPC1_ISR                       
0     0000c9f8  _IPC2_ISR                       
0     0000ca02  _IPC3_ISR                       
0     0000de1d  _InitPieCtrl                    
0     0000de45  _InitPieVectTable               
1     00007900  _InputXbarRegs                  
0     0000ded1  _IntDefaultHandler              
0     0000db58  _IntDisable                     
0     0000dac5  _IntEnable                      
0     0000dbd8  _IntIFRClear                    
0     0000da95  _IntMasterDisable               
0     0000da8d  _IntMasterEnable                
0     0000da9d  _IntRegister                    
0     0000dab0  _IntUnregister                  
1     00050000  _IpcRegs                        
0     0000c804  _MCBSPA_RX_ISR                  
0     0000c80e  _MCBSPA_TX_ISR                  
0     0000c818  _MCBSPB_RX_ISR                  
0     0000c822  _MCBSPB_TX_ISR                  
1     00006000  _McbspaRegs                     
1     00006040  _McbspbRegs                     
1     0005f400  _MemCfgRegs                     
1     0005f500  _MemoryErrorRegs                
0     0000c606  _NMI_ISR                        
0     0000cb4f  _NOTUSED_ISR                    
1     00007060  _NmiIntruptRegs                 
1     00007a80  _OutputXbarRegs                 
0     0000cb38  _PIE_RESERVED_ISR               
1     00000ce0  _PieCtrlRegs                    
1     00000d00  _PieVectTable                   
1     00009b9c  _PieVectTableInit               
0     0000cb06  _RAM_ACCESS_VIOLATION_ISR       
0     0000caf2  _RAM_CORRECTABLE_ERROR_ISR      
0     0000c5f2  _RTOS_ISR                       
1     0005e608  _RomPrefetchRegs                
1     0005f540  _RomWaitStateRegs               
0     0000c8b8  _SCIA_RX_ISR                    
0     0000c8c2  _SCIA_TX_ISR                    
0     0000c8cc  _SCIB_RX_ISR                    
0     0000c8d6  _SCIB_TX_ISR                    
0     0000c890  _SCIC_RX_ISR                    
0     0000c89a  _SCIC_TX_ISR                    
0     0000c8a4  _SCID_RX_ISR                    
0     0000c8ae  _SCID_TX_ISR                    
0     0000ca5c  _SD1_ISR                        
0     0000ca66  _SD2_ISR                        
0     0000c7dc  _SPIA_RX_ISR                    
0     0000c7e6  _SPIA_TX_ISR                    
0     0000c7f0  _SPIB_RX_ISR                    
0     0000c7fa  _SPIB_TX_ISR                    
0     0000ca70  _SPIC_RX_ISR                    
0     0000ca7a  _SPIC_TX_ISR                    
0     0000cb10  _SYS_PLL_SLIP_ISR               
1     00007200  _SciaRegs                       
1     00007210  _ScibRegs                       
1     00007220  _ScicRegs                       
1     00007230  _ScidRegs                       
1     00005e00  _Sdfm1Regs                      
1     00005e80  _Sdfm2Regs                      
1     00006100  _SpiaRegs                       
1     00006110  _SpibRegs                       
1     00006120  _SpicRegs                       
1     00007940  _SyncSocRegs                    
0     0000d792  _SysCtlAuxClockSet              
0     0000d681  _SysCtlClockGet                 
0     0000d6e4  _SysCtlClockSet                 
0     000001e2  _SysCtlDelay                    
0     0000d6cd  _SysCtlLowSpeedClockGet         
0     0000d65a  _SysCtlPeripheralDisable        
0     0000d63e  _SysCtlPeripheralEnable         
0     0000d5b6  _SysCtlPeripheralPresent        
0     0000d5d7  _SysCtlPeripheralReady          
0     0000d610  _SysCtlPeripheralReset          
0     0000d677  _SysCtlReset                    
0     0000d825  _SysCtlUSBPLLDisable            
0     0000d824  _SysCtlUSBPLLEnable             
0     0000dcf2  _SysTickDisable                 
0     0000dceb  _SysTickEnable                  
0     0000ddc3  _SysTickHandler                 
0     0000dcdf  _SysTickInit                    
0     0000dd1b  _SysTickIntDisable              
0     0000dd11  _SysTickIntEnable               
0     0000dcf7  _SysTickIntRegister             
0     0000dd06  _SysTickIntUnregister           
0     0000dd2c  _SysTickPeriodGet               
0     0000dd25  _SysTickPeriodSet               
0     0000dd30  _SysTickValueGet                
0     0000c6ce  _TIMER0_ISR                     
0     0000c5d4  _TIMER1_ISR                     
0     0000c5de  _TIMER2_ISR                     
0     0000d1a3  _UARTBusy                       
0     0000d16b  _UARTCharGet                    
0     0000d146  _UARTCharGetNonBlocking         
0     0000d196  _UARTCharPut                    
0     0000d183  _UARTCharPutNonBlocking         
0     0000d10f  _UARTCharsAvail                 
0     0000d091  _UARTConfigGetExpClk            
0     0000d05b  _UARTConfigSetExpClk            
0     0000d0bf  _UARTDisable                    
0     0000d0b5  _UARTEnable                     
0     0000d0ec  _UARTFIFODisable                
0     0000d0e3  _UARTFIFOEnable                 
0     0000d02d  _UARTFIFOIntLevelGet            
0     0000d013  _UARTFIFOIntLevelSet            
0     0000d043  _UARTFIFOLevelGet               
0     0000d2a7  _UARTIntClear                   
0     0000d241  _UARTIntDisable                 
0     0000d210  _UARTIntEnable                  
0     0000d277  _UARTIntStatus                  
0     0000d00a  _UARTParityModeGet              
0     0000d000  _UARTParityModeSet              
0     0000d1b4  _UARTRXIntRegister              
0     0000d1e4  _UARTRXIntUnregister            
0     0000d2da  _UARTRxErrorClear               
0     0000d2d4  _UARTRxErrorGet                 
0     0000d135  _UARTSpaceAvail                 
0     0000d826  _UARTStdioConfig                
0     0000d1cc  _UARTTXIntRegister              
0     0000d1fa  _UARTTXIntUnregister            
0     0000d105  _UARTTxIntModeGet               
0     0000d0f5  _UARTTxIntModeSet               
0     0000d8c8  _UARTgetc                       
0     0000d879  _UARTgets                       
0     0000da82  _UARTprintf                     
0     0000d0d2  _UARTsetLoopBack                
0     0000d8ce  _UARTvprintf                    
0     0000d858  _UARTwrite                      
0     0000ca84  _UPPA_ISR                       
0     0000ca8e  _USBA_ISR                       
0     0000c674  _USER10_ISR                     
0     0000c67e  _USER11_ISR                     
0     0000c688  _USER12_ISR                     
0     0000c61a  _USER1_ISR                      
0     0000c624  _USER2_ISR                      
0     0000c62e  _USER3_ISR                      
0     0000c638  _USER4_ISR                      
0     0000c642  _USER5_ISR                      
0     0000c64c  _USER6_ISR                      
0     0000c656  _USER7_ISR                      
0     0000c660  _USER8_ISR                      
0     0000c66a  _USER9_ISR                      
1     00006200  _UppRegs                        
0     0000c9c6  _VCU_ISR                        
0     0000c6d8  _WAKE_ISR                       
1     00007000  _WdRegs                         
0     0000c6b0  _XINT1_ISR                      
0     0000c6ba  _XINT2_ISR                      
0     0000c9a8  _XINT3_ISR                      
0     0000c9b2  _XINT4_ISR                      
0     0000c9bc  _XINT5_ISR                      
1     00007920  _XbarRegs                       
1     00007070  _XintRegs                       
1     00000500  __STACK_END                     
abs   00000100  __STACK_SIZE                    
1     00008b38  ___TI_cleanup_ptr               
1     00008b3a  ___TI_dtors_ptr                 
1     00008b36  ___TI_enable_exit_profile_output
abs   ffffffff  ___TI_pprof_out_hndl            
abs   ffffffff  ___TI_prof_data_size            
abs   ffffffff  ___TI_prof_data_start           
abs   ffffffff  ___binit__                      
abs   ffffffff  ___c_args__                     
0     00000122  ___cinit__                      
abs   ffffffff  ___etext__                      
abs   ffffffff  ___pinit__                      
abs   ffffffff  ___text__                       
0     0000dea3  __args_main                     
1     00008b58  __lock                          
0     0000defe  __nop                           
0     0000defa  __register_lock                 
0     0000def6  __register_unlock               
1     00000400  __stack                         
0     0000df12  __system_post_cinit             
0     0000df10  __system_pre_init               
1     00008b5a  __unlock                        
0     0000ddf4  _abort                          
0     0000cf87  _c_int00                        
0     0000dd7d  _copy_in                        
0     0000de89  _ddcopy                         
0     0000cd2b  _disk_initialize                
0     0000ce9c  _disk_ioctl                     
0     0000cdf4  _disk_read                      
0     0000cde9  _disk_status                    
0     0000cf71  _disk_timerproc                 
0     0000ce3e  _disk_write                     
0     0000de89  _dpcopy                         
0     0000ddf6  _exit                           
0     00011fef  _f_chmod                        
0     00011bef  _f_close                        
0     00011d9e  _f_getfree                      
0     00011bfc  _f_lseek                        
0     00011ecf  _f_mkdir                        
0     000117a7  _f_mount                        
0     000117d4  _f_open                         
0     00011cd1  _f_opendir                      
0     00011942  _f_read                         
0     00011d2a  _f_readdir                      
0     0001202e  _f_rename                       
0     00011d70  _f_stat                         
0     00011b3b  _f_sync                         
0     00011e39  _f_unlink                       
0     00011a28  _f_write                        
1     00008800  _g_pcFilenames                  
1     00008280  _g_pcStatus                     
1     00008200  _g_ppcDirListStrings            
1     0000800c  _g_ppcStatusStrings             
1     00008040  _g_psCmdTable                   
1     00008080  _g_sFresultStrings              
1     00008000  _g_ulStatusStringIndex          
0     0000cf82  _get_fattime                    
0     0000d53b  _main                           
0     0000debc  _memcmp                         
0     0000cfdd  _memcpy                         
0     0000dee0  _memset                         
0     0000de89  _pdcopy                         
0     0000de89  _ppcopy                         
0     0000deff  _strcat                         
0     0000deec  _strcmp                         
0     0000cffb  _strcpy                         
0     0000df08  _strlen                         
0     0000de6b  _strncpy                        
0     0000c260  _ulocaltime                     
0     0000c340  _umktime                        
0     0000c5ca  _urand                          
0     0000c250  _usnprintf                      
0     0000c23f  _usprintf                       
0     0000c5c3  _usrand                         
0     0000c586  _ustrcasecmp                    
0     0000c5ba  _ustrcmp                        
0     0000c51d  _ustrlen                        
0     0000c547  _ustrncasecmp                   
0     0000c58f  _ustrncmp                       
0     0000c000  _ustrncpy                       
0     0000c52d  _ustrstr                        
0     0000c409  _ustrtof                        
0     0000c37d  _ustrtoul                       
0     0000c02d  _uvsnprintf                     
abs   ffffffff  binit                           
0     00000122  cinit                           
0     00000000  code_start                      
abs   ffffffff  etext                           
abs   ffffffff  pinit                           


GLOBAL SYMBOLS: SORTED BY Symbol Address 

page  address   name                            
----  -------   ----                            
0     00000000  code_start                      
0     00000122  ___cinit__                      
0     00000122  cinit                           
0     000001de  _F28x_usDelay                   
0     000001e2  _SysCtlDelay                    
0     00000ce0  _Cla1SoftIntRegs                
0     0000c000  _ustrncpy                       
0     0000c02d  _uvsnprintf                     
0     0000c23f  _usprintf                       
0     0000c250  _usnprintf                      
0     0000c260  _ulocaltime                     
0     0000c340  _umktime                        
0     0000c37d  _ustrtoul                       
0     0000c409  _ustrtof                        
0     0000c51d  _ustrlen                        
0     0000c52d  _ustrstr                        
0     0000c547  _ustrncasecmp                   
0     0000c586  _ustrcasecmp                    
0     0000c58f  _ustrncmp                       
0     0000c5ba  _ustrcmp                        
0     0000c5c3  _usrand                         
0     0000c5ca  _urand                          
0     0000c5d4  _TIMER1_ISR                     
0     0000c5de  _TIMER2_ISR                     
0     0000c5e8  _DATALOG_ISR                    
0     0000c5f2  _RTOS_ISR                       
0     0000c5fc  _EMU_ISR                        
0     0000c606  _NMI_ISR                        
0     0000c610  _ILLEGAL_ISR                    
0     0000c61a  _USER1_ISR                      
0     0000c624  _USER2_ISR                      
0     0000c62e  _USER3_ISR                      
0     0000c638  _USER4_ISR                      
0     0000c642  _USER5_ISR                      
0     0000c64c  _USER6_ISR                      
0     0000c656  _USER7_ISR                      
0     0000c660  _USER8_ISR                      
0     0000c66a  _USER9_ISR                      
0     0000c674  _USER10_ISR                     
0     0000c67e  _USER11_ISR                     
0     0000c688  _USER12_ISR                     
0     0000c692  _ADCA1_ISR                      
0     0000c69c  _ADCB1_ISR                      
0     0000c6a6  _ADCC1_ISR                      
0     0000c6b0  _XINT1_ISR                      
0     0000c6ba  _XINT2_ISR                      
0     0000c6c4  _ADCD1_ISR                      
0     0000c6ce  _TIMER0_ISR                     
0     0000c6d8  _WAKE_ISR                       
0     0000c6e2  _EPWM1_TZ_ISR                   
0     0000c6ec  _EPWM2_TZ_ISR                   
0     0000c6f6  _EPWM3_TZ_ISR                   
0     0000c700  _EPWM4_TZ_ISR                   
0     0000c70a  _EPWM5_TZ_ISR                   
0     0000c714  _EPWM6_TZ_ISR                   
0     0000c71e  _EPWM7_TZ_ISR                   
0     0000c728  _EPWM8_TZ_ISR                   
0     0000c732  _EPWM1_ISR                      
0     0000c73c  _EPWM2_ISR                      
0     0000c746  _EPWM3_ISR                      
0     0000c750  _EPWM4_ISR                      
0     0000c75a  _EPWM5_ISR                      
0     0000c764  _EPWM6_ISR                      
0     0000c76e  _EPWM7_ISR                      
0     0000c778  _EPWM8_ISR                      
0     0000c782  _ECAP1_ISR                      
0     0000c78c  _ECAP2_ISR                      
0     0000c796  _ECAP3_ISR                      
0     0000c7a0  _ECAP4_ISR                      
0     0000c7aa  _ECAP5_ISR                      
0     0000c7b4  _ECAP6_ISR                      
0     0000c7be  _EQEP1_ISR                      
0     0000c7c8  _EQEP2_ISR                      
0     0000c7d2  _EQEP3_ISR                      
0     0000c7dc  _SPIA_RX_ISR                    
0     0000c7e6  _SPIA_TX_ISR                    
0     0000c7f0  _SPIB_RX_ISR                    
0     0000c7fa  _SPIB_TX_ISR                    
0     0000c804  _MCBSPA_RX_ISR                  
0     0000c80e  _MCBSPA_TX_ISR                  
0     0000c818  _MCBSPB_RX_ISR                  
0     0000c822  _MCBSPB_TX_ISR                  
0     0000c82c  _DMA_CH1_ISR                    
0     0000c836  _DMA_CH2_ISR                    
0     0000c840  _DMA_CH3_ISR                    
0     0000c84a  _DMA_CH4_ISR                    
0     0000c854  _DMA_CH5_ISR                    
0     0000c85e  _DMA_CH6_ISR                    
0     0000c868  _I2CA_ISR                       
0     0000c872  _I2CA_FIFO_ISR                  
0     0000c87c  _I2CB_ISR                       
0     0000c886  _I2CB_FIFO_ISR                  
0     0000c890  _SCIC_RX_ISR                    
0     0000c89a  _SCIC_TX_ISR                    
0     0000c8a4  _SCID_RX_ISR                    
0     0000c8ae  _SCID_TX_ISR                    
0     0000c8b8  _SCIA_RX_ISR                    
0     0000c8c2  _SCIA_TX_ISR                    
0     0000c8cc  _SCIB_RX_ISR                    
0     0000c8d6  _SCIB_TX_ISR                    
0     0000c8e0  _CANA0_ISR                      
0     0000c8ea  _CANA1_ISR                      
0     0000c8f4  _CANB0_ISR                      
0     0000c8fe  _CANB1_ISR                      
0     0000c908  _ADCA_EVT_ISR                   
0     0000c912  _ADCA2_ISR                      
0     0000c91c  _ADCA3_ISR                      
0     0000c926  _ADCA4_ISR                      
0     0000c930  _ADCB_EVT_ISR                   
0     0000c93a  _ADCB2_ISR                      
0     0000c944  _ADCB3_ISR                      
0     0000c94e  _ADCB4_ISR                      
0     0000c958  _CLA1_1_ISR                     
0     0000c962  _CLA1_2_ISR                     
0     0000c96c  _CLA1_3_ISR                     
0     0000c976  _CLA1_4_ISR                     
0     0000c980  _CLA1_5_ISR                     
0     0000c98a  _CLA1_6_ISR                     
0     0000c994  _CLA1_7_ISR                     
0     0000c99e  _CLA1_8_ISR                     
0     0000c9a8  _XINT3_ISR                      
0     0000c9b2  _XINT4_ISR                      
0     0000c9bc  _XINT5_ISR                      
0     0000c9c6  _VCU_ISR                        
0     0000c9d0  _FPU_OVERFLOW_ISR               
0     0000c9da  _FPU_UNDERFLOW_ISR              
0     0000c9e4  _IPC0_ISR                       
0     0000c9ee  _IPC1_ISR                       
0     0000c9f8  _IPC2_ISR                       
0     0000ca02  _IPC3_ISR                       
0     0000ca0c  _EPWM9_TZ_ISR                   
0     0000ca16  _EPWM10_TZ_ISR                  
0     0000ca20  _EPWM11_TZ_ISR                  
0     0000ca2a  _EPWM12_TZ_ISR                  
0     0000ca34  _EPWM9_ISR                      
0     0000ca3e  _EPWM10_ISR                     
0     0000ca48  _EPWM11_ISR                     
0     0000ca52  _EPWM12_ISR                     
0     0000ca5c  _SD1_ISR                        
0     0000ca66  _SD2_ISR                        
0     0000ca70  _SPIC_RX_ISR                    
0     0000ca7a  _SPIC_TX_ISR                    
0     0000ca84  _UPPA_ISR                       
0     0000ca8e  _USBA_ISR                       
0     0000ca98  _ADCC_EVT_ISR                   
0     0000caa2  _ADCC2_ISR                      
0     0000caac  _ADCC3_ISR                      
0     0000cab6  _ADCC4_ISR                      
0     0000cac0  _ADCD_EVT_ISR                   
0     0000caca  _ADCD2_ISR                      
0     0000cad4  _ADCD3_ISR                      
0     0000cade  _ADCD4_ISR                      
0     0000cae8  _EMIF_ERROR_ISR                 
0     0000caf2  _RAM_CORRECTABLE_ERROR_ISR      
0     0000cafc  _FLASH_CORRECTABLE_ERROR_ISR    
0     0000cb06  _RAM_ACCESS_VIOLATION_ISR       
0     0000cb10  _SYS_PLL_SLIP_ISR               
0     0000cb1a  _AUX_PLL_SLIP_ISR               
0     0000cb24  _CLA_OVERFLOW_ISR               
0     0000cb2e  _CLA_UNDERFLOW_ISR              
0     0000cb38  _PIE_RESERVED_ISR               
0     0000cb42  _EMPTY_ISR                      
0     0000cb4f  _NOTUSED_ISR                    
0     0000cd2b  _disk_initialize                
0     0000cde9  _disk_status                    
0     0000cdf4  _disk_read                      
0     0000ce3e  _disk_write                     
0     0000ce9c  _disk_ioctl                     
0     0000cf71  _disk_timerproc                 
0     0000cf82  _get_fattime                    
0     0000cf87  _c_int00                        
0     0000cfdd  _memcpy                         
0     0000cffb  _strcpy                         
0     0000d000  _UARTParityModeSet              
0     0000d00a  _UARTParityModeGet              
0     0000d013  _UARTFIFOIntLevelSet            
0     0000d02d  _UARTFIFOIntLevelGet            
0     0000d043  _UARTFIFOLevelGet               
0     0000d05b  _UARTConfigSetExpClk            
0     0000d091  _UARTConfigGetExpClk            
0     0000d0b5  _UARTEnable                     
0     0000d0bf  _UARTDisable                    
0     0000d0d2  _UARTsetLoopBack                
0     0000d0e3  _UARTFIFOEnable                 
0     0000d0ec  _UARTFIFODisable                
0     0000d0f5  _UARTTxIntModeSet               
0     0000d105  _UARTTxIntModeGet               
0     0000d10f  _UARTCharsAvail                 
0     0000d135  _UARTSpaceAvail                 
0     0000d146  _UARTCharGetNonBlocking         
0     0000d16b  _UARTCharGet                    
0     0000d183  _UARTCharPutNonBlocking         
0     0000d196  _UARTCharPut                    
0     0000d1a3  _UARTBusy                       
0     0000d1b4  _UARTRXIntRegister              
0     0000d1cc  _UARTTXIntRegister              
0     0000d1e4  _UARTRXIntUnregister            
0     0000d1fa  _UARTTXIntUnregister            
0     0000d210  _UARTIntEnable                  
0     0000d241  _UARTIntDisable                 
0     0000d277  _UARTIntStatus                  
0     0000d2a7  _UARTIntClear                   
0     0000d2d4  _UARTRxErrorGet                 
0     0000d2da  _UARTRxErrorClear               
0     0000d311  _Cmd_ls                         
0     0000d44d  _Cmd_cd                         
0     0000d477  _Cmd_pwd                        
0     0000d485  _Cmd_cat                        
0     0000d4ea  _Cmd_help                       
0     0000d50f  _ConfigureUART                  
0     0000d53b  _main                           
0     0000d5b6  _SysCtlPeripheralPresent        
0     0000d5d7  _SysCtlPeripheralReady          
0     0000d610  _SysCtlPeripheralReset          
0     0000d63e  _SysCtlPeripheralEnable         
0     0000d65a  _SysCtlPeripheralDisable        
0     0000d677  _SysCtlReset                    
0     0000d681  _SysCtlClockGet                 
0     0000d6cd  _SysCtlLowSpeedClockGet         
0     0000d6e4  _SysCtlClockSet                 
0     0000d792  _SysCtlAuxClockSet              
0     0000d824  _SysCtlUSBPLLEnable             
0     0000d825  _SysCtlUSBPLLDisable            
0     0000d826  _UARTStdioConfig                
0     0000d858  _UARTwrite                      
0     0000d879  _UARTgets                       
0     0000d8c8  _UARTgetc                       
0     0000d8ce  _UARTvprintf                    
0     0000da82  _UARTprintf                     
0     0000da8d  _IntMasterEnable                
0     0000da95  _IntMasterDisable               
0     0000da9d  _IntRegister                    
0     0000dab0  _IntUnregister                  
0     0000dac5  _IntEnable                      
0     0000db58  _IntDisable                     
0     0000dbd8  _IntIFRClear                    
0     0000dc57  FS$$DIV                         
0     0000dcdf  _SysTickInit                    
0     0000dceb  _SysTickEnable                  
0     0000dcf2  _SysTickDisable                 
0     0000dcf7  _SysTickIntRegister             
0     0000dd06  _SysTickIntUnregister           
0     0000dd11  _SysTickIntEnable               
0     0000dd1b  _SysTickIntDisable              
0     0000dd25  _SysTickPeriodSet               
0     0000dd2c  _SysTickPeriodGet               
0     0000dd30  _SysTickValueGet                
0     0000dd34  _CmdLineProcess                 
0     0000dd7d  _copy_in                        
0     0000ddc3  _SysTickHandler                 
0     0000ddf4  C$$EXIT                         
0     0000ddf4  _abort                          
0     0000ddf6  _exit                           
0     0000de1d  _InitPieCtrl                    
0     0000de3c  _EnableInterrupts               
0     0000de45  _InitPieVectTable               
0     0000de6b  _strncpy                        
0     0000de89  _ddcopy                         
0     0000de89  _dpcopy                         
0     0000de89  _pdcopy                         
0     0000de89  _ppcopy                         
0     0000dea3  __args_main                     
0     0000debc  _memcmp                         
0     0000ded1  _IntDefaultHandler              
0     0000dee0  _memset                         
0     0000deec  _strcmp                         
0     0000def6  __register_unlock               
0     0000defa  __register_lock                 
0     0000defe  __nop                           
0     0000deff  _strcat                         
0     0000df08  _strlen                         
0     0000df10  __system_pre_init               
0     0000df12  __system_post_cinit             
0     000117a7  _f_mount                        
0     000117d4  _f_open                         
0     00011942  _f_read                         
0     00011a28  _f_write                        
0     00011b3b  _f_sync                         
0     00011bef  _f_close                        
0     00011bfc  _f_lseek                        
0     00011cd1  _f_opendir                      
0     00011d2a  _f_readdir                      
0     00011d70  _f_stat                         
0     00011d9e  _f_getfree                      
0     00011e39  _f_unlink                       
0     00011ecf  _f_mkdir                        
0     00011fef  _f_chmod                        
0     0001202e  _f_rename                       
1     00000400  __stack                         
1     00000500  __STACK_END                     
1     00000b00  _AdcaResultRegs                 
1     00000b20  _AdcbResultRegs                 
1     00000b40  _AdccResultRegs                 
1     00000b60  _AdcdResultRegs                 
1     00000c00  _CpuTimer0Regs                  
1     00000c08  _CpuTimer1Regs                  
1     00000c10  _CpuTimer2Regs                  
1     00000ce0  _PieCtrlRegs                    
1     00000d00  _EmuKey                         
1     00000d00  _PieVectTable                   
1     00000d01  _EmuBMode                       
1     00001000  _DmaRegs                        
1     00001400  _Cla1Regs                       
1     00004000  _EPwm1Regs                      
1     00004100  _EPwm2Regs                      
1     00004200  _EPwm3Regs                      
1     00004300  _EPwm4Regs                      
1     00004400  _EPwm5Regs                      
1     00004500  _EPwm6Regs                      
1     00004600  _EPwm7Regs                      
1     00004700  _EPwm8Regs                      
1     00004800  _EPwm9Regs                      
1     00004900  _EPwm10Regs                     
1     00004a00  _EPwm11Regs                     
1     00004b00  _EPwm12Regs                     
1     00005000  _ECap1Regs                      
1     00005020  _ECap2Regs                      
1     00005040  _ECap3Regs                      
1     00005060  _ECap4Regs                      
1     00005080  _ECap5Regs                      
1     000050a0  _ECap6Regs                      
1     00005100  _EQep1Regs                      
1     00005140  _EQep2Regs                      
1     00005180  _EQep3Regs                      
1     00005c00  _DacaRegs                       
1     00005c10  _DacbRegs                       
1     00005c20  _DaccRegs                       
1     00005c80  _Cmpss1Regs                     
1     00005ca0  _Cmpss2Regs                     
1     00005cc0  _Cmpss3Regs                     
1     00005ce0  _Cmpss4Regs                     
1     00005d00  _Cmpss5Regs                     
1     00005d20  _Cmpss6Regs                     
1     00005d40  _Cmpss7Regs                     
1     00005d60  _Cmpss8Regs                     
1     00005e00  _Sdfm1Regs                      
1     00005e80  _Sdfm2Regs                      
1     00006000  _McbspaRegs                     
1     00006040  _McbspbRegs                     
1     00006100  _SpiaRegs                       
1     00006110  _SpibRegs                       
1     00006120  _SpicRegs                       
1     00006200  _UppRegs                        
1     00007000  _WdRegs                         
1     00007060  _NmiIntruptRegs                 
1     00007070  _XintRegs                       
1     00007200  _SciaRegs                       
1     00007210  _ScibRegs                       
1     00007220  _ScicRegs                       
1     00007230  _ScidRegs                       
1     00007300  _I2caRegs                       
1     00007340  _I2cbRegs                       
1     00007400  _AdcaRegs                       
1     00007480  _AdcbRegs                       
1     00007500  _AdccRegs                       
1     00007580  _AdcdRegs                       
1     00007900  _InputXbarRegs                  
1     00007920  _XbarRegs                       
1     00007940  _SyncSocRegs                    
1     00007980  _DmaClaSrcSelRegs               
1     00007a00  _EPwmXbarRegs                   
1     00007a80  _OutputXbarRegs                 
1     00007c00  _GpioCtrlRegs                   
1     00007f00  _GpioDataRegs                   
1     00008000  _g_ulStatusStringIndex          
1     0000800c  _g_ppcStatusStrings             
1     00008040  _g_psCmdTable                   
1     00008080  _g_sFresultStrings              
1     00008200  _g_ppcDirListStrings            
1     00008280  _g_pcStatus                     
1     00008800  _g_pcFilenames                  
1     00008b36  ___TI_enable_exit_profile_output
1     00008b38  ___TI_cleanup_ptr               
1     00008b3a  ___TI_dtors_ptr                 
1     00008b58  __lock                          
1     00008b5a  __unlock                        
1     00009b9c  _PieVectTableInit               
1     00047000  _Emif1Regs                      
1     00047800  _Emif2Regs                      
1     00050000  _IpcRegs                        
1     00050024  _FlashPumpSemaphoreRegs         
1     0005d000  _DevCfgRegs                     
1     0005d180  _AnalogSubsysRegs               
1     0005d200  _ClkCfgRegs                     
1     0005d300  _CpuSysRegs                     
1     0005e608  _RomPrefetchRegs                
1     0005f000  _DcsmZ1Regs                     
1     0005f040  _DcsmZ2Regs                     
1     0005f070  _DcsmCommonRegs                 
1     0005f400  _MemCfgRegs                     
1     0005f480  _Emif1ConfigRegs                
1     0005f4a0  _Emif2ConfigRegs                
1     0005f4c0  _AccessProtectionRegs           
1     0005f500  _MemoryErrorRegs                
1     0005f540  _RomWaitStateRegs               
1     0005f800  _Flash0CtrlRegs                 
1     0005fb00  _Flash0EccRegs                  
1     00078000  _DcsmZ1Otp                      
1     00078200  _DcsmZ2Otp                      
abs   00000100  __STACK_SIZE                    
abs   ffffffff  .text                           
abs   ffffffff  ___TI_pprof_out_hndl            
abs   ffffffff  ___TI_prof_data_size            
abs   ffffffff  ___TI_prof_data_start           
abs   ffffffff  ___binit__                      
abs   ffffffff  ___c_args__                     
abs   ffffffff  ___etext__                      
abs   ffffffff  ___pinit__                      
abs   ffffffff  ___text__                       
abs   ffffffff  binit                           
abs   ffffffff  etext                           
abs   ffffffff  pinit                           

[412 symbols]
