******************************************************************************
             TMS320C2000 Linker PC v15.12.3                    
******************************************************************************
>> Linked Sun May 21 14:20:33 2017

OUTPUT FILE NAME:   <usb_host_keyboard_cpu01.out>
ENTRY POINT SYMBOL: "code_start"  address: 00000000


MEMORY CONFIGURATION

         name            origin    length      used     unused   attr    fill
----------------------  --------  ---------  --------  --------  ----  --------
PAGE 0:
  BEGIN                 00000000   00000002  00000002  00000000  RWIX
  RAMM0                 00000122   000002de  000000da  00000204  RWIX
  RAMD0                 0000b000   00000800  00000000  00000800  RWIX
  RAMGS0                0000c000   00001000  00001000  00000000  RWIX
  RAMGS1                0000d000   00001000  00000ffe  00000002  RWIX
  RAMGS2                0000e000   00001000  00001000  00000000  RWIX
  RAMGS3                0000f000   00001000  0000063b  000009c5  RWIX
  RAMGS4                00010000   00001000  00000000  00001000  RWIX
  RAMGS5                00011000   00002000  00001603  000009fd  RWIX
  RESET                 003fffc0   00000002  00000000  00000002  RWIX

PAGE 1:
  BOOT_RSVD             00000002   00000120  00000000  00000120  RWIX
  RAMM1                 00000400   00000400  00000100  00000300  RWIX
  ADCA_RESULT           00000b00   00000020  00000018  00000008  RWIX
  ADCB_RESULT           00000b20   00000020  00000018  00000008  RWIX
  ADCC_RESULT           00000b40   00000020  00000018  00000008  RWIX
  ADCD_RESULT           00000b60   00000020  00000018  00000008  RWIX
  CPU_TIMER0            00000c00   00000008  00000008  00000000  RWIX
  CPU_TIMER1            00000c08   00000008  00000008  00000000  RWIX
  CPU_TIMER2            00000c10   00000008  00000008  00000000  RWIX
  PIE_CTRL              00000ce0   00000020  0000001a  00000006  RWIX
  PIE_VECT              00000d00   00000200  000001c0  00000040  RWIX
  DMA                   00001000   00000200  000000e0  00000120  RWIX
  CLA1                  00001400   00000040  0000003e  00000002  RWIX
  EPWM1                 00004000   00000100  00000100  00000000  RWIX
  EPWM2                 00004100   00000100  00000100  00000000  RWIX
  EPWM3                 00004200   00000100  00000100  00000000  RWIX
  EPWM4                 00004300   00000100  00000100  00000000  RWIX
  EPWM5                 00004400   00000100  00000100  00000000  RWIX
  EPWM6                 00004500   00000100  00000100  00000000  RWIX
  EPWM7                 00004600   00000100  00000100  00000000  RWIX
  EPWM8                 00004700   00000100  00000100  00000000  RWIX
  EPWM9                 00004800   00000100  00000100  00000000  RWIX
  EPWM10                00004900   00000100  00000100  00000000  RWIX
  EPWM11                00004a00   00000100  00000100  00000000  RWIX
  EPWM12                00004b00   00000100  00000100  00000000  RWIX
  ECAP1                 00005000   00000020  00000020  00000000  RWIX
  ECAP2                 00005020   00000020  00000020  00000000  RWIX
  ECAP3                 00005040   00000020  00000020  00000000  RWIX
  ECAP4                 00005060   00000020  00000020  00000000  RWIX
  ECAP5                 00005080   00000020  00000020  00000000  RWIX
  ECAP6                 000050a0   00000020  00000020  00000000  RWIX
  EQEP1                 00005100   00000040  00000022  0000001e  RWIX
  EQEP2                 00005140   00000040  00000022  0000001e  RWIX
  EQEP3                 00005180   00000040  00000022  0000001e  RWIX
  DACA                  00005c00   00000010  00000008  00000008  RWIX
  DACB                  00005c10   00000010  00000008  00000008  RWIX
  DACC                  00005c20   00000010  00000008  00000008  RWIX
  CMPSS1                00005c80   00000020  00000020  00000000  RWIX
  CMPSS2                00005ca0   00000020  00000020  00000000  RWIX
  CMPSS3                00005cc0   00000020  00000020  00000000  RWIX
  CMPSS4                00005ce0   00000020  00000020  00000000  RWIX
  CMPSS5                00005d00   00000020  00000020  00000000  RWIX
  CMPSS6                00005d20   00000020  00000020  00000000  RWIX
  CMPSS7                00005d40   00000020  00000020  00000000  RWIX
  CMPSS8                00005d60   00000020  00000020  00000000  RWIX
  SDFM1                 00005e00   00000080  00000080  00000000  RWIX
  SDFM2                 00005e80   00000080  00000080  00000000  RWIX
  MCBSPA                00006000   00000040  00000024  0000001c  RWIX
  MCBSPB                00006040   00000040  00000024  0000001c  RWIX
  SPIA                  00006100   00000010  00000010  00000000  RWIX
  SPIB                  00006110   00000010  00000010  00000000  RWIX
  SPIC                  00006120   00000010  00000010  00000000  RWIX
  SPID                  00006130   00000010  00000000  00000010  RWIX
  UPP                   00006200   00000100  00000048  000000b8  RWIX
  WD                    00007000   00000040  0000002b  00000015  RWIX
  NMIINTRUPT            00007060   00000010  00000007  00000009  RWIX
  XINT                  00007070   00000010  0000000b  00000005  RWIX
  SCIA                  00007200   00000010  00000010  00000000  RWIX
  SCIB                  00007210   00000010  00000010  00000000  RWIX
  SCIC                  00007220   00000010  00000010  00000000  RWIX
  SCID                  00007230   00000010  00000010  00000000  RWIX
  I2CA                  00007300   00000040  00000022  0000001e  RWIX
  I2CB                  00007340   00000040  00000022  0000001e  RWIX
  ADCA                  00007400   00000080  00000080  00000000  RWIX
  ADCB                  00007480   00000080  00000080  00000000  RWIX
  ADCC                  00007500   00000080  00000080  00000000  RWIX
  ADCD                  00007580   00000080  00000080  00000000  RWIX
  INPUT_XBAR            00007900   00000020  00000020  00000000  RWIX
  XBAR                  00007920   00000020  00000020  00000000  RWIX
  SYNC_SOC              00007940   00000010  00000006  0000000a  RWIX
  DMACLASRCSEL          00007980   00000040  0000001a  00000026  RWIX
  EPWM_XBAR             00007a00   00000040  00000040  00000000  RWIX
  CLB_XBAR              00007a40   00000040  00000000  00000040  RWIX
  OUTPUT_XBAR           00007a80   00000040  00000040  00000000  RWIX
  GPIOCTRL              00007c00   00000180  00000180  00000000  RWIX
  GPIODAT               00007f00   00000030  00000030  00000000  RWIX
  RAMLS01               00008000   00001000  000006ae  00000952  RWIX
  RAMLS2                00009000   00000800  00000000  00000800  RWIX
  RAMLS3_RAMLS4_RAMLS5  00009800   00001800  000007c4  0000103c  RWIX
  RAMD1                 0000b800   00000800  00000000  00000800  RWIX
  RAMGS7                00013000   00001000  00000000  00001000  RWIX
  RAMGS8                00014000   00001000  00000000  00001000  RWIX
  RAMGS9                00015000   00001000  00000000  00001000  RWIX
  RAMGS10               00016000   00001000  00000000  00001000  RWIX
  RAMGS11               00017000   00001000  00000000  00001000  RWIX
  RAMGS12               00018000   00001000  00000000  00001000  RWIX
  RAMGS13               00019000   00001000  00000000  00001000  RWIX
  RAMGS14               0001a000   00001000  00000000  00001000  RWIX
  RAMGS15               0001b000   00001000  00000000  00001000  RWIX
  CPU2TOCPU1RAM         0003f800   00000400  00000000  00000400  RWIX
  CPU1TOCPU2RAM         0003fc00   00000400  00000000  00000400  RWIX
  EMIF1                 00047000   00000800  00000070  00000790  RWIX
  EMIF2                 00047800   00000800  00000070  00000790  RWIX
  CANA                  00048000   00000800  00000000  00000800  RWIX
  CANA_MSG_RAM          00049000   00000800  00000000  00000800  RWIX
  CANB                  0004a000   00000800  00000000  00000800  RWIX
  CANB_MSG_RAM          0004b000   00000800  00000000  00000800  RWIX
  IPC                   00050000   00000024  00000024  00000000  RWIX
  FLASHPUMPSEMAPHORE    00050024   00000002  00000002  00000000  RWIX
  DEV_CFG               0005d000   00000180  0000012e  00000052  RWIX
  ANALOG_SUBSYS         0005d180   00000080  00000048  00000038  RWIX
  CLK_CFG               0005d200   00000100  00000032  000000ce  RWIX
  CPU_SYS               0005d300   00000100  00000082  0000007e  RWIX
  ROMPREFETCH           0005e608   00000002  00000002  00000000  RWIX
  DCSM_Z1               0005f000   00000030  00000024  0000000c  RWIX
  DCSM_Z2               0005f040   00000030  00000024  0000000c  RWIX
  DCSM_COMMON           0005f070   00000010  00000008  00000008  RWIX
  MEMCFG                0005f400   00000080  00000080  00000000  RWIX
  EMIF1CONFIG           0005f480   00000020  00000020  00000000  RWIX
  EMIF2CONFIG           0005f4a0   00000020  00000020  00000000  RWIX
  ACCESSPROTECTION      0005f4c0   00000040  00000040  00000000  RWIX
  MEMORYERROR           0005f500   00000040  00000040  00000000  RWIX
  ROMWAITSTATE          0005f540   00000002  00000002  00000000  RWIX
  FLASH0_CTRL           0005f800   00000300  00000182  0000017e  RWIX
  FLASH0_ECC            0005fb00   00000040  00000028  00000018  RWIX
  DCSM_Z1_OTP           00078000   00000020  00000020  00000000  RWIX
  DCSM_Z2_OTP           00078200   00000020  00000020  00000000  RWIX


SECTION ALLOCATION MAP

 output                                  attributes/
section   page    origin      length       input sections
--------  ----  ----------  ----------   ----------------
codestart 
*          0    00000000    00000002     
                  00000000    00000002     F2837xD_CodeStartBranch.obj (codestart)

.cinit     0    00000122    000000d2     
                  00000122    00000046     usblib.lib : usbhostenum.obj (.cinit)
                  00000168    00000035                : usbhhid.obj (.cinit)
                  0000019d    0000000f     usb_host_keyboard.obj (.cinit)
                  000001ac    0000000e     rts2800_fpu32.lib : exit.obj (.cinit)
                  000001ba    0000000e     usblib.lib : usbtick.obj (.cinit)
                  000001c8    0000000d                : usbmode.obj (.cinit)
                  000001d5    00000009     uartstdio.obj (.cinit)
                  000001de    00000005     rts2800_fpu32.lib : _lock.obj (.cinit:__lock)
                  000001e3    00000005                       : _lock.obj (.cinit:__unlock)
                  000001e8    00000005     usblib.lib : usbdenum.obj (.cinit)
                  000001ed    00000005                : usbhhidkeyboard.obj (.cinit)
                  000001f2    00000002     --HOLE-- [fill = 0]

.pinit     0    00000122    00000000     UNINITIALIZED

.reset     0    003fffc0    00000002     DSECT
                  003fffc0    00000002     rts2800_fpu32.lib : boot.obj (.reset)

.TI.ramfunc 
*          0    000001f4    00000008     
                  000001f4    00000004     F2837xD_usDelay.obj (.TI.ramfunc)
                  000001f8    00000004     sysctl.obj (.TI.ramfunc)

.stack     1    00000400    00000100     UNINITIALIZED
                  00000400    00000100     --HOLE--

.econst    1    00009800    000007c4     
                  00009800    00000200     usblib.lib : usbkeyboardmap.obj (.econst:_g_pui8KeyBoardMap)
                  00009a00    000001c0     F2837xD_PieVect.obj (.econst:_PieVectTableInit)
                  00009bc0    00000104     usblib.lib : usbkeyboardmap.obj (.econst)
                  00009cc4    000000f8     usb_host_keyboard.obj (.econst:.string)
                  00009dbc    00000072     uartstdio.obj (.econst:.string)
                  00009e2e    00000052     systick.obj (.econst:.string)
                  00009e80    00000051     sysctl.obj (.econst:.string)
                  00009ed1    00000001     --HOLE-- [fill = 0]
                  00009ed2    0000004f     uart.obj (.econst:.string)
                  00009f21    00000001     --HOLE-- [fill = 0]
                  00009f22    0000004e     usb.obj (.econst:.string)
                  00009f70    0000001a     usblib.lib : usbdenum.obj (.econst:_g_psUSBDStdRequests)
                  00009f8a    0000000c     usb_hal.obj (.econst)
                  00009f96    00000008     usb_host_keyboard.obj (.econst:_g_sUSBEventDriver)
                  00009f9e    00000008     uartstdio.obj (.econst:_g_ui32UARTBase)
                  00009fa6    00000008     usblib.lib : usbhhid.obj (.econst)
                  00009fae    00000008                : usbhhub.obj (.econst)
                  00009fb6    00000006     uartstdio.obj (.econst:_g_ui32UARTPeriph)
                  00009fbc    00000004     usb_host_keyboard.obj (.econst:_g_ppHostClassDrivers)
                  00009fc0    00000002     uartstdio.obj (.econst)
                  00009fc2    00000002     usb_host_keyboard.obj (.econst)

GETBUFFER 
*          0    0003f800    00000000     DSECT

GETWRITEIDX 
*          0    0003f800    00000000     DSECT

PUTREADIDX 
*          0    0003f800    00000000     DSECT

.text.1    0    0000c000    00001000     
                  0000c000    0000085d     usblib.lib : usbdenum.obj (.text)
                  0000c85d    00000406                : usbhhub.obj (.text)
                  0000cc63    0000025c                : usbmode.obj (.text)
                  0000cebf    000000d8                : usbdma.obj (.text)
                  0000cf97    00000066     usb.obj (.text:_USBFIFOConfigSet)
                  0000cffd    00000002     rts2800_fpu32.lib : pre_init.obj (.text)
                  0000cfff    00000001     sysctl.obj (.text:_SysCtlUSBPLLDisable)

.text.2    0    0000d000    00000ffe     
                  0000d000    0000022a     usblib.lib : usbhhid.obj (.text)
                  0000d22a    00000210                : usbdconfig.obj (.text)
                  0000d43a    000001be     uartstdio.obj (.text:_UARTvprintf)
                  0000d5f8    000001b3     usblib.lib : usbhhidkeyboard.obj (.text)
                  0000d7ab    00000157                : usbdcdesc.obj (.text)
                  0000d902    00000143     sysctl.obj (.text:__SysCtlPeripheralValid)
                  0000da45    000000d4     usb.obj (.text:_USBHostEndpointConfig)
                  0000db19    000000d2     usblib.lib : usbdesc.obj (.text)
                  0000dbeb    000000bc     usb_host_keyboard.obj (.text:_main)
                  0000dca7    000000ae     sysctl.obj (.text:_SysCtlClockSet)
                  0000dd55    0000009c     rts2800_fpu32.lib : fd_add.obj (.text)
                  0000ddf1    00000093     interrupt.obj (.text:_IntEnable)
                  0000de84    00000092     sysctl.obj (.text:_SysCtlAuxClockSet)
                  0000df16    0000008b     rts2800_fpu32.lib : fd_div.obj (.text)
                  0000dfa1    0000005b     usb.obj (.text:_USBDevEndpointStall)
                  0000dffc    00000001     sysctl.obj (.text:_SysCtlUSBPLLEnable)
                  0000dffd    00000001     rts2800_fpu32.lib : startup.obj (.text)

.text.3    0    0000e000    00001000     
                  0000e000    00000089     usb.obj (.text:_USBDevEndpointConfigSet)
                  0000e089    00000088     usblib.lib : usbtick.obj (.text)
                  0000e111    00000083     rts2800_fpu32.lib : fd_mpy.obj (.text)
                  0000e194    00000080     interrupt.obj (.text:_IntDisable)
                  0000e214    0000007f     interrupt.obj (.text:_IntIFRClear)
                  0000e293    0000006e     usb.obj (.text:_USBDevEndpointStallClear)
                  0000e301    0000006b     usb.obj (.text:_USBDevEndpointStatusClear)
                  0000e36c    0000006a     usb.obj (.text:_USBEndpointDataGet)
                  0000e3d6    00000064     usb.obj (.text:_USBFIFOFlush)
                  0000e43a    00000059     usb.obj (.text:_USBEndpointDataSend)
                  0000e493    00000058     usb.obj (.text:_USBHostHubAddrSet)
                  0000e4eb    00000056     rts2800_fpu32.lib : boot.obj (.text)
                  0000e541    00000054     usb.obj (.text:_USBEndpointDataPut)
                  0000e595    00000050     usb.obj (.text:_USBHostEndpointStatusClear)
                  0000e5e5    0000004f     usb.obj (.text:_USBIntStatus)
                  0000e634    0000004e     usb_host_keyboard.obj (.text:_USBHCDEvents)
                  0000e682    0000004c     sysctl.obj (.text:_SysCtlClockGet)
                  0000e6ce    0000004b     usb_host_keyboard.obj (.text:_KeyboardCallback)
                  0000e719    0000004b     uart.obj (.text:_UARTConfigSetExpClk)
                  0000e764    0000004a     usb.obj (.text:_USBDevEndpointDataAck)
                  0000e7ae    00000048     usb.obj (.text:__USBIndexWrite)
                  0000e7f6    00000046     rts2800_fpu32.lib : cpy_tbl.obj (.text)
                  0000e83c    00000043     usb.obj (.text:_USBHostEndpointDataAck)
                  0000e87f    00000042     usb.obj (.text:_USBHostAddrSet)
                  0000e8c1    00000041     uartstdio.obj (.text:_UARTStdioConfig)
                  0000e902    00000040     usb.obj (.text:_USBEndpointDataToggleClear)
                  0000e942    00000040     usb.obj (.text:_USBHostRequestINClear)
                  0000e982    0000003f     usb.obj (.text:_USBEndpointStatus)
                  0000e9c1    0000003e     usb.obj (.text:_USBHostRequestIN)
                  0000e9ff    0000003b     usb.obj (.text:_USBIntDisableControl)
                  0000ea3a    00000038     usb.obj (.text:_USBIntEnableControl)
                  0000ea72    00000036     usb.obj (.text:_USBHostPwrConfig)
                  0000eaa8    00000035     uartstdio.obj (.text:_UARTwrite)
                  0000eadd    00000031     usb.obj (.text:_USBIntStatusControl)
                  0000eb0e    00000031     usb_hal.obj (.text:_f28x_USB0DeviceIntHandler)
                  0000eb3f    00000031     usb_hal.obj (.text:_f28x_USB0DualModeIntHandler)
                  0000eb70    00000031     usb_hal.obj (.text:_f28x_USB0HostIntHandler)
                  0000eba1    0000002e     sysctl.obj (.text:_SysCtlPeripheralReset)
                  0000ebcf    0000002c     usb_host_keyboard.obj (.text:_ConfigureUART)
                  0000ebfb    0000002a     sysctl.obj (.text:_SysCtlPeripheralPresent)
                  0000ec25    00000029     usb_host_keyboard.obj (.text:_ModeCallback)
                  0000ec4e    00000029     rts2800_fpu32.lib : exit.obj (.text)
                  0000ec77    00000026     F2837xD_PieVect.obj (.text:_InitPieVectTable)
                  0000ec9d    00000025     usb.obj (.text:_USBIntRegister)
                  0000ecc2    00000021     usb.obj (.text:_USBHostResume)
                  0000ece3    00000021     usb.obj (.text:_USBOTGSessionRequest)
                  0000ed04    0000001f     F2837xD_PieCtrl.obj (.text:_InitPieCtrl)
                  0000ed23    0000001f     uart.obj (.text:_UARTBaseValid)
                  0000ed42    0000001f     usb.obj (.text:_USBHostReset)
                  0000ed61    0000001f     rts2800_fpu32.lib : fd_tol.obj (.text)
                  0000ed80    0000001e     uart.obj (.text:_UARTDisable)
                  0000ed9e    0000001e     usb.obj (.text:_USBIntDisableEndpoint)
                  0000edbc    0000001d     sysctl.obj (.text:_SysCtlPeripheralDisable)
                  0000edd9    0000001c     sysctl.obj (.text:_SysCtlPeripheralEnable)
                  0000edf5    0000001c     usb.obj (.text:_USBIntEnableEndpoint)
                  0000ee11    0000001a     usb.obj (.text:_USBEndpointDMADisable)
                  0000ee2b    0000001a     usb_hal.obj (.text:_USBGPIOEnable)
                  0000ee45    0000001a     rts2800_fpu32.lib : cpy_utils.obj (.text)
                  0000ee5f    00000019                       : args_main.obj (.text)
                  0000ee78    00000018     uart.obj (.text:_UARTCharPut)
                  0000ee90    00000018     usb.obj (.text:_USBIntStatusEndpoint)
                  0000eea8    00000017     sysctl.obj (.text:_SysCtlLowSpeedClockGet)
                  0000eebf    00000017     usb.obj (.text:_USBDevDisconnect)
                  0000eed6    00000017     usb.obj (.text:_USBDevMode)
                  0000eeed    00000017     usb.obj (.text:_USBHostMode)
                  0000ef04    00000017     usb.obj (.text:_USBHostPwrDisable)
                  0000ef1b    00000017     usb.obj (.text:_USBHostPwrEnable)
                  0000ef32    00000017     usb.obj (.text:_USBHostRequestStatus)
                  0000ef49    00000017     usb.obj (.text:_USBModeGet)
                  0000ef60    00000017     usb.obj (.text:_USBOTGMode)
                  0000ef77    00000016     usb_host_keyboard.obj (.text:_SysTickIntHandler)
                  0000ef8d    00000016     usb.obj (.text:_USBDevConnect)
                  0000efa3    00000016     rts2800_fpu32.lib : ul_tofd.obj (.text)
                  0000efb9    00000015     uart.obj (.text:_UARTEnable)
                  0000efce    00000014     usb.obj (.text:_USBHostSuspend)
                  0000efe2    00000013     interrupt.obj (.text:_IntRegister)
                  0000eff5    0000000b     usb_host_keyboard.obj (.text:_PrintChar)

.text.4    0    0000f000    0000063b     
                  0000f000    00000013     systick.obj (.text:_SysTickPeriodSet)
                  0000f013    00000013     usb.obj (.text:_USBDevAddrSet)
                  0000f026    00000012     usblib.lib : usbdhandler.obj (.text)
                  0000f038    0000000f     interrupt.obj (.text:_IntDefaultHandler)
                  0000f047    0000000f     systick.obj (.text:_SysTickIntRegister)
                  0000f056    0000000e     rts2800_fpu32.lib : fd_sub.obj (.text)
                  0000f064    0000000d     F2837xD_DefaultISR.obj (.text:_EMPTY_ISR)
                  0000f071    0000000c     systick.obj (.text:_SysTickInit)
                  0000f07d    0000000b     uartstdio.obj (.text:_UARTprintf)
                  0000f088    0000000a     F2837xD_DefaultISR.obj (.text:_ADCA1_ISR)
                  0000f092    0000000a     F2837xD_DefaultISR.obj (.text:_ADCA2_ISR)
                  0000f09c    0000000a     F2837xD_DefaultISR.obj (.text:_ADCA3_ISR)
                  0000f0a6    0000000a     F2837xD_DefaultISR.obj (.text:_ADCA4_ISR)
                  0000f0b0    0000000a     F2837xD_DefaultISR.obj (.text:_ADCA_EVT_ISR)
                  0000f0ba    0000000a     F2837xD_DefaultISR.obj (.text:_ADCB1_ISR)
                  0000f0c4    0000000a     F2837xD_DefaultISR.obj (.text:_ADCB2_ISR)
                  0000f0ce    0000000a     F2837xD_DefaultISR.obj (.text:_ADCB3_ISR)
                  0000f0d8    0000000a     F2837xD_DefaultISR.obj (.text:_ADCB4_ISR)
                  0000f0e2    0000000a     F2837xD_DefaultISR.obj (.text:_ADCB_EVT_ISR)
                  0000f0ec    0000000a     F2837xD_DefaultISR.obj (.text:_ADCC1_ISR)
                  0000f0f6    0000000a     F2837xD_DefaultISR.obj (.text:_ADCC2_ISR)
                  0000f100    0000000a     F2837xD_DefaultISR.obj (.text:_ADCC3_ISR)
                  0000f10a    0000000a     F2837xD_DefaultISR.obj (.text:_ADCC4_ISR)
                  0000f114    0000000a     F2837xD_DefaultISR.obj (.text:_ADCC_EVT_ISR)
                  0000f11e    0000000a     F2837xD_DefaultISR.obj (.text:_ADCD1_ISR)
                  0000f128    0000000a     F2837xD_DefaultISR.obj (.text:_ADCD2_ISR)
                  0000f132    0000000a     F2837xD_DefaultISR.obj (.text:_ADCD3_ISR)
                  0000f13c    0000000a     F2837xD_DefaultISR.obj (.text:_ADCD4_ISR)
                  0000f146    0000000a     F2837xD_DefaultISR.obj (.text:_ADCD_EVT_ISR)
                  0000f150    0000000a     F2837xD_DefaultISR.obj (.text:_AUX_PLL_SLIP_ISR)
                  0000f15a    0000000a     F2837xD_DefaultISR.obj (.text:_CANA0_ISR)
                  0000f164    0000000a     F2837xD_DefaultISR.obj (.text:_CANA1_ISR)
                  0000f16e    0000000a     F2837xD_DefaultISR.obj (.text:_CANB0_ISR)
                  0000f178    0000000a     F2837xD_DefaultISR.obj (.text:_CANB1_ISR)
                  0000f182    0000000a     F2837xD_DefaultISR.obj (.text:_CLA1_1_ISR)
                  0000f18c    0000000a     F2837xD_DefaultISR.obj (.text:_CLA1_2_ISR)
                  0000f196    0000000a     F2837xD_DefaultISR.obj (.text:_CLA1_3_ISR)
                  0000f1a0    0000000a     F2837xD_DefaultISR.obj (.text:_CLA1_4_ISR)
                  0000f1aa    0000000a     F2837xD_DefaultISR.obj (.text:_CLA1_5_ISR)
                  0000f1b4    0000000a     F2837xD_DefaultISR.obj (.text:_CLA1_6_ISR)
                  0000f1be    0000000a     F2837xD_DefaultISR.obj (.text:_CLA1_7_ISR)
                  0000f1c8    0000000a     F2837xD_DefaultISR.obj (.text:_CLA1_8_ISR)
                  0000f1d2    0000000a     F2837xD_DefaultISR.obj (.text:_CLA_OVERFLOW_ISR)
                  0000f1dc    0000000a     F2837xD_DefaultISR.obj (.text:_CLA_UNDERFLOW_ISR)
                  0000f1e6    0000000a     F2837xD_DefaultISR.obj (.text:_DATALOG_ISR)
                  0000f1f0    0000000a     F2837xD_DefaultISR.obj (.text:_DMA_CH1_ISR)
                  0000f1fa    0000000a     F2837xD_DefaultISR.obj (.text:_DMA_CH2_ISR)
                  0000f204    0000000a     F2837xD_DefaultISR.obj (.text:_DMA_CH3_ISR)
                  0000f20e    0000000a     F2837xD_DefaultISR.obj (.text:_DMA_CH4_ISR)
                  0000f218    0000000a     F2837xD_DefaultISR.obj (.text:_DMA_CH5_ISR)
                  0000f222    0000000a     F2837xD_DefaultISR.obj (.text:_DMA_CH6_ISR)
                  0000f22c    0000000a     F2837xD_DefaultISR.obj (.text:_ECAP1_ISR)
                  0000f236    0000000a     F2837xD_DefaultISR.obj (.text:_ECAP2_ISR)
                  0000f240    0000000a     F2837xD_DefaultISR.obj (.text:_ECAP3_ISR)
                  0000f24a    0000000a     F2837xD_DefaultISR.obj (.text:_ECAP4_ISR)
                  0000f254    0000000a     F2837xD_DefaultISR.obj (.text:_ECAP5_ISR)
                  0000f25e    0000000a     F2837xD_DefaultISR.obj (.text:_ECAP6_ISR)
                  0000f268    0000000a     F2837xD_DefaultISR.obj (.text:_EMIF_ERROR_ISR)
                  0000f272    0000000a     F2837xD_DefaultISR.obj (.text:_EMU_ISR)
                  0000f27c    0000000a     F2837xD_DefaultISR.obj (.text:_EPWM10_ISR)
                  0000f286    0000000a     F2837xD_DefaultISR.obj (.text:_EPWM10_TZ_ISR)
                  0000f290    0000000a     F2837xD_DefaultISR.obj (.text:_EPWM11_ISR)
                  0000f29a    0000000a     F2837xD_DefaultISR.obj (.text:_EPWM11_TZ_ISR)
                  0000f2a4    0000000a     F2837xD_DefaultISR.obj (.text:_EPWM12_ISR)
                  0000f2ae    0000000a     F2837xD_DefaultISR.obj (.text:_EPWM12_TZ_ISR)
                  0000f2b8    0000000a     F2837xD_DefaultISR.obj (.text:_EPWM1_ISR)
                  0000f2c2    0000000a     F2837xD_DefaultISR.obj (.text:_EPWM1_TZ_ISR)
                  0000f2cc    0000000a     F2837xD_DefaultISR.obj (.text:_EPWM2_ISR)
                  0000f2d6    0000000a     F2837xD_DefaultISR.obj (.text:_EPWM2_TZ_ISR)
                  0000f2e0    0000000a     F2837xD_DefaultISR.obj (.text:_EPWM3_ISR)
                  0000f2ea    0000000a     F2837xD_DefaultISR.obj (.text:_EPWM3_TZ_ISR)
                  0000f2f4    0000000a     F2837xD_DefaultISR.obj (.text:_EPWM4_ISR)
                  0000f2fe    0000000a     F2837xD_DefaultISR.obj (.text:_EPWM4_TZ_ISR)
                  0000f308    0000000a     F2837xD_DefaultISR.obj (.text:_EPWM5_ISR)
                  0000f312    0000000a     F2837xD_DefaultISR.obj (.text:_EPWM5_TZ_ISR)
                  0000f31c    0000000a     F2837xD_DefaultISR.obj (.text:_EPWM6_ISR)
                  0000f326    0000000a     F2837xD_DefaultISR.obj (.text:_EPWM6_TZ_ISR)
                  0000f330    0000000a     F2837xD_DefaultISR.obj (.text:_EPWM7_ISR)
                  0000f33a    0000000a     F2837xD_DefaultISR.obj (.text:_EPWM7_TZ_ISR)
                  0000f344    0000000a     F2837xD_DefaultISR.obj (.text:_EPWM8_ISR)
                  0000f34e    0000000a     F2837xD_DefaultISR.obj (.text:_EPWM8_TZ_ISR)
                  0000f358    0000000a     F2837xD_DefaultISR.obj (.text:_EPWM9_ISR)
                  0000f362    0000000a     F2837xD_DefaultISR.obj (.text:_EPWM9_TZ_ISR)
                  0000f36c    0000000a     F2837xD_DefaultISR.obj (.text:_EQEP1_ISR)
                  0000f376    0000000a     F2837xD_DefaultISR.obj (.text:_EQEP2_ISR)
                  0000f380    0000000a     F2837xD_DefaultISR.obj (.text:_EQEP3_ISR)
                  0000f38a    0000000a     F2837xD_DefaultISR.obj (.text:_FLASH_CORRECTABLE_ERROR_ISR)
                  0000f394    0000000a     F2837xD_DefaultISR.obj (.text:_FPU_OVERFLOW_ISR)
                  0000f39e    0000000a     F2837xD_DefaultISR.obj (.text:_FPU_UNDERFLOW_ISR)
                  0000f3a8    0000000a     F2837xD_DefaultISR.obj (.text:_I2CA_FIFO_ISR)
                  0000f3b2    0000000a     F2837xD_DefaultISR.obj (.text:_I2CA_ISR)
                  0000f3bc    0000000a     F2837xD_DefaultISR.obj (.text:_I2CB_FIFO_ISR)
                  0000f3c6    0000000a     F2837xD_DefaultISR.obj (.text:_I2CB_ISR)
                  0000f3d0    0000000a     F2837xD_DefaultISR.obj (.text:_ILLEGAL_ISR)
                  0000f3da    0000000a     F2837xD_DefaultISR.obj (.text:_IPC0_ISR)
                  0000f3e4    0000000a     F2837xD_DefaultISR.obj (.text:_IPC1_ISR)
                  0000f3ee    0000000a     F2837xD_DefaultISR.obj (.text:_IPC2_ISR)
                  0000f3f8    0000000a     F2837xD_DefaultISR.obj (.text:_IPC3_ISR)
                  0000f402    0000000a     F2837xD_DefaultISR.obj (.text:_MCBSPA_RX_ISR)
                  0000f40c    0000000a     F2837xD_DefaultISR.obj (.text:_MCBSPA_TX_ISR)
                  0000f416    0000000a     F2837xD_DefaultISR.obj (.text:_MCBSPB_RX_ISR)
                  0000f420    0000000a     F2837xD_DefaultISR.obj (.text:_MCBSPB_TX_ISR)
                  0000f42a    0000000a     F2837xD_DefaultISR.obj (.text:_NMI_ISR)
                  0000f434    0000000a     F2837xD_DefaultISR.obj (.text:_NOTUSED_ISR)
                  0000f43e    0000000a     F2837xD_DefaultISR.obj (.text:_PIE_RESERVED_ISR)
                  0000f448    0000000a     F2837xD_DefaultISR.obj (.text:_RAM_ACCESS_VIOLATION_ISR)
                  0000f452    0000000a     F2837xD_DefaultISR.obj (.text:_RAM_CORRECTABLE_ERROR_ISR)
                  0000f45c    0000000a     F2837xD_DefaultISR.obj (.text:_RTOS_ISR)
                  0000f466    0000000a     F2837xD_DefaultISR.obj (.text:_SCIA_RX_ISR)
                  0000f470    0000000a     F2837xD_DefaultISR.obj (.text:_SCIA_TX_ISR)
                  0000f47a    0000000a     F2837xD_DefaultISR.obj (.text:_SCIB_RX_ISR)
                  0000f484    0000000a     F2837xD_DefaultISR.obj (.text:_SCIB_TX_ISR)
                  0000f48e    0000000a     F2837xD_DefaultISR.obj (.text:_SCIC_RX_ISR)
                  0000f498    0000000a     F2837xD_DefaultISR.obj (.text:_SCIC_TX_ISR)
                  0000f4a2    0000000a     F2837xD_DefaultISR.obj (.text:_SCID_RX_ISR)
                  0000f4ac    0000000a     F2837xD_DefaultISR.obj (.text:_SCID_TX_ISR)
                  0000f4b6    0000000a     F2837xD_DefaultISR.obj (.text:_SD1_ISR)
                  0000f4c0    0000000a     F2837xD_DefaultISR.obj (.text:_SD2_ISR)
                  0000f4ca    0000000a     F2837xD_DefaultISR.obj (.text:_SPIA_RX_ISR)
                  0000f4d4    0000000a     F2837xD_DefaultISR.obj (.text:_SPIA_TX_ISR)
                  0000f4de    0000000a     F2837xD_DefaultISR.obj (.text:_SPIB_RX_ISR)
                  0000f4e8    0000000a     F2837xD_DefaultISR.obj (.text:_SPIB_TX_ISR)
                  0000f4f2    0000000a     F2837xD_DefaultISR.obj (.text:_SPIC_RX_ISR)
                  0000f4fc    0000000a     F2837xD_DefaultISR.obj (.text:_SPIC_TX_ISR)
                  0000f506    0000000a     F2837xD_DefaultISR.obj (.text:_SYS_PLL_SLIP_ISR)
                  0000f510    0000000a     systick.obj (.text:_SysTickIntEnable)
                  0000f51a    0000000a     F2837xD_DefaultISR.obj (.text:_TIMER0_ISR)
                  0000f524    0000000a     F2837xD_DefaultISR.obj (.text:_TIMER1_ISR)
                  0000f52e    0000000a     F2837xD_DefaultISR.obj (.text:_TIMER2_ISR)
                  0000f538    0000000a     F2837xD_DefaultISR.obj (.text:_UPPA_ISR)
                  0000f542    0000000a     F2837xD_DefaultISR.obj (.text:_USBA_ISR)
                  0000f54c    0000000a     F2837xD_DefaultISR.obj (.text:_USER10_ISR)
                  0000f556    0000000a     F2837xD_DefaultISR.obj (.text:_USER11_ISR)
                  0000f560    0000000a     F2837xD_DefaultISR.obj (.text:_USER12_ISR)
                  0000f56a    0000000a     F2837xD_DefaultISR.obj (.text:_USER1_ISR)
                  0000f574    0000000a     F2837xD_DefaultISR.obj (.text:_USER2_ISR)
                  0000f57e    0000000a     F2837xD_DefaultISR.obj (.text:_USER3_ISR)
                  0000f588    0000000a     F2837xD_DefaultISR.obj (.text:_USER4_ISR)
                  0000f592    0000000a     F2837xD_DefaultISR.obj (.text:_USER5_ISR)
                  0000f59c    0000000a     F2837xD_DefaultISR.obj (.text:_USER6_ISR)
                  0000f5a6    0000000a     F2837xD_DefaultISR.obj (.text:_USER7_ISR)
                  0000f5b0    0000000a     F2837xD_DefaultISR.obj (.text:_USER8_ISR)
                  0000f5ba    0000000a     F2837xD_DefaultISR.obj (.text:_USER9_ISR)
                  0000f5c4    0000000a     F2837xD_DefaultISR.obj (.text:_VCU_ISR)
                  0000f5ce    0000000a     F2837xD_DefaultISR.obj (.text:_WAKE_ISR)
                  0000f5d8    0000000a     F2837xD_DefaultISR.obj (.text:_XINT1_ISR)
                  0000f5e2    0000000a     F2837xD_DefaultISR.obj (.text:_XINT2_ISR)
                  0000f5ec    0000000a     F2837xD_DefaultISR.obj (.text:_XINT3_ISR)
                  0000f5f6    0000000a     F2837xD_DefaultISR.obj (.text:_XINT4_ISR)
                  0000f600    0000000a     F2837xD_DefaultISR.obj (.text:_XINT5_ISR)
                  0000f60a    00000009     rts2800_fpu32.lib : _lock.obj (.text)
                  0000f613    00000008     interrupt.obj (.text:_IntMasterDisable)
                  0000f61b    00000008     interrupt.obj (.text:_IntMasterEnable)
                  0000f623    00000007     systick.obj (.text:_SysTickEnable)
                  0000f62a    00000007     usb.obj (.text:__USBIntNumberGet)
                  0000f631    00000005     usb.obj (.text:_USBNumEndpointsGet)
                  0000f636    00000005     usb_host_keyboard.obj (.text:___error__)

.text.5    0    00011000    00001603     
                  00011000    00001603     usblib.lib : usbhostenum.obj (.text)

AdcaResultFile 
*          1    00000b00    00000018     UNINITIALIZED
                  00000b00    00000018     F2837xD_GlobalVariableDefs.obj (AdcaResultFile)

AdcbResultFile 
*          1    00000b20    00000018     UNINITIALIZED
                  00000b20    00000018     F2837xD_GlobalVariableDefs.obj (AdcbResultFile)

AdccResultFile 
*          1    00000b40    00000018     UNINITIALIZED
                  00000b40    00000018     F2837xD_GlobalVariableDefs.obj (AdccResultFile)

AdcdResultFile 
*          1    00000b60    00000018     UNINITIALIZED
                  00000b60    00000018     F2837xD_GlobalVariableDefs.obj (AdcdResultFile)

CpuTimer0RegsFile 
*          1    00000c00    00000008     UNINITIALIZED
                  00000c00    00000008     F2837xD_GlobalVariableDefs.obj (CpuTimer0RegsFile)

CpuTimer1RegsFile 
*          1    00000c08    00000008     UNINITIALIZED
                  00000c08    00000008     F2837xD_GlobalVariableDefs.obj (CpuTimer1RegsFile)

CpuTimer2RegsFile 
*          1    00000c10    00000008     UNINITIALIZED
                  00000c10    00000008     F2837xD_GlobalVariableDefs.obj (CpuTimer2RegsFile)

PieCtrlRegsFile 
*          1    00000ce0    0000001a     UNINITIALIZED
                  00000ce0    0000001a     F2837xD_GlobalVariableDefs.obj (PieCtrlRegsFile)

PieVectTableFile 
*          1    00000d00    000001c0     UNINITIALIZED
                  00000d00    000001c0     F2837xD_GlobalVariableDefs.obj (PieVectTableFile)

EmuKeyVar 
*          1    00000d00    00000001     UNINITIALIZED
                  00000d00    00000001     F2837xD_GlobalVariableDefs.obj (EmuKeyVar)

EmuBModeVar 
*          1    00000d01    00000001     UNINITIALIZED
                  00000d01    00000001     F2837xD_GlobalVariableDefs.obj (EmuBModeVar)

FlashCallbackVar 
*          1    00000d02    00000000     UNINITIALIZED

FlashScalingVar 
*          1    00000d02    00000000     UNINITIALIZED

DmaRegsFile 
*          1    00001000    000000e0     UNINITIALIZED
                  00001000    000000e0     F2837xD_GlobalVariableDefs.obj (DmaRegsFile)

Cla1RegsFile 
*          1    00001400    0000003e     UNINITIALIZED
                  00001400    0000003e     F2837xD_GlobalVariableDefs.obj (Cla1RegsFile)

EPwm1RegsFile 
*          1    00004000    00000100     UNINITIALIZED
                  00004000    00000100     F2837xD_GlobalVariableDefs.obj (EPwm1RegsFile)

EPwm2RegsFile 
*          1    00004100    00000100     UNINITIALIZED
                  00004100    00000100     F2837xD_GlobalVariableDefs.obj (EPwm2RegsFile)

EPwm3RegsFile 
*          1    00004200    00000100     UNINITIALIZED
                  00004200    00000100     F2837xD_GlobalVariableDefs.obj (EPwm3RegsFile)

EPwm4RegsFile 
*          1    00004300    00000100     UNINITIALIZED
                  00004300    00000100     F2837xD_GlobalVariableDefs.obj (EPwm4RegsFile)

EPwm5RegsFile 
*          1    00004400    00000100     UNINITIALIZED
                  00004400    00000100     F2837xD_GlobalVariableDefs.obj (EPwm5RegsFile)

EPwm6RegsFile 
*          1    00004500    00000100     UNINITIALIZED
                  00004500    00000100     F2837xD_GlobalVariableDefs.obj (EPwm6RegsFile)

EPwm7RegsFile 
*          1    00004600    00000100     UNINITIALIZED
                  00004600    00000100     F2837xD_GlobalVariableDefs.obj (EPwm7RegsFile)

EPwm8RegsFile 
*          1    00004700    00000100     UNINITIALIZED
                  00004700    00000100     F2837xD_GlobalVariableDefs.obj (EPwm8RegsFile)

EPwm9RegsFile 
*          1    00004800    00000100     UNINITIALIZED
                  00004800    00000100     F2837xD_GlobalVariableDefs.obj (EPwm9RegsFile)

EPwm10RegsFile 
*          1    00004900    00000100     UNINITIALIZED
                  00004900    00000100     F2837xD_GlobalVariableDefs.obj (EPwm10RegsFile)

EPwm11RegsFile 
*          1    00004a00    00000100     UNINITIALIZED
                  00004a00    00000100     F2837xD_GlobalVariableDefs.obj (EPwm11RegsFile)

EPwm12RegsFile 
*          1    00004b00    00000100     UNINITIALIZED
                  00004b00    00000100     F2837xD_GlobalVariableDefs.obj (EPwm12RegsFile)

ECap1RegsFile 
*          1    00005000    00000020     UNINITIALIZED
                  00005000    00000020     F2837xD_GlobalVariableDefs.obj (ECap1RegsFile)

ECap2RegsFile 
*          1    00005020    00000020     UNINITIALIZED
                  00005020    00000020     F2837xD_GlobalVariableDefs.obj (ECap2RegsFile)

ECap3RegsFile 
*          1    00005040    00000020     UNINITIALIZED
                  00005040    00000020     F2837xD_GlobalVariableDefs.obj (ECap3RegsFile)

ECap4RegsFile 
*          1    00005060    00000020     UNINITIALIZED
                  00005060    00000020     F2837xD_GlobalVariableDefs.obj (ECap4RegsFile)

ECap5RegsFile 
*          1    00005080    00000020     UNINITIALIZED
                  00005080    00000020     F2837xD_GlobalVariableDefs.obj (ECap5RegsFile)

ECap6RegsFile 
*          1    000050a0    00000020     UNINITIALIZED
                  000050a0    00000020     F2837xD_GlobalVariableDefs.obj (ECap6RegsFile)

EQep1RegsFile 
*          1    00005100    00000022     UNINITIALIZED
                  00005100    00000022     F2837xD_GlobalVariableDefs.obj (EQep1RegsFile)

EQep2RegsFile 
*          1    00005140    00000022     UNINITIALIZED
                  00005140    00000022     F2837xD_GlobalVariableDefs.obj (EQep2RegsFile)

EQep3RegsFile 
*          1    00005180    00000022     UNINITIALIZED
                  00005180    00000022     F2837xD_GlobalVariableDefs.obj (EQep3RegsFile)

DacaRegsFile 
*          1    00005c00    00000008     UNINITIALIZED
                  00005c00    00000008     F2837xD_GlobalVariableDefs.obj (DacaRegsFile)

DacbRegsFile 
*          1    00005c10    00000008     UNINITIALIZED
                  00005c10    00000008     F2837xD_GlobalVariableDefs.obj (DacbRegsFile)

DaccRegsFile 
*          1    00005c20    00000008     UNINITIALIZED
                  00005c20    00000008     F2837xD_GlobalVariableDefs.obj (DaccRegsFile)

Cmpss1RegsFile 
*          1    00005c80    00000020     UNINITIALIZED
                  00005c80    00000020     F2837xD_GlobalVariableDefs.obj (Cmpss1RegsFile)

Cmpss2RegsFile 
*          1    00005ca0    00000020     UNINITIALIZED
                  00005ca0    00000020     F2837xD_GlobalVariableDefs.obj (Cmpss2RegsFile)

Cmpss3RegsFile 
*          1    00005cc0    00000020     UNINITIALIZED
                  00005cc0    00000020     F2837xD_GlobalVariableDefs.obj (Cmpss3RegsFile)

Cmpss4RegsFile 
*          1    00005ce0    00000020     UNINITIALIZED
                  00005ce0    00000020     F2837xD_GlobalVariableDefs.obj (Cmpss4RegsFile)

Cmpss5RegsFile 
*          1    00005d00    00000020     UNINITIALIZED
                  00005d00    00000020     F2837xD_GlobalVariableDefs.obj (Cmpss5RegsFile)

Cmpss6RegsFile 
*          1    00005d20    00000020     UNINITIALIZED
                  00005d20    00000020     F2837xD_GlobalVariableDefs.obj (Cmpss6RegsFile)

Cmpss7RegsFile 
*          1    00005d40    00000020     UNINITIALIZED
                  00005d40    00000020     F2837xD_GlobalVariableDefs.obj (Cmpss7RegsFile)

Cmpss8RegsFile 
*          1    00005d60    00000020     UNINITIALIZED
                  00005d60    00000020     F2837xD_GlobalVariableDefs.obj (Cmpss8RegsFile)

Sdfm1RegsFile 
*          1    00005e00    00000080     UNINITIALIZED
                  00005e00    00000080     F2837xD_GlobalVariableDefs.obj (Sdfm1RegsFile)

Sdfm2RegsFile 
*          1    00005e80    00000080     UNINITIALIZED
                  00005e80    00000080     F2837xD_GlobalVariableDefs.obj (Sdfm2RegsFile)

McbspaRegsFile 
*          1    00006000    00000024     UNINITIALIZED
                  00006000    00000024     F2837xD_GlobalVariableDefs.obj (McbspaRegsFile)

McbspbRegsFile 
*          1    00006040    00000024     UNINITIALIZED
                  00006040    00000024     F2837xD_GlobalVariableDefs.obj (McbspbRegsFile)

SpiaRegsFile 
*          1    00006100    00000010     UNINITIALIZED
                  00006100    00000010     F2837xD_GlobalVariableDefs.obj (SpiaRegsFile)

SpibRegsFile 
*          1    00006110    00000010     UNINITIALIZED
                  00006110    00000010     F2837xD_GlobalVariableDefs.obj (SpibRegsFile)

SpicRegsFile 
*          1    00006120    00000010     UNINITIALIZED
                  00006120    00000010     F2837xD_GlobalVariableDefs.obj (SpicRegsFile)

UppRegsFile 
*          1    00006200    00000048     UNINITIALIZED
                  00006200    00000048     F2837xD_GlobalVariableDefs.obj (UppRegsFile)

WdRegsFile 
*          1    00007000    0000002b     UNINITIALIZED
                  00007000    0000002b     F2837xD_GlobalVariableDefs.obj (WdRegsFile)

NmiIntruptRegsFile 
*          1    00007060    00000007     UNINITIALIZED
                  00007060    00000007     F2837xD_GlobalVariableDefs.obj (NmiIntruptRegsFile)

XintRegsFile 
*          1    00007070    0000000b     UNINITIALIZED
                  00007070    0000000b     F2837xD_GlobalVariableDefs.obj (XintRegsFile)

SciaRegsFile 
*          1    00007200    00000010     UNINITIALIZED
                  00007200    00000010     F2837xD_GlobalVariableDefs.obj (SciaRegsFile)

ScibRegsFile 
*          1    00007210    00000010     UNINITIALIZED
                  00007210    00000010     F2837xD_GlobalVariableDefs.obj (ScibRegsFile)

ScicRegsFile 
*          1    00007220    00000010     UNINITIALIZED
                  00007220    00000010     F2837xD_GlobalVariableDefs.obj (ScicRegsFile)

ScidRegsFile 
*          1    00007230    00000010     UNINITIALIZED
                  00007230    00000010     F2837xD_GlobalVariableDefs.obj (ScidRegsFile)

I2caRegsFile 
*          1    00007300    00000022     UNINITIALIZED
                  00007300    00000022     F2837xD_GlobalVariableDefs.obj (I2caRegsFile)

I2cbRegsFile 
*          1    00007340    00000022     UNINITIALIZED
                  00007340    00000022     F2837xD_GlobalVariableDefs.obj (I2cbRegsFile)

AdcaRegsFile 
*          1    00007400    00000080     UNINITIALIZED
                  00007400    00000080     F2837xD_GlobalVariableDefs.obj (AdcaRegsFile)

AdcbRegsFile 
*          1    00007480    00000080     UNINITIALIZED
                  00007480    00000080     F2837xD_GlobalVariableDefs.obj (AdcbRegsFile)

AdccRegsFile 
*          1    00007500    00000080     UNINITIALIZED
                  00007500    00000080     F2837xD_GlobalVariableDefs.obj (AdccRegsFile)

AdcdRegsFile 
*          1    00007580    00000080     UNINITIALIZED
                  00007580    00000080     F2837xD_GlobalVariableDefs.obj (AdcdRegsFile)

InputXbarRegsFile 
*          1    00007900    00000020     UNINITIALIZED
                  00007900    00000020     F2837xD_GlobalVariableDefs.obj (InputXbarRegsFile)

XbarRegsFile 
*          1    00007920    00000020     UNINITIALIZED
                  00007920    00000020     F2837xD_GlobalVariableDefs.obj (XbarRegsFile)

SyncSocRegsFile 
*          1    00007940    00000006     UNINITIALIZED
                  00007940    00000006     F2837xD_GlobalVariableDefs.obj (SyncSocRegsFile)

DmaClaSrcSelRegsFile 
*          1    00007980    0000001a     UNINITIALIZED
                  00007980    0000001a     F2837xD_GlobalVariableDefs.obj (DmaClaSrcSelRegsFile)

EPwmXbarRegsFile 
*          1    00007a00    00000040     UNINITIALIZED
                  00007a00    00000040     F2837xD_GlobalVariableDefs.obj (EPwmXbarRegsFile)

OutputXbarRegsFile 
*          1    00007a80    00000040     UNINITIALIZED
                  00007a80    00000040     F2837xD_GlobalVariableDefs.obj (OutputXbarRegsFile)

GpioCtrlRegsFile 
*          1    00007c00    00000180     UNINITIALIZED
                  00007c00    00000180     F2837xD_GlobalVariableDefs.obj (GpioCtrlRegsFile)

GpioDataRegsFile 
*          1    00007f00    00000030     UNINITIALIZED
                  00007f00    00000030     F2837xD_GlobalVariableDefs.obj (GpioDataRegsFile)

.ebss      1    00008000    000006ae     UNINITIALIZED
                  00008000    0000038e     usblib.lib : usbhostenum.obj (.ebss)
                  0000838e    00000032                : usbhhid.obj (.ebss)
                  000083c0    00000140     usb_host_keyboard.obj (.ebss)
                  00008500    0000008c     usblib.lib : usbdma.obj (.ebss)
                  0000858c    0000001e                : usbtick.obj (.ebss)
                  000085aa    00000016                : usbhhidkeyboard.obj (.ebss)
                  000085c0    00000080                : usbdenum.obj (.ebss)
                  00008640    0000003e                : usbhhub.obj (.ebss)
                  0000867e    00000002     rts2800_fpu32.lib : _lock.obj (.ebss:__lock)
                  00008680    00000018     F2837xD_CpuTimers.obj (.ebss)
                  00008698    0000000a     usblib.lib : usbmode.obj (.ebss)
                  000086a2    00000006     rts2800_fpu32.lib : exit.obj (.ebss)
                  000086a8    00000004     uartstdio.obj (.ebss)
                  000086ac    00000002     rts2800_fpu32.lib : _lock.obj (.ebss:__unlock)

Emif1RegsFile 
*          1    00047000    00000070     UNINITIALIZED
                  00047000    00000070     F2837xD_GlobalVariableDefs.obj (Emif1RegsFile)

Emif2RegsFile 
*          1    00047800    00000070     UNINITIALIZED
                  00047800    00000070     F2837xD_GlobalVariableDefs.obj (Emif2RegsFile)

IpcRegsFile 
*          1    00050000    00000024     UNINITIALIZED
                  00050000    00000024     F2837xD_GlobalVariableDefs.obj (IpcRegsFile)

FlashPumpSemaphoreRegsFile 
*          1    00050024    00000002     UNINITIALIZED
                  00050024    00000002     F2837xD_GlobalVariableDefs.obj (FlashPumpSemaphoreRegsFile)

DevCfgRegsFile 
*          1    0005d000    0000012e     UNINITIALIZED
                  0005d000    0000012e     F2837xD_GlobalVariableDefs.obj (DevCfgRegsFile)

AnalogSubsysRegsFile 
*          1    0005d180    00000048     UNINITIALIZED
                  0005d180    00000048     F2837xD_GlobalVariableDefs.obj (AnalogSubsysRegsFile)

Cla1SoftIntRegsFile 
*          1    00000ce0    00000004     DSECT
                  00000ce0    00000004     F2837xD_GlobalVariableDefs.obj (Cla1SoftIntRegsFile)

ClkCfgRegsFile 
*          1    0005d200    00000032     UNINITIALIZED
                  0005d200    00000032     F2837xD_GlobalVariableDefs.obj (ClkCfgRegsFile)

CpuSysRegsFile 
*          1    0005d300    00000082     UNINITIALIZED
                  0005d300    00000082     F2837xD_GlobalVariableDefs.obj (CpuSysRegsFile)

RomPrefetchRegsFile 
*          1    0005e608    00000002     UNINITIALIZED
                  0005e608    00000002     F2837xD_GlobalVariableDefs.obj (RomPrefetchRegsFile)

DcsmZ1RegsFile 
*          1    0005f000    00000024     UNINITIALIZED
                  0005f000    00000024     F2837xD_GlobalVariableDefs.obj (DcsmZ1RegsFile)

DcsmZ2RegsFile 
*          1    0005f040    00000024     UNINITIALIZED
                  0005f040    00000024     F2837xD_GlobalVariableDefs.obj (DcsmZ2RegsFile)

DcsmCommonRegsFile 
*          1    0005f070    00000008     UNINITIALIZED
                  0005f070    00000008     F2837xD_GlobalVariableDefs.obj (DcsmCommonRegsFile)

MemCfgRegsFile 
*          1    0005f400    00000080     UNINITIALIZED
                  0005f400    00000080     F2837xD_GlobalVariableDefs.obj (MemCfgRegsFile)

Emif1ConfigRegsFile 
*          1    0005f480    00000020     UNINITIALIZED
                  0005f480    00000020     F2837xD_GlobalVariableDefs.obj (Emif1ConfigRegsFile)

Emif2ConfigRegsFile 
*          1    0005f4a0    00000020     UNINITIALIZED
                  0005f4a0    00000020     F2837xD_GlobalVariableDefs.obj (Emif2ConfigRegsFile)

AccessProtectionRegsFile 
*          1    0005f4c0    00000040     UNINITIALIZED
                  0005f4c0    00000040     F2837xD_GlobalVariableDefs.obj (AccessProtectionRegsFile)

MemoryErrorRegsFile 
*          1    0005f500    00000040     UNINITIALIZED
                  0005f500    00000040     F2837xD_GlobalVariableDefs.obj (MemoryErrorRegsFile)

RomWaitStateRegsFile 
*          1    0005f540    00000002     UNINITIALIZED
                  0005f540    00000002     F2837xD_GlobalVariableDefs.obj (RomWaitStateRegsFile)

Flash0CtrlRegsFile 
*          1    0005f800    00000182     UNINITIALIZED
                  0005f800    00000182     F2837xD_GlobalVariableDefs.obj (Flash0CtrlRegsFile)

Flash0EccRegsFile 
*          1    0005fb00    00000028     UNINITIALIZED
                  0005fb00    00000028     F2837xD_GlobalVariableDefs.obj (Flash0EccRegsFile)

DcsmZ1OtpFile 
*          1    00078000    00000020     NOLOAD SECTION
                  00078000    00000020     F2837xD_GlobalVariableDefs.obj (DcsmZ1OtpFile)

DcsmZ2OtpFile 
*          1    00078200    00000020     NOLOAD SECTION
                  00078200    00000020     F2837xD_GlobalVariableDefs.obj (DcsmZ2OtpFile)

MODULE SUMMARY

       Module                           code    ro data   rw data
       ------                           ----    -------   -------
    .\
       F2837xD_GlobalVariableDefs.obj   0       0         8047   
       usb.obj                          2634    0         78     
       F2837xD_DefaultISR.obj           1413    0         0      
       usb_host_keyboard.obj            464     0         597    
       sysctl.obj                       893     0         81     
       uartstdio.obj                    575     0         143    
       F2837xD_PieVect.obj              38      0         448    
       interrupt.obj                    452     0         0      
       uart.obj                         181     0         79     
       usb_hal.obj                      173     0         12     
       systick.obj                      63      0         82     
       F2837xD_PieCtrl.obj              31      0         0      
       F2837xD_CpuTimers.obj            0       0         24     
       F2837xD_usDelay.obj              4       0         0      
       F2837xD_CodeStartBranch.obj      2       0         0      
    +--+--------------------------------+-------+---------+---------+
       Total:                           6923    0         9591   
                                                                 
    C:/ti/c2000_15.12.3.LTS/lib/rts2800_fpu32.lib
       fd_add.obj                       156     0         0      
       fd_div.obj                       139     0         0      
       fd_mpy.obj                       131     0         0      
       boot.obj                         86      0         0      
       cpy_tbl.obj                      70      0         0      
       exit.obj                         41      0         20     
       fd_tol.obj                       31      0         0      
       cpy_utils.obj                    26      0         0      
       args_main.obj                    25      0         0      
       _lock.obj                        9       0         14     
       ul_tofd.obj                      22      0         0      
       fd_sub.obj                       14      0         0      
       pre_init.obj                     2       0         0      
       startup.obj                      1       0         0      
    +--+--------------------------------+-------+---------+---------+
       Total:                           753     0         34     
                                                                 
    C:/ti/controlSUITE/device_support/F2837xD/v210/F2837xD_common/lib/usblib.lib
       usbhostenum.obj                  5635    0         980    
       usbdenum.obj                     2141    0         159    
       usbhhub.obj                      1030    0         70     
       usbkeyboardmap.obj               0       0         772    
       usbhhid.obj                      554     0         111    
       usbmode.obj                      604     0         23     
       usbdconfig.obj                   528     0         0      
       usbhhidkeyboard.obj              435     0         27     
       usbdma.obj                       216     0         140    
       usbdcdesc.obj                    343     0         0      
       usbdesc.obj                      210     0         0      
       usbtick.obj                      136     0         44     
       usbdhandler.obj                  18      0         0      
    +--+--------------------------------+-------+---------+---------+
       Total:                           11850   0         2326   
                                                                 
       Stack:                           0       0         256    
    +--+--------------------------------+-------+---------+---------+
       Grand Total:                     19526   0         12207  


GLOBAL DATA SYMBOLS: SORTED BY DATA PAGE

address     data page           name
--------    ----------------    ----
00000400      10 (00000400)     __stack

00000b00      2c (00000b00)     _AdcaResultRegs
00000b20      2c (00000b00)     _AdcbResultRegs

00000b40      2d (00000b40)     _AdccResultRegs
00000b60      2d (00000b40)     _AdcdResultRegs

00000c00      30 (00000c00)     _CpuTimer0Regs
00000c08      30 (00000c00)     _CpuTimer1Regs
00000c10      30 (00000c00)     _CpuTimer2Regs

00000ce0      33 (00000cc0)     _Cla1SoftIntRegs
00000ce0      33 (00000cc0)     _PieCtrlRegs

00000d00      34 (00000d00)     _EmuKey
00000d00      34 (00000d00)     _PieVectTable
00000d01      34 (00000d00)     _EmuBMode

00001000      40 (00001000)     _DmaRegs

00001400      50 (00001400)     _Cla1Regs

00004000     100 (00004000)     _EPwm1Regs

00004100     104 (00004100)     _EPwm2Regs

00004200     108 (00004200)     _EPwm3Regs

00004300     10c (00004300)     _EPwm4Regs

00004400     110 (00004400)     _EPwm5Regs

00004500     114 (00004500)     _EPwm6Regs

00004600     118 (00004600)     _EPwm7Regs

00004700     11c (00004700)     _EPwm8Regs

00004800     120 (00004800)     _EPwm9Regs

00004900     124 (00004900)     _EPwm10Regs

00004a00     128 (00004a00)     _EPwm11Regs

00004b00     12c (00004b00)     _EPwm12Regs

00005000     140 (00005000)     _ECap1Regs
00005020     140 (00005000)     _ECap2Regs

00005040     141 (00005040)     _ECap3Regs
00005060     141 (00005040)     _ECap4Regs

00005080     142 (00005080)     _ECap5Regs
000050a0     142 (00005080)     _ECap6Regs

00005100     144 (00005100)     _EQep1Regs

00005140     145 (00005140)     _EQep2Regs

00005180     146 (00005180)     _EQep3Regs

00005c00     170 (00005c00)     _DacaRegs
00005c10     170 (00005c00)     _DacbRegs
00005c20     170 (00005c00)     _DaccRegs

00005c80     172 (00005c80)     _Cmpss1Regs
00005ca0     172 (00005c80)     _Cmpss2Regs

00005cc0     173 (00005cc0)     _Cmpss3Regs
00005ce0     173 (00005cc0)     _Cmpss4Regs

00005d00     174 (00005d00)     _Cmpss5Regs
00005d20     174 (00005d00)     _Cmpss6Regs

00005d40     175 (00005d40)     _Cmpss7Regs
00005d60     175 (00005d40)     _Cmpss8Regs

00005e00     178 (00005e00)     _Sdfm1Regs

00005e80     17a (00005e80)     _Sdfm2Regs

00006000     180 (00006000)     _McbspaRegs

00006040     181 (00006040)     _McbspbRegs

00006100     184 (00006100)     _SpiaRegs
00006110     184 (00006100)     _SpibRegs
00006120     184 (00006100)     _SpicRegs

00006200     188 (00006200)     _UppRegs

00007000     1c0 (00007000)     _WdRegs

00007060     1c1 (00007040)     _NmiIntruptRegs
00007070     1c1 (00007040)     _XintRegs

00007200     1c8 (00007200)     _SciaRegs
00007210     1c8 (00007200)     _ScibRegs
00007220     1c8 (00007200)     _ScicRegs
00007230     1c8 (00007200)     _ScidRegs

00007300     1cc (00007300)     _I2caRegs

00007340     1cd (00007340)     _I2cbRegs

00007400     1d0 (00007400)     _AdcaRegs

00007480     1d2 (00007480)     _AdcbRegs

00007500     1d4 (00007500)     _AdccRegs

00007580     1d6 (00007580)     _AdcdRegs

00007900     1e4 (00007900)     _InputXbarRegs
00007920     1e4 (00007900)     _XbarRegs

00007940     1e5 (00007940)     _SyncSocRegs

00007980     1e6 (00007980)     _DmaClaSrcSelRegs

00007a00     1e8 (00007a00)     _EPwmXbarRegs

00007a80     1ea (00007a80)     _OutputXbarRegs

00007c00     1f0 (00007c00)     _GpioCtrlRegs

00007f00     1fc (00007f00)     _GpioDataRegs

000083c0     20f (000083c0)     _g_eCurrentUSBMode
000083c1     20f (000083c0)     _g_eUSBState
000083c2     20f (000083c0)     _g_ui32LinesPerScreen
000083c4     20f (000083c0)     _g_ui32CharsPerLine
000083c6     20f (000083c0)     _g_ui32SysTickCount
000083ca     20f (000083c0)     _g_ui32LastTick
000083cc     20f (000083c0)     _g_ui32Modifiers
000083ce     20f (000083c0)     _g_ui32Column
000083d0     20f (000083c0)     _g_ui32Line

00008400     210 (00008400)     _g_pui8Buffer

00008480     212 (00008480)     _g_pui8HCDPool

0000858c     216 (00008580)     _g_bUSBTimerInitialized
0000858e     216 (00008580)     _g_ui32CurrentUSBTick
00008590     216 (00008580)     _g_ui32USBSOFCount
00008592     216 (00008580)     _g_pfnTickHandlers
0000859e     216 (00008580)     _g_pvTickInstance

000085c0     217 (000085c0)     _g_ppsDevInfo
000085c4     217 (000085c0)     _g_psDCDInst

0000867e     219 (00008640)     __lock

00008680     21a (00008680)     _CpuTimer1
00008688     21a (00008680)     _CpuTimer2
00008690     21a (00008680)     _CpuTimer0
00008699     21a (00008680)     _g_iUSBMode
0000869a     21a (00008680)     _g_eOTGModeState
0000869e     21a (00008680)     _g_ui32PollRate
000086a0     21a (00008680)     _g_ui32WaitTicks
000086a2     21a (00008680)     ___TI_enable_exit_profile_output
000086a4     21a (00008680)     ___TI_cleanup_ptr
000086a6     21a (00008680)     ___TI_dtors_ptr
000086ac     21a (00008680)     __unlock

00009800     260 (00009800)     _g_pui8KeyBoardMap

00009a00     268 (00009a00)     _PieVectTableInit

00009bc0     26f (00009bc0)     _g_sUSKeyboardMap

00009f96     27e (00009f80)     _g_sUSBEventDriver
00009fa6     27e (00009f80)     _g_sUSBHIDClassDriver
00009fae     27e (00009f80)     _g_sUSBHubClassDriver

00047000    11c0 (00047000)     _Emif1Regs

00047800    11e0 (00047800)     _Emif2Regs

00050000    1400 (00050000)     _IpcRegs
00050024    1400 (00050000)     _FlashPumpSemaphoreRegs

0005d000    1740 (0005d000)     _DevCfgRegs

0005d180    1746 (0005d180)     _AnalogSubsysRegs

0005d200    1748 (0005d200)     _ClkCfgRegs

0005d300    174c (0005d300)     _CpuSysRegs

0005e608    1798 (0005e600)     _RomPrefetchRegs

0005f000    17c0 (0005f000)     _DcsmZ1Regs

0005f040    17c1 (0005f040)     _DcsmZ2Regs
0005f070    17c1 (0005f040)     _DcsmCommonRegs

0005f400    17d0 (0005f400)     _MemCfgRegs

0005f480    17d2 (0005f480)     _Emif1ConfigRegs
0005f4a0    17d2 (0005f480)     _Emif2ConfigRegs

0005f4c0    17d3 (0005f4c0)     _AccessProtectionRegs

0005f500    17d4 (0005f500)     _MemoryErrorRegs

0005f540    17d5 (0005f540)     _RomWaitStateRegs

0005f800    17e0 (0005f800)     _Flash0CtrlRegs

0005fb00    17ec (0005fb00)     _Flash0EccRegs

00078000    1e00 (00078000)     _DcsmZ1Otp

00078200    1e08 (00078200)     _DcsmZ2Otp


GLOBAL SYMBOLS: SORTED ALPHABETICALLY BY Name 

page  address   name                                  
----  -------   ----                                  
abs   ffffffff  .text                                 
0     0000ec4e  C$$EXIT                               
0     0000dd55  FD$$ADD                               
0     0000df16  FD$$DIV                               
0     0000e111  FD$$MPY                               
0     0000f056  FD$$SUB                               
0     0000ed61  FD$$TOL                               
0     0000efa3  UL$$TOFD                              
0     0000f088  _ADCA1_ISR                            
0     0000f092  _ADCA2_ISR                            
0     0000f09c  _ADCA3_ISR                            
0     0000f0a6  _ADCA4_ISR                            
0     0000f0b0  _ADCA_EVT_ISR                         
0     0000f0ba  _ADCB1_ISR                            
0     0000f0c4  _ADCB2_ISR                            
0     0000f0ce  _ADCB3_ISR                            
0     0000f0d8  _ADCB4_ISR                            
0     0000f0e2  _ADCB_EVT_ISR                         
0     0000f0ec  _ADCC1_ISR                            
0     0000f0f6  _ADCC2_ISR                            
0     0000f100  _ADCC3_ISR                            
0     0000f10a  _ADCC4_ISR                            
0     0000f114  _ADCC_EVT_ISR                         
0     0000f11e  _ADCD1_ISR                            
0     0000f128  _ADCD2_ISR                            
0     0000f132  _ADCD3_ISR                            
0     0000f13c  _ADCD4_ISR                            
0     0000f146  _ADCD_EVT_ISR                         
0     0000f150  _AUX_PLL_SLIP_ISR                     
1     0005f4c0  _AccessProtectionRegs                 
1     00007400  _AdcaRegs                             
1     00000b00  _AdcaResultRegs                       
1     00007480  _AdcbRegs                             
1     00000b20  _AdcbResultRegs                       
1     00007500  _AdccRegs                             
1     00000b40  _AdccResultRegs                       
1     00007580  _AdcdRegs                             
1     00000b60  _AdcdResultRegs                       
1     0005d180  _AnalogSubsysRegs                     
0     0000f15a  _CANA0_ISR                            
0     0000f164  _CANA1_ISR                            
0     0000f16e  _CANB0_ISR                            
0     0000f178  _CANB1_ISR                            
0     0000f182  _CLA1_1_ISR                           
0     0000f18c  _CLA1_2_ISR                           
0     0000f196  _CLA1_3_ISR                           
0     0000f1a0  _CLA1_4_ISR                           
0     0000f1aa  _CLA1_5_ISR                           
0     0000f1b4  _CLA1_6_ISR                           
0     0000f1be  _CLA1_7_ISR                           
0     0000f1c8  _CLA1_8_ISR                           
0     0000f1d2  _CLA_OVERFLOW_ISR                     
0     0000f1dc  _CLA_UNDERFLOW_ISR                    
1     00001400  _Cla1Regs                             
0     00000ce0  _Cla1SoftIntRegs                      
1     0005d200  _ClkCfgRegs                           
1     00005c80  _Cmpss1Regs                           
1     00005ca0  _Cmpss2Regs                           
1     00005cc0  _Cmpss3Regs                           
1     00005ce0  _Cmpss4Regs                           
1     00005d00  _Cmpss5Regs                           
1     00005d20  _Cmpss6Regs                           
1     00005d40  _Cmpss7Regs                           
1     00005d60  _Cmpss8Regs                           
0     00011000  _ConfigDescAlloc                      
0     00011054  _ConfigDescFree                       
0     0000ebcf  _ConfigureUART                        
1     0005d300  _CpuSysRegs                           
1     00008690  _CpuTimer0                            
1     00000c00  _CpuTimer0Regs                        
1     00008680  _CpuTimer1                            
1     00000c08  _CpuTimer1Regs                        
1     00008688  _CpuTimer2                            
1     00000c10  _CpuTimer2Regs                        
0     0000f1e6  _DATALOG_ISR                          
0     0000f1f0  _DMA_CH1_ISR                          
0     0000f1fa  _DMA_CH2_ISR                          
0     0000f204  _DMA_CH3_ISR                          
0     0000f20e  _DMA_CH4_ISR                          
0     0000f218  _DMA_CH5_ISR                          
0     0000f222  _DMA_CH6_ISR                          
1     00005c00  _DacaRegs                             
1     00005c10  _DacbRegs                             
1     00005c20  _DaccRegs                             
1     0005f070  _DcsmCommonRegs                       
1     00078000  _DcsmZ1Otp                            
1     0005f000  _DcsmZ1Regs                           
1     00078200  _DcsmZ2Otp                            
1     0005f040  _DcsmZ2Regs                           
1     0005d000  _DevCfgRegs                           
1     00007980  _DmaClaSrcSelRegs                     
1     00001000  _DmaRegs                              
0     0000f22c  _ECAP1_ISR                            
0     0000f236  _ECAP2_ISR                            
0     0000f240  _ECAP3_ISR                            
0     0000f24a  _ECAP4_ISR                            
0     0000f254  _ECAP5_ISR                            
0     0000f25e  _ECAP6_ISR                            
1     00005000  _ECap1Regs                            
1     00005020  _ECap2Regs                            
1     00005040  _ECap3Regs                            
1     00005060  _ECap4Regs                            
1     00005080  _ECap5Regs                            
1     000050a0  _ECap6Regs                            
0     0000f268  _EMIF_ERROR_ISR                       
0     0000f064  _EMPTY_ISR                            
0     0000f272  _EMU_ISR                              
0     0000f27c  _EPWM10_ISR                           
0     0000f286  _EPWM10_TZ_ISR                        
0     0000f290  _EPWM11_ISR                           
0     0000f29a  _EPWM11_TZ_ISR                        
0     0000f2a4  _EPWM12_ISR                           
0     0000f2ae  _EPWM12_TZ_ISR                        
0     0000f2b8  _EPWM1_ISR                            
0     0000f2c2  _EPWM1_TZ_ISR                         
0     0000f2cc  _EPWM2_ISR                            
0     0000f2d6  _EPWM2_TZ_ISR                         
0     0000f2e0  _EPWM3_ISR                            
0     0000f2ea  _EPWM3_TZ_ISR                         
0     0000f2f4  _EPWM4_ISR                            
0     0000f2fe  _EPWM4_TZ_ISR                         
0     0000f308  _EPWM5_ISR                            
0     0000f312  _EPWM5_TZ_ISR                         
0     0000f31c  _EPWM6_ISR                            
0     0000f326  _EPWM6_TZ_ISR                         
0     0000f330  _EPWM7_ISR                            
0     0000f33a  _EPWM7_TZ_ISR                         
0     0000f344  _EPWM8_ISR                            
0     0000f34e  _EPWM8_TZ_ISR                         
0     0000f358  _EPWM9_ISR                            
0     0000f362  _EPWM9_TZ_ISR                         
1     00004900  _EPwm10Regs                           
1     00004a00  _EPwm11Regs                           
1     00004b00  _EPwm12Regs                           
1     00004000  _EPwm1Regs                            
1     00004100  _EPwm2Regs                            
1     00004200  _EPwm3Regs                            
1     00004300  _EPwm4Regs                            
1     00004400  _EPwm5Regs                            
1     00004500  _EPwm6Regs                            
1     00004600  _EPwm7Regs                            
1     00004700  _EPwm8Regs                            
1     00004800  _EPwm9Regs                            
1     00007a00  _EPwmXbarRegs                         
0     0000f36c  _EQEP1_ISR                            
0     0000f376  _EQEP2_ISR                            
0     0000f380  _EQEP3_ISR                            
1     00005100  _EQep1Regs                            
1     00005140  _EQep2Regs                            
1     00005180  _EQep3Regs                            
1     0005f480  _Emif1ConfigRegs                      
1     00047000  _Emif1Regs                            
1     0005f4a0  _Emif2ConfigRegs                      
1     00047800  _Emif2Regs                            
1     00000d01  _EmuBMode                             
1     00000d00  _EmuKey                               
0     000001f4  _F28x_usDelay                         
0     0000f38a  _FLASH_CORRECTABLE_ERROR_ISR          
0     0000f394  _FPU_OVERFLOW_ISR                     
0     0000f39e  _FPU_UNDERFLOW_ISR                    
1     0005f800  _Flash0CtrlRegs                       
1     0005fb00  _Flash0EccRegs                        
1     00050024  _FlashPumpSemaphoreRegs               
1     00007c00  _GpioCtrlRegs                         
1     00007f00  _GpioDataRegs                         
0     0000f3a8  _I2CA_FIFO_ISR                        
0     0000f3b2  _I2CA_ISR                             
0     0000f3bc  _I2CB_FIFO_ISR                        
0     0000f3c6  _I2CB_ISR                             
1     00007300  _I2caRegs                             
1     00007340  _I2cbRegs                             
0     0000f3d0  _ILLEGAL_ISR                          
0     0000f3da  _IPC0_ISR                             
0     0000f3e4  _IPC1_ISR                             
0     0000f3ee  _IPC2_ISR                             
0     0000f3f8  _IPC3_ISR                             
0     0000ed04  _InitPieCtrl                          
0     0000ec77  _InitPieVectTable                     
1     00007900  _InputXbarRegs                        
0     0000f038  _IntDefaultHandler                    
0     0000e194  _IntDisable                           
0     0000ddf1  _IntEnable                            
0     0000e214  _IntIFRClear                          
0     0000f613  _IntMasterDisable                     
0     0000f61b  _IntMasterEnable                      
0     0000efe2  _IntRegister                          
0     0001210e  _InternalUSBHCDSendEvent              
0     0000e0b4  _InternalUSBRegisterTickHandler       
0     0000e0e4  _InternalUSBStartOfFrameTick          
0     0000e089  _InternalUSBTickInit                  
0     0000e0b0  _InternalUSBTickReset                 
1     00050000  _IpcRegs                              
0     0000e6ce  _KeyboardCallback                     
0     0000f402  _MCBSPA_RX_ISR                        
0     0000f40c  _MCBSPA_TX_ISR                        
0     0000f416  _MCBSPB_RX_ISR                        
0     0000f420  _MCBSPB_TX_ISR                        
1     00006000  _McbspaRegs                           
1     00006040  _McbspbRegs                           
1     0005f400  _MemCfgRegs                           
1     0005f500  _MemoryErrorRegs                      
0     0000ec25  _ModeCallback                         
0     0000f42a  _NMI_ISR                              
0     0000f434  _NOTUSED_ISR                          
1     00007060  _NmiIntruptRegs                       
0     0000ce61  _OTGDeviceDisconnect                  
1     00007a80  _OutputXbarRegs                       
0     0000f43e  _PIE_RESERVED_ISR                     
1     00000ce0  _PieCtrlRegs                          
1     00000d00  _PieVectTable                         
1     00009a00  _PieVectTableInit                     
0     0000eff5  _PrintChar                            
0     0000f448  _RAM_ACCESS_VIOLATION_ISR             
0     0000f452  _RAM_CORRECTABLE_ERROR_ISR            
0     0000f45c  _RTOS_ISR                             
1     0005e608  _RomPrefetchRegs                      
1     0005f540  _RomWaitStateRegs                     
0     0000f466  _SCIA_RX_ISR                          
0     0000f470  _SCIA_TX_ISR                          
0     0000f47a  _SCIB_RX_ISR                          
0     0000f484  _SCIB_TX_ISR                          
0     0000f48e  _SCIC_RX_ISR                          
0     0000f498  _SCIC_TX_ISR                          
0     0000f4a2  _SCID_RX_ISR                          
0     0000f4ac  _SCID_TX_ISR                          
0     0000f4b6  _SD1_ISR                              
0     0000f4c0  _SD2_ISR                              
0     0000f4ca  _SPIA_RX_ISR                          
0     0000f4d4  _SPIA_TX_ISR                          
0     0000f4de  _SPIB_RX_ISR                          
0     0000f4e8  _SPIB_TX_ISR                          
0     0000f4f2  _SPIC_RX_ISR                          
0     0000f4fc  _SPIC_TX_ISR                          
0     0000f506  _SYS_PLL_SLIP_ISR                     
1     00007200  _SciaRegs                             
1     00007210  _ScibRegs                             
1     00007220  _ScicRegs                             
1     00007230  _ScidRegs                             
1     00005e00  _Sdfm1Regs                            
1     00005e80  _Sdfm2Regs                            
1     00006100  _SpiaRegs                             
1     00006110  _SpibRegs                             
1     00006120  _SpicRegs                             
1     00007940  _SyncSocRegs                          
0     0000de84  _SysCtlAuxClockSet                    
0     0000e682  _SysCtlClockGet                       
0     0000dca7  _SysCtlClockSet                       
0     000001f8  _SysCtlDelay                          
0     0000eea8  _SysCtlLowSpeedClockGet               
0     0000edbc  _SysCtlPeripheralDisable              
0     0000edd9  _SysCtlPeripheralEnable               
0     0000ebfb  _SysCtlPeripheralPresent              
0     0000eba1  _SysCtlPeripheralReset                
0     0000cfff  _SysCtlUSBPLLDisable                  
0     0000dffc  _SysCtlUSBPLLEnable                   
0     0000f623  _SysTickEnable                        
0     0000f071  _SysTickInit                          
0     0000f510  _SysTickIntEnable                     
0     0000ef77  _SysTickIntHandler                    
0     0000f047  _SysTickIntRegister                   
0     0000f000  _SysTickPeriodSet                     
0     0000f51a  _TIMER0_ISR                           
0     0000f524  _TIMER1_ISR                           
0     0000f52e  _TIMER2_ISR                           
0     0000ee78  _UARTCharPut                          
0     0000e719  _UARTConfigSetExpClk                  
0     0000ed80  _UARTDisable                          
0     0000efb9  _UARTEnable                           
0     0000e8c1  _UARTStdioConfig                      
0     0000f07d  _UARTprintf                           
0     0000d43a  _UARTvprintf                          
0     0000eaa8  _UARTwrite                            
0     0000f538  _UPPA_ISR                             
0     0000f026  _USB0DeviceIntHandler                 
0     0000ccb3  _USB0DualModeIntHandler               
0     00012093  _USB0HostIntHandler                   
0     0000cde2  _USB0OTGModeIntHandler                
0     0000f542  _USBA_ISR                             
0     0000d84c  _USBDCDConfigDescGet                  
0     0000d826  _USBDCDConfigDescGetNum               
0     0000d80c  _USBDCDConfigDescGetSize              
0     0000d8b7  _USBDCDConfigGetInterface             
0     0000d8d0  _USBDCDConfigGetInterfaceEndpoint     
0     0000d892  _USBDCDConfigGetNumAlternateInterfaces
0     0000c000  _USBDCDDeviceInfoInit                 
0     0000c012  _USBDCDInit                           
0     0000c0ff  _USBDCDPowerStatusSet                 
0     0000c10c  _USBDCDRemoteWakeupRequest            
0     0000c0c9  _USBDCDRequestDataEP0                 
0     0000c0d7  _USBDCDSendDataEP0                    
0     0000c0e6  _USBDCDSetDefaultConfiguration        
0     0000c0ee  _USBDCDStallEP0                       
0     0000c094  _USBDCDTerm                           
0     0000db41  _USBDescGet                           
0     0000dbbe  _USBDescGetInterface                  
0     0000dbd8  _USBDescGetInterfaceEndpoint          
0     0000db19  _USBDescGetNum                        
0     0000db6e  _USBDescGetNumAlternateInterfaces     
0     0000f013  _USBDevAddrSet                        
0     0000ef8d  _USBDevConnect                        
0     0000eebf  _USBDevDisconnect                     
0     0000e000  _USBDevEndpointConfigSet              
0     0000e764  _USBDevEndpointDataAck                
0     0000dfa1  _USBDevEndpointStall                  
0     0000e293  _USBDevEndpointStallClear             
0     0000e301  _USBDevEndpointStatusClear            
0     0000eed6  _USBDevMode                           
0     0000d284  _USBDeviceConfig                      
0     0000d3cd  _USBDeviceConfigAlternate             
0     0000c190  _USBDeviceEnumHandler                 
0     0000c251  _USBDeviceEnumResetHandler            
0     0000c7c5  _USBDeviceIntHandlerInternal          
0     0000c122  _USBDeviceResumeTickHandler           
0     0000ccee  _USBDualModeInit                      
0     0000cd31  _USBDualModeTerm                      
0     0000ee11  _USBEndpointDMADisable                
0     0000e36c  _USBEndpointDataGet                   
[...]
0     0000ee78  _UARTCharPut                          
0     0000ee90  _USBIntStatusEndpoint                 
0     0000eea8  _SysCtlLowSpeedClockGet               
0     0000eebf  _USBDevDisconnect                     
0     0000eed6  _USBDevMode                           
0     0000eeed  _USBHostMode                          
0     0000ef04  _USBHostPwrDisable                    
0     0000ef1b  _USBHostPwrEnable                     
0     0000ef32  _USBHostRequestStatus                 
0     0000ef49  _USBModeGet                           
0     0000ef60  _USBOTGMode                           
0     0000ef77  _SysTickIntHandler                    
0     0000ef8d  _USBDevConnect                        
0     0000efa3  UL$$TOFD                              
0     0000efb9  _UARTEnable                           
0     0000efce  _USBHostSuspend                       
0     0000efe2  _IntRegister                          
0     0000eff5  _PrintChar                            
0     0000f000  _SysTickPeriodSet                     
0     0000f013  _USBDevAddrSet                        
0     0000f026  _USB0DeviceIntHandler                 
0     0000f038  _IntDefaultHandler                    
0     0000f047  _SysTickIntRegister                   
0     0000f056  FD$$SUB                               
0     0000f064  _EMPTY_ISR                            
0     0000f071  _SysTickInit                          
0     0000f07d  _UARTprintf                           
0     0000f088  _ADCA1_ISR                            
0     0000f092  _ADCA2_ISR                            
0     0000f09c  _ADCA3_ISR                            
0     0000f0a6  _ADCA4_ISR                            
0     0000f0b0  _ADCA_EVT_ISR                         
0     0000f0ba  _ADCB1_ISR                            
0     0000f0c4  _ADCB2_ISR                            
0     0000f0ce  _ADCB3_ISR                            
0     0000f0d8  _ADCB4_ISR                            
0     0000f0e2  _ADCB_EVT_ISR                         
0     0000f0ec  _ADCC1_ISR                            
0     0000f0f6  _ADCC2_ISR                            
0     0000f100  _ADCC3_ISR                            
0     0000f10a  _ADCC4_ISR                            
0     0000f114  _ADCC_EVT_ISR                         
0     0000f11e  _ADCD1_ISR                            
0     0000f128  _ADCD2_ISR                            
0     0000f132  _ADCD3_ISR                            
0     0000f13c  _ADCD4_ISR                            
0     0000f146  _ADCD_EVT_ISR                         
0     0000f150  _AUX_PLL_SLIP_ISR                     
0     0000f15a  _CANA0_ISR                            
0     0000f164  _CANA1_ISR                            
0     0000f16e  _CANB0_ISR                            
0     0000f178  _CANB1_ISR                            
0     0000f182  _CLA1_1_ISR                           
0     0000f18c  _CLA1_2_ISR                           
0     0000f196  _CLA1_3_ISR                           
0     0000f1a0  _CLA1_4_ISR                           
0     0000f1aa  _CLA1_5_ISR                           
0     0000f1b4  _CLA1_6_ISR                           
0     0000f1be  _CLA1_7_ISR                           
0     0000f1c8  _CLA1_8_ISR                           
0     0000f1d2  _CLA_OVERFLOW_ISR                     
0     0000f1dc  _CLA_UNDERFLOW_ISR                    
0     0000f1e6  _DATALOG_ISR                          
0     0000f1f0  _DMA_CH1_ISR                          
0     0000f1fa  _DMA_CH2_ISR                          
0     0000f204  _DMA_CH3_ISR                          
0     0000f20e  _DMA_CH4_ISR                          
0     0000f218  _DMA_CH5_ISR                          
0     0000f222  _DMA_CH6_ISR                          
0     0000f22c  _ECAP1_ISR                            
0     0000f236  _ECAP2_ISR                            
0     0000f240  _ECAP3_ISR                            
0     0000f24a  _ECAP4_ISR                            
0     0000f254  _ECAP5_ISR                            
0     0000f25e  _ECAP6_ISR                            
0     0000f268  _EMIF_ERROR_ISR                       
0     0000f272  _EMU_ISR                              
0     0000f27c  _EPWM10_ISR                           
0     0000f286  _EPWM10_TZ_ISR                        
0     0000f290  _EPWM11_ISR                           
0     0000f29a  _EPWM11_TZ_ISR                        
0     0000f2a4  _EPWM12_ISR                           
0     0000f2ae  _EPWM12_TZ_ISR                        
0     0000f2b8  _EPWM1_ISR                            
0     0000f2c2  _EPWM1_TZ_ISR                         
0     0000f2cc  _EPWM2_ISR                            
0     0000f2d6  _EPWM2_TZ_ISR                         
0     0000f2e0  _EPWM3_ISR                            
0     0000f2ea  _EPWM3_TZ_ISR                         
0     0000f2f4  _EPWM4_ISR                            
0     0000f2fe  _EPWM4_TZ_ISR                         
0     0000f308  _EPWM5_ISR                            
0     0000f312  _EPWM5_TZ_ISR                         
0     0000f31c  _EPWM6_ISR                            
0     0000f326  _EPWM6_TZ_ISR                         
0     0000f330  _EPWM7_ISR                            
0     0000f33a  _EPWM7_TZ_ISR                         
0     0000f344  _EPWM8_ISR                            
0     0000f34e  _EPWM8_TZ_ISR                         
0     0000f358  _EPWM9_ISR                            
0     0000f362  _EPWM9_TZ_ISR                         
0     0000f36c  _EQEP1_ISR                            
0     0000f376  _EQEP2_ISR                            
0     0000f380  _EQEP3_ISR                            
0     0000f38a  _FLASH_CORRECTABLE_ERROR_ISR          
0     0000f394  _FPU_OVERFLOW_ISR                     
0     0000f39e  _FPU_UNDERFLOW_ISR                    
0     0000f3a8  _I2CA_FIFO_ISR                        
0     0000f3b2  _I2CA_ISR                             
0     0000f3bc  _I2CB_FIFO_ISR                        
0     0000f3c6  _I2CB_ISR                             
0     0000f3d0  _ILLEGAL_ISR                          
0     0000f3da  _IPC0_ISR                             
0     0000f3e4  _IPC1_ISR                             
0     0000f3ee  _IPC2_ISR                             
0     0000f3f8  _IPC3_ISR                             
0     0000f402  _MCBSPA_RX_ISR                        
0     0000f40c  _MCBSPA_TX_ISR                        
0     0000f416  _MCBSPB_RX_ISR                        
0     0000f420  _MCBSPB_TX_ISR                        
0     0000f42a  _NMI_ISR                              
0     0000f434  _NOTUSED_ISR                          
0     0000f43e  _PIE_RESERVED_ISR                     
0     0000f448  _RAM_ACCESS_VIOLATION_ISR             
0     0000f452  _RAM_CORRECTABLE_ERROR_ISR            
0     0000f45c  _RTOS_ISR                             
0     0000f466  _SCIA_RX_ISR                          
0     0000f470  _SCIA_TX_ISR                          
0     0000f47a  _SCIB_RX_ISR                          
0     0000f484  _SCIB_TX_ISR                          
0     0000f48e  _SCIC_RX_ISR                          
0     0000f498  _SCIC_TX_ISR                          
0     0000f4a2  _SCID_RX_ISR                          
0     0000f4ac  _SCID_TX_ISR                          
0     0000f4b6  _SD1_ISR                              
0     0000f4c0  _SD2_ISR                              
0     0000f4ca  _SPIA_RX_ISR                          
0     0000f4d4  _SPIA_TX_ISR                          
0     0000f4de  _SPIB_RX_ISR                          
0     0000f4e8  _SPIB_TX_ISR                          
0     0000f4f2  _SPIC_RX_ISR                          
0     0000f4fc  _SPIC_TX_ISR                          
0     0000f506  _SYS_PLL_SLIP_ISR                     
0     0000f510  _SysTickIntEnable                     
0     0000f51a  _TIMER0_ISR                           
0     0000f524  _TIMER1_ISR                           
0     0000f52e  _TIMER2_ISR                           
0     0000f538  _UPPA_ISR                             
0     0000f542  _USBA_ISR                             
0     0000f54c  _USER10_ISR                           
0     0000f556  _USER11_ISR                           
0     0000f560  _USER12_ISR                           
0     0000f56a  _USER1_ISR                            
0     0000f574  _USER2_ISR                            
0     0000f57e  _USER3_ISR                            
0     0000f588  _USER4_ISR                            
0     0000f592  _USER5_ISR                            
0     0000f59c  _USER6_ISR                            
0     0000f5a6  _USER7_ISR                            
0     0000f5b0  _USER8_ISR                            
0     0000f5ba  _USER9_ISR                            
0     0000f5c4  _VCU_ISR                              
0     0000f5ce  _WAKE_ISR                             
0     0000f5d8  _XINT1_ISR                            
0     0000f5e2  _XINT2_ISR                            
0     0000f5ec  _XINT3_ISR                            
0     0000f5f6  _XINT4_ISR                            
0     0000f600  _XINT5_ISR                            
0     0000f60a  __register_unlock                     
0     0000f60e  __register_lock                       
0     0000f612  __nop                                 
0     0000f613  _IntMasterDisable                     
0     0000f61b  _IntMasterEnable                      
0     0000f623  _SysTickEnable                        
0     0000f631  _USBNumEndpointsGet                   
0     0000f636  ___error__                            
0     00011000  _ConfigDescAlloc                      
0     00011054  _ConfigDescFree                       
0     000110c5  _USBHCDEventEnable                    
0     000110da  _USBHCDEventDisable                   
0     000111af  _USBHCDPipeAllocSize                  
0     000113a3  _USBHCDPipeAlloc                      
0     000113b2  _USBHCDPipeConfig                     
0     00011482  _USBHCDPipeStatus                     
0     00011487  _USBHCDPipeWrite                      
0     00011589  _USBHCDPipeSchedule                   
0     00011630  _USBHCDPipeReadNonBlocking            
0     0001165b  _USBHCDPipeDataAck                    
0     00011678  _USBHCDPipeRead                       
0     00011790  _USBHCDPipeFree                       
0     0001199f  _USBHCDPowerConfigInit                
0     000119a7  _USBHCDPowerConfigGet                 
0     000119ae  _USBHCDPowerConfigSet                 
0     000119d8  _USBHCDPowerAutomatic                 
0     000119e3  _USBHCDInit                           
0     00011a39  _USBHCDRegisterDrivers                
0     00011a44  _USBHCDTerm                           
0     00011aa6  _USBHCDReset                          
0     00011acc  _USBHCDSuspend                        
0     00011ad5  _USBHCDResume                         
0     00011b95  _USBHCDSetAddress                     
0     00011c3e  _USBHCDSetConfig                      
0     00011c62  _USBHCDSetInterface                   
0     00011c8e  _USBHostCheckPipes                    
0     00011d1a  _USBHostIntHandlerInternal            
0     00012093  _USB0HostIntHandler                   
0     0001210e  _InternalUSBHCDSendEvent              
0     000121bb  _USBHCDMain                           
0     00012382  _USBHCDControlTransfer                
0     00012414  _USBHCDHubDeviceConnected             
0     0001246c  _USBHCDHubDeviceDisconnected          
0     0001256c  _USBHCDDevHubPort                     
0     00012580  _USBHCDDevAddress                     
0     00012594  _USBHCDDevClass                       
0     000125b9  _USBHCDDevSubClass                    
0     000125de  _USBHCDDevProtocol                    
1     00000400  __stack                               
1     00000500  __STACK_END                           
1     00000b00  _AdcaResultRegs                       
1     00000b20  _AdcbResultRegs                       
1     00000b40  _AdccResultRegs                       
1     00000b60  _AdcdResultRegs                       
1     00000c00  _CpuTimer0Regs                        
1     00000c08  _CpuTimer1Regs                        
1     00000c10  _CpuTimer2Regs                        
1     00000ce0  _PieCtrlRegs                          
1     00000d00  _EmuKey                               
1     00000d00  _PieVectTable                         
1     00000d01  _EmuBMode                             
1     00001000  _DmaRegs                              
1     00001400  _Cla1Regs                             
1     00004000  _EPwm1Regs                            
1     00004100  _EPwm2Regs                            
1     00004200  _EPwm3Regs                            
1     00004300  _EPwm4Regs                            
1     00004400  _EPwm5Regs                            
1     00004500  _EPwm6Regs                            
1     00004600  _EPwm7Regs                            
1     00004700  _EPwm8Regs                            
1     00004800  _EPwm9Regs                            
1     00004900  _EPwm10Regs                           
1     00004a00  _EPwm11Regs                           
1     00004b00  _EPwm12Regs                           
1     00005000  _ECap1Regs                            
1     00005020  _ECap2Regs                            
1     00005040  _ECap3Regs                            
1     00005060  _ECap4Regs                            
1     00005080  _ECap5Regs                            
1     000050a0  _ECap6Regs                            
1     00005100  _EQep1Regs                            
1     00005140  _EQep2Regs                            
1     00005180  _EQep3Regs                            
1     00005c00  _DacaRegs                             
1     00005c10  _DacbRegs                             
1     00005c20  _DaccRegs                             
1     00005c80  _Cmpss1Regs                           
1     00005ca0  _Cmpss2Regs                           
1     00005cc0  _Cmpss3Regs                           
1     00005ce0  _Cmpss4Regs                           
1     00005d00  _Cmpss5Regs                           
1     00005d20  _Cmpss6Regs                           
1     00005d40  _Cmpss7Regs                           
1     00005d60  _Cmpss8Regs                           
1     00005e00  _Sdfm1Regs                            
1     00005e80  _Sdfm2Regs                            
1     00006000  _McbspaRegs                           
1     00006040  _McbspbRegs                           
1     00006100  _SpiaRegs                             
1     00006110  _SpibRegs                             
1     00006120  _SpicRegs                             
1     00006200  _UppRegs                              
1     00007000  _WdRegs                               
1     00007060  _NmiIntruptRegs                       
1     00007070  _XintRegs                             
1     00007200  _SciaRegs                             
1     00007210  _ScibRegs                             
1     00007220  _ScicRegs                             
1     00007230  _ScidRegs                             
1     00007300  _I2caRegs                             
1     00007340  _I2cbRegs                             
1     00007400  _AdcaRegs                             
1     00007480  _AdcbRegs                             
1     00007500  _AdccRegs                             
1     00007580  _AdcdRegs                             
1     00007900  _InputXbarRegs                        
1     00007920  _XbarRegs                             
1     00007940  _SyncSocRegs                          
1     00007980  _DmaClaSrcSelRegs                     
1     00007a00  _EPwmXbarRegs                         
1     00007a80  _OutputXbarRegs                       
1     00007c00  _GpioCtrlRegs                         
1     00007f00  _GpioDataRegs                         
1     000083c0  _g_eCurrentUSBMode                    
1     000083c1  _g_eUSBState                          
1     000083c2  _g_ui32LinesPerScreen                 
1     000083c4  _g_ui32CharsPerLine                   
1     000083c6  _g_ui32SysTickCount                   
1     000083ca  _g_ui32LastTick                       
1     000083cc  _g_ui32Modifiers                      
1     000083ce  _g_ui32Column                         
1     000083d0  _g_ui32Line                           
1     00008400  _g_pui8Buffer                         
1     00008480  _g_pui8HCDPool                        
1     0000858c  _g_bUSBTimerInitialized               
1     0000858e  _g_ui32CurrentUSBTick                 
1     00008590  _g_ui32USBSOFCount                    
1     00008592  _g_pfnTickHandlers                    
1     0000859e  _g_pvTickInstance                     
1     000085c0  _g_ppsDevInfo                         
1     000085c4  _g_psDCDInst                          
1     0000867e  __lock                                
1     00008680  _CpuTimer1                            
1     00008688  _CpuTimer2                            
1     00008690  _CpuTimer0                            
1     00008699  _g_iUSBMode                           
1     0000869a  _g_eOTGModeState                      
1     0000869e  _g_ui32PollRate                       
1     000086a0  _g_ui32WaitTicks                      
1     000086a2  ___TI_enable_exit_profile_output      
1     000086a4  ___TI_cleanup_ptr                     
1     000086a6  ___TI_dtors_ptr                       
1     000086ac  __unlock                              
1     00009800  _g_pui8KeyBoardMap                    
1     00009a00  _PieVectTableInit                     
1     00009bc0  _g_sUSKeyboardMap                     
1     00009f96  _g_sUSBEventDriver                    
1     00009fa6  _g_sUSBHIDClassDriver                 
1     00009fae  _g_sUSBHubClassDriver                 
1     00047000  _Emif1Regs                            
1     00047800  _Emif2Regs                            
1     00050000  _IpcRegs                              
1     00050024  _FlashPumpSemaphoreRegs               
1     0005d000  _DevCfgRegs                           
1     0005d180  _AnalogSubsysRegs                     
1     0005d200  _ClkCfgRegs                           
1     0005d300  _CpuSysRegs                           
1     0005e608  _RomPrefetchRegs                      
1     0005f000  _DcsmZ1Regs                           
1     0005f040  _DcsmZ2Regs                           
1     0005f070  _DcsmCommonRegs                       
1     0005f400  _MemCfgRegs                           
1     0005f480  _Emif1ConfigRegs                      
1     0005f4a0  _Emif2ConfigRegs                      
1     0005f4c0  _AccessProtectionRegs                 
1     0005f500  _MemoryErrorRegs                      
1     0005f540  _RomWaitStateRegs                     
1     0005f800  _Flash0CtrlRegs                       
1     0005fb00  _Flash0EccRegs                        
1     00078000  _DcsmZ1Otp                            
1     00078200  _DcsmZ2Otp                            
abs   00000100  __STACK_SIZE                          
abs   ffffffff  .text                                 
abs   ffffffff  ___TI_pprof_out_hndl                  
abs   ffffffff  ___TI_prof_data_size                  
abs   ffffffff  ___TI_prof_data_start                 
abs   ffffffff  ___binit__                            
abs   ffffffff  ___c_args__                           
abs   ffffffff  ___etext__                            
abs   ffffffff  ___pinit__                            
abs   ffffffff  ___text__                             
abs   ffffffff  binit                                 
abs   ffffffff  etext                                 
abs   ffffffff  pinit                                 

[504 symbols]
