******************************************************************************
             TMS320C2000 Linker PC v15.12.3                    
******************************************************************************
>> Linked Sun May 21 14:18:07 2017

OUTPUT FILE NAME:   <usb_dev_keyboard_cpu01.out>
ENTRY POINT SYMBOL: "code_start"  address: 00000000


MEMORY CONFIGURATION

         name            origin    length      used     unused   attr    fill
----------------------  --------  ---------  --------  --------  ----  --------
PAGE 0:
  BEGIN                 00000000   00000002  00000002  00000000  RWIX
  RAMM0                 00000122   000002de  000000f5  000001e9  RWIX
  RAMD0                 0000b000   00000800  00000000  00000800  RWIX
  RAMGS0                0000c000   00001000  00001000  00000000  RWIX
  RAMGS1                0000d000   00001000  00001000  00000000  RWIX
  RAMGS2                0000e000   00001000  00001000  00000000  RWIX
  RAMGS3                0000f000   00001000  00000cc0  00000340  RWIX
  RAMGS4                00010000   00001000  00000000  00001000  RWIX
  RAMGS5                00011000   00002000  00001603  000009fd  RWIX
  RESET                 003fffc0   00000002  00000000  00000002  RWIX

PAGE 1:
  BOOT_RSVD             00000002   00000120  00000000  00000120  RWIX
  RAMM1                 00000400   00000400  00000100  00000300  RWIX
  ADCA_RESULT           00000b00   00000020  00000018  00000008  RWIX
  ADCB_RESULT           00000b20   00000020  00000018  00000008  RWIX
  ADCC_RESULT           00000b40   00000020  00000018  00000008  RWIX
  ADCD_RESULT           00000b60   00000020  00000018  00000008  RWIX
  CPU_TIMER0            00000c00   00000008  00000008  00000000  RWIX
  CPU_TIMER1            00000c08   00000008  00000008  00000000  RWIX
  CPU_TIMER2            00000c10   00000008  00000008  00000000  RWIX
  PIE_CTRL              00000ce0   00000020  0000001a  00000006  RWIX
  PIE_VECT              00000d00   00000200  000001c0  00000040  RWIX
  DMA                   00001000   00000200  000000e0  00000120  RWIX
  CLA1                  00001400   00000040  0000003e  00000002  RWIX
  EPWM1                 00004000   00000100  00000100  00000000  RWIX
  EPWM2                 00004100   00000100  00000100  00000000  RWIX
  EPWM3                 00004200   00000100  00000100  00000000  RWIX
  EPWM4                 00004300   00000100  00000100  00000000  RWIX
  EPWM5                 00004400   00000100  00000100  00000000  RWIX
  EPWM6                 00004500   00000100  00000100  00000000  RWIX
  EPWM7                 00004600   00000100  00000100  00000000  RWIX
  EPWM8                 00004700   00000100  00000100  00000000  RWIX
  EPWM9                 00004800   00000100  00000100  00000000  RWIX
  EPWM10                00004900   00000100  00000100  00000000  RWIX
  EPWM11                00004a00   00000100  00000100  00000000  RWIX
  EPWM12                00004b00   00000100  00000100  00000000  RWIX
  ECAP1                 00005000   00000020  00000020  00000000  RWIX
  ECAP2                 00005020   00000020  00000020  00000000  RWIX
  ECAP3                 00005040   00000020  00000020  00000000  RWIX
  ECAP4                 00005060   00000020  00000020  00000000  RWIX
  ECAP5                 00005080   00000020  00000020  00000000  RWIX
  ECAP6                 000050a0   00000020  00000020  00000000  RWIX
  EQEP1                 00005100   00000040  00000022  0000001e  RWIX
  EQEP2                 00005140   00000040  00000022  0000001e  RWIX
  EQEP3                 00005180   00000040  00000022  0000001e  RWIX
  DACA                  00005c00   00000010  00000008  00000008  RWIX
  DACB                  00005c10   00000010  00000008  00000008  RWIX
  DACC                  00005c20   00000010  00000008  00000008  RWIX
  CMPSS1                00005c80   00000020  00000020  00000000  RWIX
  CMPSS2                00005ca0   00000020  00000020  00000000  RWIX
  CMPSS3                00005cc0   00000020  00000020  00000000  RWIX
  CMPSS4                00005ce0   00000020  00000020  00000000  RWIX
  CMPSS5                00005d00   00000020  00000020  00000000  RWIX
  CMPSS6                00005d20   00000020  00000020  00000000  RWIX
  CMPSS7                00005d40   00000020  00000020  00000000  RWIX
  CMPSS8                00005d60   00000020  00000020  00000000  RWIX
  SDFM1                 00005e00   00000080  00000080  00000000  RWIX
  SDFM2                 00005e80   00000080  00000080  00000000  RWIX
  MCBSPA                00006000   00000040  00000024  0000001c  RWIX
  MCBSPB                00006040   00000040  00000024  0000001c  RWIX
  SPIA                  00006100   00000010  00000010  00000000  RWIX
  SPIB                  00006110   00000010  00000010  00000000  RWIX
  SPIC                  00006120   00000010  00000010  00000000  RWIX
  SPID                  00006130   00000010  00000000  00000010  RWIX
  UPP                   00006200   00000100  00000048  000000b8  RWIX
  WD                    00007000   00000040  0000002b  00000015  RWIX
  NMIINTRUPT            00007060   00000010  00000007  00000009  RWIX
  XINT                  00007070   00000010  0000000b  00000005  RWIX
  SCIA                  00007200   00000010  00000010  00000000  RWIX
  SCIB                  00007210   00000010  00000010  00000000  RWIX
  SCIC                  00007220   00000010  00000010  00000000  RWIX
  SCID                  00007230   00000010  00000010  00000000  RWIX
  I2CA                  00007300   00000040  00000022  0000001e  RWIX
  I2CB                  00007340   00000040  00000022  0000001e  RWIX
  ADCA                  00007400   00000080  00000080  00000000  RWIX
  ADCB                  00007480   00000080  00000080  00000000  RWIX
  ADCC                  00007500   00000080  00000080  00000000  RWIX
  ADCD                  00007580   00000080  00000080  00000000  RWIX
  INPUT_XBAR            00007900   00000020  00000020  00000000  RWIX
  XBAR                  00007920   00000020  00000020  00000000  RWIX
  SYNC_SOC              00007940   00000010  00000006  0000000a  RWIX
  DMACLASRCSEL          00007980   00000040  0000001a  00000026  RWIX
  EPWM_XBAR             00007a00   00000040  00000040  00000000  RWIX
  CLB_XBAR              00007a40   00000040  00000000  00000040  RWIX
  OUTPUT_XBAR           00007a80   00000040  00000040  00000000  RWIX
  GPIOCTRL              00007c00   00000180  00000180  00000000  RWIX
  GPIODAT               00007f00   00000030  00000030  00000000  RWIX
  RAMLS01               00008000   00001000  000005c4  00000a3c  RWIX
  RAMLS2                00009000   00000800  00000000  00000800  RWIX
  RAMLS3_RAMLS4_RAMLS5  00009800   00001800  00000624  000011dc  RWIX
  RAMD1                 0000b800   00000800  00000000  00000800  RWIX
  RAMGS7                00013000   00001000  00000000  00001000  RWIX
  RAMGS8                00014000   00001000  00000000  00001000  RWIX
  RAMGS9                00015000   00001000  00000000  00001000  RWIX
  RAMGS10               00016000   00001000  00000000  00001000  RWIX
  RAMGS11               00017000   00001000  00000000  00001000  RWIX
  RAMGS12               00018000   00001000  00000000  00001000  RWIX
  RAMGS13               00019000   00001000  00000000  00001000  RWIX
  RAMGS14               0001a000   00001000  00000000  00001000  RWIX
  RAMGS15               0001b000   00001000  00000000  00001000  RWIX
  CPU2TOCPU1RAM         0003f800   00000400  00000000  00000400  RWIX
  CPU1TOCPU2RAM         0003fc00   00000400  00000000  00000400  RWIX
  EMIF1                 00047000   00000800  00000070  00000790  RWIX
  EMIF2                 00047800   00000800  00000070  00000790  RWIX
  CANA                  00048000   00000800  00000000  00000800  RWIX
  CANA_MSG_RAM          00049000   00000800  00000000  00000800  RWIX
  CANB                  0004a000   00000800  00000000  00000800  RWIX
  CANB_MSG_RAM          0004b000   00000800  00000000  00000800  RWIX
  IPC                   00050000   00000024  00000024  00000000  RWIX
  FLASHPUMPSEMAPHORE    00050024   00000002  00000002  00000000  RWIX
  DEV_CFG               0005d000   00000180  0000012e  00000052  RWIX
  ANALOG_SUBSYS         0005d180   00000080  00000048  00000038  RWIX
  CLK_CFG               0005d200   00000100  00000032  000000ce  RWIX
  CPU_SYS               0005d300   00000100  00000082  0000007e  RWIX
  ROMPREFETCH           0005e608   00000002  00000002  00000000  RWIX
  DCSM_Z1               0005f000   00000030  00000024  0000000c  RWIX
  DCSM_Z2               0005f040   00000030  00000024  0000000c  RWIX
  DCSM_COMMON           0005f070   00000010  00000008  00000008  RWIX
  MEMCFG                0005f400   00000080  00000080  00000000  RWIX
  EMIF1CONFIG           0005f480   00000020  00000020  00000000  RWIX
  EMIF2CONFIG           0005f4a0   00000020  00000020  00000000  RWIX
  ACCESSPROTECTION      0005f4c0   00000040  00000040  00000000  RWIX
  MEMORYERROR           0005f500   00000040  00000040  00000000  RWIX
  ROMWAITSTATE          0005f540   00000002  00000002  00000000  RWIX
  FLASH0_CTRL           0005f800   00000300  00000182  0000017e  RWIX
  FLASH0_ECC            0005fb00   00000040  00000028  00000018  RWIX
  DCSM_Z1_OTP           00078000   00000020  00000020  00000000  RWIX
  DCSM_Z2_OTP           00078200   00000020  00000020  00000000  RWIX


SECTION ALLOCATION MAP

 output                                  attributes/
section   page    origin      length       input sections
--------  ----  ----------  ----------   ----------------
codestart 
*          0    00000000    00000002     
                  00000000    00000002     F2837xD_CodeStartBranch.obj (codestart)

.cinit     0    00000122    000000ed     
                  00000122    00000046     usblib.lib : usbhostenum.obj (.cinit)
                  00000168    00000033                : usbdhidkeyb.obj (.cinit)
                  0000019b    00000015                : usbdhid.obj (.cinit)
                  000001b0    00000010     usb_keyb_structs.obj (.cinit)
                  000001c0    0000000e     rts2800_fpu32.lib : exit.obj (.cinit)
                  000001ce    0000000e     usblib.lib : usbtick.obj (.cinit)
                  000001dc    0000000d                : usbmode.obj (.cinit)
                  000001e9    0000000c     usb_dev_keyboard.obj (.cinit)
                  000001f5    00000009     uartstdio.obj (.cinit)
                  000001fe    00000005     rts2800_fpu32.lib : _lock.obj (.cinit:__lock)
                  00000203    00000005                       : _lock.obj (.cinit:__unlock)
                  00000208    00000005     usblib.lib : usbdenum.obj (.cinit)
                  0000020d    00000002     --HOLE-- [fill = 0]

.pinit     0    00000122    00000000     UNINITIALIZED

.reset     0    003fffc0    00000002     DSECT
                  003fffc0    00000002     rts2800_fpu32.lib : boot.obj (.reset)

.TI.ramfunc 
*          0    0000020f    00000008     
                  0000020f    00000004     F2837xD_usDelay.obj (.TI.ramfunc)
                  00000213    00000004     sysctl.obj (.TI.ramfunc)

.stack     1    00000400    00000100     UNINITIALIZED
                  00000400    00000100     --HOLE--

.econst    1    00009800    00000624     
                  00009800    000001c0     F2837xD_PieVect.obj (.econst:_PieVectTableInit)
                  000099c0    000000be     usb_dev_keyboard.obj (.econst:_g_ppi8KeyUsageCodes)
                  00009a7e    00000072     uartstdio.obj (.econst:.string)
                  00009af0    00000064     usb_dev_keyboard.obj (.econst:.string)
                  00009b54    00000052     systick.obj (.econst:.string)
                  00009ba6    00000051     sysctl.obj (.econst:.string)
                  00009bf7    00000001     --HOLE-- [fill = 0]
                  00009bf8    0000004f     uart.obj (.econst:.string)
                  00009c47    00000001     --HOLE-- [fill = 0]
                  00009c48    0000004e     usb.obj (.econst:.string)
                  00009c96    0000003f     usblib.lib : usbdhidkeyb.obj (.econst:_g_pui8KeybReportDescriptor)
                  00009cd5    00000036     usb_keyb_structs.obj (.econst:_g_pui8ConfigString)
                  00009d0b    0000002e     usb_keyb_structs.obj (.econst:_g_pui8HIDInterfaceString)
                  00009d39    00000024     usb_keyb_structs.obj (.econst:_g_pui8ManufacturerString)
                  00009d5d    00000022     usb_keyb_structs.obj (.econst:_g_pui8ProductString)
                  00009d7f    00000001     --HOLE-- [fill = 0]
                  00009d80    0000001a     usblib.lib : usbdenum.obj (.econst:_g_psUSBDStdRequests)
                  00009d9a    00000019                : usbdhidkeyb.obj (.econst)
                  00009db3    00000001     --HOLE-- [fill = 0]
                  00009db4    00000018                : usbdhid.obj (.econst)
                  00009dcc    00000012     usb_keyb_structs.obj (.econst:_g_pui8SeriailNumberString)
                  00009dde    0000000c     usb_keyb_structs.obj (.econst:_g_ppui8StringDescriptors)
                  00009dea    0000000c     usb_hal.obj (.econst)
                  00009df6    00000008     uartstdio.obj (.econst:_g_ui32UARTBase)
                  00009dfe    00000008     usblib.lib : usbhhub.obj (.econst)
                  00009e06    00000007                : usbdhidkeyb.obj (.econst:_g_pui8HIDInEndpoint)
                  00009e0d    00000007                : usbdhidkeyb.obj (.econst:_g_pui8HIDOutEndpoint)
                  00009e14    00000006     uartstdio.obj (.econst:_g_ui32UARTPeriph)
                  00009e1a    00000004     usb_keyb_structs.obj (.econst:_g_pui8LangDescriptor)
                  00009e1e    00000002     usblib.lib : usbdhidkeyb.obj (.econst:_g_ppsHIDConfigDescriptors)
                  00009e20    00000002                : usbdhidkeyb.obj (.econst:_g_pui8KeybClassDescriptors)
                  00009e22    00000002     uartstdio.obj (.econst)

GETBUFFER 
*          0    0003f800    00000000     DSECT

GETWRITEIDX 
*          0    0003f800    00000000     DSECT

PUTREADIDX 
*          0    0003f800    00000000     DSECT

.text.1    0    0000c000    00001000     
                  0000c000    0000085d     usblib.lib : usbdenum.obj (.text)
                  0000c85d    0000078e                : usbdhid.obj (.text)
                  0000cfeb    00000015     uart.obj (.text:_UARTEnable)

.text.2    0    0000d000    00001000     
                  0000d000    00000406     usblib.lib : usbhhub.obj (.text)
                  0000d406    000002a3                : usbdhidkeyb.obj (.text)
                  0000d6a9    0000025c                : usbmode.obj (.text)
                  0000d905    00000210                : usbdconfig.obj (.text)
                  0000db15    000001be     uartstdio.obj (.text:_UARTvprintf)
                  0000dcd3    00000157     usblib.lib : usbdcdesc.obj (.text)
                  0000de2a    00000143     sysctl.obj (.text:__SysCtlPeripheralValid)
                  0000df6d    00000093     interrupt.obj (.text:_IntEnable)

.text.3    0    0000e000    00001000     
                  0000e000    000000d8     usblib.lib : usbdma.obj (.text)
                  0000e0d8    000000d4     usb.obj (.text:_USBHostEndpointConfig)
                  0000e1ac    000000d2     usblib.lib : usbdesc.obj (.text)
                  0000e27e    000000c1     usb_dev_keyboard.obj (.text:_main)
                  0000e33f    000000ae     sysctl.obj (.text:_SysCtlClockSet)
                  0000e3ed    0000009c     rts2800_fpu32.lib : fd_add.obj (.text)
                  0000e489    00000092     sysctl.obj (.text:_SysCtlAuxClockSet)
                  0000e51b    0000008b     rts2800_fpu32.lib : fd_div.obj (.text)
                  0000e5a6    00000089     usb.obj (.text:_USBDevEndpointConfigSet)
                  0000e62f    00000088     usblib.lib : usbtick.obj (.text)
                  0000e6b7    00000083     rts2800_fpu32.lib : fd_mpy.obj (.text)
                  0000e73a    00000080     interrupt.obj (.text:_IntDisable)
                  0000e7ba    0000007f     interrupt.obj (.text:_IntIFRClear)
                  0000e839    0000006e     usb.obj (.text:_USBDevEndpointStallClear)
                  0000e8a7    0000006b     usb.obj (.text:_USBDevEndpointStatusClear)
                  0000e912    0000006a     usb.obj (.text:_USBEndpointDataGet)
                  0000e97c    00000066     usb.obj (.text:_USBFIFOConfigSet)
                  0000e9e2    00000064     usb.obj (.text:_USBFIFOFlush)
                  0000ea46    0000005b     usb.obj (.text:_USBDevEndpointStall)
                  0000eaa1    00000059     usb.obj (.text:_USBEndpointDataSend)
                  0000eafa    00000058     usb.obj (.text:_USBHostHubAddrSet)
                  0000eb52    00000056     rts2800_fpu32.lib : boot.obj (.text)
                  0000eba8    00000054     usb.obj (.text:_USBEndpointDataPut)
                  0000ebfc    00000050     usb.obj (.text:_USBHostEndpointStatusClear)
                  0000ec4c    0000004f     usb.obj (.text:_USBIntStatus)
                  0000ec9b    0000004e     usb_dev_keyboard.obj (.text:_SendString)
                  0000ece9    0000004c     sysctl.obj (.text:_SysCtlClockGet)
                  0000ed35    0000004b     uart.obj (.text:_UARTConfigSetExpClk)
                  0000ed80    0000004a     usb.obj (.text:_USBDevEndpointDataAck)
                  0000edca    00000048     usb.obj (.text:__USBIndexWrite)
                  0000ee12    00000047     usb_dev_keyboard.obj (.text:_KeyboardHandler)
                  0000ee59    00000046     usb.obj (.text:_USBEndpointDataAvail)
                  0000ee9f    00000046     rts2800_fpu32.lib : cpy_tbl.obj (.text)
                  0000eee5    00000043     usb.obj (.text:_USBHostEndpointDataAck)
                  0000ef28    00000042     usb.obj (.text:_USBHostAddrSet)
                  0000ef6a    00000041     uartstdio.obj (.text:_UARTStdioConfig)
                  0000efab    00000040     usb.obj (.text:_USBEndpointDataToggleClear)
                  0000efeb    00000014     usb.obj (.text:_USBHostSuspend)
                  0000efff    00000001     sysctl.obj (.text:_SysCtlUSBPLLDisable)

.text.4    0    0000f000    00000cc0     
                  0000f000    00000040     usb.obj (.text:_USBHostRequestINClear)
                  0000f040    0000003f     usb.obj (.text:_USBEndpointStatus)
                  0000f07f    0000003e     usb.obj (.text:_USBHostRequestIN)
                  0000f0bd    0000003b     usb.obj (.text:_USBIntDisableControl)
                  0000f0f8    00000038     usb.obj (.text:_USBIntEnableControl)
                  0000f130    00000036     usb.obj (.text:_USBHostPwrConfig)
                  0000f166    00000035     uartstdio.obj (.text:_UARTwrite)
                  0000f19b    00000031     usb.obj (.text:_USBIntStatusControl)
                  0000f1cc    00000031     usb_hal.obj (.text:_f28x_USB0DeviceIntHandler)
                  0000f1fd    00000031     usb_hal.obj (.text:_f28x_USB0DualModeIntHandler)
                  0000f22e    00000031     usb_hal.obj (.text:_f28x_USB0HostIntHandler)
                  0000f25f    0000002e     sysctl.obj (.text:_SysCtlPeripheralReset)
                  0000f28d    0000002c     usb_dev_keyboard.obj (.text:_ConfigureUART)
                  0000f2b9    0000002a     sysctl.obj (.text:_SysCtlPeripheralPresent)
                  0000f2e3    00000029     rts2800_fpu32.lib : exit.obj (.text)
                  0000f30c    00000026     F2837xD_PieVect.obj (.text:_InitPieVectTable)
                  0000f332    00000025     usb.obj (.text:_USBIntRegister)
                  0000f357    00000021     usb.obj (.text:_USBHostResume)
                  0000f378    00000021     usb.obj (.text:_USBOTGSessionRequest)
                  0000f399    00000020     usb_dev_keyboard.obj (.text:_WaitForSendIdle)
                  0000f3b9    0000001f     F2837xD_PieCtrl.obj (.text:_InitPieCtrl)
                  0000f3d8    0000001f     uart.obj (.text:_UARTBaseValid)
                  0000f3f7    0000001f     usb.obj (.text:_USBHostReset)
                  0000f416    0000001f     rts2800_fpu32.lib : fd_tol.obj (.text)
                  0000f435    0000001e     uart.obj (.text:_UARTDisable)
                  0000f453    0000001e     usb.obj (.text:_USBIntDisableEndpoint)
                  0000f471    0000001d     sysctl.obj (.text:_SysCtlPeripheralDisable)
                  0000f48e    0000001c     sysctl.obj (.text:_SysCtlPeripheralEnable)
                  0000f4aa    0000001c     usb.obj (.text:_USBIntEnableEndpoint)
                  0000f4c6    0000001a     usb.obj (.text:_USBEndpointDMADisable)
                  0000f4e0    0000001a     usb_hal.obj (.text:_USBGPIOEnable)
                  0000f4fa    0000001a     rts2800_fpu32.lib : cpy_utils.obj (.text)
                  0000f514    00000019                       : args_main.obj (.text)
                  0000f52d    00000018     uart.obj (.text:_UARTCharPut)
                  0000f545    00000018     usb.obj (.text:_USBIntStatusEndpoint)
                  0000f55d    00000017     sysctl.obj (.text:_SysCtlLowSpeedClockGet)
                  0000f574    00000017     usb.obj (.text:_USBDevDisconnect)
                  0000f58b    00000017     usb.obj (.text:_USBDevMode)
                  0000f5a2    00000017     usb.obj (.text:_USBHostMode)
                  0000f5b9    00000017     usb.obj (.text:_USBHostPwrDisable)
                  0000f5d0    00000017     usb.obj (.text:_USBHostPwrEnable)
                  0000f5e7    00000017     usb.obj (.text:_USBHostRequestStatus)
                  0000f5fe    00000017     usb.obj (.text:_USBModeGet)
                  0000f615    00000017     usb.obj (.text:_USBOTGMode)
                  0000f62c    00000016     usb_dev_keyboard.obj (.text:_SysTickIntHandler)
                  0000f642    00000016     usb.obj (.text:_USBDevConnect)
                  0000f658    00000016     rts2800_fpu32.lib : ul_tofd.obj (.text)
                  0000f66e    00000013     interrupt.obj (.text:_IntRegister)
                  0000f681    00000013     systick.obj (.text:_SysTickPeriodSet)
                  0000f694    00000013     usb.obj (.text:_USBDevAddrSet)
                  0000f6a7    00000012     usblib.lib : usbdhandler.obj (.text)
                  0000f6b9    0000000f     interrupt.obj (.text:_IntDefaultHandler)
                  0000f6c8    0000000f     systick.obj (.text:_SysTickIntRegister)
                  0000f6d7    0000000e     rts2800_fpu32.lib : fd_sub.obj (.text)
                  0000f6e5    0000000d     F2837xD_DefaultISR.obj (.text:_EMPTY_ISR)
                  0000f6f2    0000000c     systick.obj (.text:_SysTickInit)
                  0000f6fe    0000000b     uartstdio.obj (.text:_UARTprintf)
                  0000f709    0000000a     F2837xD_DefaultISR.obj (.text:_ADCA1_ISR)
                  0000f713    0000000a     F2837xD_DefaultISR.obj (.text:_ADCA2_ISR)
                  0000f71d    0000000a     F2837xD_DefaultISR.obj (.text:_ADCA3_ISR)
                  0000f727    0000000a     F2837xD_DefaultISR.obj (.text:_ADCA4_ISR)
                  0000f731    0000000a     F2837xD_DefaultISR.obj (.text:_ADCA_EVT_ISR)
                  0000f73b    0000000a     F2837xD_DefaultISR.obj (.text:_ADCB1_ISR)
                  0000f745    0000000a     F2837xD_DefaultISR.obj (.text:_ADCB2_ISR)
                  0000f74f    0000000a     F2837xD_DefaultISR.obj (.text:_ADCB3_ISR)
                  0000f759    0000000a     F2837xD_DefaultISR.obj (.text:_ADCB4_ISR)
                  0000f763    0000000a     F2837xD_DefaultISR.obj (.text:_ADCB_EVT_ISR)
                  0000f76d    0000000a     F2837xD_DefaultISR.obj (.text:_ADCC1_ISR)
                  0000f777    0000000a     F2837xD_DefaultISR.obj (.text:_ADCC2_ISR)
                  0000f781    0000000a     F2837xD_DefaultISR.obj (.text:_ADCC3_ISR)
                  0000f78b    0000000a     F2837xD_DefaultISR.obj (.text:_ADCC4_ISR)
                  0000f795    0000000a     F2837xD_DefaultISR.obj (.text:_ADCC_EVT_ISR)
                  0000f79f    0000000a     F2837xD_DefaultISR.obj (.text:_ADCD1_ISR)
                  0000f7a9    0000000a     F2837xD_DefaultISR.obj (.text:_ADCD2_ISR)
                  0000f7b3    0000000a     F2837xD_DefaultISR.obj (.text:_ADCD3_ISR)
                  0000f7bd    0000000a     F2837xD_DefaultISR.obj (.text:_ADCD4_ISR)
                  0000f7c7    0000000a     F2837xD_DefaultISR.obj (.text:_ADCD_EVT_ISR)
                  0000f7d1    0000000a     F2837xD_DefaultISR.obj (.text:_AUX_PLL_SLIP_ISR)
                  0000f7db    0000000a     F2837xD_DefaultISR.obj (.text:_CANA0_ISR)
                  0000f7e5    0000000a     F2837xD_DefaultISR.obj (.text:_CANA1_ISR)
                  0000f7ef    0000000a     F2837xD_DefaultISR.obj (.text:_CANB0_ISR)
                  0000f7f9    0000000a     F2837xD_DefaultISR.obj (.text:_CANB1_ISR)
                  0000f803    0000000a     F2837xD_DefaultISR.obj (.text:_CLA1_1_ISR)
                  0000f80d    0000000a     F2837xD_DefaultISR.obj (.text:_CLA1_2_ISR)
                  0000f817    0000000a     F2837xD_DefaultISR.obj (.text:_CLA1_3_ISR)
                  0000f821    0000000a     F2837xD_DefaultISR.obj (.text:_CLA1_4_ISR)
                  0000f82b    0000000a     F2837xD_DefaultISR.obj (.text:_CLA1_5_ISR)
                  0000f835    0000000a     F2837xD_DefaultISR.obj (.text:_CLA1_6_ISR)
                  0000f83f    0000000a     F2837xD_DefaultISR.obj (.text:_CLA1_7_ISR)
                  0000f849    0000000a     F2837xD_DefaultISR.obj (.text:_CLA1_8_ISR)
                  0000f853    0000000a     F2837xD_DefaultISR.obj (.text:_CLA_OVERFLOW_ISR)
                  0000f85d    0000000a     F2837xD_DefaultISR.obj (.text:_CLA_UNDERFLOW_ISR)
                  0000f867    0000000a     F2837xD_DefaultISR.obj (.text:_DATALOG_ISR)
                  0000f871    0000000a     F2837xD_DefaultISR.obj (.text:_DMA_CH1_ISR)
                  0000f87b    0000000a     F2837xD_DefaultISR.obj (.text:_DMA_CH2_ISR)
                  0000f885    0000000a     F2837xD_DefaultISR.obj (.text:_DMA_CH3_ISR)
                  0000f88f    0000000a     F2837xD_DefaultISR.obj (.text:_DMA_CH4_ISR)
                  0000f899    0000000a     F2837xD_DefaultISR.obj (.text:_DMA_CH5_ISR)
                  0000f8a3    0000000a     F2837xD_DefaultISR.obj (.text:_DMA_CH6_ISR)
                  0000f8ad    0000000a     F2837xD_DefaultISR.obj (.text:_ECAP1_ISR)
                  0000f8b7    0000000a     F2837xD_DefaultISR.obj (.text:_ECAP2_ISR)
                  0000f8c1    0000000a     F2837xD_DefaultISR.obj (.text:_ECAP3_ISR)
                  0000f8cb    0000000a     F2837xD_DefaultISR.obj (.text:_ECAP4_ISR)
                  0000f8d5    0000000a     F2837xD_DefaultISR.obj (.text:_ECAP5_ISR)
                  0000f8df    0000000a     F2837xD_DefaultISR.obj (.text:_ECAP6_ISR)
                  0000f8e9    0000000a     F2837xD_DefaultISR.obj (.text:_EMIF_ERROR_ISR)
                  0000f8f3    0000000a     F2837xD_DefaultISR.obj (.text:_EMU_ISR)
                  0000f8fd    0000000a     F2837xD_DefaultISR.obj (.text:_EPWM10_ISR)
                  0000f907    0000000a     F2837xD_DefaultISR.obj (.text:_EPWM10_TZ_ISR)
                  0000f911    0000000a     F2837xD_DefaultISR.obj (.text:_EPWM11_ISR)
                  0000f91b    0000000a     F2837xD_DefaultISR.obj (.text:_EPWM11_TZ_ISR)
                  0000f925    0000000a     F2837xD_DefaultISR.obj (.text:_EPWM12_ISR)
                  0000f92f    0000000a     F2837xD_DefaultISR.obj (.text:_EPWM12_TZ_ISR)
                  0000f939    0000000a     F2837xD_DefaultISR.obj (.text:_EPWM1_ISR)
                  0000f943    0000000a     F2837xD_DefaultISR.obj (.text:_EPWM1_TZ_ISR)
                  0000f94d    0000000a     F2837xD_DefaultISR.obj (.text:_EPWM2_ISR)
                  0000f957    0000000a     F2837xD_DefaultISR.obj (.text:_EPWM2_TZ_ISR)
                  0000f961    0000000a     F2837xD_DefaultISR.obj (.text:_EPWM3_ISR)
                  0000f96b    0000000a     F2837xD_DefaultISR.obj (.text:_EPWM3_TZ_ISR)
                  0000f975    0000000a     F2837xD_DefaultISR.obj (.text:_EPWM4_ISR)
                  0000f97f    0000000a     F2837xD_DefaultISR.obj (.text:_EPWM4_TZ_ISR)
                  0000f989    0000000a     F2837xD_DefaultISR.obj (.text:_EPWM5_ISR)
                  0000f993    0000000a     F2837xD_DefaultISR.obj (.text:_EPWM5_TZ_ISR)
                  0000f99d    0000000a     F2837xD_DefaultISR.obj (.text:_EPWM6_ISR)
                  0000f9a7    0000000a     F2837xD_DefaultISR.obj (.text:_EPWM6_TZ_ISR)
                  0000f9b1    0000000a     F2837xD_DefaultISR.obj (.text:_EPWM7_ISR)
                  0000f9bb    0000000a     F2837xD_DefaultISR.obj (.text:_EPWM7_TZ_ISR)
                  0000f9c5    0000000a     F2837xD_DefaultISR.obj (.text:_EPWM8_ISR)
                  0000f9cf    0000000a     F2837xD_DefaultISR.obj (.text:_EPWM8_TZ_ISR)
                  0000f9d9    0000000a     F2837xD_DefaultISR.obj (.text:_EPWM9_ISR)
                  0000f9e3    0000000a     F2837xD_DefaultISR.obj (.text:_EPWM9_TZ_ISR)
                  0000f9ed    0000000a     F2837xD_DefaultISR.obj (.text:_EQEP1_ISR)
                  0000f9f7    0000000a     F2837xD_DefaultISR.obj (.text:_EQEP2_ISR)
                  0000fa01    0000000a     F2837xD_DefaultISR.obj (.text:_EQEP3_ISR)
                  0000fa0b    0000000a     F2837xD_DefaultISR.obj (.text:_FLASH_CORRECTABLE_ERROR_ISR)
                  0000fa15    0000000a     F2837xD_DefaultISR.obj (.text:_FPU_OVERFLOW_ISR)
                  0000fa1f    0000000a     F2837xD_DefaultISR.obj (.text:_FPU_UNDERFLOW_ISR)
                  0000fa29    0000000a     F2837xD_DefaultISR.obj (.text:_I2CA_FIFO_ISR)
                  0000fa33    0000000a     F2837xD_DefaultISR.obj (.text:_I2CA_ISR)
                  0000fa3d    0000000a     F2837xD_DefaultISR.obj (.text:_I2CB_FIFO_ISR)
                  0000fa47    0000000a     F2837xD_DefaultISR.obj (.text:_I2CB_ISR)
                  0000fa51    0000000a     F2837xD_DefaultISR.obj (.text:_ILLEGAL_ISR)
                  0000fa5b    0000000a     F2837xD_DefaultISR.obj (.text:_IPC0_ISR)
                  0000fa65    0000000a     F2837xD_DefaultISR.obj (.text:_IPC1_ISR)
                  0000fa6f    0000000a     F2837xD_DefaultISR.obj (.text:_IPC2_ISR)
                  0000fa79    0000000a     F2837xD_DefaultISR.obj (.text:_IPC3_ISR)
                  0000fa83    0000000a     F2837xD_DefaultISR.obj (.text:_MCBSPA_RX_ISR)
                  0000fa8d    0000000a     F2837xD_DefaultISR.obj (.text:_MCBSPA_TX_ISR)
                  0000fa97    0000000a     F2837xD_DefaultISR.obj (.text:_MCBSPB_RX_ISR)
                  0000faa1    0000000a     F2837xD_DefaultISR.obj (.text:_MCBSPB_TX_ISR)
                  0000faab    0000000a     F2837xD_DefaultISR.obj (.text:_NMI_ISR)
                  0000fab5    0000000a     F2837xD_DefaultISR.obj (.text:_NOTUSED_ISR)
                  0000fabf    0000000a     F2837xD_DefaultISR.obj (.text:_PIE_RESERVED_ISR)
                  0000fac9    0000000a     F2837xD_DefaultISR.obj (.text:_RAM_ACCESS_VIOLATION_ISR)
                  0000fad3    0000000a     F2837xD_DefaultISR.obj (.text:_RAM_CORRECTABLE_ERROR_ISR)
                  0000fadd    0000000a     F2837xD_DefaultISR.obj (.text:_RTOS_ISR)
                  0000fae7    0000000a     F2837xD_DefaultISR.obj (.text:_SCIA_RX_ISR)
                  0000faf1    0000000a     F2837xD_DefaultISR.obj (.text:_SCIA_TX_ISR)
                  0000fafb    0000000a     F2837xD_DefaultISR.obj (.text:_SCIB_RX_ISR)
                  0000fb05    0000000a     F2837xD_DefaultISR.obj (.text:_SCIB_TX_ISR)
                  0000fb0f    0000000a     F2837xD_DefaultISR.obj (.text:_SCIC_RX_ISR)
                  0000fb19    0000000a     F2837xD_DefaultISR.obj (.text:_SCIC_TX_ISR)
                  0000fb23    0000000a     F2837xD_DefaultISR.obj (.text:_SCID_RX_ISR)
                  0000fb2d    0000000a     F2837xD_DefaultISR.obj (.text:_SCID_TX_ISR)
                  0000fb37    0000000a     F2837xD_DefaultISR.obj (.text:_SD1_ISR)
                  0000fb41    0000000a     F2837xD_DefaultISR.obj (.text:_SD2_ISR)
                  0000fb4b    0000000a     F2837xD_DefaultISR.obj (.text:_SPIA_RX_ISR)
                  0000fb55    0000000a     F2837xD_DefaultISR.obj (.text:_SPIA_TX_ISR)
                  0000fb5f    0000000a     F2837xD_DefaultISR.obj (.text:_SPIB_RX_ISR)
                  0000fb69    0000000a     F2837xD_DefaultISR.obj (.text:_SPIB_TX_ISR)
                  0000fb73    0000000a     F2837xD_DefaultISR.obj (.text:_SPIC_RX_ISR)
                  0000fb7d    0000000a     F2837xD_DefaultISR.obj (.text:_SPIC_TX_ISR)
                  0000fb87    0000000a     F2837xD_DefaultISR.obj (.text:_SYS_PLL_SLIP_ISR)
                  0000fb91    0000000a     systick.obj (.text:_SysTickIntEnable)
                  0000fb9b    0000000a     F2837xD_DefaultISR.obj (.text:_TIMER0_ISR)
                  0000fba5    0000000a     F2837xD_DefaultISR.obj (.text:_TIMER1_ISR)
                  0000fbaf    0000000a     F2837xD_DefaultISR.obj (.text:_TIMER2_ISR)
                  0000fbb9    0000000a     F2837xD_DefaultISR.obj (.text:_UPPA_ISR)
                  0000fbc3    0000000a     F2837xD_DefaultISR.obj (.text:_USBA_ISR)
                  0000fbcd    0000000a     F2837xD_DefaultISR.obj (.text:_USER10_ISR)
                  0000fbd7    0000000a     F2837xD_DefaultISR.obj (.text:_USER11_ISR)
                  0000fbe1    0000000a     F2837xD_DefaultISR.obj (.text:_USER12_ISR)
                  0000fbeb    0000000a     F2837xD_DefaultISR.obj (.text:_USER1_ISR)
                  0000fbf5    0000000a     F2837xD_DefaultISR.obj (.text:_USER2_ISR)
                  0000fbff    0000000a     F2837xD_DefaultISR.obj (.text:_USER3_ISR)
                  0000fc09    0000000a     F2837xD_DefaultISR.obj (.text:_USER4_ISR)
                  0000fc13    0000000a     F2837xD_DefaultISR.obj (.text:_USER5_ISR)
                  0000fc1d    0000000a     F2837xD_DefaultISR.obj (.text:_USER6_ISR)
                  0000fc27    0000000a     F2837xD_DefaultISR.obj (.text:_USER7_ISR)
                  0000fc31    0000000a     F2837xD_DefaultISR.obj (.text:_USER8_ISR)
                  0000fc3b    0000000a     F2837xD_DefaultISR.obj (.text:_USER9_ISR)
                  0000fc45    0000000a     F2837xD_DefaultISR.obj (.text:_VCU_ISR)
                  0000fc4f    0000000a     F2837xD_DefaultISR.obj (.text:_WAKE_ISR)
                  0000fc59    0000000a     F2837xD_DefaultISR.obj (.text:_XINT1_ISR)
                  0000fc63    0000000a     F2837xD_DefaultISR.obj (.text:_XINT2_ISR)
                  0000fc6d    0000000a     F2837xD_DefaultISR.obj (.text:_XINT3_ISR)
                  0000fc77    0000000a     F2837xD_DefaultISR.obj (.text:_XINT4_ISR)
                  0000fc81    0000000a     F2837xD_DefaultISR.obj (.text:_XINT5_ISR)
                  0000fc8b    00000009     rts2800_fpu32.lib : _lock.obj (.text)
                  0000fc94    00000008     interrupt.obj (.text:_IntMasterDisable)
                  0000fc9c    00000008     interrupt.obj (.text:_IntMasterEnable)
                  0000fca4    00000007     systick.obj (.text:_SysTickEnable)
                  0000fcab    00000007     usb.obj (.text:__USBIntNumberGet)
                  0000fcb2    00000005     usb.obj (.text:_USBNumEndpointsGet)
                  0000fcb7    00000005     usb_dev_keyboard.obj (.text:___error__)
                  0000fcbc    00000002     rts2800_fpu32.lib : pre_init.obj (.text)
                  0000fcbe    00000001     sysctl.obj (.text:_SysCtlUSBPLLEnable)
                  0000fcbf    00000001     rts2800_fpu32.lib : startup.obj (.text)

.text.5    0    00011000    00001603     
                  00011000    00001603     usblib.lib : usbhostenum.obj (.text)

AdcaResultFile 
*          1    00000b00    00000018     UNINITIALIZED
                  00000b00    00000018     F2837xD_GlobalVariableDefs.obj (AdcaResultFile)

AdcbResultFile 
*          1    00000b20    00000018     UNINITIALIZED
                  00000b20    00000018     F2837xD_GlobalVariableDefs.obj (AdcbResultFile)

AdccResultFile 
*          1    00000b40    00000018     UNINITIALIZED
                  00000b40    00000018     F2837xD_GlobalVariableDefs.obj (AdccResultFile)

AdcdResultFile 
*          1    00000b60    00000018     UNINITIALIZED
                  00000b60    00000018     F2837xD_GlobalVariableDefs.obj (AdcdResultFile)

CpuTimer0RegsFile 
*          1    00000c00    00000008     UNINITIALIZED
                  00000c00    00000008     F2837xD_GlobalVariableDefs.obj (CpuTimer0RegsFile)

CpuTimer1RegsFile 
*          1    00000c08    00000008     UNINITIALIZED
                  00000c08    00000008     F2837xD_GlobalVariableDefs.obj (CpuTimer1RegsFile)

CpuTimer2RegsFile 
*          1    00000c10    00000008     UNINITIALIZED
                  00000c10    00000008     F2837xD_GlobalVariableDefs.obj (CpuTimer2RegsFile)

PieCtrlRegsFile 
*          1    00000ce0    0000001a     UNINITIALIZED
                  00000ce0    0000001a     F2837xD_GlobalVariableDefs.obj (PieCtrlRegsFile)

PieVectTableFile 
*          1    00000d00    000001c0     UNINITIALIZED
                  00000d00    000001c0     F2837xD_GlobalVariableDefs.obj (PieVectTableFile)

EmuKeyVar 
*          1    00000d00    00000001     UNINITIALIZED
                  00000d00    00000001     F2837xD_GlobalVariableDefs.obj (EmuKeyVar)

EmuBModeVar 
*          1    00000d01    00000001     UNINITIALIZED
                  00000d01    00000001     F2837xD_GlobalVariableDefs.obj (EmuBModeVar)

FlashCallbackVar 
*          1    00000d02    00000000     UNINITIALIZED

FlashScalingVar 
*          1    00000d02    00000000     UNINITIALIZED

DmaRegsFile 
*          1    00001000    000000e0     UNINITIALIZED
                  00001000    000000e0     F2837xD_GlobalVariableDefs.obj (DmaRegsFile)

Cla1RegsFile 
*          1    00001400    0000003e     UNINITIALIZED
                  00001400    0000003e     F2837xD_GlobalVariableDefs.obj (Cla1RegsFile)

EPwm1RegsFile 
*          1    00004000    00000100     UNINITIALIZED
                  00004000    00000100     F2837xD_GlobalVariableDefs.obj (EPwm1RegsFile)

EPwm2RegsFile 
*          1    00004100    00000100     UNINITIALIZED
                  00004100    00000100     F2837xD_GlobalVariableDefs.obj (EPwm2RegsFile)

EPwm3RegsFile 
*          1    00004200    00000100     UNINITIALIZED
                  00004200    00000100     F2837xD_GlobalVariableDefs.obj (EPwm3RegsFile)

EPwm4RegsFile 
*          1    00004300    00000100     UNINITIALIZED
                  00004300    00000100     F2837xD_GlobalVariableDefs.obj (EPwm4RegsFile)

EPwm5RegsFile 
*          1    00004400    00000100     UNINITIALIZED
                  00004400    00000100     F2837xD_GlobalVariableDefs.obj (EPwm5RegsFile)

EPwm6RegsFile 
*          1    00004500    00000100     UNINITIALIZED
                  00004500    00000100     F2837xD_GlobalVariableDefs.obj (EPwm6RegsFile)

EPwm7RegsFile 
*          1    00004600    00000100     UNINITIALIZED
                  00004600    00000100     F2837xD_GlobalVariableDefs.obj (EPwm7RegsFile)

EPwm8RegsFile 
*          1    00004700    00000100     UNINITIALIZED
                  00004700    00000100     F2837xD_GlobalVariableDefs.obj (EPwm8RegsFile)

EPwm9RegsFile 
*          1    00004800    00000100     UNINITIALIZED
                  00004800    00000100     F2837xD_GlobalVariableDefs.obj (EPwm9RegsFile)

EPwm10RegsFile 
*          1    00004900    00000100     UNINITIALIZED
                  00004900    00000100     F2837xD_GlobalVariableDefs.obj (EPwm10RegsFile)

EPwm11RegsFile 
*          1    00004a00    00000100     UNINITIALIZED
                  00004a00    00000100     F2837xD_GlobalVariableDefs.obj (EPwm11RegsFile)

EPwm12RegsFile 
*          1    00004b00    00000100     UNINITIALIZED
                  00004b00    00000100     F2837xD_GlobalVariableDefs.obj (EPwm12RegsFile)

ECap1RegsFile 
*          1    00005000    00000020     UNINITIALIZED
                  00005000    00000020     F2837xD_GlobalVariableDefs.obj (ECap1RegsFile)

ECap2RegsFile 
*          1    00005020    00000020     UNINITIALIZED
                  00005020    00000020     F2837xD_GlobalVariableDefs.obj (ECap2RegsFile)

ECap3RegsFile 
*          1    00005040    00000020     UNINITIALIZED
                  00005040    00000020     F2837xD_GlobalVariableDefs.obj (ECap3RegsFile)

ECap4RegsFile 
*          1    00005060    00000020     UNINITIALIZED
                  00005060    00000020     F2837xD_GlobalVariableDefs.obj (ECap4RegsFile)

ECap5RegsFile 
*          1    00005080    00000020     UNINITIALIZED
                  00005080    00000020     F2837xD_GlobalVariableDefs.obj (ECap5RegsFile)

ECap6RegsFile 
*          1    000050a0    00000020     UNINITIALIZED
                  000050a0    00000020     F2837xD_GlobalVariableDefs.obj (ECap6RegsFile)

EQep1RegsFile 
*          1    00005100    00000022     UNINITIALIZED
                  00005100    00000022     F2837xD_GlobalVariableDefs.obj (EQep1RegsFile)

EQep2RegsFile 
*          1    00005140    00000022     UNINITIALIZED
                  00005140    00000022     F2837xD_GlobalVariableDefs.obj (EQep2RegsFile)

EQep3RegsFile 
*          1    00005180    00000022     UNINITIALIZED
                  00005180    00000022     F2837xD_GlobalVariableDefs.obj (EQep3RegsFile)

DacaRegsFile 
*          1    00005c00    00000008     UNINITIALIZED
                  00005c00    00000008     F2837xD_GlobalVariableDefs.obj (DacaRegsFile)

DacbRegsFile 
*          1    00005c10    00000008     UNINITIALIZED
                  00005c10    00000008     F2837xD_GlobalVariableDefs.obj (DacbRegsFile)

DaccRegsFile 
*          1    00005c20    00000008     UNINITIALIZED
                  00005c20    00000008     F2837xD_GlobalVariableDefs.obj (DaccRegsFile)

Cmpss1RegsFile 
*          1    00005c80    00000020     UNINITIALIZED
                  00005c80    00000020     F2837xD_GlobalVariableDefs.obj (Cmpss1RegsFile)

Cmpss2RegsFile 
*          1    00005ca0    00000020     UNINITIALIZED
                  00005ca0    00000020     F2837xD_GlobalVariableDefs.obj (Cmpss2RegsFile)

Cmpss3RegsFile 
*          1    00005cc0    00000020     UNINITIALIZED
                  00005cc0    00000020     F2837xD_GlobalVariableDefs.obj (Cmpss3RegsFile)

Cmpss4RegsFile 
*          1    00005ce0    00000020     UNINITIALIZED
                  00005ce0    00000020     F2837xD_GlobalVariableDefs.obj (Cmpss4RegsFile)

Cmpss5RegsFile 
*          1    00005d00    00000020     UNINITIALIZED
                  00005d00    00000020     F2837xD_GlobalVariableDefs.obj (Cmpss5RegsFile)

Cmpss6RegsFile 
*          1    00005d20    00000020     UNINITIALIZED
                  00005d20    00000020     F2837xD_GlobalVariableDefs.obj (Cmpss6RegsFile)

Cmpss7RegsFile 
*          1    00005d40    00000020     UNINITIALIZED
                  00005d40    00000020     F2837xD_GlobalVariableDefs.obj (Cmpss7RegsFile)

Cmpss8RegsFile 
*          1    00005d60    00000020     UNINITIALIZED
                  00005d60    00000020     F2837xD_GlobalVariableDefs.obj (Cmpss8RegsFile)

Sdfm1RegsFile 
*          1    00005e00    00000080     UNINITIALIZED
                  00005e00    00000080     F2837xD_GlobalVariableDefs.obj (Sdfm1RegsFile)

Sdfm2RegsFile 
*          1    00005e80    00000080     UNINITIALIZED
                  00005e80    00000080     F2837xD_GlobalVariableDefs.obj (Sdfm2RegsFile)

McbspaRegsFile 
*          1    00006000    00000024     UNINITIALIZED
                  00006000    00000024     F2837xD_GlobalVariableDefs.obj (McbspaRegsFile)

McbspbRegsFile 
*          1    00006040    00000024     UNINITIALIZED
                  00006040    00000024     F2837xD_GlobalVariableDefs.obj (McbspbRegsFile)

SpiaRegsFile 
*          1    00006100    00000010     UNINITIALIZED
                  00006100    00000010     F2837xD_GlobalVariableDefs.obj (SpiaRegsFile)

SpibRegsFile 
*          1    00006110    00000010     UNINITIALIZED
                  00006110    00000010     F2837xD_GlobalVariableDefs.obj (SpibRegsFile)

SpicRegsFile 
*          1    00006120    00000010     UNINITIALIZED
                  00006120    00000010     F2837xD_GlobalVariableDefs.obj (SpicRegsFile)

UppRegsFile 
*          1    00006200    00000048     UNINITIALIZED
                  00006200    00000048     F2837xD_GlobalVariableDefs.obj (UppRegsFile)

WdRegsFile 
*          1    00007000    0000002b     UNINITIALIZED
                  00007000    0000002b     F2837xD_GlobalVariableDefs.obj (WdRegsFile)

NmiIntruptRegsFile 
*          1    00007060    00000007     UNINITIALIZED
                  00007060    00000007     F2837xD_GlobalVariableDefs.obj (NmiIntruptRegsFile)

XintRegsFile 
*          1    00007070    0000000b     UNINITIALIZED
                  00007070    0000000b     F2837xD_GlobalVariableDefs.obj (XintRegsFile)

SciaRegsFile 
*          1    00007200    00000010     UNINITIALIZED
                  00007200    00000010     F2837xD_GlobalVariableDefs.obj (SciaRegsFile)

ScibRegsFile 
*          1    00007210    00000010     UNINITIALIZED
                  00007210    00000010     F2837xD_GlobalVariableDefs.obj (ScibRegsFile)

ScicRegsFile 
*          1    00007220    00000010     UNINITIALIZED
                  00007220    00000010     F2837xD_GlobalVariableDefs.obj (ScicRegsFile)

ScidRegsFile 
*          1    00007230    00000010     UNINITIALIZED
                  00007230    00000010     F2837xD_GlobalVariableDefs.obj (ScidRegsFile)

I2caRegsFile 
*          1    00007300    00000022     UNINITIALIZED
                  00007300    00000022     F2837xD_GlobalVariableDefs.obj (I2caRegsFile)

I2cbRegsFile 
*          1    00007340    00000022     UNINITIALIZED
                  00007340    00000022     F2837xD_GlobalVariableDefs.obj (I2cbRegsFile)

AdcaRegsFile 
*          1    00007400    00000080     UNINITIALIZED
                  00007400    00000080     F2837xD_GlobalVariableDefs.obj (AdcaRegsFile)

AdcbRegsFile 
*          1    00007480    00000080     UNINITIALIZED
                  00007480    00000080     F2837xD_GlobalVariableDefs.obj (AdcbRegsFile)

AdccRegsFile 
*          1    00007500    00000080     UNINITIALIZED
                  00007500    00000080     F2837xD_GlobalVariableDefs.obj (AdccRegsFile)

AdcdRegsFile 
*          1    00007580    00000080     UNINITIALIZED
                  00007580    00000080     F2837xD_GlobalVariableDefs.obj (AdcdRegsFile)

InputXbarRegsFile 
*          1    00007900    00000020     UNINITIALIZED
                  00007900    00000020     F2837xD_GlobalVariableDefs.obj (InputXbarRegsFile)

XbarRegsFile 
*          1    00007920    00000020     UNINITIALIZED
                  00007920    00000020     F2837xD_GlobalVariableDefs.obj (XbarRegsFile)

SyncSocRegsFile 
*          1    00007940    00000006     UNINITIALIZED
                  00007940    00000006     F2837xD_GlobalVariableDefs.obj (SyncSocRegsFile)

DmaClaSrcSelRegsFile 
*          1    00007980    0000001a     UNINITIALIZED
                  00007980    0000001a     F2837xD_GlobalVariableDefs.obj (DmaClaSrcSelRegsFile)

EPwmXbarRegsFile 
*          1    00007a00    00000040     UNINITIALIZED
                  00007a00    00000040     F2837xD_GlobalVariableDefs.obj (EPwmXbarRegsFile)

OutputXbarRegsFile 
*          1    00007a80    00000040     UNINITIALIZED
                  00007a80    00000040     F2837xD_GlobalVariableDefs.obj (OutputXbarRegsFile)

GpioCtrlRegsFile 
*          1    00007c00    00000180     UNINITIALIZED
                  00007c00    00000180     F2837xD_GlobalVariableDefs.obj (GpioCtrlRegsFile)

GpioDataRegsFile 
*          1    00007f00    00000030     UNINITIALIZED
                  00007f00    00000030     F2837xD_GlobalVariableDefs.obj (GpioDataRegsFile)

.ebss.1    1    00008000    000005be     UNINITIALIZED
                  00008000    0000038e     usblib.lib : usbhostenum.obj (.ebss)
                  0000838e    00000024                : usbdhidkeyb.obj (.ebss)
                  000083b2    0000000a                : usbmode.obj (.ebss)
                  000083bc    00000004     uartstdio.obj (.ebss)
                  000083c0    0000008c     usblib.lib : usbdma.obj (.ebss)
                  0000844c    0000001e                : usbtick.obj (.ebss)
                  0000846a    00000012                : usbdhid.obj (.ebss)
                  0000847c    00000002     rts2800_fpu32.lib : _lock.obj (.ebss:__lock)
                  0000847e    00000002                       : _lock.obj (.ebss:__unlock)
                  00008480    00000080     usblib.lib : usbdenum.obj (.ebss)
                  00008500    00000062     usb_keyb_structs.obj (.ebss)
                  00008562    00000018     F2837xD_CpuTimers.obj (.ebss)
                  0000857a    00000006     rts2800_fpu32.lib : exit.obj (.ebss)
                  00008580    0000003e     usblib.lib : usbhhub.obj (.ebss)

.ebss.2    1    000085c0    00000006     UNINITIALIZED
                  000085c0    00000006     usb_dev_keyboard.obj (.ebss)

Emif1RegsFile 
*          1    00047000    00000070     UNINITIALIZED
                  00047000    00000070     F2837xD_GlobalVariableDefs.obj (Emif1RegsFile)

Emif2RegsFile 
*          1    00047800    00000070     UNINITIALIZED
                  00047800    00000070     F2837xD_GlobalVariableDefs.obj (Emif2RegsFile)

IpcRegsFile 
*          1    00050000    00000024     UNINITIALIZED
                  00050000    00000024     F2837xD_GlobalVariableDefs.obj (IpcRegsFile)

FlashPumpSemaphoreRegsFile 
*          1    00050024    00000002     UNINITIALIZED
                  00050024    00000002     F2837xD_GlobalVariableDefs.obj (FlashPumpSemaphoreRegsFile)

DevCfgRegsFile 
*          1    0005d000    0000012e     UNINITIALIZED
                  0005d000    0000012e     F2837xD_GlobalVariableDefs.obj (DevCfgRegsFile)

AnalogSubsysRegsFile 
*          1    0005d180    00000048     UNINITIALIZED
                  0005d180    00000048     F2837xD_GlobalVariableDefs.obj (AnalogSubsysRegsFile)

Cla1SoftIntRegsFile 
*          1    00000ce0    00000004     DSECT
                  00000ce0    00000004     F2837xD_GlobalVariableDefs.obj (Cla1SoftIntRegsFile)

ClkCfgRegsFile 
*          1    0005d200    00000032     UNINITIALIZED
                  0005d200    00000032     F2837xD_GlobalVariableDefs.obj (ClkCfgRegsFile)

CpuSysRegsFile 
*          1    0005d300    00000082     UNINITIALIZED
                  0005d300    00000082     F2837xD_GlobalVariableDefs.obj (CpuSysRegsFile)

RomPrefetchRegsFile 
*          1    0005e608    00000002     UNINITIALIZED
                  0005e608    00000002     F2837xD_GlobalVariableDefs.obj (RomPrefetchRegsFile)

DcsmZ1RegsFile 
*          1    0005f000    00000024     UNINITIALIZED
                  0005f000    00000024     F2837xD_GlobalVariableDefs.obj (DcsmZ1RegsFile)

DcsmZ2RegsFile 
*          1    0005f040    00000024     UNINITIALIZED
                  0005f040    00000024     F2837xD_GlobalVariableDefs.obj (DcsmZ2RegsFile)

DcsmCommonRegsFile 
*          1    0005f070    00000008     UNINITIALIZED
                  0005f070    00000008     F2837xD_GlobalVariableDefs.obj (DcsmCommonRegsFile)

MemCfgRegsFile 
*          1    0005f400    00000080     UNINITIALIZED
                  0005f400    00000080     F2837xD_GlobalVariableDefs.obj (MemCfgRegsFile)

Emif1ConfigRegsFile 
*          1    0005f480    00000020     UNINITIALIZED
                  0005f480    00000020     F2837xD_GlobalVariableDefs.obj (Emif1ConfigRegsFile)

Emif2ConfigRegsFile 
*          1    0005f4a0    00000020     UNINITIALIZED
                  0005f4a0    00000020     F2837xD_GlobalVariableDefs.obj (Emif2ConfigRegsFile)

AccessProtectionRegsFile 
*          1    0005f4c0    00000040     UNINITIALIZED
                  0005f4c0    00000040     F2837xD_GlobalVariableDefs.obj (AccessProtectionRegsFile)

MemoryErrorRegsFile 
*          1    0005f500    00000040     UNINITIALIZED
                  0005f500    00000040     F2837xD_GlobalVariableDefs.obj (MemoryErrorRegsFile)

RomWaitStateRegsFile 
*          1    0005f540    00000002     UNINITIALIZED
                  0005f540    00000002     F2837xD_GlobalVariableDefs.obj (RomWaitStateRegsFile)

Flash0CtrlRegsFile 
*          1    0005f800    00000182     UNINITIALIZED
                  0005f800    00000182     F2837xD_GlobalVariableDefs.obj (Flash0CtrlRegsFile)

Flash0EccRegsFile 
*          1    0005fb00    00000028     UNINITIALIZED
                  0005fb00    00000028     F2837xD_GlobalVariableDefs.obj (Flash0EccRegsFile)

DcsmZ1OtpFile 
*          1    00078000    00000020     NOLOAD SECTION
                  00078000    00000020     F2837xD_GlobalVariableDefs.obj (DcsmZ1OtpFile)

DcsmZ2OtpFile 
*          1    00078200    00000020     NOLOAD SECTION
                  00078200    00000020     F2837xD_GlobalVariableDefs.obj (DcsmZ2OtpFile)

MODULE SUMMARY

       Module                           code    ro data   rw data
       ------                           ----    -------   -------
    .\
       F2837xD_GlobalVariableDefs.obj   0       0         8047   
       usb.obj                          2704    0         78     
       F2837xD_DefaultISR.obj           1413    0         0      
       sysctl.obj                       893     0         81     
       usb_dev_keyboard.obj             445     0         308    
       uartstdio.obj                    575     0         143    
       F2837xD_PieVect.obj              38      0         448    
       interrupt.obj                    452     0         0      
       usb_keyb_structs.obj             0       0         318    
       uart.obj                         181     0         79     
       usb_hal.obj                      173     0         12     
       systick.obj                      63      0         82     
       F2837xD_PieCtrl.obj              31      0         0      
       F2837xD_CpuTimers.obj            0       0         24     
       F2837xD_usDelay.obj              4       0         0      
       F2837xD_CodeStartBranch.obj      2       0         0      
    +--+--------------------------------+-------+---------+---------+
       Total:                           6974    0         9620   
                                                                 
    C:/ti/c2000_15.12.3.LTS/lib/rts2800_fpu32.lib
       fd_add.obj                       156     0         0      
       fd_div.obj                       139     0         0      
       fd_mpy.obj                       131     0         0      
       boot.obj                         86      0         0      
       cpy_tbl.obj                      70      0         0      
       exit.obj                         41      0         20     
       fd_tol.obj                       31      0         0      
       cpy_utils.obj                    26      0         0      
       args_main.obj                    25      0         0      
       _lock.obj                        9       0         14     
       ul_tofd.obj                      22      0         0      
       fd_sub.obj                       14      0         0      
       pre_init.obj                     2       0         0      
       startup.obj                      1       0         0      
    +--+--------------------------------+-------+---------+---------+
       Total:                           753     0         34     
                                                                 
    C:/ti/controlSUITE/device_support/F2837xD/v210/F2837xD_common/lib/usblib.lib
       usbhostenum.obj                  5635    0         980    
       usbdenum.obj                     2141    0         159    
       usbdhid.obj                      1934    0         63     
       usbhhub.obj                      1030    0         70     
       usbdhidkeyb.obj                  675     0         193    
       usbmode.obj                      604     0         23     
       usbdconfig.obj                   528     0         0      
       usbdma.obj                       216     0         140    
       usbdcdesc.obj                    343     0         0      
       usbdesc.obj                      210     0         0      
       usbtick.obj                      136     0         44     
       usbdhandler.obj                  18      0         0      
    +--+--------------------------------+-------+---------+---------+
       Total:                           13470   0         1672   
                                                                 
       Stack:                           0       0         256    
    +--+--------------------------------+-------+---------+---------+
       Grand Total:                     21197   0         11582  


GLOBAL DATA SYMBOLS: SORTED BY DATA PAGE

address     data page           name
--------    ----------------    ----
00000400      10 (00000400)     __stack

00000b00      2c (00000b00)     _AdcaResultRegs
00000b20      2c (00000b00)     _AdcbResultRegs

00000b40      2d (00000b40)     _AdccResultRegs
00000b60      2d (00000b40)     _AdcdResultRegs

00000c00      30 (00000c00)     _CpuTimer0Regs
00000c08      30 (00000c00)     _CpuTimer1Regs
00000c10      30 (00000c00)     _CpuTimer2Regs

00000ce0      33 (00000cc0)     _Cla1SoftIntRegs
00000ce0      33 (00000cc0)     _PieCtrlRegs

00000d00      34 (00000d00)     _EmuKey
00000d00      34 (00000d00)     _PieVectTable
00000d01      34 (00000d00)     _EmuBMode

00001000      40 (00001000)     _DmaRegs

00001400      50 (00001400)     _Cla1Regs

00004000     100 (00004000)     _EPwm1Regs

00004100     104 (00004100)     _EPwm2Regs

00004200     108 (00004200)     _EPwm3Regs

00004300     10c (00004300)     _EPwm4Regs

00004400     110 (00004400)     _EPwm5Regs

00004500     114 (00004500)     _EPwm6Regs

00004600     118 (00004600)     _EPwm7Regs

00004700     11c (00004700)     _EPwm8Regs

00004800     120 (00004800)     _EPwm9Regs

00004900     124 (00004900)     _EPwm10Regs

00004a00     128 (00004a00)     _EPwm11Regs

00004b00     12c (00004b00)     _EPwm12Regs

00005000     140 (00005000)     _ECap1Regs
00005020     140 (00005000)     _ECap2Regs

00005040     141 (00005040)     _ECap3Regs
00005060     141 (00005040)     _ECap4Regs

00005080     142 (00005080)     _ECap5Regs
000050a0     142 (00005080)     _ECap6Regs

00005100     144 (00005100)     _EQep1Regs

00005140     145 (00005140)     _EQep2Regs

00005180     146 (00005180)     _EQep3Regs

00005c00     170 (00005c00)     _DacaRegs
00005c10     170 (00005c00)     _DacbRegs
00005c20     170 (00005c00)     _DaccRegs

00005c80     172 (00005c80)     _Cmpss1Regs
00005ca0     172 (00005c80)     _Cmpss2Regs

00005cc0     173 (00005cc0)     _Cmpss3Regs
00005ce0     173 (00005cc0)     _Cmpss4Regs

00005d00     174 (00005d00)     _Cmpss5Regs
00005d20     174 (00005d00)     _Cmpss6Regs

00005d40     175 (00005d40)     _Cmpss7Regs
00005d60     175 (00005d40)     _Cmpss8Regs

00005e00     178 (00005e00)     _Sdfm1Regs

00005e80     17a (00005e80)     _Sdfm2Regs

00006000     180 (00006000)     _McbspaRegs

00006040     181 (00006040)     _McbspbRegs

00006100     184 (00006100)     _SpiaRegs
00006110     184 (00006100)     _SpibRegs
00006120     184 (00006100)     _SpicRegs

00006200     188 (00006200)     _UppRegs

00007000     1c0 (00007000)     _WdRegs

00007060     1c1 (00007040)     _NmiIntruptRegs
00007070     1c1 (00007040)     _XintRegs

00007200     1c8 (00007200)     _SciaRegs
00007210     1c8 (00007200)     _ScibRegs
00007220     1c8 (00007200)     _ScicRegs
00007230     1c8 (00007200)     _ScidRegs

00007300     1cc (00007300)     _I2caRegs

00007340     1cd (00007340)     _I2cbRegs

00007400     1d0 (00007400)     _AdcaRegs

00007480     1d2 (00007480)     _AdcbRegs

00007500     1d4 (00007500)     _AdccRegs

00007580     1d6 (00007580)     _AdcdRegs

00007900     1e4 (00007900)     _InputXbarRegs
00007920     1e4 (00007900)     _XbarRegs

00007940     1e5 (00007940)     _SyncSocRegs

00007980     1e6 (00007980)     _DmaClaSrcSelRegs

00007a00     1e8 (00007a00)     _EPwmXbarRegs

00007a80     1ea (00007a80)     _OutputXbarRegs

00007c00     1f0 (00007c00)     _GpioCtrlRegs

00007f00     1fc (00007f00)     _GpioDataRegs

000083b3     20e (00008380)     _g_iUSBMode
000083b4     20e (00008380)     _g_eOTGModeState
000083b8     20e (00008380)     _g_ui32PollRate
000083ba     20e (00008380)     _g_ui32WaitTicks

0000844c     211 (00008440)     _g_bUSBTimerInitialized
0000844e     211 (00008440)     _g_ui32CurrentUSBTick
00008450     211 (00008440)     _g_ui32USBSOFCount
00008452     211 (00008440)     _g_pfnTickHandlers
0000845e     211 (00008440)     _g_pvTickInstance
0000846a     211 (00008440)     _g_pui8HIDDeviceDescriptor
0000847c     211 (00008440)     __lock
0000847e     211 (00008440)     __unlock

00008480     212 (00008480)     _g_ppsDevInfo
00008484     212 (00008480)     _g_psDCDInst

00008500     214 (00008500)     _g_sKeyboardDevice

00008562     215 (00008540)     _CpuTimer1
0000856a     215 (00008540)     _CpuTimer2
00008572     215 (00008540)     _CpuTimer0
0000857a     215 (00008540)     ___TI_enable_exit_profile_output
0000857c     215 (00008540)     ___TI_cleanup_ptr
0000857e     215 (00008540)     ___TI_dtors_ptr

000085c0     217 (000085c0)     _g_bConnected
000085c1     217 (000085c0)     _g_bSuspended
000085c2     217 (000085c0)     _g_bDisplayUpdateRequired
000085c3     217 (000085c0)     _g_eKeyboardState
000085c4     217 (000085c0)     _g_ui32SysTickCount

00009800     260 (00009800)     _PieVectTableInit

00009cd5     273 (00009cc0)     _g_pui8ConfigString

00009d0b     274 (00009d00)     _g_pui8HIDInterfaceString
00009d39     274 (00009d00)     _g_pui8ManufacturerString

00009d5d     275 (00009d40)     _g_pui8ProductString

00009db4     276 (00009d80)     _g_sHIDHandlers

00009dcc     277 (00009dc0)     _g_pui8SeriailNumberString
00009dde     277 (00009dc0)     _g_ppui8StringDescriptors
00009dfe     277 (00009dc0)     _g_sUSBHubClassDriver

00009e1a     278 (00009e00)     _g_pui8LangDescriptor

00047000    11c0 (00047000)     _Emif1Regs

00047800    11e0 (00047800)     _Emif2Regs

00050000    1400 (00050000)     _IpcRegs
00050024    1400 (00050000)     _FlashPumpSemaphoreRegs

0005d000    1740 (0005d000)     _DevCfgRegs

0005d180    1746 (0005d180)     _AnalogSubsysRegs

0005d200    1748 (0005d200)     _ClkCfgRegs

0005d300    174c (0005d300)     _CpuSysRegs

0005e608    1798 (0005e600)     _RomPrefetchRegs

0005f000    17c0 (0005f000)     _DcsmZ1Regs

0005f040    17c1 (0005f040)     _DcsmZ2Regs
0005f070    17c1 (0005f040)     _DcsmCommonRegs

0005f400    17d0 (0005f400)     _MemCfgRegs

0005f480    17d2 (0005f480)     _Emif1ConfigRegs
0005f4a0    17d2 (0005f480)     _Emif2ConfigRegs

0005f4c0    17d3 (0005f4c0)     _AccessProtectionRegs

0005f500    17d4 (0005f500)     _MemoryErrorRegs

0005f540    17d5 (0005f540)     _RomWaitStateRegs

0005f800    17e0 (0005f800)     _Flash0CtrlRegs

0005fb00    17ec (0005fb00)     _Flash0EccRegs

00078000    1e00 (00078000)     _DcsmZ1Otp

00078200    1e08 (00078200)     _DcsmZ2Otp


GLOBAL SYMBOLS: SORTED ALPHABETICALLY BY Name 

page  address   name                                  
----  -------   ----                                  
abs   ffffffff  .text                                 
0     0000f2e3  C$$EXIT                               
0     0000e3ed  FD$$ADD                               
0     0000e51b  FD$$DIV                               
0     0000e6b7  FD$$MPY                               
0     0000f6d7  FD$$SUB                               
0     0000f416  FD$$TOL                               
0     0000f658  UL$$TOFD                              
0     0000f709  _ADCA1_ISR                            
0     0000f713  _ADCA2_ISR                            
0     0000f71d  _ADCA3_ISR                            
0     0000f727  _ADCA4_ISR                            
0     0000f731  _ADCA_EVT_ISR                         
0     0000f73b  _ADCB1_ISR                            
0     0000f745  _ADCB2_ISR                            
0     0000f74f  _ADCB3_ISR                            
0     0000f759  _ADCB4_ISR                            
0     0000f763  _ADCB_EVT_ISR                         
0     0000f76d  _ADCC1_ISR                            
0     0000f777  _ADCC2_ISR                            
0     0000f781  _ADCC3_ISR                            
0     0000f78b  _ADCC4_ISR                            
0     0000f795  _ADCC_EVT_ISR                         
0     0000f79f  _ADCD1_ISR                            
0     0000f7a9  _ADCD2_ISR                            
0     0000f7b3  _ADCD3_ISR                            
0     0000f7bd  _ADCD4_ISR                            
0     0000f7c7  _ADCD_EVT_ISR                         
0     0000f7d1  _AUX_PLL_SLIP_ISR                     
1     0005f4c0  _AccessProtectionRegs                 
1     00007400  _AdcaRegs                             
1     00000b00  _AdcaResultRegs                       
1     00007480  _AdcbRegs                             
1     00000b20  _AdcbResultRegs                       
1     00007500  _AdccRegs                             
1     00000b40  _AdccResultRegs                       
1     00007580  _AdcdRegs                             
1     00000b60  _AdcdResultRegs                       
1     0005d180  _AnalogSubsysRegs                     
0     0000f7db  _CANA0_ISR                            
0     0000f7e5  _CANA1_ISR                            
0     0000f7ef  _CANB0_ISR                            
0     0000f7f9  _CANB1_ISR                            
0     0000f803  _CLA1_1_ISR                           
0     0000f80d  _CLA1_2_ISR                           
0     0000f817  _CLA1_3_ISR                           
0     0000f821  _CLA1_4_ISR                           
0     0000f82b  _CLA1_5_ISR                           
0     0000f835  _CLA1_6_ISR                           
0     0000f83f  _CLA1_7_ISR                           
0     0000f849  _CLA1_8_ISR                           
0     0000f853  _CLA_OVERFLOW_ISR                     
0     0000f85d  _CLA_UNDERFLOW_ISR                    
1     00001400  _Cla1Regs                             
0     00000ce0  _Cla1SoftIntRegs                      
1     0005d200  _ClkCfgRegs                           
1     00005c80  _Cmpss1Regs                           
1     00005ca0  _Cmpss2Regs                           
1     00005cc0  _Cmpss3Regs                           
1     00005ce0  _Cmpss4Regs                           
1     00005d00  _Cmpss5Regs                           
1     00005d20  _Cmpss6Regs                           
1     00005d40  _Cmpss7Regs                           
1     00005d60  _Cmpss8Regs                           
0     00011000  _ConfigDescAlloc                      
0     00011054  _ConfigDescFree                       
0     0000f28d  _ConfigureUART                        
1     0005d300  _CpuSysRegs                           
1     00008572  _CpuTimer0                            
1     00000c00  _CpuTimer0Regs                        
1     00008562  _CpuTimer1                            
1     00000c08  _CpuTimer1Regs                        
1     0000856a  _CpuTimer2                            
1     00000c10  _CpuTimer2Regs                        
0     0000f867  _DATALOG_ISR                          
0     0000f871  _DMA_CH1_ISR                          
0     0000f87b  _DMA_CH2_ISR                          
0     0000f885  _DMA_CH3_ISR                          
0     0000f88f  _DMA_CH4_ISR                          
0     0000f899  _DMA_CH5_ISR                          
0     0000f8a3  _DMA_CH6_ISR                          
1     00005c00  _DacaRegs                             
1     00005c10  _DacbRegs                             
1     00005c20  _DaccRegs                             
1     0005f070  _DcsmCommonRegs                       
1     00078000  _DcsmZ1Otp                            
1     0005f000  _DcsmZ1Regs                           
1     00078200  _DcsmZ2Otp                            
1     0005f040  _DcsmZ2Regs                           
1     0005d000  _DevCfgRegs                           
1     00007980  _DmaClaSrcSelRegs                     
1     00001000  _DmaRegs                              
0     0000f8ad  _ECAP1_ISR                            
0     0000f8b7  _ECAP2_ISR                            
0     0000f8c1  _ECAP3_ISR                            
0     0000f8cb  _ECAP4_ISR                            
0     0000f8d5  _ECAP5_ISR                            
0     0000f8df  _ECAP6_ISR                            
1     00005000  _ECap1Regs                            
1     00005020  _ECap2Regs                            
1     00005040  _ECap3Regs                            
1     00005060  _ECap4Regs                            
1     00005080  _ECap5Regs                            
1     000050a0  _ECap6Regs                            
0     0000f8e9  _EMIF_ERROR_ISR                       
0     0000f6e5  _EMPTY_ISR                            
0     0000f8f3  _EMU_ISR                              
0     0000f8fd  _EPWM10_ISR                           
0     0000f907  _EPWM10_TZ_ISR                        
0     0000f911  _EPWM11_ISR                           
0     0000f91b  _EPWM11_TZ_ISR                        
0     0000f925  _EPWM12_ISR                           
0     0000f92f  _EPWM12_TZ_ISR                        
0     0000f939  _EPWM1_ISR                            
0     0000f943  _EPWM1_TZ_ISR                         
0     0000f94d  _EPWM2_ISR                            
0     0000f957  _EPWM2_TZ_ISR                         
0     0000f961  _EPWM3_ISR                            
0     0000f96b  _EPWM3_TZ_ISR                         
0     0000f975  _EPWM4_ISR                            
0     0000f97f  _EPWM4_TZ_ISR                         
0     0000f989  _EPWM5_ISR                            
0     0000f993  _EPWM5_TZ_ISR                         
0     0000f99d  _EPWM6_ISR                            
0     0000f9a7  _EPWM6_TZ_ISR                         
0     0000f9b1  _EPWM7_ISR                            
0     0000f9bb  _EPWM7_TZ_ISR                         
0     0000f9c5  _EPWM8_ISR                            
0     0000f9cf  _EPWM8_TZ_ISR                         
0     0000f9d9  _EPWM9_ISR                            
0     0000f9e3  _EPWM9_TZ_ISR                         
1     00004900  _EPwm10Regs                           
1     00004a00  _EPwm11Regs                           
1     00004b00  _EPwm12Regs                           
1     00004000  _EPwm1Regs                            
1     00004100  _EPwm2Regs                            
1     00004200  _EPwm3Regs                            
1     00004300  _EPwm4Regs                            
1     00004400  _EPwm5Regs                            
1     00004500  _EPwm6Regs                            
1     00004600  _EPwm7Regs                            
1     00004700  _EPwm8Regs                            
1     00004800  _EPwm9Regs                            
1     00007a00  _EPwmXbarRegs                         
0     0000f9ed  _EQEP1_ISR                            
0     0000f9f7  _EQEP2_ISR                            
0     0000fa01  _EQEP3_ISR                            
1     00005100  _EQep1Regs                            
1     00005140  _EQep2Regs                            
1     00005180  _EQep3Regs                            
1     0005f480  _Emif1ConfigRegs                      
1     00047000  _Emif1Regs                            
1     0005f4a0  _Emif2ConfigRegs                      
1     00047800  _Emif2Regs                            
1     00000d01  _EmuBMode                             
1     00000d00  _EmuKey                               
0     0000020f  _F28x_usDelay                         
0     0000fa0b  _FLASH_CORRECTABLE_ERROR_ISR          
0     0000fa15  _FPU_OVERFLOW_ISR                     
0     0000fa1f  _FPU_UNDERFLOW_ISR                    
1     0005f800  _Flash0CtrlRegs                       
1     0005fb00  _Flash0EccRegs                        
1     00050024  _FlashPumpSemaphoreRegs               
1     00007c00  _GpioCtrlRegs                         
1     00007f00  _GpioDataRegs                         
0     0000fa29  _I2CA_FIFO_ISR                        
0     0000fa33  _I2CA_ISR                             
0     0000fa3d  _I2CB_FIFO_ISR                        
0     0000fa47  _I2CB_ISR                             
1     00007300  _I2caRegs                             
1     00007340  _I2cbRegs                             
0     0000fa51  _ILLEGAL_ISR                          
0     0000fa5b  _IPC0_ISR                             
0     0000fa65  _IPC1_ISR                             
0     0000fa6f  _IPC2_ISR                             
0     0000fa79  _IPC3_ISR                             
0     0000f3b9  _InitPieCtrl                          
0     0000f30c  _InitPieVectTable                     
1     00007900  _InputXbarRegs                        
0     0000f6b9  _IntDefaultHandler                    
0     0000e73a  _IntDisable                           
0     0000df6d  _IntEnable                            
0     0000e7ba  _IntIFRClear                          
0     0000fc94  _IntMasterDisable                     
0     0000fc9c  _IntMasterEnable                      
0     0000f66e  _IntRegister                          
0     0001210e  _InternalUSBHCDSendEvent              
0     0000e65a  _InternalUSBRegisterTickHandler       
0     0000e68a  _InternalUSBStartOfFrameTick          
0     0000e62f  _InternalUSBTickInit                  
0     0000e656  _InternalUSBTickReset                 
1     00050000  _IpcRegs                              
0     0000ee12  _KeyboardHandler                      
0     0000fa83  _MCBSPA_RX_ISR                        
0     0000fa8d  _MCBSPA_TX_ISR                        
0     0000fa97  _MCBSPB_RX_ISR                        
0     0000faa1  _MCBSPB_TX_ISR                        
1     00006000  _McbspaRegs                           
1     00006040  _McbspbRegs                           
1     0005f400  _MemCfgRegs                           
1     0005f500  _MemoryErrorRegs                      
0     0000faab  _NMI_ISR                              
0     0000fab5  _NOTUSED_ISR                          
1     00007060  _NmiIntruptRegs                       
0     0000d8a7  _OTGDeviceDisconnect                  
1     00007a80  _OutputXbarRegs                       
0     0000fabf  _PIE_RESERVED_ISR                     
1     00000ce0  _PieCtrlRegs                          
1     00000d00  _PieVectTable                         
1     00009800  _PieVectTableInit                     
0     0000fac9  _RAM_ACCESS_VIOLATION_ISR             
0     0000fad3  _RAM_CORRECTABLE_ERROR_ISR            
0     0000fadd  _RTOS_ISR                             
1     0005e608  _RomPrefetchRegs                      
1     0005f540  _RomWaitStateRegs                     
0     0000fae7  _SCIA_RX_ISR                          
0     0000faf1  _SCIA_TX_ISR                          
0     0000fafb  _SCIB_RX_ISR                          
0     0000fb05  _SCIB_TX_ISR                          
0     0000fb0f  _SCIC_RX_ISR                          
0     0000fb19  _SCIC_TX_ISR                          
0     0000fb23  _SCID_RX_ISR                          
0     0000fb2d  _SCID_TX_ISR                          
0     0000fb37  _SD1_ISR                              
0     0000fb41  _SD2_ISR                              
0     0000fb4b  _SPIA_RX_ISR                          
0     0000fb55  _SPIA_TX_ISR                          
0     0000fb5f  _SPIB_RX_ISR                          
0     0000fb69  _SPIB_TX_ISR                          
0     0000fb73  _SPIC_RX_ISR                          
0     0000fb7d  _SPIC_TX_ISR                          
0     0000fb87  _SYS_PLL_SLIP_ISR                     
1     00007200  _SciaRegs                             
1     00007210  _ScibRegs                             
1     00007220  _ScicRegs                             
1     00007230  _ScidRegs                             
1     00005e00  _Sdfm1Regs                            
1     00005e80  _Sdfm2Regs                            
0     0000ec9b  _SendString                           
1     00006100  _SpiaRegs                             
1     00006110  _SpibRegs                             
1     00006120  _SpicRegs                             
1     00007940  _SyncSocRegs                          
0     0000e489  _SysCtlAuxClockSet                    
0     0000ece9  _SysCtlClockGet                       
0     0000e33f  _SysCtlClockSet                       
0     00000213  _SysCtlDelay                          
0     0000f55d  _SysCtlLowSpeedClockGet               
0     0000f471  _SysCtlPeripheralDisable              
0     0000f48e  _SysCtlPeripheralEnable               
0     0000f2b9  _SysCtlPeripheralPresent              
0     0000f25f  _SysCtlPeripheralReset                
0     0000efff  _SysCtlUSBPLLDisable                  
0     0000fcbe  _SysCtlUSBPLLEnable                   
0     0000fca4  _SysTickEnable                        
0     0000f6f2  _SysTickInit                          
0     0000fb91  _SysTickIntEnable                     
0     0000f62c  _SysTickIntHandler                    
0     0000f6c8  _SysTickIntRegister                   
0     0000f681  _SysTickPeriodSet                     
0     0000fb9b  _TIMER0_ISR                           
0     0000fba5  _TIMER1_ISR                           
0     0000fbaf  _TIMER2_ISR                           
0     0000f52d  _UARTCharPut                          
0     0000ed35  _UARTConfigSetExpClk                  
0     0000f435  _UARTDisable                          
0     0000cfeb  _UARTEnable                           
0     0000ef6a  _UARTStdioConfig                      
0     0000f6fe  _UARTprintf                           
0     0000db15  _UARTvprintf                          
0     0000f166  _UARTwrite                            
0     0000fbb9  _UPPA_ISR                             
0     0000f6a7  _USB0DeviceIntHandler                 
0     0000d6f9  _USB0DualModeIntHandler               
0     00012093  _USB0HostIntHandler                   
0     0000d828  _USB0OTGModeIntHandler                
0     0000fbc3  _USBA_ISR                             
0     0000dd74  _USBDCDConfigDescGet                  
0     0000dd4e  _USBDCDConfigDescGetNum               
0     0000dd34  _USBDCDConfigDescGetSize              
0     0000dddf  _USBDCDConfigGetInterface             
0     0000ddf8  _USBDCDConfigGetInterfaceEndpoint     
0     0000ddba  _USBDCDConfigGetNumAlternateInterfaces
0     0000c000  _USBDCDDeviceInfoInit                 
0     0000c012  _USBDCDInit                           
0     0000c0ff  _USBDCDPowerStatusSet                 
0     0000c10c  _USBDCDRemoteWakeupRequest            
0     0000c0c9  _USBDCDRequestDataEP0                 
0     0000c0d7  _USBDCDSendDataEP0                    
0     0000c0e6  _USBDCDSetDefaultConfiguration        
0     0000c0ee  _USBDCDStallEP0                       
0     0000c094  _USBDCDTerm                           
0     0000ce18  _USBDHIDCompositeInit                 
0     0000cde1  _USBDHIDInit                          
[...]
0     0000f52d  _UARTCharPut                          
0     0000f545  _USBIntStatusEndpoint                 
0     0000f55d  _SysCtlLowSpeedClockGet               
0     0000f574  _USBDevDisconnect                     
0     0000f58b  _USBDevMode                           
0     0000f5a2  _USBHostMode                          
0     0000f5b9  _USBHostPwrDisable                    
0     0000f5d0  _USBHostPwrEnable                     
0     0000f5e7  _USBHostRequestStatus                 
0     0000f5fe  _USBModeGet                           
0     0000f615  _USBOTGMode                           
0     0000f62c  _SysTickIntHandler                    
0     0000f642  _USBDevConnect                        
0     0000f658  UL$$TOFD                              
0     0000f66e  _IntRegister                          
0     0000f681  _SysTickPeriodSet                     
0     0000f694  _USBDevAddrSet                        
0     0000f6a7  _USB0DeviceIntHandler                 
0     0000f6b9  _IntDefaultHandler                    
0     0000f6c8  _SysTickIntRegister                   
0     0000f6d7  FD$$SUB                               
0     0000f6e5  _EMPTY_ISR                            
0     0000f6f2  _SysTickInit                          
0     0000f6fe  _UARTprintf                           
0     0000f709  _ADCA1_ISR                            
0     0000f713  _ADCA2_ISR                            
0     0000f71d  _ADCA3_ISR                            
0     0000f727  _ADCA4_ISR                            
0     0000f731  _ADCA_EVT_ISR                         
0     0000f73b  _ADCB1_ISR                            
0     0000f745  _ADCB2_ISR                            
0     0000f74f  _ADCB3_ISR                            
0     0000f759  _ADCB4_ISR                            
0     0000f763  _ADCB_EVT_ISR                         
0     0000f76d  _ADCC1_ISR                            
0     0000f777  _ADCC2_ISR                            
0     0000f781  _ADCC3_ISR                            
0     0000f78b  _ADCC4_ISR                            
0     0000f795  _ADCC_EVT_ISR                         
0     0000f79f  _ADCD1_ISR                            
0     0000f7a9  _ADCD2_ISR                            
0     0000f7b3  _ADCD3_ISR                            
0     0000f7bd  _ADCD4_ISR                            
0     0000f7c7  _ADCD_EVT_ISR                         
0     0000f7d1  _AUX_PLL_SLIP_ISR                     
0     0000f7db  _CANA0_ISR                            
0     0000f7e5  _CANA1_ISR                            
0     0000f7ef  _CANB0_ISR                            
0     0000f7f9  _CANB1_ISR                            
0     0000f803  _CLA1_1_ISR                           
0     0000f80d  _CLA1_2_ISR                           
0     0000f817  _CLA1_3_ISR                           
0     0000f821  _CLA1_4_ISR                           
0     0000f82b  _CLA1_5_ISR                           
0     0000f835  _CLA1_6_ISR                           
0     0000f83f  _CLA1_7_ISR                           
0     0000f849  _CLA1_8_ISR                           
0     0000f853  _CLA_OVERFLOW_ISR                     
0     0000f85d  _CLA_UNDERFLOW_ISR                    
0     0000f867  _DATALOG_ISR                          
0     0000f871  _DMA_CH1_ISR                          
0     0000f87b  _DMA_CH2_ISR                          
0     0000f885  _DMA_CH3_ISR                          
0     0000f88f  _DMA_CH4_ISR                          
0     0000f899  _DMA_CH5_ISR                          
0     0000f8a3  _DMA_CH6_ISR                          
0     0000f8ad  _ECAP1_ISR                            
0     0000f8b7  _ECAP2_ISR                            
0     0000f8c1  _ECAP3_ISR                            
0     0000f8cb  _ECAP4_ISR                            
0     0000f8d5  _ECAP5_ISR                            
0     0000f8df  _ECAP6_ISR                            
0     0000f8e9  _EMIF_ERROR_ISR                       
0     0000f8f3  _EMU_ISR                              
0     0000f8fd  _EPWM10_ISR                           
0     0000f907  _EPWM10_TZ_ISR                        
0     0000f911  _EPWM11_ISR                           
0     0000f91b  _EPWM11_TZ_ISR                        
0     0000f925  _EPWM12_ISR                           
0     0000f92f  _EPWM12_TZ_ISR                        
0     0000f939  _EPWM1_ISR                            
0     0000f943  _EPWM1_TZ_ISR                         
0     0000f94d  _EPWM2_ISR                            
0     0000f957  _EPWM2_TZ_ISR                         
0     0000f961  _EPWM3_ISR                            
0     0000f96b  _EPWM3_TZ_ISR                         
0     0000f975  _EPWM4_ISR                            
0     0000f97f  _EPWM4_TZ_ISR                         
0     0000f989  _EPWM5_ISR                            
0     0000f993  _EPWM5_TZ_ISR                         
0     0000f99d  _EPWM6_ISR                            
0     0000f9a7  _EPWM6_TZ_ISR                         
0     0000f9b1  _EPWM7_ISR                            
0     0000f9bb  _EPWM7_TZ_ISR                         
0     0000f9c5  _EPWM8_ISR                            
0     0000f9cf  _EPWM8_TZ_ISR                         
0     0000f9d9  _EPWM9_ISR                            
0     0000f9e3  _EPWM9_TZ_ISR                         
0     0000f9ed  _EQEP1_ISR                            
0     0000f9f7  _EQEP2_ISR                            
0     0000fa01  _EQEP3_ISR                            
0     0000fa0b  _FLASH_CORRECTABLE_ERROR_ISR          
0     0000fa15  _FPU_OVERFLOW_ISR                     
0     0000fa1f  _FPU_UNDERFLOW_ISR                    
0     0000fa29  _I2CA_FIFO_ISR                        
0     0000fa33  _I2CA_ISR                             
0     0000fa3d  _I2CB_FIFO_ISR                        
0     0000fa47  _I2CB_ISR                             
0     0000fa51  _ILLEGAL_ISR                          
0     0000fa5b  _IPC0_ISR                             
0     0000fa65  _IPC1_ISR                             
0     0000fa6f  _IPC2_ISR                             
0     0000fa79  _IPC3_ISR                             
0     0000fa83  _MCBSPA_RX_ISR                        
0     0000fa8d  _MCBSPA_TX_ISR                        
0     0000fa97  _MCBSPB_RX_ISR                        
0     0000faa1  _MCBSPB_TX_ISR                        
0     0000faab  _NMI_ISR                              
0     0000fab5  _NOTUSED_ISR                          
0     0000fabf  _PIE_RESERVED_ISR                     
0     0000fac9  _RAM_ACCESS_VIOLATION_ISR             
0     0000fad3  _RAM_CORRECTABLE_ERROR_ISR            
0     0000fadd  _RTOS_ISR                             
0     0000fae7  _SCIA_RX_ISR                          
0     0000faf1  _SCIA_TX_ISR                          
0     0000fafb  _SCIB_RX_ISR                          
0     0000fb05  _SCIB_TX_ISR                          
0     0000fb0f  _SCIC_RX_ISR                          
0     0000fb19  _SCIC_TX_ISR                          
0     0000fb23  _SCID_RX_ISR                          
0     0000fb2d  _SCID_TX_ISR                          
0     0000fb37  _SD1_ISR                              
0     0000fb41  _SD2_ISR                              
0     0000fb4b  _SPIA_RX_ISR                          
0     0000fb55  _SPIA_TX_ISR                          
0     0000fb5f  _SPIB_RX_ISR                          
0     0000fb69  _SPIB_TX_ISR                          
0     0000fb73  _SPIC_RX_ISR                          
0     0000fb7d  _SPIC_TX_ISR                          
0     0000fb87  _SYS_PLL_SLIP_ISR                     
0     0000fb91  _SysTickIntEnable                     
0     0000fb9b  _TIMER0_ISR                           
0     0000fba5  _TIMER1_ISR                           
0     0000fbaf  _TIMER2_ISR                           
0     0000fbb9  _UPPA_ISR                             
0     0000fbc3  _USBA_ISR                             
0     0000fbcd  _USER10_ISR                           
0     0000fbd7  _USER11_ISR                           
0     0000fbe1  _USER12_ISR                           
0     0000fbeb  _USER1_ISR                            
0     0000fbf5  _USER2_ISR                            
0     0000fbff  _USER3_ISR                            
0     0000fc09  _USER4_ISR                            
0     0000fc13  _USER5_ISR                            
0     0000fc1d  _USER6_ISR                            
0     0000fc27  _USER7_ISR                            
0     0000fc31  _USER8_ISR                            
0     0000fc3b  _USER9_ISR                            
0     0000fc45  _VCU_ISR                              
0     0000fc4f  _WAKE_ISR                             
0     0000fc59  _XINT1_ISR                            
0     0000fc63  _XINT2_ISR                            
0     0000fc6d  _XINT3_ISR                            
0     0000fc77  _XINT4_ISR                            
0     0000fc81  _XINT5_ISR                            
0     0000fc8b  __register_unlock                     
0     0000fc8f  __register_lock                       
0     0000fc93  __nop                                 
0     0000fc94  _IntMasterDisable                     
0     0000fc9c  _IntMasterEnable                      
0     0000fca4  _SysTickEnable                        
0     0000fcb2  _USBNumEndpointsGet                   
0     0000fcb7  ___error__                            
0     0000fcbc  __system_pre_init                     
0     0000fcbe  _SysCtlUSBPLLEnable                   
0     0000fcbf  __system_post_cinit                   
0     00011000  _ConfigDescAlloc                      
0     00011054  _ConfigDescFree                       
0     000110c5  _USBHCDEventEnable                    
0     000110da  _USBHCDEventDisable                   
0     000111af  _USBHCDPipeAllocSize                  
0     000113a3  _USBHCDPipeAlloc                      
0     000113b2  _USBHCDPipeConfig                     
0     00011482  _USBHCDPipeStatus                     
0     00011487  _USBHCDPipeWrite                      
0     00011589  _USBHCDPipeSchedule                   
0     00011630  _USBHCDPipeReadNonBlocking            
0     0001165b  _USBHCDPipeDataAck                    
0     00011678  _USBHCDPipeRead                       
0     00011790  _USBHCDPipeFree                       
0     0001199f  _USBHCDPowerConfigInit                
0     000119a7  _USBHCDPowerConfigGet                 
0     000119ae  _USBHCDPowerConfigSet                 
0     000119d8  _USBHCDPowerAutomatic                 
0     000119e3  _USBHCDInit                           
0     00011a39  _USBHCDRegisterDrivers                
0     00011a44  _USBHCDTerm                           
0     00011aa6  _USBHCDReset                          
0     00011acc  _USBHCDSuspend                        
0     00011ad5  _USBHCDResume                         
0     00011b95  _USBHCDSetAddress                     
0     00011c3e  _USBHCDSetConfig                      
0     00011c62  _USBHCDSetInterface                   
0     00011c8e  _USBHostCheckPipes                    
0     00011d1a  _USBHostIntHandlerInternal            
0     00012093  _USB0HostIntHandler                   
0     0001210e  _InternalUSBHCDSendEvent              
0     000121bb  _USBHCDMain                           
0     00012382  _USBHCDControlTransfer                
0     00012414  _USBHCDHubDeviceConnected             
0     0001246c  _USBHCDHubDeviceDisconnected          
0     0001256c  _USBHCDDevHubPort                     
0     00012580  _USBHCDDevAddress                     
0     00012594  _USBHCDDevClass                       
0     000125b9  _USBHCDDevSubClass                    
0     000125de  _USBHCDDevProtocol                    
1     00000400  __stack                               
1     00000500  __STACK_END                           
1     00000b00  _AdcaResultRegs                       
1     00000b20  _AdcbResultRegs                       
1     00000b40  _AdccResultRegs                       
1     00000b60  _AdcdResultRegs                       
1     00000c00  _CpuTimer0Regs                        
1     00000c08  _CpuTimer1Regs                        
1     00000c10  _CpuTimer2Regs                        
1     00000ce0  _PieCtrlRegs                          
1     00000d00  _EmuKey                               
1     00000d00  _PieVectTable                         
1     00000d01  _EmuBMode                             
1     00001000  _DmaRegs                              
1     00001400  _Cla1Regs                             
1     00004000  _EPwm1Regs                            
1     00004100  _EPwm2Regs                            
1     00004200  _EPwm3Regs                            
1     00004300  _EPwm4Regs                            
1     00004400  _EPwm5Regs                            
1     00004500  _EPwm6Regs                            
1     00004600  _EPwm7Regs                            
1     00004700  _EPwm8Regs                            
1     00004800  _EPwm9Regs                            
1     00004900  _EPwm10Regs                           
1     00004a00  _EPwm11Regs                           
1     00004b00  _EPwm12Regs                           
1     00005000  _ECap1Regs                            
1     00005020  _ECap2Regs                            
1     00005040  _ECap3Regs                            
1     00005060  _ECap4Regs                            
1     00005080  _ECap5Regs                            
1     000050a0  _ECap6Regs                            
1     00005100  _EQep1Regs                            
1     00005140  _EQep2Regs                            
1     00005180  _EQep3Regs                            
1     00005c00  _DacaRegs                             
1     00005c10  _DacbRegs                             
1     00005c20  _DaccRegs                             
1     00005c80  _Cmpss1Regs                           
1     00005ca0  _Cmpss2Regs                           
1     00005cc0  _Cmpss3Regs                           
1     00005ce0  _Cmpss4Regs                           
1     00005d00  _Cmpss5Regs                           
1     00005d20  _Cmpss6Regs                           
1     00005d40  _Cmpss7Regs                           
1     00005d60  _Cmpss8Regs                           
1     00005e00  _Sdfm1Regs                            
1     00005e80  _Sdfm2Regs                            
1     00006000  _McbspaRegs                           
1     00006040  _McbspbRegs                           
1     00006100  _SpiaRegs                             
1     00006110  _SpibRegs                             
1     00006120  _SpicRegs                             
1     00006200  _UppRegs                              
1     00007000  _WdRegs                               
1     00007060  _NmiIntruptRegs                       
1     00007070  _XintRegs                             
1     00007200  _SciaRegs                             
1     00007210  _ScibRegs                             
1     00007220  _ScicRegs                             
1     00007230  _ScidRegs                             
1     00007300  _I2caRegs                             
1     00007340  _I2cbRegs                             
1     00007400  _AdcaRegs                             
1     00007480  _AdcbRegs                             
1     00007500  _AdccRegs                             
1     00007580  _AdcdRegs                             
1     00007900  _InputXbarRegs                        
1     00007920  _XbarRegs                             
1     00007940  _SyncSocRegs                          
1     00007980  _DmaClaSrcSelRegs                     
1     00007a00  _EPwmXbarRegs                         
1     00007a80  _OutputXbarRegs                       
1     00007c00  _GpioCtrlRegs                         
1     00007f00  _GpioDataRegs                         
1     000083b3  _g_iUSBMode                           
1     000083b4  _g_eOTGModeState                      
1     000083b8  _g_ui32PollRate                       
1     000083ba  _g_ui32WaitTicks                      
1     0000844c  _g_bUSBTimerInitialized               
1     0000844e  _g_ui32CurrentUSBTick                 
1     00008450  _g_ui32USBSOFCount                    
1     00008452  _g_pfnTickHandlers                    
1     0000845e  _g_pvTickInstance                     
1     0000846a  _g_pui8HIDDeviceDescriptor            
1     0000847c  __lock                                
1     0000847e  __unlock                              
1     00008480  _g_ppsDevInfo                         
1     00008484  _g_psDCDInst                          
1     00008500  _g_sKeyboardDevice                    
1     00008562  _CpuTimer1                            
1     0000856a  _CpuTimer2                            
1     00008572  _CpuTimer0                            
1     0000857a  ___TI_enable_exit_profile_output      
1     0000857c  ___TI_cleanup_ptr                     
1     0000857e  ___TI_dtors_ptr                       
1     000085c0  _g_bConnected                         
1     000085c1  _g_bSuspended                         
1     000085c2  _g_bDisplayUpdateRequired             
1     000085c3  _g_eKeyboardState                     
1     000085c4  _g_ui32SysTickCount                   
1     00009800  _PieVectTableInit                     
1     00009cd5  _g_pui8ConfigString                   
1     00009d0b  _g_pui8HIDInterfaceString             
1     00009d39  _g_pui8ManufacturerString             
1     00009d5d  _g_pui8ProductString                  
1     00009db4  _g_sHIDHandlers                       
1     00009dcc  _g_pui8SeriailNumberString            
1     00009dde  _g_ppui8StringDescriptors             
1     00009dfe  _g_sUSBHubClassDriver                 
1     00009e1a  _g_pui8LangDescriptor                 
1     00047000  _Emif1Regs                            
1     00047800  _Emif2Regs                            
1     00050000  _IpcRegs                              
1     00050024  _FlashPumpSemaphoreRegs               
1     0005d000  _DevCfgRegs                           
1     0005d180  _AnalogSubsysRegs                     
1     0005d200  _ClkCfgRegs                           
1     0005d300  _CpuSysRegs                           
1     0005e608  _RomPrefetchRegs                      
1     0005f000  _DcsmZ1Regs                           
1     0005f040  _DcsmZ2Regs                           
1     0005f070  _DcsmCommonRegs                       
1     0005f400  _MemCfgRegs                           
1     0005f480  _Emif1ConfigRegs                      
1     0005f4a0  _Emif2ConfigRegs                      
1     0005f4c0  _AccessProtectionRegs                 
1     0005f500  _MemoryErrorRegs                      
1     0005f540  _RomWaitStateRegs                     
1     0005f800  _Flash0CtrlRegs                       
1     0005fb00  _Flash0EccRegs                        
1     00078000  _DcsmZ1Otp                            
1     00078200  _DcsmZ2Otp                            
abs   00000100  __STACK_SIZE                          
abs   ffffffff  .text                                 
abs   ffffffff  ___TI_pprof_out_hndl                  
abs   ffffffff  ___TI_prof_data_size                  
abs   ffffffff  ___TI_prof_data_start                 
abs   ffffffff  ___binit__                            
abs   ffffffff  ___c_args__                           
abs   ffffffff  ___etext__                            
abs   ffffffff  ___pinit__                            
abs   ffffffff  ___text__                             
abs   ffffffff  binit                                 
abs   ffffffff  etext                                 
abs   ffffffff  pinit                                 

[509 symbols]
