<?xml version="1.0"?>
<link_info>
   <banner>TMS320C2000 Linker PC v15.12.3.LTS</banner>
   <copyright>Copyright (c) 1996-2015 Texas Instruments Incorporated</copyright>
   <link_time>0x5921cc17</link_time>
   <link_errors>0x0</link_errors>
   <output_file>usb_dev_serial_cpu01.out</output_file>
   <entry_point>
      <name>code_start</name>
      <address>0x0</address>
   </entry_point>
   <input_file_list>
      <input_file id="fl-2">
         <path>.\</path>
         <kind>object</kind>
         <file>F2837xD_CodeStartBranch.obj</file>
         <name>F2837xD_CodeStartBranch.obj</name>
      </input_file>
      <input_file id="fl-3">
         <path>.\</path>
         <kind>object</kind>
         <file>F2837xD_CpuTimers.obj</file>
         <name>F2837xD_CpuTimers.obj</name>
      </input_file>
      <input_file id="fl-4">
         <path>.\</path>
         <kind>object</kind>
         <file>F2837xD_DefaultISR.obj</file>
         <name>F2837xD_DefaultISR.obj</name>
      </input_file>
      <input_file id="fl-5">
         <path>.\</path>
         <kind>object</kind>
         <file>F2837xD_GlobalVariableDefs.obj</file>
         <name>F2837xD_GlobalVariableDefs.obj</name>
      </input_file>
      <input_file id="fl-6">
         <path>.\</path>
         <kind>object</kind>
         <file>F2837xD_Gpio.obj</file>
         <name>F2837xD_Gpio.obj</name>
      </input_file>
      <input_file id="fl-7">
         <path>.\</path>
         <kind>object</kind>
         <file>F2837xD_PieCtrl.obj</file>
         <name>F2837xD_PieCtrl.obj</name>
      </input_file>
      <input_file id="fl-8">
         <path>.\</path>
         <kind>object</kind>
         <file>F2837xD_PieVect.obj</file>
         <name>F2837xD_PieVect.obj</name>
      </input_file>
      <input_file id="fl-9">
         <path>.\</path>
         <kind>object</kind>
         <file>F2837xD_SysCtrl.obj</file>
         <name>F2837xD_SysCtrl.obj</name>
      </input_file>
      <input_file id="fl-a">
         <path>.\</path>
         <kind>object</kind>
         <file>F2837xD_usDelay.obj</file>
         <name>F2837xD_usDelay.obj</name>
      </input_file>
      <input_file id="fl-b">
         <path>.\</path>
         <kind>object</kind>
         <file>interrupt.obj</file>
         <name>interrupt.obj</name>
      </input_file>
      <input_file id="fl-c">
         <path>.\</path>
         <kind>object</kind>
         <file>sysctl.obj</file>
         <name>sysctl.obj</name>
      </input_file>
      <input_file id="fl-d">
         <path>.\</path>
         <kind>object</kind>
         <file>systick.obj</file>
         <name>systick.obj</name>
      </input_file>
      <input_file id="fl-e">
         <path>.\</path>
         <kind>object</kind>
         <file>uart.obj</file>
         <name>uart.obj</name>
      </input_file>
      <input_file id="fl-f">
         <path>.\</path>
         <kind>object</kind>
         <file>usb.obj</file>
         <name>usb.obj</name>
      </input_file>
      <input_file id="fl-10">
         <path>.\</path>
         <kind>object</kind>
         <file>usb_dev_serial.obj</file>
         <name>usb_dev_serial.obj</name>
      </input_file>
      <input_file id="fl-11">
         <path>.\</path>
         <kind>object</kind>
         <file>usb_hal.obj</file>
         <name>usb_hal.obj</name>
      </input_file>
      <input_file id="fl-12">
         <path>.\</path>
         <kind>object</kind>
         <file>usb_serial_structs.obj</file>
         <name>usb_serial_structs.obj</name>
      </input_file>
      <input_file id="fl-13">
         <path>.\</path>
         <kind>object</kind>
         <file>ustdlib.obj</file>
         <name>ustdlib.obj</name>
      </input_file>
      <input_file id="fl-1b">
         <path>C:\ti\controlSUITE\device_support\F2837xD\v210\F2837xD_common\lib\</path>
         <kind>archive</kind>
         <file>usblib.lib</file>
         <name>usbbuffer.obj</name>
      </input_file>
      <input_file id="fl-1c">
         <path>C:\ti\controlSUITE\device_support\F2837xD\v210\F2837xD_common\lib\</path>
         <kind>archive</kind>
         <file>usblib.lib</file>
         <name>usbmode.obj</name>
      </input_file>
      <input_file id="fl-1d">
         <path>C:\ti\controlSUITE\device_support\F2837xD\v210\F2837xD_common\lib\</path>
         <kind>archive</kind>
         <file>usblib.lib</file>
         <name>usbringbuf.obj</name>
      </input_file>
      <input_file id="fl-1e">
         <path>C:\ti\controlSUITE\device_support\F2837xD\v210\F2837xD_common\lib\</path>
         <kind>archive</kind>
         <file>usblib.lib</file>
         <name>usbtick.obj</name>
      </input_file>
      <input_file id="fl-1f">
         <path>C:\ti\controlSUITE\device_support\F2837xD\v210\F2837xD_common\lib\</path>
         <kind>archive</kind>
         <file>usblib.lib</file>
         <name>usbhostenum.obj</name>
      </input_file>
      <input_file id="fl-20">
         <path>C:\ti\controlSUITE\device_support\F2837xD\v210\F2837xD_common\lib\</path>
         <kind>archive</kind>
         <file>usblib.lib</file>
         <name>usbdcdc.obj</name>
      </input_file>
      <input_file id="fl-21">
         <path>C:\ti\controlSUITE\device_support\F2837xD\v210\F2837xD_common\lib\</path>
         <kind>archive</kind>
         <file>usblib.lib</file>
         <name>usbdenum.obj</name>
      </input_file>
      <input_file id="fl-22">
         <path>C:\ti\controlSUITE\device_support\F2837xD\v210\F2837xD_common\lib\</path>
         <kind>archive</kind>
         <file>usblib.lib</file>
         <name>usbdesc.obj</name>
      </input_file>
      <input_file id="fl-23">
         <path>C:\ti\controlSUITE\device_support\F2837xD\v210\F2837xD_common\lib\</path>
         <kind>archive</kind>
         <file>usblib.lib</file>
         <name>usbdhandler.obj</name>
      </input_file>
      <input_file id="fl-24">
         <path>C:\ti\controlSUITE\device_support\F2837xD\v210\F2837xD_common\lib\</path>
         <kind>archive</kind>
         <file>usblib.lib</file>
         <name>usbdma.obj</name>
      </input_file>
      <input_file id="fl-25">
         <path>C:\ti\controlSUITE\device_support\F2837xD\v210\F2837xD_common\lib\</path>
         <kind>archive</kind>
         <file>usblib.lib</file>
         <name>usbhhub.obj</name>
      </input_file>
      <input_file id="fl-26">
         <path>C:\ti\controlSUITE\device_support\F2837xD\v210\F2837xD_common\lib\</path>
         <kind>archive</kind>
         <file>usblib.lib</file>
         <name>usbdcdesc.obj</name>
      </input_file>
      <input_file id="fl-27">
         <path>C:\ti\controlSUITE\device_support\F2837xD\v210\F2837xD_common\lib\</path>
         <kind>archive</kind>
         <file>usblib.lib</file>
         <name>usbdconfig.obj</name>
      </input_file>
      <input_file id="fl-28">
         <path>C:\ti\c2000_15.12.3.LTS\lib\</path>
         <kind>archive</kind>
         <file>rts2800_fpu32.lib</file>
         <name>boot.obj</name>
      </input_file>
      <input_file id="fl-29">
         <path>C:\ti\c2000_15.12.3.LTS\lib\</path>
         <kind>archive</kind>
         <file>rts2800_fpu32.lib</file>
         <name>cpy_tbl.obj</name>
      </input_file>
      <input_file id="fl-2a">
         <path>C:\ti\c2000_15.12.3.LTS\lib\</path>
         <kind>archive</kind>
         <file>rts2800_fpu32.lib</file>
         <name>cpy_utils.obj</name>
      </input_file>
      <input_file id="fl-2b">
         <path>C:\ti\c2000_15.12.3.LTS\lib\</path>
         <kind>archive</kind>
         <file>rts2800_fpu32.lib</file>
         <name>exit.obj</name>
      </input_file>
      <input_file id="fl-2c">
         <path>C:\ti\c2000_15.12.3.LTS\lib\</path>
         <kind>archive</kind>
         <file>rts2800_fpu32.lib</file>
         <name>fd_div.obj</name>
      </input_file>
      <input_file id="fl-2d">
         <path>C:\ti\c2000_15.12.3.LTS\lib\</path>
         <kind>archive</kind>
         <file>rts2800_fpu32.lib</file>
         <name>fd_mpy.obj</name>
      </input_file>
      <input_file id="fl-2e">
         <path>C:\ti\c2000_15.12.3.LTS\lib\</path>
         <kind>archive</kind>
         <file>rts2800_fpu32.lib</file>
         <name>fd_sub.obj</name>
      </input_file>
      <input_file id="fl-2f">
         <path>C:\ti\c2000_15.12.3.LTS\lib\</path>
         <kind>archive</kind>
         <file>rts2800_fpu32.lib</file>
         <name>fd_tol.obj</name>
      </input_file>
      <input_file id="fl-30">
         <path>C:\ti\c2000_15.12.3.LTS\lib\</path>
         <kind>archive</kind>
         <file>rts2800_fpu32.lib</file>
         <name>fs_div.obj</name>
      </input_file>
      <input_file id="fl-31">
         <path>C:\ti\c2000_15.12.3.LTS\lib\</path>
         <kind>archive</kind>
         <file>rts2800_fpu32.lib</file>
         <name>pre_init.obj</name>
      </input_file>
      <input_file id="fl-32">
         <path>C:\ti\c2000_15.12.3.LTS\lib\</path>
         <kind>archive</kind>
         <file>rts2800_fpu32.lib</file>
         <name>startup.obj</name>
      </input_file>
      <input_file id="fl-33">
         <path>C:\ti\c2000_15.12.3.LTS\lib\</path>
         <kind>archive</kind>
         <file>rts2800_fpu32.lib</file>
         <name>ul_tofd.obj</name>
      </input_file>
      <input_file id="fl-34">
         <path>C:\ti\c2000_15.12.3.LTS\lib\</path>
         <kind>archive</kind>
         <file>rts2800_fpu32.lib</file>
         <name>_lock.obj</name>
      </input_file>
      <input_file id="fl-35">
         <path>C:\ti\c2000_15.12.3.LTS\lib\</path>
         <kind>archive</kind>
         <file>rts2800_fpu32.lib</file>
         <name>args_main.obj</name>
      </input_file>
      <input_file id="fl-36">
         <path>C:\ti\c2000_15.12.3.LTS\lib\</path>
         <kind>archive</kind>
         <file>rts2800_fpu32.lib</file>
         <name>fd_add.obj</name>
      </input_file>
   </input_file_list>
   <object_component_list>
      <object_component id="oc-82">
         <name>codestart</name>
         <load_address>0x0</load_address>
         <run_address>0x0</run_address>
         <size>0x2</size>
         <input_file_ref idref="fl-2"/>
      </object_component>
      <object_component id="oc-29a">
         <name>.text</name>
         <load_address>0xc000</load_address>
         <run_address>0xc000</run_address>
         <size>0x85d</size>
         <input_file_ref idref="fl-21"/>
      </object_component>
      <object_component id="oc-28a">
         <name>.text</name>
         <load_address>0xc85d</load_address>
         <run_address>0xc85d</run_address>
         <size>0x730</size>
         <input_file_ref idref="fl-20"/>
      </object_component>
      <object_component id="oc-2e5">
         <name>.text:_USBDevEndpointStallClear</name>
         <load_address>0xcf8d</load_address>
         <run_address>0xcf8d</run_address>
         <size>0x6e</size>
         <input_file_ref idref="fl-f"/>
      </object_component>
      <object_component id="oc-2a9">
         <name>.text:_USBNumEndpointsGet</name>
         <load_address>0xcffb</load_address>
         <run_address>0xcffb</run_address>
         <size>0x5</size>
         <input_file_ref idref="fl-f"/>
      </object_component>
      <object_component id="oc-28b">
         <name>.text</name>
         <load_address>0xd000</load_address>
         <run_address>0xd000</run_address>
         <size>0x406</size>
         <input_file_ref idref="fl-25"/>
      </object_component>
      <object_component id="oc-27c">
         <name>.text</name>
         <load_address>0xd406</load_address>
         <run_address>0xd406</run_address>
         <size>0x265</size>
         <input_file_ref idref="fl-1b"/>
      </object_component>
      <object_component id="oc-284">
         <name>.text</name>
         <load_address>0xd66b</load_address>
         <run_address>0xd66b</run_address>
         <size>0x25c</size>
         <input_file_ref idref="fl-1c"/>
      </object_component>
      <object_component id="oc-305">
         <name>.text:_uvsnprintf</name>
         <load_address>0xd8c7</load_address>
         <run_address>0xd8c7</run_address>
         <size>0x227</size>
         <input_file_ref idref="fl-13"/>
      </object_component>
      <object_component id="oc-2e7">
         <name>.text</name>
         <load_address>0xdaee</load_address>
         <run_address>0xdaee</run_address>
         <size>0x210</size>
         <input_file_ref idref="fl-27"/>
      </object_component>
      <object_component id="oc-2e6">
         <name>.text</name>
         <load_address>0xdcfe</load_address>
         <run_address>0xdcfe</run_address>
         <size>0x157</size>
         <input_file_ref idref="fl-26"/>
      </object_component>
      <object_component id="oc-296">
         <name>.text</name>
         <load_address>0xde55</load_address>
         <run_address>0xde55</run_address>
         <size>0x14b</size>
         <input_file_ref idref="fl-1d"/>
      </object_component>
      <object_component id="oc-2e2">
         <name>.text:_USBDevEndpointStall</name>
         <load_address>0xdfa0</load_address>
         <run_address>0xdfa0</run_address>
         <size>0x5b</size>
         <input_file_ref idref="fl-f"/>
      </object_component>
      <object_component id="oc-2c8">
         <name>.text:_SendBreak</name>
         <load_address>0xdffb</load_address>
         <run_address>0xdffb</run_address>
         <size>0x4</size>
         <input_file_ref idref="fl-10"/>
      </object_component>
      <object_component id="oc-2e0">
         <name>.text:_SysCtlUSBPLLDisable</name>
         <load_address>0xdfff</load_address>
         <run_address>0xdfff</run_address>
         <size>0x1</size>
         <input_file_ref idref="fl-c"/>
      </object_component>
      <object_component id="oc-2d6">
         <name>.text:_main</name>
         <load_address>0xe000</load_address>
         <run_address>0xe000</run_address>
         <size>0xf2</size>
         <input_file_ref idref="fl-10"/>
      </object_component>
      <object_component id="oc-2aa">
         <name>.text</name>
         <load_address>0xe0f2</load_address>
         <run_address>0xe0f2</run_address>
         <size>0xd8</size>
         <input_file_ref idref="fl-24"/>
      </object_component>
      <object_component id="oc-29f">
         <name>.text:_USBHostEndpointConfig</name>
         <load_address>0xe1ca</load_address>
         <run_address>0xe1ca</run_address>
         <size>0xd4</size>
         <input_file_ref idref="fl-f"/>
      </object_component>
      <object_component id="oc-2bf">
         <name>.text</name>
         <load_address>0xe29e</load_address>
         <run_address>0xe29e</run_address>
         <size>0xd2</size>
         <input_file_ref idref="fl-22"/>
      </object_component>
      <object_component id="oc-2ed">
         <name>.text:_SysCtlClockSet</name>
         <load_address>0xe370</load_address>
         <run_address>0xe370</run_address>
         <size>0xae</size>
         <input_file_ref idref="fl-c"/>
      </object_component>
      <object_component id="oc-274">
         <name>.text</name>
         <load_address>0xe41e</load_address>
         <run_address>0xe41e</run_address>
         <size>0x9c</size>
         <input_file_ref idref="fl-36"/>
      </object_component>
      <object_component id="oc-2a1">
         <name>.text:_IntEnable</name>
         <load_address>0xe4ba</load_address>
         <run_address>0xe4ba</run_address>
         <size>0x93</size>
         <input_file_ref idref="fl-b"/>
      </object_component>
      <object_component id="oc-2ee">
         <name>.text:_SysCtlAuxClockSet</name>
         <load_address>0xe54d</load_address>
         <run_address>0xe54d</run_address>
         <size>0x92</size>
         <input_file_ref idref="fl-c"/>
      </object_component>
      <object_component id="oc-242">
         <name>.text</name>
         <load_address>0xe5df</load_address>
         <run_address>0xe5df</run_address>
         <size>0x8b</size>
         <input_file_ref idref="fl-2c"/>
      </object_component>
      <object_component id="oc-2ff">
         <name>.text:_USBDevEndpointConfigSet</name>
         <load_address>0xe66a</load_address>
         <run_address>0xe66a</run_address>
         <size>0x89</size>
         <input_file_ref idref="fl-f"/>
      </object_component>
      <object_component id="oc-256">
         <name>.text</name>
         <load_address>0xe6f3</load_address>
         <run_address>0xe6f3</run_address>
         <size>0x88</size>
         <input_file_ref idref="fl-30"/>
      </object_component>
      <object_component id="oc-2ab">
         <name>.text</name>
         <load_address>0xe77b</load_address>
         <run_address>0xe77b</run_address>
         <size>0x88</size>
         <input_file_ref idref="fl-1e"/>
      </object_component>
      <object_component id="oc-247">
         <name>.text</name>
         <load_address>0xe803</load_address>
         <run_address>0xe803</run_address>
         <size>0x83</size>
         <input_file_ref idref="fl-2d"/>
      </object_component>
      <object_component id="oc-2a0">
         <name>.text:_IntDisable</name>
         <load_address>0xe886</load_address>
         <run_address>0xe886</run_address>
         <size>0x80</size>
         <input_file_ref idref="fl-b"/>
      </object_component>
      <object_component id="oc-2e9">
         <name>.text:_IntIFRClear</name>
         <load_address>0xe906</load_address>
         <run_address>0xe906</run_address>
         <size>0x7f</size>
         <input_file_ref idref="fl-b"/>
      </object_component>
      <object_component id="oc-285">
         <name>.text:_ControlHandler</name>
         <load_address>0xe985</load_address>
         <run_address>0xe985</run_address>
         <size>0x75</size>
         <input_file_ref idref="fl-10"/>
      </object_component>
      <object_component id="oc-2c5">
         <name>.text:_GetLineCoding</name>
         <load_address>0xe9fa</load_address>
         <run_address>0xe9fa</run_address>
         <size>0x74</size>
         <input_file_ref idref="fl-10"/>
      </object_component>
      <object_component id="oc-2c6">
         <name>.text:_SetLineCoding</name>
         <load_address>0xea6e</load_address>
         <run_address>0xea6e</run_address>
         <size>0x6c</size>
         <input_file_ref idref="fl-10"/>
      </object_component>
      <object_component id="oc-2d0">
         <name>.text:_USBDevEndpointStatusClear</name>
         <load_address>0xeada</load_address>
         <run_address>0xeada</run_address>
         <size>0x6b</size>
         <input_file_ref idref="fl-f"/>
      </object_component>
      <object_component id="oc-2a6">
         <name>.text:_USBEndpointDataGet</name>
         <load_address>0xeb45</load_address>
         <run_address>0xeb45</run_address>
         <size>0x6a</size>
         <input_file_ref idref="fl-f"/>
      </object_component>
      <object_component id="oc-29c">
         <name>.text:_USBFIFOConfigSet</name>
         <load_address>0xebaf</load_address>
         <run_address>0xebaf</run_address>
         <size>0x66</size>
         <input_file_ref idref="fl-f"/>
      </object_component>
      <object_component id="oc-2c0">
         <name>.text:_USBFIFOFlush</name>
         <load_address>0xec15</load_address>
         <run_address>0xec15</run_address>
         <size>0x64</size>
         <input_file_ref idref="fl-f"/>
      </object_component>
      <object_component id="oc-2a4">
         <name>.text:_USBEndpointDataSend</name>
         <load_address>0xec79</load_address>
         <run_address>0xec79</run_address>
         <size>0x59</size>
         <input_file_ref idref="fl-f"/>
      </object_component>
      <object_component id="oc-29e">
         <name>.text:_USBHostHubAddrSet</name>
         <load_address>0xecd2</load_address>
         <run_address>0xecd2</run_address>
         <size>0x58</size>
         <input_file_ref idref="fl-f"/>
      </object_component>
      <object_component id="oc-22a">
         <name>.text</name>
         <load_address>0xed2a</load_address>
         <run_address>0xed2a</run_address>
         <size>0x56</size>
         <input_file_ref idref="fl-28"/>
      </object_component>
      <object_component id="oc-2a3">
         <name>.text:_USBEndpointDataPut</name>
         <load_address>0xed80</load_address>
         <run_address>0xed80</run_address>
         <size>0x54</size>
         <input_file_ref idref="fl-f"/>
      </object_component>
      <object_component id="oc-29b">
         <name>.text:_USBHostEndpointStatusClear</name>
         <load_address>0xedd4</load_address>
         <run_address>0xedd4</run_address>
         <size>0x50</size>
         <input_file_ref idref="fl-f"/>
      </object_component>
      <object_component id="oc-299">
         <name>.text:_USBIntStatus</name>
         <load_address>0xee24</load_address>
         <run_address>0xee24</run_address>
         <size>0x4f</size>
         <input_file_ref idref="fl-f"/>
      </object_component>
      <object_component id="oc-1bf">
         <name>.text:_USBUARTRXIntHandler</name>
         <load_address>0xee73</load_address>
         <run_address>0xee73</run_address>
         <size>0x4d</size>
         <input_file_ref idref="fl-10"/>
      </object_component>
      <object_component id="oc-2b5">
         <name>.text:_SysCtlClockGet</name>
         <load_address>0xeec0</load_address>
         <run_address>0xeec0</run_address>
         <size>0x4c</size>
         <input_file_ref idref="fl-c"/>
      </object_component>
      <object_component id="oc-1be">
         <name>.text:_USBUARTTXIntHandler</name>
         <load_address>0xef0c</load_address>
         <run_address>0xef0c</run_address>
         <size>0x4c</size>
         <input_file_ref idref="fl-10"/>
      </object_component>
      <object_component id="oc-2ec">
         <name>.text:_UARTConfigSetExpClk</name>
         <load_address>0xef58</load_address>
         <run_address>0xef58</run_address>
         <size>0x4b</size>
         <input_file_ref idref="fl-e"/>
      </object_component>
      <object_component id="oc-2d2">
         <name>.text:_USBDevEndpointDataAck</name>
         <load_address>0xefa3</load_address>
         <run_address>0xefa3</run_address>
         <size>0x4a</size>
         <input_file_ref idref="fl-f"/>
      </object_component>
      <object_component id="oc-304">
         <name>.text:_IntRegister</name>
         <load_address>0xefed</load_address>
         <run_address>0xefed</run_address>
         <size>0x13</size>
         <input_file_ref idref="fl-b"/>
      </object_component>
      <object_component id="oc-2e8">
         <name>.text:__USBIndexWrite</name>
         <load_address>0xf000</load_address>
         <run_address>0xf000</run_address>
         <size>0x48</size>
         <input_file_ref idref="fl-f"/>
      </object_component>
      <object_component id="oc-2d1">
         <name>.text:_USBEndpointDataAvail</name>
         <load_address>0xf048</load_address>
         <run_address>0xf048</run_address>
         <size>0x46</size>
         <input_file_ref idref="fl-f"/>
      </object_component>
      <object_component id="oc-28d">
         <name>.text</name>
         <load_address>0xf08e</load_address>
         <run_address>0xf08e</run_address>
         <size>0x46</size>
         <input_file_ref idref="fl-29"/>
      </object_component>
      <object_component id="oc-2f3">
         <name>.text:_UARTFIFOIntLevelSet</name>
         <load_address>0xf0d4</load_address>
         <run_address>0xf0d4</run_address>
         <size>0x45</size>
         <input_file_ref idref="fl-e"/>
      </object_component>
      <object_component id="oc-2a7">
         <name>.text:_USBHostEndpointDataAck</name>
         <load_address>0xf119</load_address>
         <run_address>0xf119</run_address>
         <size>0x43</size>
         <input_file_ref idref="fl-f"/>
      </object_component>
      <object_component id="oc-29d">
         <name>.text:_USBHostAddrSet</name>
         <load_address>0xf15c</load_address>
         <run_address>0xf15c</run_address>
         <size>0x42</size>
         <input_file_ref idref="fl-f"/>
      </object_component>
      <object_component id="oc-27d">
         <name>.text:_UARTIntDisable</name>
         <load_address>0xf19e</load_address>
         <run_address>0xf19e</run_address>
         <size>0x41</size>
         <input_file_ref idref="fl-e"/>
      </object_component>
      <object_component id="oc-2bc">
         <name>.text:_USBEndpointDataToggleClear</name>
         <load_address>0xf1df</load_address>
         <run_address>0xf1df</run_address>
         <size>0x40</size>
         <input_file_ref idref="fl-f"/>
      </object_component>
      <object_component id="oc-2a8">
         <name>.text:_USBHostRequestINClear</name>
         <load_address>0xf21f</load_address>
         <run_address>0xf21f</run_address>
         <size>0x40</size>
         <input_file_ref idref="fl-f"/>
      </object_component>
      <object_component id="oc-2be">
         <name>.text:_USBEndpointStatus</name>
         <load_address>0xf25f</load_address>
         <run_address>0xf25f</run_address>
         <size>0x3f</size>
         <input_file_ref idref="fl-f"/>
      </object_component>
      <object_component id="oc-2a5">
         <name>.text:_USBHostRequestIN</name>
         <load_address>0xf29e</load_address>
         <run_address>0xf29e</run_address>
         <size>0x3e</size>
         <input_file_ref idref="fl-f"/>
      </object_component>
      <object_component id="oc-2d9">
         <name>.text:_UARTIntEnable</name>
         <load_address>0xf2dc</load_address>
         <run_address>0xf2dc</run_address>
         <size>0x3c</size>
         <input_file_ref idref="fl-e"/>
      </object_component>
      <object_component id="oc-279">
         <name>.text:_UARTIntStatus</name>
         <load_address>0xf318</load_address>
         <run_address>0xf318</run_address>
         <size>0x3c</size>
         <input_file_ref idref="fl-e"/>
      </object_component>
      <object_component id="oc-27e">
         <name>.text:_ReadUARTData</name>
         <load_address>0xf354</load_address>
         <run_address>0xf354</run_address>
         <size>0x3b</size>
         <input_file_ref idref="fl-10"/>
      </object_component>
      <object_component id="oc-2b7">
         <name>.text:_USBIntDisableControl</name>
         <load_address>0xf38f</load_address>
         <run_address>0xf38f</run_address>
         <size>0x3b</size>
         <input_file_ref idref="fl-f"/>
      </object_component>
      <object_component id="oc-307">
         <name>.text:_ustrncpy</name>
         <load_address>0xf3ca</load_address>
         <run_address>0xf3ca</run_address>
         <size>0x3b</size>
         <input_file_ref idref="fl-13"/>
      </object_component>
      <object_component id="oc-2f4">
         <name>.text:_UARTIntClear</name>
         <load_address>0xf405</load_address>
         <run_address>0xf405</run_address>
         <size>0x38</size>
         <input_file_ref idref="fl-e"/>
      </object_component>
      <object_component id="oc-2ac">
         <name>.text:_USBIntEnableControl</name>
         <load_address>0xf43d</load_address>
         <run_address>0xf43d</run_address>
         <size>0x38</size>
         <input_file_ref idref="fl-f"/>
      </object_component>
      <object_component id="oc-2b0">
         <name>.text:_USBHostPwrConfig</name>
         <load_address>0xf475</load_address>
         <run_address>0xf475</run_address>
         <size>0x36</size>
         <input_file_ref idref="fl-f"/>
      </object_component>
      <object_component id="oc-295">
         <name>.text:_RxHandler</name>
         <load_address>0xf4ab</load_address>
         <run_address>0xf4ab</run_address>
         <size>0x31</size>
         <input_file_ref idref="fl-10"/>
      </object_component>
      <object_component id="oc-298">
         <name>.text:_UARTCharsAvail</name>
         <load_address>0xf4dc</load_address>
         <run_address>0xf4dc</run_address>
         <size>0x31</size>
         <input_file_ref idref="fl-e"/>
      </object_component>
      <object_component id="oc-2dc">
         <name>.text:_USBIntStatusControl</name>
         <load_address>0xf50d</load_address>
         <run_address>0xf50d</run_address>
         <size>0x31</size>
         <input_file_ref idref="fl-f"/>
      </object_component>
      <object_component id="oc-1c6">
         <name>.text:_f28x_USB0DeviceIntHandler</name>
         <load_address>0xf53e</load_address>
         <run_address>0xf53e</run_address>
         <size>0x31</size>
         <input_file_ref idref="fl-11"/>
      </object_component>
      <object_component id="oc-1c8">
         <name>.text:_f28x_USB0DualModeIntHandler</name>
         <load_address>0xf56f</load_address>
         <run_address>0xf56f</run_address>
         <size>0x31</size>
         <input_file_ref idref="fl-11"/>
      </object_component>
      <object_component id="oc-1c7">
         <name>.text:_f28x_USB0HostIntHandler</name>
         <load_address>0xf5a0</load_address>
         <run_address>0xf5a0</run_address>
         <size>0x31</size>
         <input_file_ref idref="fl-11"/>
      </object_component>
      <object_component id="oc-297">
         <name>.text:_UARTCharGetNonBlocking</name>
         <load_address>0xf5d1</load_address>
         <run_address>0xf5d1</run_address>
         <size>0x30</size>
         <input_file_ref idref="fl-e"/>
      </object_component>
      <object_component id="oc-2eb">
         <name>.text:_UARTConfigGetExpClk</name>
         <load_address>0xf601</load_address>
         <run_address>0xf601</run_address>
         <size>0x2f</size>
         <input_file_ref idref="fl-e"/>
      </object_component>
      <object_component id="oc-2b1">
         <name>.text:_SysCtlPeripheralReset</name>
         <load_address>0xf630</load_address>
         <run_address>0xf630</run_address>
         <size>0x2e</size>
         <input_file_ref idref="fl-c"/>
      </object_component>
      <object_component id="oc-290">
         <name>.text</name>
         <load_address>0xf65e</load_address>
         <run_address>0xf65e</run_address>
         <size>0x29</size>
         <input_file_ref idref="fl-2b"/>
      </object_component>
      <object_component id="oc-2f0">
         <name>.text:_InitPieVectTable</name>
         <load_address>0xf687</load_address>
         <run_address>0xf687</run_address>
         <size>0x26</size>
         <input_file_ref idref="fl-8"/>
      </object_component>
      <object_component id="oc-2f2">
         <name>.text:_USBIntRegister</name>
         <load_address>0xf6ad</load_address>
         <run_address>0xf6ad</run_address>
         <size>0x25</size>
         <input_file_ref idref="fl-f"/>
      </object_component>
      <object_component id="oc-2f6">
         <name>.text:_UARTRXIntRegister</name>
         <load_address>0xf6d2</load_address>
         <run_address>0xf6d2</run_address>
         <size>0x23</size>
         <input_file_ref idref="fl-e"/>
      </object_component>
      <object_component id="oc-2f5">
         <name>.text:_UARTTXIntRegister</name>
         <load_address>0xf6f5</load_address>
         <run_address>0xf6f5</run_address>
         <size>0x23</size>
         <input_file_ref idref="fl-e"/>
      </object_component>
      <object_component id="oc-27a">
         <name>.text:_USBUARTPrimeTransmit</name>
         <load_address>0xf718</load_address>
         <run_address>0xf718</run_address>
         <size>0x23</size>
         <input_file_ref idref="fl-10"/>
      </object_component>
      <object_component id="oc-281">
         <name>.text:_UARTRxErrorClear</name>
         <load_address>0xf73b</load_address>
         <run_address>0xf73b</run_address>
         <size>0x21</size>
         <input_file_ref idref="fl-e"/>
      </object_component>
      <object_component id="oc-2bb">
         <name>.text:_USBHostResume</name>
         <load_address>0xf75c</load_address>
         <run_address>0xf75c</run_address>
         <size>0x21</size>
         <input_file_ref idref="fl-f"/>
      </object_component>
      <object_component id="oc-2af">
         <name>.text:_USBOTGSessionRequest</name>
         <load_address>0xf77d</load_address>
         <run_address>0xf77d</run_address>
         <size>0x21</size>
         <input_file_ref idref="fl-f"/>
      </object_component>
      <object_component id="oc-2ef">
         <name>.text:_InitPieCtrl</name>
         <load_address>0xf79e</load_address>
         <run_address>0xf79e</run_address>
         <size>0x1f</size>
         <input_file_ref idref="fl-7"/>
      </object_component>
      <object_component id="oc-291">
         <name>.text:_UARTBaseValid</name>
         <load_address>0xf7bd</load_address>
         <run_address>0xf7bd</run_address>
         <size>0x1f</size>
         <input_file_ref idref="fl-e"/>
      </object_component>
      <object_component id="oc-2b9">
         <name>.text:_USBHostReset</name>
         <load_address>0xf7dc</load_address>
         <run_address>0xf7dc</run_address>
         <size>0x1f</size>
         <input_file_ref idref="fl-f"/>
      </object_component>
      <object_component id="oc-251">
         <name>.text</name>
         <load_address>0xf7fb</load_address>
         <run_address>0xf7fb</run_address>
         <size>0x1f</size>
         <input_file_ref idref="fl-2f"/>
      </object_component>
      <object_component id="oc-293">
         <name>.text:_UARTCharPutNonBlocking</name>
         <load_address>0xf81a</load_address>
         <run_address>0xf81a</run_address>
         <size>0x1e</size>
         <input_file_ref idref="fl-e"/>
      </object_component>
      <object_component id="oc-300">
         <name>.text:_UARTDisable</name>
         <load_address>0xf838</load_address>
         <run_address>0xf838</run_address>
         <size>0x1e</size>
         <input_file_ref idref="fl-e"/>
      </object_component>
      <object_component id="oc-2b8">
         <name>.text:_USBIntDisableEndpoint</name>
         <load_address>0xf856</load_address>
         <run_address>0xf856</run_address>
         <size>0x1e</size>
         <input_file_ref idref="fl-f"/>
      </object_component>
      <object_component id="oc-2e1">
         <name>.text:_SysCtlPeripheralDisable</name>
         <load_address>0xf874</load_address>
         <run_address>0xf874</run_address>
         <size>0x1d</size>
         <input_file_ref idref="fl-c"/>
      </object_component>
      <object_component id="oc-280">
         <name>.text:_CheckForSerialStateChange</name>
         <load_address>0xf891</load_address>
         <run_address>0xf891</run_address>
         <size>0x1c</size>
         <input_file_ref idref="fl-10"/>
      </object_component>
      <object_component id="oc-2b2">
         <name>.text:_SysCtlPeripheralEnable</name>
         <load_address>0xf8ad</load_address>
         <run_address>0xf8ad</run_address>
         <size>0x1c</size>
         <input_file_ref idref="fl-c"/>
      </object_component>
      <object_component id="oc-2da">
         <name>.text:_UARTBusy</name>
         <load_address>0xf8c9</load_address>
         <run_address>0xf8c9</run_address>
         <size>0x1c</size>
         <input_file_ref idref="fl-e"/>
      </object_component>
      <object_component id="oc-294">
         <name>.text:_UARTSpaceAvail</name>
         <load_address>0xf8e5</load_address>
         <run_address>0xf8e5</run_address>
         <size>0x1c</size>
         <input_file_ref idref="fl-e"/>
      </object_component>
      <object_component id="oc-2ad">
         <name>.text:_USBIntEnableEndpoint</name>
         <load_address>0xf901</load_address>
         <run_address>0xf901</run_address>
         <size>0x1c</size>
         <input_file_ref idref="fl-f"/>
      </object_component>
      <object_component id="oc-2a2">
         <name>.text:_USBEndpointDMADisable</name>
         <load_address>0xf91d</load_address>
         <run_address>0xf91d</run_address>
         <size>0x1a</size>
         <input_file_ref idref="fl-f"/>
      </object_component>
      <object_component id="oc-2f1">
         <name>.text:_USBGPIOEnable</name>
         <load_address>0xf937</load_address>
         <run_address>0xf937</run_address>
         <size>0x1a</size>
         <input_file_ref idref="fl-11"/>
      </object_component>
      <object_component id="oc-236">
         <name>.text</name>
         <load_address>0xf951</load_address>
         <run_address>0xf951</run_address>
         <size>0x1a</size>
         <input_file_ref idref="fl-2a"/>
      </object_component>
      <object_component id="oc-28f">
         <name>.text</name>
         <load_address>0xf96b</load_address>
         <run_address>0xf96b</run_address>
         <size>0x19</size>
         <input_file_ref idref="fl-35"/>
      </object_component>
      <object_component id="oc-2dd">
         <name>.text:_USBIntStatusEndpoint</name>
         <load_address>0xf984</load_address>
         <run_address>0xf984</run_address>
         <size>0x18</size>
         <input_file_ref idref="fl-f"/>
      </object_component>
      <object_component id="oc-2ea">
         <name>.text:_SysCtlLowSpeedClockGet</name>
         <load_address>0xf99c</load_address>
         <run_address>0xf99c</run_address>
         <size>0x17</size>
         <input_file_ref idref="fl-c"/>
      </object_component>
      <object_component id="oc-2df">
         <name>.text:_USBDevDisconnect</name>
         <load_address>0xf9b3</load_address>
         <run_address>0xf9b3</run_address>
         <size>0x17</size>
         <input_file_ref idref="fl-f"/>
      </object_component>
      <object_component id="oc-2db">
         <name>.text:_USBDevMode</name>
         <load_address>0xf9ca</load_address>
         <run_address>0xf9ca</run_address>
         <size>0x17</size>
         <input_file_ref idref="fl-f"/>
      </object_component>
      <object_component id="oc-2b4">
         <name>.text:_USBHostMode</name>
         <load_address>0xf9e1</load_address>
         <run_address>0xf9e1</run_address>
         <size>0x17</size>
         <input_file_ref idref="fl-f"/>
      </object_component>
      <object_component id="oc-2b6">
         <name>.text:_USBHostPwrDisable</name>
         <load_address>0xf9f8</load_address>
         <run_address>0xf9f8</run_address>
         <size>0x17</size>
         <input_file_ref idref="fl-f"/>
      </object_component>
      <object_component id="oc-2ae">
         <name>.text:_USBHostPwrEnable</name>
         <load_address>0xfa0f</load_address>
         <run_address>0xfa0f</run_address>
         <size>0x17</size>
         <input_file_ref idref="fl-f"/>
      </object_component>
      <object_component id="oc-2c1">
         <name>.text:_USBHostRequestStatus</name>
         <load_address>0xfa26</load_address>
         <run_address>0xfa26</run_address>
         <size>0x17</size>
         <input_file_ref idref="fl-f"/>
      </object_component>
      <object_component id="oc-2c2">
         <name>.text:_USBModeGet</name>
         <load_address>0xfa3d</load_address>
         <run_address>0xfa3d</run_address>
         <size>0x17</size>
         <input_file_ref idref="fl-f"/>
      </object_component>
      <object_component id="oc-2bd">
         <name>.text:_USBOTGMode</name>
         <load_address>0xfa54</load_address>
         <run_address>0xfa54</run_address>
         <size>0x17</size>
         <input_file_ref idref="fl-f"/>
      </object_component>
      <object_component id="oc-1bd">
         <name>.text:_SysTickIntHandler</name>
         <load_address>0xfa6b</load_address>
         <run_address>0xfa6b</run_address>
         <size>0x16</size>
         <input_file_ref idref="fl-10"/>
      </object_component>
      <object_component id="oc-2de">
         <name>.text:_USBDevConnect</name>
         <load_address>0xfa81</load_address>
         <run_address>0xfa81</run_address>
         <size>0x16</size>
         <input_file_ref idref="fl-f"/>
      </object_component>
      <object_component id="oc-265">
         <name>.text</name>
         <load_address>0xfa97</load_address>
         <run_address>0xfa97</run_address>
         <size>0x16</size>
         <input_file_ref idref="fl-33"/>
      </object_component>
      <object_component id="oc-301">
         <name>.text:_UARTEnable</name>
         <load_address>0xfaad</load_address>
         <run_address>0xfaad</run_address>
         <size>0x15</size>
         <input_file_ref idref="fl-e"/>
      </object_component>
      <object_component id="oc-2ba">
         <name>.text:_USBHostSuspend</name>
         <load_address>0xfac2</load_address>
         <run_address>0xfac2</run_address>
         <size>0x14</size>
         <input_file_ref idref="fl-f"/>
      </object_component>
      <object_component id="oc-2f8">
         <name>.text:_SysTickPeriodSet</name>
         <load_address>0xfad6</load_address>
         <run_address>0xfad6</run_address>
         <size>0x13</size>
         <input_file_ref idref="fl-d"/>
      </object_component>
      <object_component id="oc-2e4">
         <name>.text:_USBDevAddrSet</name>
         <load_address>0xfae9</load_address>
         <run_address>0xfae9</run_address>
         <size>0x13</size>
         <input_file_ref idref="fl-f"/>
      </object_component>
      <object_component id="oc-282">
         <name>.text</name>
         <load_address>0xfafc</load_address>
         <run_address>0xfafc</run_address>
         <size>0x12</size>
         <input_file_ref idref="fl-23"/>
      </object_component>
      <object_component id="oc-27f">
         <name>.text:_UARTRxErrorGet</name>
         <load_address>0xfb0e</load_address>
         <run_address>0xfb0e</run_address>
         <size>0x11</size>
         <input_file_ref idref="fl-e"/>
      </object_component>
      <object_component id="oc-2fc">
         <name>.text:_usnprintf</name>
         <load_address>0xfb1f</load_address>
         <run_address>0xfb1f</run_address>
         <size>0x10</size>
         <input_file_ref idref="fl-13"/>
      </object_component>
      <object_component id="oc-19c">
         <name>.text:_IntDefaultHandler</name>
         <load_address>0xfb2f</load_address>
         <run_address>0xfb2f</run_address>
         <size>0xf</size>
         <input_file_ref idref="fl-b"/>
      </object_component>
      <object_component id="oc-2f9">
         <name>.text:_SysTickIntRegister</name>
         <load_address>0xfb3e</load_address>
         <run_address>0xfb3e</run_address>
         <size>0xf</size>
         <input_file_ref idref="fl-d"/>
      </object_component>
      <object_component id="oc-24c">
         <name>.text</name>
         <load_address>0xfb4d</load_address>
         <run_address>0xfb4d</run_address>
         <size>0xe</size>
         <input_file_ref idref="fl-2e"/>
      </object_component>
      <object_component id="oc-119">
         <name>.text:_EMPTY_ISR</name>
         <load_address>0xfb5b</load_address>
         <run_address>0xfb5b</run_address>
         <size>0xd</size>
         <input_file_ref idref="fl-4"/>
      </object_component>
      <object_component id="oc-2c9">
         <name>.text:_TxHandler</name>
         <load_address>0xfb68</load_address>
         <run_address>0xfb68</run_address>
         <size>0xd</size>
         <input_file_ref idref="fl-10"/>
      </object_component>
      <object_component id="oc-2f7">
         <name>.text:_SysTickInit</name>
         <load_address>0xfb75</load_address>
         <run_address>0xfb75</run_address>
         <size>0xc</size>
         <input_file_ref idref="fl-d"/>
      </object_component>
      <object_component id="oc-a1">
         <name>.text:_ADCA1_ISR</name>
         <load_address>0xfb81</load_address>
         <run_address>0xfb81</run_address>
         <size>0xa</size>
         <input_file_ref idref="fl-4"/>
      </object_component>
      <object_component id="oc-e1">
         <name>.text:_ADCA2_ISR</name>
         <load_address>0xfb8b</load_address>
         <run_address>0xfb8b</run_address>
         <size>0xa</size>
         <input_file_ref idref="fl-4"/>
      </object_component>
      <object_component id="oc-e2">
         <name>.text:_ADCA3_ISR</name>
         <load_address>0xfb95</load_address>
         <run_address>0xfb95</run_address>
         <size>0xa</size>
         <input_file_ref idref="fl-4"/>
      </object_component>
      <object_component id="oc-e3">
         <name>.text:_ADCA4_ISR</name>
         <load_address>0xfb9f</load_address>
         <run_address>0xfb9f</run_address>
         <size>0xa</size>
         <input_file_ref idref="fl-4"/>
      </object_component>
      <object_component id="oc-e0">
         <name>.text:_ADCA_EVT_ISR</name>
         <load_address>0xfba9</load_address>
         <run_address>0xfba9</run_address>
         <size>0xa</size>
         <input_file_ref idref="fl-4"/>
      </object_component>
      <object_component id="oc-a2">
         <name>.text:_ADCB1_ISR</name>
         <load_address>0xfbb3</load_address>
         <run_address>0xfbb3</run_address>
         <size>0xa</size>
         <input_file_ref idref="fl-4"/>
      </object_component>
      <object_component id="oc-e5">
         <name>.text:_ADCB2_ISR</name>
         <load_address>0xfbbd</load_address>
         <run_address>0xfbbd</run_address>
         <size>0xa</size>
         <input_file_ref idref="fl-4"/>
      </object_component>
      <object_component id="oc-e6">
         <name>.text:_ADCB3_ISR</name>
         <load_address>0xfbc7</load_address>
         <run_address>0xfbc7</run_address>
         <size>0xa</size>
         <input_file_ref idref="fl-4"/>
      </object_component>
      <object_component id="oc-e7">
         <name>.text:_ADCB4_ISR</name>
         <load_address>0xfbd1</load_address>
         <run_address>0xfbd1</run_address>
         <size>0xa</size>
         <input_file_ref idref="fl-4"/>
      </object_component>
      <object_component id="oc-e4">
         <name>.text:_ADCB_EVT_ISR</name>
         <load_address>0xfbdb</load_address>
         <run_address>0xfbdb</run_address>
         <size>0xa</size>
         <input_file_ref idref="fl-4"/>
      </object_component>
      <object_component id="oc-a3">
         <name>.text:_ADCC1_ISR</name>
         <load_address>0xfbe5</load_address>
         <run_address>0xfbe5</run_address>
         <size>0xa</size>
         <input_file_ref idref="fl-4"/>
      </object_component>
      <object_component id="oc-109">
         <name>.text:_ADCC2_ISR</name>
         <load_address>0xfbef</load_address>
         <run_address>0xfbef</run_address>
         <size>0xa</size>
         <input_file_ref idref="fl-4"/>
      </object_component>
      <object_component id="oc-10a">
         <name>.text:_ADCC3_ISR</name>
         <load_address>0xfbf9</load_address>
         <run_address>0xfbf9</run_address>
         <size>0xa</size>
         <input_file_ref idref="fl-4"/>
      </object_component>
      <object_component id="oc-10b">
         <name>.text:_ADCC4_ISR</name>
         <load_address>0xfc03</load_address>
         <run_address>0xfc03</run_address>
         <size>0xa</size>
         <input_file_ref idref="fl-4"/>
      </object_component>
      <object_component id="oc-108">
         <name>.text:_ADCC_EVT_ISR</name>
         <load_address>0xfc0d</load_address>
         <run_address>0xfc0d</run_address>
         <size>0xa</size>
         <input_file_ref idref="fl-4"/>
      </object_component>
      <object_component id="oc-a6">
         <name>.text:_ADCD1_ISR</name>
         <load_address>0xfc17</load_address>
         <run_address>0xfc17</run_address>
         <size>0xa</size>
         <input_file_ref idref="fl-4"/>
      </object_component>
      <object_component id="oc-10d">
         <name>.text:_ADCD2_ISR</name>
         <load_address>0xfc21</load_address>
         <run_address>0xfc21</run_address>
         <size>0xa</size>
         <input_file_ref idref="fl-4"/>
      </object_component>
      <object_component id="oc-10e">
         <name>.text:_ADCD3_ISR</name>
         <load_address>0xfc2b</load_address>
         <run_address>0xfc2b</run_address>
         <size>0xa</size>
         <input_file_ref idref="fl-4"/>
      </object_component>
      <object_component id="oc-10f">
         <name>.text:_ADCD4_ISR</name>
         <load_address>0xfc35</load_address>
         <run_address>0xfc35</run_address>
         <size>0xa</size>
         <input_file_ref idref="fl-4"/>
      </object_component>
      <object_component id="oc-10c">
         <name>.text:_ADCD_EVT_ISR</name>
         <load_address>0xfc3f</load_address>
         <run_address>0xfc3f</run_address>
         <size>0xa</size>
         <input_file_ref idref="fl-4"/>
      </object_component>
      <object_component id="oc-115">
         <name>.text:_AUX_PLL_SLIP_ISR</name>
         <load_address>0xfc49</load_address>
         <run_address>0xfc49</run_address>
         <size>0xa</size>
         <input_file_ref idref="fl-4"/>
      </object_component>
      <object_component id="oc-dc">
         <name>.text:_CANA0_ISR</name>
         <load_address>0xfc53</load_address>
         <run_address>0xfc53</run_address>
         <size>0xa</size>
         <input_file_ref idref="fl-4"/>
      </object_component>
      <object_component id="oc-dd">
         <name>.text:_CANA1_ISR</name>
         <load_address>0xfc5d</load_address>
         <run_address>0xfc5d</run_address>
         <size>0xa</size>
         <input_file_ref idref="fl-4"/>
      </object_component>
      <object_component id="oc-de">
         <name>.text:_CANB0_ISR</name>
         <load_address>0xfc67</load_address>
         <run_address>0xfc67</run_address>
         <size>0xa</size>
         <input_file_ref idref="fl-4"/>
      </object_component>
      <object_component id="oc-df">
         <name>.text:_CANB1_ISR</name>
         <load_address>0xfc71</load_address>
         <run_address>0xfc71</run_address>
         <size>0xa</size>
         <input_file_ref idref="fl-4"/>
      </object_component>
      <object_component id="oc-e8">
         <name>.text:_CLA1_1_ISR</name>
         <load_address>0xfc7b</load_address>
         <run_address>0xfc7b</run_address>
         <size>0xa</size>
         <input_file_ref idref="fl-4"/>
      </object_component>
      <object_component id="oc-e9">
         <name>.text:_CLA1_2_ISR</name>
         <load_address>0xfc85</load_address>
         <run_address>0xfc85</run_address>
         <size>0xa</size>
         <input_file_ref idref="fl-4"/>
      </object_component>
      <object_component id="oc-ea">
         <name>.text:_CLA1_3_ISR</name>
         <load_address>0xfc8f</load_address>
         <run_address>0xfc8f</run_address>
         <size>0xa</size>
         <input_file_ref idref="fl-4"/>
      </object_component>
      <object_component id="oc-eb">
         <name>.text:_CLA1_4_ISR</name>
         <load_address>0xfc99</load_address>
         <run_address>0xfc99</run_address>
         <size>0xa</size>
         <input_file_ref idref="fl-4"/>
      </object_component>
      <object_component id="oc-ec">
         <name>.text:_CLA1_5_ISR</name>
         <load_address>0xfca3</load_address>
         <run_address>0xfca3</run_address>
         <size>0xa</size>
         <input_file_ref idref="fl-4"/>
      </object_component>
      <object_component id="oc-ed">
         <name>.text:_CLA1_6_ISR</name>
         <load_address>0xfcad</load_address>
         <run_address>0xfcad</run_address>
         <size>0xa</size>
         <input_file_ref idref="fl-4"/>
      </object_component>
      <object_component id="oc-ee">
         <name>.text:_CLA1_7_ISR</name>
         <load_address>0xfcb7</load_address>
         <run_address>0xfcb7</run_address>
         <size>0xa</size>
         <input_file_ref idref="fl-4"/>
      </object_component>
      <object_component id="oc-ef">
         <name>.text:_CLA1_8_ISR</name>
         <load_address>0xfcc1</load_address>
         <run_address>0xfcc1</run_address>
         <size>0xa</size>
         <input_file_ref idref="fl-4"/>
      </object_component>
      <object_component id="oc-116">
         <name>.text:_CLA_OVERFLOW_ISR</name>
         <load_address>0xfccb</load_address>
         <run_address>0xfccb</run_address>
         <size>0xa</size>
         <input_file_ref idref="fl-4"/>
      </object_component>
      <object_component id="oc-117">
         <name>.text:_CLA_UNDERFLOW_ISR</name>
         <load_address>0xfcd5</load_address>
         <run_address>0xfcd5</run_address>
         <size>0xa</size>
         <input_file_ref idref="fl-4"/>
      </object_component>
      <object_component id="oc-90">
         <name>.text:_DATALOG_ISR</name>
         <load_address>0xfcdf</load_address>
         <run_address>0xfcdf</run_address>
         <size>0xa</size>
         <input_file_ref idref="fl-4"/>
      </object_component>
      <object_component id="oc-ca">
         <name>.text:_DMA_CH1_ISR</name>
         <load_address>0xfce9</load_address>
         <run_address>0xfce9</run_address>
         <size>0xa</size>
         <input_file_ref idref="fl-4"/>
      </object_component>
      <object_component id="oc-cb">
         <name>.text:_DMA_CH2_ISR</name>
         <load_address>0xfcf3</load_address>
         <run_address>0xfcf3</run_address>
         <size>0xa</size>
         <input_file_ref idref="fl-4"/>
      </object_component>
      <object_component id="oc-cc">
         <name>.text:_DMA_CH3_ISR</name>
         <load_address>0xfcfd</load_address>
         <run_address>0xfcfd</run_address>
         <size>0xa</size>
         <input_file_ref idref="fl-4"/>
      </object_component>
      <object_component id="oc-cd">
         <name>.text:_DMA_CH4_ISR</name>
         <load_address>0xfd07</load_address>
         <run_address>0xfd07</run_address>
         <size>0xa</size>
         <input_file_ref idref="fl-4"/>
      </object_component>
      <object_component id="oc-ce">
         <name>.text:_DMA_CH5_ISR</name>
         <load_address>0xfd11</load_address>
         <run_address>0xfd11</run_address>
         <size>0xa</size>
         <input_file_ref idref="fl-4"/>
      </object_component>
      <object_component id="oc-cf">
         <name>.text:_DMA_CH6_ISR</name>
         <load_address>0xfd1b</load_address>
         <run_address>0xfd1b</run_address>
         <size>0xa</size>
         <input_file_ref idref="fl-4"/>
      </object_component>
      <object_component id="oc-b9">
         <name>.text:_ECAP1_ISR</name>
         <load_address>0xfd25</load_address>
         <run_address>0xfd25</run_address>
         <size>0xa</size>
         <input_file_ref idref="fl-4"/>
      </object_component>
      <object_component id="oc-ba">
         <name>.text:_ECAP2_ISR</name>
         <load_address>0xfd2f</load_address>
         <run_address>0xfd2f</run_address>
         <size>0xa</size>
         <input_file_ref idref="fl-4"/>
      </object_component>
      <object_component id="oc-bb">
         <name>.text:_ECAP3_ISR</name>
         <load_address>0xfd39</load_address>
         <run_address>0xfd39</run_address>
         <size>0xa</size>
         <input_file_ref idref="fl-4"/>
      </object_component>
      <object_component id="oc-bc">
         <name>.text:_ECAP4_ISR</name>
         <load_address>0xfd43</load_address>
         <run_address>0xfd43</run_address>
         <size>0xa</size>
         <input_file_ref idref="fl-4"/>
      </object_component>
      <object_component id="oc-bd">
         <name>.text:_ECAP5_ISR</name>
         <load_address>0xfd4d</load_address>
         <run_address>0xfd4d</run_address>
         <size>0xa</size>
         <input_file_ref idref="fl-4"/>
      </object_component>
      <object_component id="oc-be">
         <name>.text:_ECAP6_ISR</name>
         <load_address>0xfd57</load_address>
         <run_address>0xfd57</run_address>
         <size>0xa</size>
         <input_file_ref idref="fl-4"/>
      </object_component>
      <object_component id="oc-110">
         <name>.text:_EMIF_ERROR_ISR</name>
         <load_address>0xfd61</load_address>
         <run_address>0xfd61</run_address>
         <size>0xa</size>
         <input_file_ref idref="fl-4"/>
      </object_component>
      <object_component id="oc-92">
         <name>.text:_EMU_ISR</name>
         <load_address>0xfd6b</load_address>
         <run_address>0xfd6b</run_address>
         <size>0xa</size>
         <input_file_ref idref="fl-4"/>
      </object_component>
      <object_component id="oc-ff">
         <name>.text:_EPWM10_ISR</name>
         <load_address>0xfd75</load_address>
         <run_address>0xfd75</run_address>
         <size>0xa</size>
         <input_file_ref idref="fl-4"/>
      </object_component>
      <object_component id="oc-fb">
         <name>.text:_EPWM10_TZ_ISR</name>
         <load_address>0xfd7f</load_address>
         <run_address>0xfd7f</run_address>
         <size>0xa</size>
         <input_file_ref idref="fl-4"/>
      </object_component>
      <object_component id="oc-100">
         <name>.text:_EPWM11_ISR</name>
         <load_address>0xfd89</load_address>
         <run_address>0xfd89</run_address>
         <size>0xa</size>
         <input_file_ref idref="fl-4"/>
      </object_component>
      <object_component id="oc-fc">
         <name>.text:_EPWM11_TZ_ISR</name>
         <load_address>0xfd93</load_address>
         <run_address>0xfd93</run_address>
         <size>0xa</size>
         <input_file_ref idref="fl-4"/>
      </object_component>
      <object_component id="oc-101">
         <name>.text:_EPWM12_ISR</name>
         <load_address>0xfd9d</load_address>
         <run_address>0xfd9d</run_address>
         <size>0xa</size>
         <input_file_ref idref="fl-4"/>
      </object_component>
      <object_component id="oc-fd">
         <name>.text:_EPWM12_TZ_ISR</name>
         <load_address>0xfda7</load_address>
         <run_address>0xfda7</run_address>
         <size>0xa</size>
         <input_file_ref idref="fl-4"/>
      </object_component>
      <object_component id="oc-b1">
         <name>.text:_EPWM1_ISR</name>
         <load_address>0xfdb1</load_address>
         <run_address>0xfdb1</run_address>
         <size>0xa</size>
         <input_file_ref idref="fl-4"/>
      </object_component>
      <object_component id="oc-a9">
         <name>.text:_EPWM1_TZ_ISR</name>
         <load_address>0xfdbb</load_address>
         <run_address>0xfdbb</run_address>
         <size>0xa</size>
         <input_file_ref idref="fl-4"/>
      </object_component>
      <object_component id="oc-b2">
         <name>.text:_EPWM2_ISR</name>
         <load_address>0xfdc5</load_address>
         <run_address>0xfdc5</run_address>
         <size>0xa</size>
         <input_file_ref idref="fl-4"/>
      </object_component>
      <object_component id="oc-aa">
         <name>.text:_EPWM2_TZ_ISR</name>
         <load_address>0xfdcf</load_address>
         <run_address>0xfdcf</run_address>
         <size>0xa</size>
         <input_file_ref idref="fl-4"/>
      </object_component>
      <object_component id="oc-b3">
         <name>.text:_EPWM3_ISR</name>
         <load_address>0xfdd9</load_address>
         <run_address>0xfdd9</run_address>
         <size>0xa</size>
         <input_file_ref idref="fl-4"/>
      </object_component>
      <object_component id="oc-ab">
         <name>.text:_EPWM3_TZ_ISR</name>
         <load_address>0xfde3</load_address>
         <run_address>0xfde3</run_address>
         <size>0xa</size>
         <input_file_ref idref="fl-4"/>
      </object_component>
      <object_component id="oc-b4">
         <name>.text:_EPWM4_ISR</name>
         <load_address>0xfded</load_address>
         <run_address>0xfded</run_address>
         <size>0xa</size>
         <input_file_ref idref="fl-4"/>
      </object_component>
      <object_component id="oc-ac">
         <name>.text:_EPWM4_TZ_ISR</name>
         <load_address>0xfdf7</load_address>
         <run_address>0xfdf7</run_address>
         <size>0xa</size>
         <input_file_ref idref="fl-4"/>
      </object_component>
      <object_component id="oc-b5">
         <name>.text:_EPWM5_ISR</name>
         <load_address>0xfe01</load_address>
         <run_address>0xfe01</run_address>
         <size>0xa</size>
         <input_file_ref idref="fl-4"/>
      </object_component>
      <object_component id="oc-ad">
         <name>.text:_EPWM5_TZ_ISR</name>
         <load_address>0xfe0b</load_address>
         <run_address>0xfe0b</run_address>
         <size>0xa</size>
         <input_file_ref idref="fl-4"/>
      </object_component>
      <object_component id="oc-b6">
         <name>.text:_EPWM6_ISR</name>
         <load_address>0xfe15</load_address>
         <run_address>0xfe15</run_address>
         <size>0xa</size>
         <input_file_ref idref="fl-4"/>
      </object_component>
      <object_component id="oc-ae">
         <name>.text:_EPWM6_TZ_ISR</name>
         <load_address>0xfe1f</load_address>
         <run_address>0xfe1f</run_address>
         <size>0xa</size>
         <input_file_ref idref="fl-4"/>
      </object_component>
      <object_component id="oc-b7">
         <name>.text:_EPWM7_ISR</name>
         <load_address>0xfe29</load_address>
         <run_address>0xfe29</run_address>
         <size>0xa</size>
         <input_file_ref idref="fl-4"/>
      </object_component>
      <object_component id="oc-af">
         <name>.text:_EPWM7_TZ_ISR</name>
         <load_address>0xfe33</load_address>
         <run_address>0xfe33</run_address>
         <size>0xa</size>
         <input_file_ref idref="fl-4"/>
      </object_component>
      <object_component id="oc-b8">
         <name>.text:_EPWM8_ISR</name>
         <load_address>0xfe3d</load_address>
         <run_address>0xfe3d</run_address>
         <size>0xa</size>
         <input_file_ref idref="fl-4"/>
      </object_component>
      <object_component id="oc-b0">
         <name>.text:_EPWM8_TZ_ISR</name>
         <load_address>0xfe47</load_address>
         <run_address>0xfe47</run_address>
         <size>0xa</size>
         <input_file_ref idref="fl-4"/>
      </object_component>
      <object_component id="oc-fe">
         <name>.text:_EPWM9_ISR</name>
         <load_address>0xfe51</load_address>
         <run_address>0xfe51</run_address>
         <size>0xa</size>
         <input_file_ref idref="fl-4"/>
      </object_component>
      <object_component id="oc-fa">
         <name>.text:_EPWM9_TZ_ISR</name>
         <load_address>0xfe5b</load_address>
         <run_address>0xfe5b</run_address>
         <size>0xa</size>
         <input_file_ref idref="fl-4"/>
      </object_component>
      <object_component id="oc-bf">
         <name>.text:_EQEP1_ISR</name>
         <load_address>0xfe65</load_address>
         <run_address>0xfe65</run_address>
         <size>0xa</size>
         <input_file_ref idref="fl-4"/>
      </object_component>
      <object_component id="oc-c0">
         <name>.text:_EQEP2_ISR</name>
         <load_address>0xfe6f</load_address>
         <run_address>0xfe6f</run_address>
         <size>0xa</size>
         <input_file_ref idref="fl-4"/>
      </object_component>
      <object_component id="oc-c1">
         <name>.text:_EQEP3_ISR</name>
         <load_address>0xfe79</load_address>
         <run_address>0xfe79</run_address>
         <size>0xa</size>
         <input_file_ref idref="fl-4"/>
      </object_component>
      <object_component id="oc-112">
         <name>.text:_FLASH_CORRECTABLE_ERROR_ISR</name>
         <load_address>0xfe83</load_address>
         <run_address>0xfe83</run_address>
         <size>0xa</size>
         <input_file_ref idref="fl-4"/>
      </object_component>
      <object_component id="oc-f4">
         <name>.text:_FPU_OVERFLOW_ISR</name>
         <load_address>0xfe8d</load_address>
         <run_address>0xfe8d</run_address>
         <size>0xa</size>
         <input_file_ref idref="fl-4"/>
      </object_component>
      <object_component id="oc-f5">
         <name>.text:_FPU_UNDERFLOW_ISR</name>
         <load_address>0xfe97</load_address>
         <run_address>0xfe97</run_address>
         <size>0xa</size>
         <input_file_ref idref="fl-4"/>
      </object_component>
      <object_component id="oc-d1">
         <name>.text:_I2CA_FIFO_ISR</name>
         <load_address>0xfea1</load_address>
         <run_address>0xfea1</run_address>
         <size>0xa</size>
         <input_file_ref idref="fl-4"/>
      </object_component>
      <object_component id="oc-d0">
         <name>.text:_I2CA_ISR</name>
         <load_address>0xfeab</load_address>
         <run_address>0xfeab</run_address>
         <size>0xa</size>
         <input_file_ref idref="fl-4"/>
      </object_component>
      <object_component id="oc-d3">
         <name>.text:_I2CB_FIFO_ISR</name>
         <load_address>0xfeb5</load_address>
         <run_address>0xfeb5</run_address>
         <size>0xa</size>
         <input_file_ref idref="fl-4"/>
      </object_component>
      <object_component id="oc-d2">
         <name>.text:_I2CB_ISR</name>
         <load_address>0xfebf</load_address>
         <run_address>0xfebf</run_address>
         <size>0xa</size>
         <input_file_ref idref="fl-4"/>
      </object_component>
      <object_component id="oc-94">
         <name>.text:_ILLEGAL_ISR</name>
         <load_address>0xfec9</load_address>
         <run_address>0xfec9</run_address>
         <size>0xa</size>
         <input_file_ref idref="fl-4"/>
      </object_component>
      <object_component id="oc-f6">
         <name>.text:_IPC0_ISR</name>
         <load_address>0xfed3</load_address>
         <run_address>0xfed3</run_address>
         <size>0xa</size>
         <input_file_ref idref="fl-4"/>
      </object_component>
      <object_component id="oc-f7">
         <name>.text:_IPC1_ISR</name>
         <load_address>0xfedd</load_address>
         <run_address>0xfedd</run_address>
         <size>0xa</size>
         <input_file_ref idref="fl-4"/>
      </object_component>
      <object_component id="oc-f8">
         <name>.text:_IPC2_ISR</name>
         <load_address>0xfee7</load_address>
         <run_address>0xfee7</run_address>
         <size>0xa</size>
         <input_file_ref idref="fl-4"/>
      </object_component>
      <object_component id="oc-f9">
         <name>.text:_IPC3_ISR</name>
         <load_address>0xfef1</load_address>
         <run_address>0xfef1</run_address>
         <size>0xa</size>
         <input_file_ref idref="fl-4"/>
      </object_component>
      <object_component id="oc-c6">
         <name>.text:_MCBSPA_RX_ISR</name>
         <load_address>0xfefb</load_address>
         <run_address>0xfefb</run_address>
         <size>0xa</size>
         <input_file_ref idref="fl-4"/>
      </object_component>
      <object_component id="oc-c7">
         <name>.text:_MCBSPA_TX_ISR</name>
         <load_address>0xff05</load_address>
         <run_address>0xff05</run_address>
         <size>0xa</size>
         <input_file_ref idref="fl-4"/>
      </object_component>
      <object_component id="oc-c8">
         <name>.text:_MCBSPB_RX_ISR</name>
         <load_address>0xff0f</load_address>
         <run_address>0xff0f</run_address>
         <size>0xa</size>
         <input_file_ref idref="fl-4"/>
      </object_component>
      <object_component id="oc-c9">
         <name>.text:_MCBSPB_TX_ISR</name>
         <load_address>0xff19</load_address>
         <run_address>0xff19</run_address>
         <size>0xa</size>
         <input_file_ref idref="fl-4"/>
      </object_component>
      <object_component id="oc-93">
         <name>.text:_NMI_ISR</name>
         <load_address>0xff23</load_address>
         <run_address>0xff23</run_address>
         <size>0xa</size>
         <input_file_ref idref="fl-4"/>
      </object_component>
      <object_component id="oc-11a">
         <name>.text:_NOTUSED_ISR</name>
         <load_address>0xff2d</load_address>
         <run_address>0xff2d</run_address>
         <size>0xa</size>
         <input_file_ref idref="fl-4"/>
      </object_component>
      <object_component id="oc-118">
         <name>.text:_PIE_RESERVED_ISR</name>
         <load_address>0xff37</load_address>
         <run_address>0xff37</run_address>
         <size>0xa</size>
         <input_file_ref idref="fl-4"/>
      </object_component>
      <object_component id="oc-113">
         <name>.text:_RAM_ACCESS_VIOLATION_ISR</name>
         <load_address>0xff41</load_address>
         <run_address>0xff41</run_address>
         <size>0xa</size>
         <input_file_ref idref="fl-4"/>
      </object_component>
      <object_component id="oc-111">
         <name>.text:_RAM_CORRECTABLE_ERROR_ISR</name>
         <load_address>0xff4b</load_address>
         <run_address>0xff4b</run_address>
         <size>0xa</size>
         <input_file_ref idref="fl-4"/>
      </object_component>
      <object_component id="oc-91">
         <name>.text:_RTOS_ISR</name>
         <load_address>0xff55</load_address>
         <run_address>0xff55</run_address>
         <size>0xa</size>
         <input_file_ref idref="fl-4"/>
      </object_component>
      <object_component id="oc-d8">
         <name>.text:_SCIA_RX_ISR</name>
         <load_address>0xff5f</load_address>
         <run_address>0xff5f</run_address>
         <size>0xa</size>
         <input_file_ref idref="fl-4"/>
      </object_component>
      <object_component id="oc-d9">
         <name>.text:_SCIA_TX_ISR</name>
         <load_address>0xff69</load_address>
         <run_address>0xff69</run_address>
         <size>0xa</size>
         <input_file_ref idref="fl-4"/>
      </object_component>
      <object_component id="oc-da">
         <name>.text:_SCIB_RX_ISR</name>
         <load_address>0xff73</load_address>
         <run_address>0xff73</run_address>
         <size>0xa</size>
         <input_file_ref idref="fl-4"/>
      </object_component>
      <object_component id="oc-db">
         <name>.text:_SCIB_TX_ISR</name>
         <load_address>0xff7d</load_address>
         <run_address>0xff7d</run_address>
         <size>0xa</size>
         <input_file_ref idref="fl-4"/>
      </object_component>
      <object_component id="oc-d4">
         <name>.text:_SCIC_RX_ISR</name>
         <load_address>0xff87</load_address>
         <run_address>0xff87</run_address>
         <size>0xa</size>
         <input_file_ref idref="fl-4"/>
      </object_component>
      <object_component id="oc-d5">
         <name>.text:_SCIC_TX_ISR</name>
         <load_address>0xff91</load_address>
         <run_address>0xff91</run_address>
         <size>0xa</size>
         <input_file_ref idref="fl-4"/>
      </object_component>
      <object_component id="oc-d6">
         <name>.text:_SCID_RX_ISR</name>
         <load_address>0xff9b</load_address>
         <run_address>0xff9b</run_address>
         <size>0xa</size>
         <input_file_ref idref="fl-4"/>
      </object_component>
      <object_component id="oc-d7">
         <name>.text:_SCID_TX_ISR</name>
         <load_address>0xffa5</load_address>
         <run_address>0xffa5</run_address>
         <size>0xa</size>
         <input_file_ref idref="fl-4"/>
      </object_component>
      <object_component id="oc-102">
         <name>.text:_SD1_ISR</name>
         <load_address>0xffaf</load_address>
         <run_address>0xffaf</run_address>
         <size>0xa</size>
         <input_file_ref idref="fl-4"/>
      </object_component>
      <object_component id="oc-103">
         <name>.text:_SD2_ISR</name>
         <load_address>0xffb9</load_address>
         <run_address>0xffb9</run_address>
         <size>0xa</size>
         <input_file_ref idref="fl-4"/>
      </object_component>
      <object_component id="oc-c2">
         <name>.text:_SPIA_RX_ISR</name>
         <load_address>0xffc3</load_address>
         <run_address>0xffc3</run_address>
         <size>0xa</size>
         <input_file_ref idref="fl-4"/>
      </object_component>
      <object_component id="oc-c3">
         <name>.text:_SPIA_TX_ISR</name>
         <load_address>0xffcd</load_address>
         <run_address>0xffcd</run_address>
         <size>0xa</size>
         <input_file_ref idref="fl-4"/>
      </object_component>
      <object_component id="oc-c4">
         <name>.text:_SPIB_RX_ISR</name>
         <load_address>0xffd7</load_address>
         <run_address>0xffd7</run_address>
         <size>0xa</size>
         <input_file_ref idref="fl-4"/>
      </object_component>
      <object_component id="oc-c5">
         <name>.text:_SPIB_TX_ISR</name>
         <load_address>0xffe1</load_address>
         <run_address>0xffe1</run_address>
         <size>0xa</size>
         <input_file_ref idref="fl-4"/>
      </object_component>
      <object_component id="oc-104">
         <name>.text:_SPIC_RX_ISR</name>
         <load_address>0xffeb</load_address>
         <run_address>0xffeb</run_address>
         <size>0xa</size>
         <input_file_ref idref="fl-4"/>
      </object_component>
      <object_component id="oc-105">
         <name>.text:_SPIC_TX_ISR</name>
         <load_address>0xfff5</load_address>
         <run_address>0xfff5</run_address>
         <size>0xa</size>
         <input_file_ref idref="fl-4"/>
      </object_component>
      <object_component id="oc-2b3">
         <name>.text:_SysCtlUSBPLLEnable</name>
         <load_address>0xffff</load_address>
         <run_address>0xffff</run_address>
         <size>0x1</size>
         <input_file_ref idref="fl-c"/>
      </object_component>
      <object_component id="oc-114">
         <name>.text:_SYS_PLL_SLIP_ISR</name>
         <load_address>0x10000</load_address>
         <run_address>0x10000</run_address>
         <size>0xa</size>
         <input_file_ref idref="fl-4"/>
      </object_component>
      <object_component id="oc-2fa">
         <name>.text:_SysTickIntEnable</name>
         <load_address>0x1000a</load_address>
         <run_address>0x1000a</run_address>
         <size>0xa</size>
         <input_file_ref idref="fl-d"/>
      </object_component>
      <object_component id="oc-a7">
         <name>.text:_TIMER0_ISR</name>
         <load_address>0x10014</load_address>
         <run_address>0x10014</run_address>
         <size>0xa</size>
         <input_file_ref idref="fl-4"/>
      </object_component>
      <object_component id="oc-8e">
         <name>.text:_TIMER1_ISR</name>
         <load_address>0x1001e</load_address>
         <run_address>0x1001e</run_address>
         <size>0xa</size>
         <input_file_ref idref="fl-4"/>
      </object_component>
      <object_component id="oc-8f">
         <name>.text:_TIMER2_ISR</name>
         <load_address>0x10028</load_address>
         <run_address>0x10028</run_address>
         <size>0xa</size>
         <input_file_ref idref="fl-4"/>
      </object_component>
      <object_component id="oc-106">
         <name>.text:_UPPA_ISR</name>
         <load_address>0x10032</load_address>
         <run_address>0x10032</run_address>
         <size>0xa</size>
         <input_file_ref idref="fl-4"/>
      </object_component>
      <object_component id="oc-107">
         <name>.text:_USBA_ISR</name>
         <load_address>0x1003c</load_address>
         <run_address>0x1003c</run_address>
         <size>0xa</size>
         <input_file_ref idref="fl-4"/>
      </object_component>
      <object_component id="oc-9e">
         <name>.text:_USER10_ISR</name>
         <load_address>0x10046</load_address>
         <run_address>0x10046</run_address>
         <size>0xa</size>
         <input_file_ref idref="fl-4"/>
      </object_component>
      <object_component id="oc-9f">
         <name>.text:_USER11_ISR</name>
         <load_address>0x10050</load_address>
         <run_address>0x10050</run_address>
         <size>0xa</size>
         <input_file_ref idref="fl-4"/>
      </object_component>
      <object_component id="oc-a0">
         <name>.text:_USER12_ISR</name>
         <load_address>0x1005a</load_address>
         <run_address>0x1005a</run_address>
         <size>0xa</size>
         <input_file_ref idref="fl-4"/>
      </object_component>
      <object_component id="oc-95">
         <name>.text:_USER1_ISR</name>
         <load_address>0x10064</load_address>
         <run_address>0x10064</run_address>
         <size>0xa</size>
         <input_file_ref idref="fl-4"/>
      </object_component>
      <object_component id="oc-96">
         <name>.text:_USER2_ISR</name>
         <load_address>0x1006e</load_address>
         <run_address>0x1006e</run_address>
         <size>0xa</size>
         <input_file_ref idref="fl-4"/>
      </object_component>
      <object_component id="oc-97">
         <name>.text:_USER3_ISR</name>
         <load_address>0x10078</load_address>
         <run_address>0x10078</run_address>
         <size>0xa</size>
         <input_file_ref idref="fl-4"/>
      </object_component>
      <object_component id="oc-98">
         <name>.text:_USER4_ISR</name>
         <load_address>0x10082</load_address>
         <run_address>0x10082</run_address>
         <size>0xa</size>
         <input_file_ref idref="fl-4"/>
      </object_component>
      <object_component id="oc-99">
         <name>.text:_USER5_ISR</name>
         <load_address>0x1008c</load_address>
         <run_address>0x1008c</run_address>
         <size>0xa</size>
         <input_file_ref idref="fl-4"/>
      </object_component>
      <object_component id="oc-9a">
         <name>.text:_USER6_ISR</name>
         <load_address>0x10096</load_address>
         <run_address>0x10096</run_address>
         <size>0xa</size>
         <input_file_ref idref="fl-4"/>
      </object_component>
      <object_component id="oc-9b">
         <name>.text:_USER7_ISR</name>
         <load_address>0x100a0</load_address>
         <run_address>0x100a0</run_address>
         <size>0xa</size>
         <input_file_ref idref="fl-4"/>
      </object_component>
      <object_component id="oc-9c">
         <name>.text:_USER8_ISR</name>
         <load_address>0x100aa</load_address>
         <run_address>0x100aa</run_address>
         <size>0xa</size>
         <input_file_ref idref="fl-4"/>
      </object_component>
      <object_component id="oc-9d">
         <name>.text:_USER9_ISR</name>
         <load_address>0x100b4</load_address>
         <run_address>0x100b4</run_address>
         <size>0xa</size>
         <input_file_ref idref="fl-4"/>
      </object_component>
      <object_component id="oc-f3">
         <name>.text:_VCU_ISR</name>
         <load_address>0x100be</load_address>
         <run_address>0x100be</run_address>
         <size>0xa</size>
         <input_file_ref idref="fl-4"/>
      </object_component>
      <object_component id="oc-a8">
         <name>.text:_WAKE_ISR</name>
         <load_address>0x100c8</load_address>
         <run_address>0x100c8</run_address>
         <size>0xa</size>
         <input_file_ref idref="fl-4"/>
      </object_component>
      <object_component id="oc-a4">
         <name>.text:_XINT1_ISR</name>
         <load_address>0x100d2</load_address>
         <run_address>0x100d2</run_address>
         <size>0xa</size>
         <input_file_ref idref="fl-4"/>
      </object_component>
      <object_component id="oc-a5">
         <name>.text:_XINT2_ISR</name>
         <load_address>0x100dc</load_address>
         <run_address>0x100dc</run_address>
         <size>0xa</size>
         <input_file_ref idref="fl-4"/>
      </object_component>
      <object_component id="oc-f0">
         <name>.text:_XINT3_ISR</name>
         <load_address>0x100e6</load_address>
         <run_address>0x100e6</run_address>
         <size>0xa</size>
         <input_file_ref idref="fl-4"/>
      </object_component>
      <object_component id="oc-f1">
         <name>.text:_XINT4_ISR</name>
         <load_address>0x100f0</load_address>
         <run_address>0x100f0</run_address>
         <size>0xa</size>
         <input_file_ref idref="fl-4"/>
      </object_component>
      <object_component id="oc-f2">
         <name>.text:_XINT5_ISR</name>
         <load_address>0x100fa</load_address>
[...]
         <name>_USBHCDInit</name>
         <value>0x119e3</value>
         <object_component_ref idref="oc-283"/>
      </symbol>
      <symbol id="sm-aa9">
         <name>_USBHCDResume</name>
         <value>0x11ad5</value>
         <object_component_ref idref="oc-283"/>
      </symbol>
      <symbol id="sm-aaa">
         <name>_USBHCDPipeRead</name>
         <value>0x11678</value>
         <object_component_ref idref="oc-283"/>
      </symbol>
      <symbol id="sm-aab">
         <name>_USBHCDPipeReadNonBlocking</name>
         <value>0x11630</value>
         <object_component_ref idref="oc-283"/>
      </symbol>
      <symbol id="sm-aac">
         <name>_USBHCDPipeWrite</name>
         <value>0x11487</value>
         <object_component_ref idref="oc-283"/>
      </symbol>
      <symbol id="sm-aad">
         <name>_USBHCDMain</name>
         <value>0x121bb</value>
         <object_component_ref idref="oc-283"/>
      </symbol>
      <symbol id="sm-aae">
         <name>_USBHostIntHandlerInternal</name>
         <value>0x11d1a</value>
         <object_component_ref idref="oc-283"/>
      </symbol>
      <symbol id="sm-aaf">
         <name>_ConfigDescAlloc</name>
         <value>0x11000</value>
         <object_component_ref idref="oc-283"/>
      </symbol>
      <symbol id="sm-ab0">
         <name>_USBHCDRegisterDrivers</name>
         <value>0x11a39</value>
         <object_component_ref idref="oc-283"/>
      </symbol>
      <symbol id="sm-ab1">
         <name>_USBHCDSetConfig</name>
         <value>0x11c3e</value>
         <object_component_ref idref="oc-283"/>
      </symbol>
      <symbol id="sm-ab2">
         <name>_USBHCDSetInterface</name>
         <value>0x11c62</value>
         <object_component_ref idref="oc-283"/>
      </symbol>
      <symbol id="sm-ab3">
         <name>_InternalUSBHCDSendEvent</name>
         <value>0x1210e</value>
         <object_component_ref idref="oc-283"/>
      </symbol>
      <symbol id="sm-ab4">
         <name>_USBHCDPipeSchedule</name>
         <value>0x11589</value>
         <object_component_ref idref="oc-283"/>
      </symbol>
      <symbol id="sm-ab5">
         <name>_USBHCDDevSubClass</name>
         <value>0x125b9</value>
         <object_component_ref idref="oc-283"/>
      </symbol>
      <symbol id="sm-ab6">
         <name>_USBHCDTerm</name>
         <value>0x11a44</value>
         <object_component_ref idref="oc-283"/>
      </symbol>
      <symbol id="sm-ab7">
         <name>_USBHCDPipeConfig</name>
         <value>0x113b2</value>
         <object_component_ref idref="oc-283"/>
      </symbol>
      <symbol id="sm-ab8">
         <name>_USBHCDHubDeviceConnected</name>
         <value>0x12414</value>
         <object_component_ref idref="oc-283"/>
      </symbol>
      <symbol id="sm-ab9">
         <name>_USBHCDPipeFree</name>
         <value>0x11790</value>
         <object_component_ref idref="oc-283"/>
      </symbol>
      <symbol id="sm-aba">
         <name>_USBHCDDevHubPort</name>
         <value>0x1256c</value>
         <object_component_ref idref="oc-283"/>
      </symbol>
      <symbol id="sm-abb">
         <name>_USBHostCheckPipes</name>
         <value>0x11c8e</value>
         <object_component_ref idref="oc-283"/>
      </symbol>
      <symbol id="sm-abc">
         <name>_USBHCDControlTransfer</name>
         <value>0x12382</value>
         <object_component_ref idref="oc-283"/>
      </symbol>
      <symbol id="sm-abd">
         <name>_USBHCDEventEnable</name>
         <value>0x110c5</value>
         <object_component_ref idref="oc-283"/>
      </symbol>
      <symbol id="sm-abe">
         <name>_USBHCDPipeAlloc</name>
         <value>0x113a3</value>
         <object_component_ref idref="oc-283"/>
      </symbol>
      <symbol id="sm-abf">
         <name>_USBHCDDevAddress</name>
         <value>0x12580</value>
         <object_component_ref idref="oc-283"/>
      </symbol>
      <symbol id="sm-ac0">
         <name>_USBHCDPowerConfigGet</name>
         <value>0x119a7</value>
         <object_component_ref idref="oc-283"/>
      </symbol>
      <symbol id="sm-b50">
         <name>_USBDCDCPowerStatusSet</name>
         <value>0xcf7d</value>
         <object_component_ref idref="oc-28a"/>
      </symbol>
      <symbol id="sm-b51">
         <name>_ProcessDataFromHost</name>
         <value>0xc97f</value>
         <object_component_ref idref="oc-28a"/>
      </symbol>
      <symbol id="sm-b52">
         <name>_g_sCDCSerDataInterfaceSection</name>
         <value>0x9b9e</value>
         <object_component_ref idref="oc-1fc"/>
      </symbol>
      <symbol id="sm-b53">
         <name>_USBDCDCSerialStateChange</name>
         <value>0xcf4f</value>
         <object_component_ref idref="oc-28a"/>
      </symbol>
      <symbol id="sm-b54">
         <name>_g_pui8CDCSerDescriptor</name>
         <value>0x83a4</value>
         <object_component_ref idref="oc-1fd"/>
      </symbol>
      <symbol id="sm-b55">
         <name>_USBDCDCTerm</name>
         <value>0xce29</value>
         <object_component_ref idref="oc-28a"/>
      </symbol>
      <symbol id="sm-b56">
         <name>_USBDCDCRxPacketAvailable</name>
         <value>0xcf24</value>
         <object_component_ref idref="oc-28a"/>
      </symbol>
      <symbol id="sm-b57">
         <name>_g_psCDCCompSerSections</name>
         <value>0x8394</value>
         <object_component_ref idref="oc-1fd"/>
      </symbol>
      <symbol id="sm-b58">
         <name>_g_pui8CDCSerDeviceDescriptor</name>
         <value>0x83ad</value>
         <object_component_ref idref="oc-1fd"/>
      </symbol>
      <symbol id="sm-b59">
         <name>_g_sIADSerConfigSection</name>
         <value>0x9bae</value>
         <object_component_ref idref="oc-1fc"/>
      </symbol>
      <symbol id="sm-b5a">
         <name>_g_psCDCSerSections</name>
         <value>0x838e</value>
         <object_component_ref idref="oc-1fd"/>
      </symbol>
      <symbol id="sm-b5b">
         <name>_USBDCDCPacketRead</name>
         <value>0xceac</value>
         <object_component_ref idref="oc-28a"/>
      </symbol>
      <symbol id="sm-b5c">
         <name>_USBDCDCCompositeInit</name>
         <value>0xcd3e</value>
         <object_component_ref idref="oc-28a"/>
      </symbol>
      <symbol id="sm-b5d">
         <name>_g_pui8CDCSerDataInterface</name>
         <value>0x9c9a</value>
         <object_component_ref idref="oc-288"/>
      </symbol>
      <symbol id="sm-b5e">
         <name>_USBDCDCSetRxCBData</name>
         <value>0xce42</value>
         <object_component_ref idref="oc-28a"/>
      </symbol>
      <symbol id="sm-b5f">
         <name>_ProcessDataToHost</name>
         <value>0xca0c</value>
         <object_component_ref idref="oc-28a"/>
      </symbol>
      <symbol id="sm-b60">
         <name>_g_sCDCSerConfigHeader</name>
         <value>0x9baa</value>
         <object_component_ref idref="oc-1fc"/>
      </symbol>
      <symbol id="sm-b61">
         <name>_USBDCDCSetControlCBData</name>
         <value>0xce36</value>
         <object_component_ref idref="oc-28a"/>
      </symbol>
      <symbol id="sm-b62">
         <name>_g_pui8IADSerDescriptor</name>
         <value>0x839c</value>
         <object_component_ref idref="oc-1fd"/>
      </symbol>
      <symbol id="sm-b63">
         <name>_USBDCDCRemoteWakeupRequest</name>
         <value>0xcf86</value>
         <object_component_ref idref="oc-28a"/>
      </symbol>
      <symbol id="sm-b64">
         <name>_g_ppCDCSerConfigDescriptors</name>
         <value>0x9d0e</value>
         <object_component_ref idref="oc-2d4"/>
      </symbol>
      <symbol id="sm-b65">
         <name>_ProcessNotificationToHost</name>
         <value>0xc9dd</value>
         <object_component_ref idref="oc-28a"/>
      </symbol>
      <symbol id="sm-b66">
         <name>_USBDCDCPacketWrite</name>
         <value>0xce66</value>
         <object_component_ref idref="oc-28a"/>
      </symbol>
      <symbol id="sm-b67">
         <name>_g_sCDCSerCommInterfaceSection</name>
         <value>0x9ba2</value>
         <object_component_ref idref="oc-1fc"/>
      </symbol>
      <symbol id="sm-b68">
         <name>_g_sCDCHandlers</name>
         <value>0x9bb6</value>
         <object_component_ref idref="oc-1fc"/>
      </symbol>
      <symbol id="sm-b69">
         <name>_USBDCDCInit</name>
         <value>0xcdd6</value>
         <object_component_ref idref="oc-28a"/>
      </symbol>
      <symbol id="sm-b6a">
         <name>_USBDCDCTxPacketAvailable</name>
         <value>0xcf14</value>
         <object_component_ref idref="oc-28a"/>
      </symbol>
      <symbol id="sm-b6b">
         <name>_g_pCDCCompSerConfigDescriptors</name>
         <value>0x9d0c</value>
         <object_component_ref idref="oc-2d5"/>
      </symbol>
      <symbol id="sm-b6c">
         <name>_g_sCDCSerConfigSection</name>
         <value>0x9bb2</value>
         <object_component_ref idref="oc-1fc"/>
      </symbol>
      <symbol id="sm-b6d">
         <name>_g_sCDCCompSerConfigHeader</name>
         <value>0x9ba6</value>
         <object_component_ref idref="oc-1fc"/>
      </symbol>
      <symbol id="sm-b6e">
         <name>_g_pui8CDCSerCommInterface</name>
         <value>0x9c1e</value>
         <object_component_ref idref="oc-289"/>
      </symbol>
      <symbol id="sm-b6f">
         <name>_USBDCDCSetTxCBData</name>
         <value>0xce54</value>
         <object_component_ref idref="oc-28a"/>
      </symbol>
      <symbol id="sm-c17">
         <name>_USBDCDInit</name>
         <value>0xc012</value>
         <object_component_ref idref="oc-29a"/>
      </symbol>
      <symbol id="sm-c18">
         <name>_g_psDCDInst</name>
         <value>0x8704</value>
         <object_component_ref idref="oc-204"/>
      </symbol>
      <symbol id="sm-c19">
         <name>_USBDeviceEnumResetHandler</name>
         <value>0xc251</value>
         <object_component_ref idref="oc-29a"/>
      </symbol>
      <symbol id="sm-c1a">
         <name>_USBDCDDeviceInfoInit</name>
         <value>0xc000</value>
         <object_component_ref idref="oc-29a"/>
      </symbol>
      <symbol id="sm-c1b">
         <name>_USBDCDStallEP0</name>
         <value>0xc0ee</value>
         <object_component_ref idref="oc-29a"/>
      </symbol>
      <symbol id="sm-c1c">
         <name>_USBDCDTerm</name>
         <value>0xc094</value>
         <object_component_ref idref="oc-29a"/>
      </symbol>
      <symbol id="sm-c1d">
         <name>_USBDCDRequestDataEP0</name>
         <value>0xc0c9</value>
         <object_component_ref idref="oc-29a"/>
      </symbol>
      <symbol id="sm-c1e">
         <name>_USBDeviceIntHandlerInternal</name>
         <value>0xc7c5</value>
         <object_component_ref idref="oc-29a"/>
      </symbol>
      <symbol id="sm-c1f">
         <name>_USBDeviceEnumHandler</name>
         <value>0xc190</value>
         <object_component_ref idref="oc-29a"/>
      </symbol>
      <symbol id="sm-c20">
         <name>_g_ppsDevInfo</name>
         <value>0x8700</value>
         <object_component_ref idref="oc-204"/>
      </symbol>
      <symbol id="sm-c21">
         <name>_USBDCDSendDataEP0</name>
         <value>0xc0d7</value>
         <object_component_ref idref="oc-29a"/>
      </symbol>
      <symbol id="sm-c22">
         <name>_USBDeviceResumeTickHandler</name>
         <value>0xc122</value>
         <object_component_ref idref="oc-29a"/>
      </symbol>
      <symbol id="sm-c23">
         <name>_USBDCDRemoteWakeupRequest</name>
         <value>0xc10c</value>
         <object_component_ref idref="oc-29a"/>
      </symbol>
      <symbol id="sm-c24">
         <name>_USBDCDSetDefaultConfiguration</name>
         <value>0xc0e6</value>
         <object_component_ref idref="oc-29a"/>
      </symbol>
      <symbol id="sm-c25">
         <name>_USBDCDPowerStatusSet</name>
         <value>0xc0ff</value>
         <object_component_ref idref="oc-29a"/>
      </symbol>
      <symbol id="sm-c48">
         <name>_USBDescGetInterfaceEndpoint</name>
         <value>0xe35d</value>
         <object_component_ref idref="oc-2bf"/>
      </symbol>
      <symbol id="sm-c49">
         <name>_USBDescGet</name>
         <value>0xe2c6</value>
         <object_component_ref idref="oc-2bf"/>
      </symbol>
      <symbol id="sm-c4a">
         <name>_USBDescGetNumAlternateInterfaces</name>
         <value>0xe2f3</value>
         <object_component_ref idref="oc-2bf"/>
      </symbol>
      <symbol id="sm-c4b">
         <name>_USBDescGetNum</name>
         <value>0xe29e</value>
         <object_component_ref idref="oc-2bf"/>
      </symbol>
      <symbol id="sm-c4c">
         <name>_USBDescGetInterface</name>
         <value>0xe343</value>
         <object_component_ref idref="oc-2bf"/>
      </symbol>
      <symbol id="sm-c59">
         <name>_USB0DeviceIntHandler</name>
         <value>0xfafc</value>
         <object_component_ref idref="oc-282"/>
      </symbol>
      <symbol id="sm-c7c">
         <name>_USBLibDMAInit</name>
         <value>0xe16d</value>
         <object_component_ref idref="oc-2aa"/>
      </symbol>
      <symbol id="sm-cd5">
         <name>_USBHHubInit</name>
         <value>0xd3f9</value>
         <object_component_ref idref="oc-28b"/>
      </symbol>
      <symbol id="sm-cd6">
         <name>_USBHHubOpen</name>
         <value>0xd3e2</value>
         <object_component_ref idref="oc-28b"/>
      </symbol>
      <symbol id="sm-cd7">
         <name>_g_sUSBHubClassDriver</name>
         <value>0x9d00</value>
         <object_component_ref idref="oc-21b"/>
      </symbol>
      <symbol id="sm-cd8">
         <name>_USBHHubClose</name>
         <value>0xd3f0</value>
         <object_component_ref idref="oc-28b"/>
      </symbol>
      <symbol id="sm-cd9">
         <name>_USBHHubMain</name>
         <value>0xd2d3</value>
         <object_component_ref idref="oc-28b"/>
      </symbol>
      <symbol id="sm-cda">
         <name>_USBHHubEnumerationComplete</name>
         <value>0xd3c0</value>
         <object_component_ref idref="oc-28b"/>
      </symbol>
      <symbol id="sm-cdb">
         <name>_USBHHubEnumerationError</name>
         <value>0xd3d1</value>
         <object_component_ref idref="oc-28b"/>
      </symbol>
      <symbol id="sm-d03">
         <name>_USBDCDConfigGetInterface</name>
         <value>0xde0a</value>
         <object_component_ref idref="oc-2e6"/>
      </symbol>
      <symbol id="sm-d04">
         <name>_USBDCDConfigDescGetNum</name>
         <value>0xdd79</value>
         <object_component_ref idref="oc-2e6"/>
      </symbol>
      <symbol id="sm-d05">
         <name>_USBDCDConfigDescGetSize</name>
         <value>0xdd5f</value>
         <object_component_ref idref="oc-2e6"/>
      </symbol>
      <symbol id="sm-d06">
         <name>_USBDCDConfigGetInterfaceEndpoint</name>
         <value>0xde23</value>
         <object_component_ref idref="oc-2e6"/>
      </symbol>
      <symbol id="sm-d07">
         <name>_USBDCDConfigDescGet</name>
         <value>0xdd9f</value>
         <object_component_ref idref="oc-2e6"/>
      </symbol>
      <symbol id="sm-d08">
         <name>_USBDCDConfigGetNumAlternateInterfaces</name>
         <value>0xdde5</value>
         <object_component_ref idref="oc-2e6"/>
      </symbol>
      <symbol id="sm-d41">
         <name>_USBDeviceConfigAlternate</name>
         <value>0xdc91</value>
         <object_component_ref idref="oc-2e7"/>
      </symbol>
      <symbol id="sm-d42">
         <name>_USBDeviceConfig</name>
         <value>0xdb48</value>
         <object_component_ref idref="oc-2e7"/>
      </symbol>
      <symbol id="sm-d5d">
         <name>_c_int00</name>
         <value>0xed2a</value>
         <object_component_ref idref="oc-22a"/>
      </symbol>
      <symbol id="sm-d5e">
         <name>__stack</name>
         <value>0x400</value>
         <object_component_ref idref="oc-22b"/>
      </symbol>
      <symbol id="sm-d74">
         <name>_copy_in</name>
         <value>0xf08e</value>
         <object_component_ref idref="oc-28d"/>
      </symbol>
      <symbol id="sm-d83">
         <name>_ppcopy</name>
         <value>0xf951</value>
         <object_component_ref idref="oc-236"/>
      </symbol>
      <symbol id="sm-d84">
         <name>_dpcopy</name>
         <value>0xf951</value>
         <object_component_ref idref="oc-236"/>
      </symbol>
      <symbol id="sm-d85">
         <name>_pdcopy</name>
         <value>0xf951</value>
         <object_component_ref idref="oc-236"/>
      </symbol>
      <symbol id="sm-d86">
         <name>_ddcopy</name>
         <value>0xf951</value>
         <object_component_ref idref="oc-236"/>
      </symbol>
      <symbol id="sm-d9b">
         <name>C$$EXIT</name>
         <value>0xf65e</value>
         <object_component_ref idref="oc-290"/>
      </symbol>
      <symbol id="sm-d9c">
         <name>_exit</name>
         <value>0xf660</value>
         <object_component_ref idref="oc-290"/>
      </symbol>
      <symbol id="sm-d9d">
         <name>___TI_cleanup_ptr</name>
         <value>0x86fa</value>
         <object_component_ref idref="oc-23d"/>
      </symbol>
      <symbol id="sm-d9e">
         <name>___TI_enable_exit_profile_output</name>
         <value>0x86f8</value>
         <object_component_ref idref="oc-23d"/>
      </symbol>
      <symbol id="sm-d9f">
         <name>_abort</name>
         <value>0xf65e</value>
         <object_component_ref idref="oc-290"/>
      </symbol>
      <symbol id="sm-da0">
         <name>___TI_dtors_ptr</name>
         <value>0x86fc</value>
         <object_component_ref idref="oc-23d"/>
      </symbol>
      <symbol id="sm-db7">
         <name>FD$$DIV</name>
         <value>0xe5df</value>
         <object_component_ref idref="oc-242"/>
      </symbol>
      <symbol id="sm-dc9">
         <name>FD$$MPY</name>
         <value>0xe803</value>
         <object_component_ref idref="oc-247"/>
      </symbol>
      <symbol id="sm-dd5">
         <name>FD$$SUB</name>
         <value>0xfb4d</value>
         <object_component_ref idref="oc-24c"/>
      </symbol>
      <symbol id="sm-de4">
         <name>FD$$TOL</name>
         <value>0xf7fb</value>
         <object_component_ref idref="oc-251"/>
      </symbol>
      <symbol id="sm-df5">
         <name>FS$$DIV</name>
         <value>0xe6f3</value>
         <object_component_ref idref="oc-256"/>
      </symbol>
      <symbol id="sm-e02">
         <name>__system_pre_init</name>
         <value>0x10133</value>
         <object_component_ref idref="oc-28c"/>
      </symbol>
      <symbol id="sm-e0f">
         <name>__system_post_cinit</name>
         <value>0x10135</value>
         <object_component_ref idref="oc-28e"/>
      </symbol>
      <symbol id="sm-e20">
         <name>UL$$TOFD</name>
         <value>0xfa97</value>
         <object_component_ref idref="oc-265"/>
      </symbol>
      <symbol id="sm-e35">
         <name>__unlock</name>
         <value>0x87be</value>
         <object_component_ref idref="oc-306"/>
      </symbol>
      <symbol id="sm-e36">
         <name>__lock</name>
         <value>0x86fe</value>
         <object_component_ref idref="oc-2d7"/>
      </symbol>
      <symbol id="sm-e37">
         <name>__register_lock</name>
         <value>0x10108</value>
         <object_component_ref idref="oc-2fd"/>
      </symbol>
      <symbol id="sm-e38">
         <name>__nop</name>
         <value>0x1010c</value>
         <object_component_ref idref="oc-2fd"/>
      </symbol>
      <symbol id="sm-e39">
         <name>__register_unlock</name>
         <value>0x10104</value>
         <object_component_ref idref="oc-2fd"/>
      </symbol>
      <symbol id="sm-e49">
         <name>__args_main</name>
         <value>0xf96b</value>
         <object_component_ref idref="oc-28f"/>
      </symbol>
      <symbol id="sm-e64">
         <name>FD$$ADD</name>
         <value>0xe41e</value>
         <object_component_ref idref="oc-274"/>
      </symbol>
   </symbol_table>
   <title>Link successful</title>
</link_info>
