******************************************************************************
             TMS320C2000 Linker PC v15.12.3                    
******************************************************************************
>> Linked Sun May 21 13:54:19 2017

OUTPUT FILE NAME:   <cla_exp2_cpu01.out>
ENTRY POINT SYMBOL: "_c_int00"  address: 0000bc6e


MEMORY CONFIGURATION

         name            origin    length      used     unused   attr    fill
----------------------  --------  ---------  --------  --------  ----  --------
PAGE 0:
  BEGIN                 00000000   00000002  00000002  00000000  RWIX
  RAMM0                 00000122   000002de  000000fe  000001e0  RWIX
  RAMLS4_LS5            0000a000   00001000  000000f4  00000f0c  RWIX
  RAMD0                 0000b000   00000800  000007fe  00000002  RWIX
  RAMD1                 0000b800   00000800  000005a3  0000025d  RWIX
  RESET                 003fffc0   00000002  00000000  00000002  RWIX

PAGE 1:
  BOOT_RSVD             00000002   00000120  00000000  00000120  RWIX
  RAMM1                 00000400   00000400  00000100  00000300  RWIX
  ADCA_RESULT           00000b00   00000020  00000018  00000008  RWIX
  ADCB_RESULT           00000b20   00000020  00000018  00000008  RWIX
  ADCC_RESULT           00000b40   00000020  00000018  00000008  RWIX
  ADCD_RESULT           00000b60   00000020  00000018  00000008  RWIX
  CPU_TIMER0            00000c00   00000008  00000008  00000000  RWIX
  CPU_TIMER1            00000c08   00000008  00000008  00000000  RWIX
  CPU_TIMER2            00000c10   00000008  00000008  00000000  RWIX
  PIE_CTRL              00000ce0   00000020  0000001a  00000006  RWIX
  PIE_VECT              00000d00   00000200  000001c0  00000040  RWIX
  DMA                   00001000   00000200  000000e0  00000120  RWIX
  CLA1                  00001400   00000040  0000003e  00000002  RWIX
  CLA1_MSGRAMLOW        00001480   00000080  00000002  0000007e  RWIX
  CLA1_MSGRAMHIGH       00001500   00000080  00000004  0000007c  RWIX
  EPWM1                 00004000   00000100  00000100  00000000  RWIX
  EPWM2                 00004100   00000100  00000100  00000000  RWIX
  EPWM3                 00004200   00000100  00000100  00000000  RWIX
  EPWM4                 00004300   00000100  00000100  00000000  RWIX
  EPWM5                 00004400   00000100  00000100  00000000  RWIX
  EPWM6                 00004500   00000100  00000100  00000000  RWIX
  EPWM7                 00004600   00000100  00000100  00000000  RWIX
  EPWM8                 00004700   00000100  00000100  00000000  RWIX
  EPWM9                 00004800   00000100  00000100  00000000  RWIX
  EPWM10                00004900   00000100  00000100  00000000  RWIX
  EPWM11                00004a00   00000100  00000100  00000000  RWIX
  EPWM12                00004b00   00000100  00000100  00000000  RWIX
  ECAP1                 00005000   00000020  00000020  00000000  RWIX
  ECAP2                 00005020   00000020  00000020  00000000  RWIX
  ECAP3                 00005040   00000020  00000020  00000000  RWIX
  ECAP4                 00005060   00000020  00000020  00000000  RWIX
  ECAP5                 00005080   00000020  00000020  00000000  RWIX
  ECAP6                 000050a0   00000020  00000020  00000000  RWIX
  EQEP1                 00005100   00000040  00000022  0000001e  RWIX
  EQEP2                 00005140   00000040  00000022  0000001e  RWIX
  EQEP3                 00005180   00000040  00000022  0000001e  RWIX
  DACA                  00005c00   00000010  00000008  00000008  RWIX
  DACB                  00005c10   00000010  00000008  00000008  RWIX
  DACC                  00005c20   00000010  00000008  00000008  RWIX
  CMPSS1                00005c80   00000020  00000020  00000000  RWIX
  CMPSS2                00005ca0   00000020  00000020  00000000  RWIX
  CMPSS3                00005cc0   00000020  00000020  00000000  RWIX
  CMPSS4                00005ce0   00000020  00000020  00000000  RWIX
  CMPSS5                00005d00   00000020  00000020  00000000  RWIX
  CMPSS6                00005d20   00000020  00000020  00000000  RWIX
  CMPSS7                00005d40   00000020  00000020  00000000  RWIX
  CMPSS8                00005d60   00000020  00000020  00000000  RWIX
  SDFM1                 00005e00   00000080  00000080  00000000  RWIX
  SDFM2                 00005e80   00000080  00000080  00000000  RWIX
  MCBSPA                00006000   00000040  00000024  0000001c  RWIX
  MCBSPB                00006040   00000040  00000024  0000001c  RWIX
  SPIA                  00006100   00000010  00000010  00000000  RWIX
  SPIB                  00006110   00000010  00000010  00000000  RWIX
  SPIC                  00006120   00000010  00000010  00000000  RWIX
  SPID                  00006130   00000010  00000000  00000010  RWIX
  UPP                   00006200   00000100  00000048  000000b8  RWIX
  WD                    00007000   00000040  0000002b  00000015  RWIX
  NMIINTRUPT            00007060   00000010  00000007  00000009  RWIX
  XINT                  00007070   00000010  0000000b  00000005  RWIX
  SCIA                  00007200   00000010  00000010  00000000  RWIX
  SCIB                  00007210   00000010  00000010  00000000  RWIX
  SCIC                  00007220   00000010  00000010  00000000  RWIX
  SCID                  00007230   00000010  00000010  00000000  RWIX
  I2CA                  00007300   00000040  00000022  0000001e  RWIX
  I2CB                  00007340   00000040  00000022  0000001e  RWIX
  ADCA                  00007400   00000080  00000080  00000000  RWIX
  ADCB                  00007480   00000080  00000080  00000000  RWIX
  ADCC                  00007500   00000080  00000080  00000000  RWIX
  ADCD                  00007580   00000080  00000080  00000000  RWIX
  INPUT_XBAR            00007900   00000020  00000020  00000000  RWIX
  XBAR                  00007920   00000020  00000020  00000000  RWIX
  SYNC_SOC              00007940   00000010  00000006  0000000a  RWIX
  DMACLASRCSEL          00007980   00000040  0000001a  00000026  RWIX
  EPWM_XBAR             00007a00   00000040  00000040  00000000  RWIX
  CLB_XBAR              00007a40   00000040  00000000  00000040  RWIX
  OUTPUT_XBAR           00007a80   00000040  00000040  00000000  RWIX
  GPIOCTRL              00007c00   00000180  00000180  00000000  RWIX
  GPIODAT               00007f00   00000030  00000030  00000000  RWIX
  RAMLS0                00008000   00000800  000000f2  0000070e  RWIX
  RAMLS1                00008800   00000800  00000110  000006f0  RWIX
  RAMLS2                00009000   00000800  0000000c  000007f4  RWIX
  RAMLS3                00009800   00000800  000001c0  00000640  RWIX
  RAMGS0                0000c000   00001000  00000000  00001000  RWIX
  RAMGS1                0000d000   00001000  00000000  00001000  RWIX
  RAMGS2                0000e000   00001000  00000000  00001000  RWIX
  RAMGS3                0000f000   00001000  00000000  00001000  RWIX
  RAMGS4                00010000   00001000  00000000  00001000  RWIX
  RAMGS5                00011000   00001000  00000000  00001000  RWIX
  RAMGS6                00012000   00001000  00000000  00001000  RWIX
  RAMGS7                00013000   00001000  00000000  00001000  RWIX
  RAMGS8                00014000   00001000  00000000  00001000  RWIX
  RAMGS9                00015000   00001000  00000000  00001000  RWIX
  RAMGS10               00016000   00001000  00000000  00001000  RWIX
  RAMGS11               00017000   00001000  00000000  00001000  RWIX
  RAMGS12               00018000   00001000  00000000  00001000  RWIX
  RAMGS13               00019000   00001000  00000000  00001000  RWIX
  RAMGS14               0001a000   00001000  00000000  00001000  RWIX
  RAMGS15               0001b000   00001000  00000000  00001000  RWIX
  EMIF1                 00047000   00000800  00000070  00000790  RWIX
  EMIF2                 00047800   00000800  00000070  00000790  RWIX
  CANA                  00048000   00000800  00000000  00000800  RWIX
  CANA_MSG_RAM          00049000   00000800  00000000  00000800  RWIX
  CANB                  0004a000   00000800  00000000  00000800  RWIX
  CANB_MSG_RAM          0004b000   00000800  00000000  00000800  RWIX
  IPC                   00050000   00000024  00000024  00000000  RWIX
  FLASHPUMPSEMAPHORE    00050024   00000002  00000002  00000000  RWIX
  DEV_CFG               0005d000   00000180  0000012e  00000052  RWIX
  ANALOG_SUBSYS         0005d180   00000080  00000048  00000038  RWIX
  CLK_CFG               0005d200   00000100  00000032  000000ce  RWIX
  CPU_SYS               0005d300   00000100  00000082  0000007e  RWIX
  ROMPREFETCH           0005e608   00000002  00000002  00000000  RWIX
  DCSM_Z1               0005f000   00000030  00000024  0000000c  RWIX
  DCSM_Z2               0005f040   00000030  00000024  0000000c  RWIX
  DCSM_COMMON           0005f070   00000010  00000008  00000008  RWIX
  MEMCFG                0005f400   00000080  00000080  00000000  RWIX
  EMIF1CONFIG           0005f480   00000020  00000020  00000000  RWIX
  EMIF2CONFIG           0005f4a0   00000020  00000020  00000000  RWIX
  ACCESSPROTECTION      0005f4c0   00000040  00000040  00000000  RWIX
  MEMORYERROR           0005f500   00000040  00000040  00000000  RWIX
  ROMWAITSTATE          0005f540   00000002  00000002  00000000  RWIX
  FLASH0_CTRL           0005f800   00000300  00000182  0000017e  RWIX
  FLASH0_ECC            0005fb00   00000040  00000028  00000018  RWIX
  DCSM_Z1_OTP           00078000   00000020  00000020  00000000  RWIX
  DCSM_Z2_OTP           00078200   00000020  00000020  00000000  RWIX


SECTION ALLOCATION MAP

 output                                  attributes/
section   page    origin      length       input sections
--------  ----  ----------  ----------   ----------------
codestart 
*          0    00000000    00000002     
                  00000000    00000002     F2837xD_CodeStartBranch.obj (codestart)

.cinit     0    00000122    000000fa     
                  00000122    000000e0     cla_exp2_cpu01.obj (.cinit)
                  00000202    0000000e     rts2800_fpu32.lib : exit.obj (.cinit)
                  00000210    00000005                       : _lock.obj (.cinit:__lock)
                  00000215    00000005                       : _lock.obj (.cinit:__unlock)
                  0000021a    00000002     --HOLE-- [fill = 0]

.pinit     0    00000122    00000000     UNINITIALIZED

.reset     0    003fffc0    00000002     DSECT
                  003fffc0    00000002     rts2800_fpu32.lib : boot.obj (.reset)

.TI.ramfunc 
*          0    0000021c    00000004     
                  0000021c    00000004     F2837xD_usDelay.obj (.TI.ramfunc)

Cla1Prog   0    0000a000    000000f4     
                  0000a000    000000bc     exp2.obj (Cla1Prog:_Cla1Task1)
                  0000a0bc    00000008     exp2.obj (Cla1Prog:_Cla1Task2)
                  0000a0c4    00000008     exp2.obj (Cla1Prog:_Cla1Task3)
                  0000a0cc    00000008     exp2.obj (Cla1Prog:_Cla1Task4)
                  0000a0d4    00000008     exp2.obj (Cla1Prog:_Cla1Task5)
                  0000a0dc    00000008     exp2.obj (Cla1Prog:_Cla1Task6)
                  0000a0e4    00000008     exp2.obj (Cla1Prog:_Cla1Task7)
                  0000a0ec    00000008     exp2.obj (Cla1Prog:_Cla1Task8)

.text.1    0    0000b000    000007fe     
                  0000b000    00000585     F2837xD_DefaultISR.obj (.text:retain)
                  0000b585    00000244     F2837xD_Gpio.obj (.text)
                  0000b7c9    00000029     rts2800_fpu32.lib : exit.obj (.text)
                  0000b7f2    00000009                       : _lock.obj (.text)
                  0000b7fb    00000002                       : pre_init.obj (.text)
                  0000b7fd    00000001                       : startup.obj (.text)

.text.2    0    0000b800    000005a3     
                  0000b800    0000033b     F2837xD_SysCtrl.obj (.text)
                  0000bb3b    000000b7     cla_exp2_cpu01.obj (.text)
                  0000bbf2    0000007c     cla_exp2_cpu01.obj (.text:retain)
                  0000bc6e    00000056     rts2800_fpu32.lib : boot.obj (.text)
                  0000bcc4    00000046                       : cpy_tbl.obj (.text)
                  0000bd0a    00000028     F2837xD_PieCtrl.obj (.text)
                  0000bd32    00000026     F2837xD_PieVect.obj (.text)
                  0000bd58    0000001a     rts2800_fpu32.lib : cpy_utils.obj (.text)
                  0000bd72    00000019                       : args_main.obj (.text)
                  0000bd8b    00000018                       : ll_aox.obj (.text)

.stack     1    00000400    00000100     UNINITIALIZED
                  00000400    00000100     --HOLE--

AdcaResultFile 
*          1    00000b00    00000018     UNINITIALIZED
                  00000b00    00000018     F2837xD_GlobalVariableDefs.obj (AdcaResultFile)

AdcbResultFile 
*          1    00000b20    00000018     UNINITIALIZED
                  00000b20    00000018     F2837xD_GlobalVariableDefs.obj (AdcbResultFile)

AdccResultFile 
*          1    00000b40    00000018     UNINITIALIZED
                  00000b40    00000018     F2837xD_GlobalVariableDefs.obj (AdccResultFile)

AdcdResultFile 
*          1    00000b60    00000018     UNINITIALIZED
                  00000b60    00000018     F2837xD_GlobalVariableDefs.obj (AdcdResultFile)

CpuTimer0RegsFile 
*          1    00000c00    00000008     UNINITIALIZED
                  00000c00    00000008     F2837xD_GlobalVariableDefs.obj (CpuTimer0RegsFile)

CpuTimer1RegsFile 
*          1    00000c08    00000008     UNINITIALIZED
                  00000c08    00000008     F2837xD_GlobalVariableDefs.obj (CpuTimer1RegsFile)

CpuTimer2RegsFile 
*          1    00000c10    00000008     UNINITIALIZED
                  00000c10    00000008     F2837xD_GlobalVariableDefs.obj (CpuTimer2RegsFile)

PieCtrlRegsFile 
*          1    00000ce0    0000001a     UNINITIALIZED
                  00000ce0    0000001a     F2837xD_GlobalVariableDefs.obj (PieCtrlRegsFile)

PieVectTableFile 
*          1    00000d00    000001c0     UNINITIALIZED
                  00000d00    000001c0     F2837xD_GlobalVariableDefs.obj (PieVectTableFile)

EmuKeyVar 
*          1    00000d00    00000001     UNINITIALIZED
                  00000d00    00000001     F2837xD_GlobalVariableDefs.obj (EmuKeyVar)

EmuBModeVar 
*          1    00000d01    00000001     UNINITIALIZED
                  00000d01    00000001     F2837xD_GlobalVariableDefs.obj (EmuBModeVar)

FlashCallbackVar 
*          1    00000d02    00000000     UNINITIALIZED

FlashScalingVar 
*          1    00000d02    00000000     UNINITIALIZED

DmaRegsFile 
*          1    00001000    000000e0     UNINITIALIZED
                  00001000    000000e0     F2837xD_GlobalVariableDefs.obj (DmaRegsFile)

Cla1RegsFile 
*          1    00001400    0000003e     UNINITIALIZED
                  00001400    0000003e     F2837xD_GlobalVariableDefs.obj (Cla1RegsFile)

Cla1ToCpuMsgRAM 
*          1    00001480    00000002     UNINITIALIZED
                  00001480    00000002     cla_exp2_cpu01.obj (Cla1ToCpuMsgRAM)

CpuToCla1MsgRAM 
*          1    00001500    00000004     UNINITIALIZED
                  00001500    00000004     cla_exp2_cpu01.obj (CpuToCla1MsgRAM)

EPwm1RegsFile 
*          1    00004000    00000100     UNINITIALIZED
                  00004000    00000100     F2837xD_GlobalVariableDefs.obj (EPwm1RegsFile)

EPwm2RegsFile 
*          1    00004100    00000100     UNINITIALIZED
                  00004100    00000100     F2837xD_GlobalVariableDefs.obj (EPwm2RegsFile)

EPwm3RegsFile 
*          1    00004200    00000100     UNINITIALIZED
                  00004200    00000100     F2837xD_GlobalVariableDefs.obj (EPwm3RegsFile)

EPwm4RegsFile 
*          1    00004300    00000100     UNINITIALIZED
                  00004300    00000100     F2837xD_GlobalVariableDefs.obj (EPwm4RegsFile)

EPwm5RegsFile 
*          1    00004400    00000100     UNINITIALIZED
                  00004400    00000100     F2837xD_GlobalVariableDefs.obj (EPwm5RegsFile)

EPwm6RegsFile 
*          1    00004500    00000100     UNINITIALIZED
                  00004500    00000100     F2837xD_GlobalVariableDefs.obj (EPwm6RegsFile)

EPwm7RegsFile 
*          1    00004600    00000100     UNINITIALIZED
                  00004600    00000100     F2837xD_GlobalVariableDefs.obj (EPwm7RegsFile)

EPwm8RegsFile 
*          1    00004700    00000100     UNINITIALIZED
                  00004700    00000100     F2837xD_GlobalVariableDefs.obj (EPwm8RegsFile)

EPwm9RegsFile 
*          1    00004800    00000100     UNINITIALIZED
                  00004800    00000100     F2837xD_GlobalVariableDefs.obj (EPwm9RegsFile)

EPwm10RegsFile 
*          1    00004900    00000100     UNINITIALIZED
                  00004900    00000100     F2837xD_GlobalVariableDefs.obj (EPwm10RegsFile)

EPwm11RegsFile 
*          1    00004a00    00000100     UNINITIALIZED
                  00004a00    00000100     F2837xD_GlobalVariableDefs.obj (EPwm11RegsFile)

EPwm12RegsFile 
*          1    00004b00    00000100     UNINITIALIZED
                  00004b00    00000100     F2837xD_GlobalVariableDefs.obj (EPwm12RegsFile)

ECap1RegsFile 
*          1    00005000    00000020     UNINITIALIZED
                  00005000    00000020     F2837xD_GlobalVariableDefs.obj (ECap1RegsFile)

ECap2RegsFile 
*          1    00005020    00000020     UNINITIALIZED
                  00005020    00000020     F2837xD_GlobalVariableDefs.obj (ECap2RegsFile)

ECap3RegsFile 
*          1    00005040    00000020     UNINITIALIZED
                  00005040    00000020     F2837xD_GlobalVariableDefs.obj (ECap3RegsFile)

ECap4RegsFile 
*          1    00005060    00000020     UNINITIALIZED
                  00005060    00000020     F2837xD_GlobalVariableDefs.obj (ECap4RegsFile)

ECap5RegsFile 
*          1    00005080    00000020     UNINITIALIZED
                  00005080    00000020     F2837xD_GlobalVariableDefs.obj (ECap5RegsFile)

ECap6RegsFile 
*          1    000050a0    00000020     UNINITIALIZED
                  000050a0    00000020     F2837xD_GlobalVariableDefs.obj (ECap6RegsFile)

EQep1RegsFile 
*          1    00005100    00000022     UNINITIALIZED
                  00005100    00000022     F2837xD_GlobalVariableDefs.obj (EQep1RegsFile)

EQep2RegsFile 
*          1    00005140    00000022     UNINITIALIZED
                  00005140    00000022     F2837xD_GlobalVariableDefs.obj (EQep2RegsFile)

EQep3RegsFile 
*          1    00005180    00000022     UNINITIALIZED
                  00005180    00000022     F2837xD_GlobalVariableDefs.obj (EQep3RegsFile)

DacaRegsFile 
*          1    00005c00    00000008     UNINITIALIZED
                  00005c00    00000008     F2837xD_GlobalVariableDefs.obj (DacaRegsFile)

DacbRegsFile 
*          1    00005c10    00000008     UNINITIALIZED
                  00005c10    00000008     F2837xD_GlobalVariableDefs.obj (DacbRegsFile)

DaccRegsFile 
*          1    00005c20    00000008     UNINITIALIZED
                  00005c20    00000008     F2837xD_GlobalVariableDefs.obj (DaccRegsFile)

Cmpss1RegsFile 
*          1    00005c80    00000020     UNINITIALIZED
                  00005c80    00000020     F2837xD_GlobalVariableDefs.obj (Cmpss1RegsFile)

Cmpss2RegsFile 
*          1    00005ca0    00000020     UNINITIALIZED
                  00005ca0    00000020     F2837xD_GlobalVariableDefs.obj (Cmpss2RegsFile)

Cmpss3RegsFile 
*          1    00005cc0    00000020     UNINITIALIZED
                  00005cc0    00000020     F2837xD_GlobalVariableDefs.obj (Cmpss3RegsFile)

Cmpss4RegsFile 
*          1    00005ce0    00000020     UNINITIALIZED
                  00005ce0    00000020     F2837xD_GlobalVariableDefs.obj (Cmpss4RegsFile)

Cmpss5RegsFile 
*          1    00005d00    00000020     UNINITIALIZED
                  00005d00    00000020     F2837xD_GlobalVariableDefs.obj (Cmpss5RegsFile)

Cmpss6RegsFile 
*          1    00005d20    00000020     UNINITIALIZED
                  00005d20    00000020     F2837xD_GlobalVariableDefs.obj (Cmpss6RegsFile)

Cmpss7RegsFile 
*          1    00005d40    00000020     UNINITIALIZED
                  00005d40    00000020     F2837xD_GlobalVariableDefs.obj (Cmpss7RegsFile)

Cmpss8RegsFile 
*          1    00005d60    00000020     UNINITIALIZED
                  00005d60    00000020     F2837xD_GlobalVariableDefs.obj (Cmpss8RegsFile)

Sdfm1RegsFile 
*          1    00005e00    00000080     UNINITIALIZED
                  00005e00    00000080     F2837xD_GlobalVariableDefs.obj (Sdfm1RegsFile)

Sdfm2RegsFile 
*          1    00005e80    00000080     UNINITIALIZED
                  00005e80    00000080     F2837xD_GlobalVariableDefs.obj (Sdfm2RegsFile)

McbspaRegsFile 
*          1    00006000    00000024     UNINITIALIZED
                  00006000    00000024     F2837xD_GlobalVariableDefs.obj (McbspaRegsFile)

McbspbRegsFile 
*          1    00006040    00000024     UNINITIALIZED
                  00006040    00000024     F2837xD_GlobalVariableDefs.obj (McbspbRegsFile)

SpiaRegsFile 
*          1    00006100    00000010     UNINITIALIZED
                  00006100    00000010     F2837xD_GlobalVariableDefs.obj (SpiaRegsFile)

SpibRegsFile 
*          1    00006110    00000010     UNINITIALIZED
                  00006110    00000010     F2837xD_GlobalVariableDefs.obj (SpibRegsFile)

SpicRegsFile 
*          1    00006120    00000010     UNINITIALIZED
                  00006120    00000010     F2837xD_GlobalVariableDefs.obj (SpicRegsFile)

UppRegsFile 
*          1    00006200    00000048     UNINITIALIZED
                  00006200    00000048     F2837xD_GlobalVariableDefs.obj (UppRegsFile)

WdRegsFile 
*          1    00007000    0000002b     UNINITIALIZED
                  00007000    0000002b     F2837xD_GlobalVariableDefs.obj (WdRegsFile)

NmiIntruptRegsFile 
*          1    00007060    00000007     UNINITIALIZED
                  00007060    00000007     F2837xD_GlobalVariableDefs.obj (NmiIntruptRegsFile)

XintRegsFile 
*          1    00007070    0000000b     UNINITIALIZED
                  00007070    0000000b     F2837xD_GlobalVariableDefs.obj (XintRegsFile)

SciaRegsFile 
*          1    00007200    00000010     UNINITIALIZED
                  00007200    00000010     F2837xD_GlobalVariableDefs.obj (SciaRegsFile)

ScibRegsFile 
*          1    00007210    00000010     UNINITIALIZED
                  00007210    00000010     F2837xD_GlobalVariableDefs.obj (ScibRegsFile)

ScicRegsFile 
*          1    00007220    00000010     UNINITIALIZED
                  00007220    00000010     F2837xD_GlobalVariableDefs.obj (ScicRegsFile)

ScidRegsFile 
*          1    00007230    00000010     UNINITIALIZED
                  00007230    00000010     F2837xD_GlobalVariableDefs.obj (ScidRegsFile)

I2caRegsFile 
*          1    00007300    00000022     UNINITIALIZED
                  00007300    00000022     F2837xD_GlobalVariableDefs.obj (I2caRegsFile)

I2cbRegsFile 
*          1    00007340    00000022     UNINITIALIZED
                  00007340    00000022     F2837xD_GlobalVariableDefs.obj (I2cbRegsFile)

AdcaRegsFile 
*          1    00007400    00000080     UNINITIALIZED
                  00007400    00000080     F2837xD_GlobalVariableDefs.obj (AdcaRegsFile)

AdcbRegsFile 
*          1    00007480    00000080     UNINITIALIZED
                  00007480    00000080     F2837xD_GlobalVariableDefs.obj (AdcbRegsFile)

AdccRegsFile 
*          1    00007500    00000080     UNINITIALIZED
                  00007500    00000080     F2837xD_GlobalVariableDefs.obj (AdccRegsFile)

AdcdRegsFile 
*          1    00007580    00000080     UNINITIALIZED
                  00007580    00000080     F2837xD_GlobalVariableDefs.obj (AdcdRegsFile)

InputXbarRegsFile 
*          1    00007900    00000020     UNINITIALIZED
                  00007900    00000020     F2837xD_GlobalVariableDefs.obj (InputXbarRegsFile)

XbarRegsFile 
*          1    00007920    00000020     UNINITIALIZED
                  00007920    00000020     F2837xD_GlobalVariableDefs.obj (XbarRegsFile)

SyncSocRegsFile 
*          1    00007940    00000006     UNINITIALIZED
                  00007940    00000006     F2837xD_GlobalVariableDefs.obj (SyncSocRegsFile)

DmaClaSrcSelRegsFile 
*          1    00007980    0000001a     UNINITIALIZED
                  00007980    0000001a     F2837xD_GlobalVariableDefs.obj (DmaClaSrcSelRegsFile)

EPwmXbarRegsFile 
*          1    00007a00    00000040     UNINITIALIZED
                  00007a00    00000040     F2837xD_GlobalVariableDefs.obj (EPwmXbarRegsFile)

OutputXbarRegsFile 
*          1    00007a80    00000040     UNINITIALIZED
                  00007a80    00000040     F2837xD_GlobalVariableDefs.obj (OutputXbarRegsFile)

GpioCtrlRegsFile 
*          1    00007c00    00000180     UNINITIALIZED
                  00007c00    00000180     F2837xD_GlobalVariableDefs.obj (GpioCtrlRegsFile)

GpioDataRegsFile 
*          1    00007f00    00000030     UNINITIALIZED
                  00007f00    00000030     F2837xD_GlobalVariableDefs.obj (GpioDataRegsFile)

CLADataLS0 
*          1    00008000    000000f2     UNINITIALIZED
                  00008000    000000f2     cla_exp2_cpu01.obj (CLADataLS0)

.ebss      1    00009000    0000000c     UNINITIALIZED
                  00009000    00000006     rts2800_fpu32.lib : exit.obj (.ebss)
                  00009006    00000002                       : _lock.obj (.ebss:__lock)
                  00009008    00000002                       : _lock.obj (.ebss:__unlock)
                  0000900a    00000002     cla_exp2_cpu01.obj (.ebss)

.econst    1    00009800    000001c0     
                  00009800    000001c0     F2837xD_PieVect.obj (.econst:_PieVectTableInit)

CLAscratch 
*          1    00008800    00000100     UNINITIALIZED
                  00008800    00000100     --HOLE--

.scratchpad 
*          1    00008900    00000010     UNINITIALIZED
                  00008900    00000010     exp2.obj (.scratchpad:Cla1Prog:_Cla1Task1)

AnalogSubsysRegsFile 
*          1    0005d180    00000048     UNINITIALIZED
                  0005d180    00000048     F2837xD_GlobalVariableDefs.obj (AnalogSubsysRegsFile)

Cla1SoftIntRegsFile 
*          1    00000ce0    00000004     DSECT
                  00000ce0    00000004     F2837xD_GlobalVariableDefs.obj (Cla1SoftIntRegsFile)

Emif1RegsFile 
*          1    00047000    00000070     UNINITIALIZED
                  00047000    00000070     F2837xD_GlobalVariableDefs.obj (Emif1RegsFile)

Emif2RegsFile 
*          1    00047800    00000070     UNINITIALIZED
                  00047800    00000070     F2837xD_GlobalVariableDefs.obj (Emif2RegsFile)

IpcRegsFile 
*          1    00050000    00000024     UNINITIALIZED
                  00050000    00000024     F2837xD_GlobalVariableDefs.obj (IpcRegsFile)

FlashPumpSemaphoreRegsFile 
*          1    00050024    00000002     UNINITIALIZED
                  00050024    00000002     F2837xD_GlobalVariableDefs.obj (FlashPumpSemaphoreRegsFile)

DevCfgRegsFile 
*          1    0005d000    0000012e     UNINITIALIZED
                  0005d000    0000012e     F2837xD_GlobalVariableDefs.obj (DevCfgRegsFile)

ClkCfgRegsFile 
*          1    0005d200    00000032     UNINITIALIZED
                  0005d200    00000032     F2837xD_GlobalVariableDefs.obj (ClkCfgRegsFile)

CpuSysRegsFile 
*          1    0005d300    00000082     UNINITIALIZED
                  0005d300    00000082     F2837xD_GlobalVariableDefs.obj (CpuSysRegsFile)

RomPrefetchRegsFile 
*          1    0005e608    00000002     UNINITIALIZED
                  0005e608    00000002     F2837xD_GlobalVariableDefs.obj (RomPrefetchRegsFile)

DcsmZ1RegsFile 
*          1    0005f000    00000024     UNINITIALIZED
                  0005f000    00000024     F2837xD_GlobalVariableDefs.obj (DcsmZ1RegsFile)

DcsmZ2RegsFile 
*          1    0005f040    00000024     UNINITIALIZED
                  0005f040    00000024     F2837xD_GlobalVariableDefs.obj (DcsmZ2RegsFile)

DcsmCommonRegsFile 
*          1    0005f070    00000008     UNINITIALIZED
                  0005f070    00000008     F2837xD_GlobalVariableDefs.obj (DcsmCommonRegsFile)

MemCfgRegsFile 
*          1    0005f400    00000080     UNINITIALIZED
                  0005f400    00000080     F2837xD_GlobalVariableDefs.obj (MemCfgRegsFile)

Emif1ConfigRegsFile 
*          1    0005f480    00000020     UNINITIALIZED
                  0005f480    00000020     F2837xD_GlobalVariableDefs.obj (Emif1ConfigRegsFile)

Emif2ConfigRegsFile 
*          1    0005f4a0    00000020     UNINITIALIZED
                  0005f4a0    00000020     F2837xD_GlobalVariableDefs.obj (Emif2ConfigRegsFile)

AccessProtectionRegsFile 
*          1    0005f4c0    00000040     UNINITIALIZED
                  0005f4c0    00000040     F2837xD_GlobalVariableDefs.obj (AccessProtectionRegsFile)

MemoryErrorRegsFile 
*          1    0005f500    00000040     UNINITIALIZED
                  0005f500    00000040     F2837xD_GlobalVariableDefs.obj (MemoryErrorRegsFile)

RomWaitStateRegsFile 
*          1    0005f540    00000002     UNINITIALIZED
                  0005f540    00000002     F2837xD_GlobalVariableDefs.obj (RomWaitStateRegsFile)

Flash0CtrlRegsFile 
*          1    0005f800    00000182     UNINITIALIZED
                  0005f800    00000182     F2837xD_GlobalVariableDefs.obj (Flash0CtrlRegsFile)

Flash0EccRegsFile 
*          1    0005fb00    00000028     UNINITIALIZED
                  0005fb00    00000028     F2837xD_GlobalVariableDefs.obj (Flash0EccRegsFile)

DcsmZ1OtpFile 
*          1    00078000    00000020     NOLOAD SECTION
                  00078000    00000020     F2837xD_GlobalVariableDefs.obj (DcsmZ1OtpFile)

DcsmZ2OtpFile 
*          1    00078200    00000020     NOLOAD SECTION
                  00078200    00000020     F2837xD_GlobalVariableDefs.obj (DcsmZ2OtpFile)

MODULE SUMMARY

       Module                           code   ro data   rw data
       ------                           ----   -------   -------
    .\
       F2837xD_GlobalVariableDefs.obj   0      0         8047   
       F2837xD_DefaultISR.obj           1413   0         0      
       F2837xD_SysCtrl.obj              827    0         0      
       cla_exp2_cpu01.obj               307    0         474    
       F2837xD_Gpio.obj                 580    0         0      
       F2837xD_PieVect.obj              38     0         448    
       exp2.obj                         244    0         16     
       F2837xD_PieCtrl.obj              40     0         0      
       F2837xD_usDelay.obj              4      0         0      
       F2837xD_CodeStartBranch.obj      2      0         0      
    +--+--------------------------------+------+---------+---------+
       Total:                           3455   0         8985   
                                                                
    C:/ti/c2000_15.12.3.LTS/lib/rts2800_fpu32.lib
       boot.obj                         86     0         0      
       cpy_tbl.obj                      70     0         0      
       exit.obj                         41     0         20     
       cpy_utils.obj                    26     0         0      
       args_main.obj                    25     0         0      
       ll_aox.obj                       24     0         0      
       _lock.obj                        9      0         14     
       pre_init.obj                     2      0         0      
       startup.obj                      1      0         0      
    +--+--------------------------------+------+---------+---------+
       Total:                           284    0         34     
                                                                
       Stack:                           0      0         256    
    +--+--------------------------------+------+---------+---------+
       Grand Total:                     3739   0         9275   


GLOBAL DATA SYMBOLS: SORTED BY DATA PAGE

address     data page           name
--------    ----------------    ----
00000400      10 (00000400)     __stack

00000b00      2c (00000b00)     _AdcaResultRegs
00000b20      2c (00000b00)     _AdcbResultRegs

00000b40      2d (00000b40)     _AdccResultRegs
00000b60      2d (00000b40)     _AdcdResultRegs

00000c00      30 (00000c00)     _CpuTimer0Regs
00000c08      30 (00000c00)     _CpuTimer1Regs
00000c10      30 (00000c00)     _CpuTimer2Regs

00000ce0      33 (00000cc0)     _Cla1SoftIntRegs
00000ce0      33 (00000cc0)     _PieCtrlRegs

00000d00      34 (00000d00)     _EmuKey
00000d00      34 (00000d00)     _PieVectTable
00000d01      34 (00000d00)     _EmuBMode

00001000      40 (00001000)     _DmaRegs

00001400      50 (00001400)     _Cla1Regs

00001480      52 (00001480)     _ExpRes

00001500      54 (00001500)     _Num
00001502      54 (00001500)     _Den

00004000     100 (00004000)     _EPwm1Regs

00004100     104 (00004100)     _EPwm2Regs

00004200     108 (00004200)     _EPwm3Regs

00004300     10c (00004300)     _EPwm4Regs

00004400     110 (00004400)     _EPwm5Regs

00004500     114 (00004500)     _EPwm6Regs

00004600     118 (00004600)     _EPwm7Regs

00004700     11c (00004700)     _EPwm8Regs

00004800     120 (00004800)     _EPwm9Regs

00004900     124 (00004900)     _EPwm10Regs

00004a00     128 (00004a00)     _EPwm11Regs

00004b00     12c (00004b00)     _EPwm12Regs

00005000     140 (00005000)     _ECap1Regs
00005020     140 (00005000)     _ECap2Regs

00005040     141 (00005040)     _ECap3Regs
00005060     141 (00005040)     _ECap4Regs

00005080     142 (00005080)     _ECap5Regs
000050a0     142 (00005080)     _ECap6Regs

00005100     144 (00005100)     _EQep1Regs

00005140     145 (00005140)     _EQep2Regs

00005180     146 (00005180)     _EQep3Regs

00005c00     170 (00005c00)     _DacaRegs
00005c10     170 (00005c00)     _DacbRegs
00005c20     170 (00005c00)     _DaccRegs

00005c80     172 (00005c80)     _Cmpss1Regs
00005ca0     172 (00005c80)     _Cmpss2Regs

00005cc0     173 (00005cc0)     _Cmpss3Regs
00005ce0     173 (00005cc0)     _Cmpss4Regs

00005d00     174 (00005d00)     _Cmpss5Regs
00005d20     174 (00005d00)     _Cmpss6Regs

00005d40     175 (00005d40)     _Cmpss7Regs
00005d60     175 (00005d40)     _Cmpss8Regs

00005e00     178 (00005e00)     _Sdfm1Regs

00005e80     17a (00005e80)     _Sdfm2Regs

00006000     180 (00006000)     _McbspaRegs

00006040     181 (00006040)     _McbspbRegs

00006100     184 (00006100)     _SpiaRegs
00006110     184 (00006100)     _SpibRegs
00006120     184 (00006100)     _SpicRegs

00006200     188 (00006200)     _UppRegs

00007000     1c0 (00007000)     _WdRegs

00007060     1c1 (00007040)     _NmiIntruptRegs
00007070     1c1 (00007040)     _XintRegs

00007200     1c8 (00007200)     _SciaRegs
00007210     1c8 (00007200)     _ScibRegs
00007220     1c8 (00007200)     _ScicRegs
00007230     1c8 (00007200)     _ScidRegs

00007300     1cc (00007300)     _I2caRegs

00007340     1cd (00007340)     _I2cbRegs

00007400     1d0 (00007400)     _AdcaRegs

00007480     1d2 (00007480)     _AdcbRegs

00007500     1d4 (00007500)     _AdccRegs

00007580     1d6 (00007580)     _AdcdRegs

00007900     1e4 (00007900)     _InputXbarRegs
00007920     1e4 (00007900)     _XbarRegs

00007940     1e5 (00007940)     _SyncSocRegs

00007980     1e6 (00007980)     _DmaClaSrcSelRegs

00007a00     1e8 (00007a00)     _EPwmXbarRegs

00007a80     1ea (00007a80)     _OutputXbarRegs

00007c00     1f0 (00007c00)     _GpioCtrlRegs

00007f00     1fc (00007f00)     _GpioDataRegs

00008000     200 (00008000)     _CLAINV2
00008002     200 (00008000)     _CLAINV7
00008004     200 (00008000)     _CLAINV1
00008006     200 (00008000)     _CLAINV4
00008008     200 (00008000)     _CLAINV3
0000800a     200 (00008000)     _CLAINV6
0000800c     200 (00008000)     _CLAINV5

00008040     201 (00008040)     _CLAexpTable

00009000     240 (00009000)     ___TI_enable_exit_profile_output
00009002     240 (00009000)     ___TI_cleanup_ptr
00009004     240 (00009000)     ___TI_dtors_ptr
00009006     240 (00009000)     __lock
00009008     240 (00009000)     __unlock
0000900a     240 (00009000)     _fail
0000900b     240 (00009000)     _pass

00009800     260 (00009800)     _PieVectTableInit

00047000    11c0 (00047000)     _Emif1Regs

00047800    11e0 (00047800)     _Emif2Regs

00050000    1400 (00050000)     _IpcRegs
00050024    1400 (00050000)     _FlashPumpSemaphoreRegs

0005d000    1740 (0005d000)     _DevCfgRegs

0005d180    1746 (0005d180)     _AnalogSubsysRegs

0005d200    1748 (0005d200)     _ClkCfgRegs

0005d300    174c (0005d300)     _CpuSysRegs

0005e608    1798 (0005e600)     _RomPrefetchRegs

0005f000    17c0 (0005f000)     _DcsmZ1Regs

0005f040    17c1 (0005f040)     _DcsmZ2Regs
0005f070    17c1 (0005f040)     _DcsmCommonRegs

0005f400    17d0 (0005f400)     _MemCfgRegs

0005f480    17d2 (0005f480)     _Emif1ConfigRegs
0005f4a0    17d2 (0005f480)     _Emif2ConfigRegs

0005f4c0    17d3 (0005f4c0)     _AccessProtectionRegs

0005f500    17d4 (0005f500)     _MemoryErrorRegs

0005f540    17d5 (0005f540)     _RomWaitStateRegs

0005f800    17e0 (0005f800)     _Flash0CtrlRegs

0005fb00    17ec (0005fb00)     _Flash0EccRegs

00078000    1e00 (00078000)     _DcsmZ1Otp

00078200    1e08 (00078200)     _DcsmZ2Otp


GLOBAL SYMBOLS: SORTED ALPHABETICALLY BY Name 

page  address   name                                  
----  -------   ----                                  
abs   ffffffff  .text                                 
0     0000b7c9  C$$EXIT                               
abs   00000100  CLA_SCRATCHPAD_SIZE                   
0     0000bd8b  LL$$AND                               
0     0000bd93  LL$$OR                                
0     0000bd9b  LL$$XOR                               
0     0000b0be  _ADCA1_ISR                            
0     0000b33e  _ADCA2_ISR                            
0     0000b348  _ADCA3_ISR                            
0     0000b352  _ADCA4_ISR                            
0     0000b334  _ADCA_EVT_ISR                         
0     0000b0c8  _ADCB1_ISR                            
0     0000b366  _ADCB2_ISR                            
0     0000b370  _ADCB3_ISR                            
0     0000b37a  _ADCB4_ISR                            
0     0000b35c  _ADCB_EVT_ISR                         
0     0000b0d2  _ADCC1_ISR                            
0     0000b4ce  _ADCC2_ISR                            
0     0000b4d8  _ADCC3_ISR                            
0     0000b4e2  _ADCC4_ISR                            
0     0000b4c4  _ADCC_EVT_ISR                         
0     0000b0f0  _ADCD1_ISR                            
0     0000b4f6  _ADCD2_ISR                            
0     0000b500  _ADCD3_ISR                            
0     0000b50a  _ADCD4_ISR                            
0     0000b4ec  _ADCD_EVT_ISR                         
0     0000b546  _AUX_PLL_SLIP_ISR                     
1     0005f4c0  _AccessProtectionRegs                 
1     00007400  _AdcaRegs                             
1     00000b00  _AdcaResultRegs                       
1     00007480  _AdcbRegs                             
1     00000b20  _AdcbResultRegs                       
1     00007500  _AdccRegs                             
1     00000b40  _AdccResultRegs                       
1     00007580  _AdcdRegs                             
1     00000b60  _AdcdResultRegs                       
1     0005d180  _AnalogSubsysRegs                     
0     0000bae7  _AuxAuxClkSel                         
0     0000bad1  _AuxIntOsc2Sel                        
0     0000badb  _AuxXtalOscSel                        
0     0000b30c  _CANA0_ISR                            
0     0000b316  _CANA1_ISR                            
0     0000b320  _CANB0_ISR                            
0     0000b32a  _CANB1_ISR                            
0     0000b384  _CLA1_1_ISR                           
0     0000b38e  _CLA1_2_ISR                           
0     0000b398  _CLA1_3_ISR                           
0     0000b3a2  _CLA1_4_ISR                           
0     0000b3ac  _CLA1_5_ISR                           
0     0000b3b6  _CLA1_6_ISR                           
0     0000b3c0  _CLA1_7_ISR                           
0     0000b3ca  _CLA1_8_ISR                           
1     00008004  _CLAINV1                              
1     00008000  _CLAINV2                              
1     00008008  _CLAINV3                              
1     00008006  _CLAINV4                              
1     0000800c  _CLAINV5                              
1     0000800a  _CLAINV6                              
1     00008002  _CLAINV7                              
0     0000b550  _CLA_OVERFLOW_ISR                     
0     0000b55a  _CLA_UNDERFLOW_ISR                    
0     0000bb88  _CLA_configClaMemory                  
0     0000bbb1  _CLA_initCpu1Cla1                     
0     0000bb51  _CLA_runTest                          
1     00008040  _CLAexpTable                          
1     00001400  _Cla1Regs                             
0     00000ce0  _Cla1SoftIntRegs                      
0     0000a000  _Cla1Task1                            
0     0000a0bc  _Cla1Task2                            
0     0000a0c4  _Cla1Task3                            
0     0000a0cc  _Cla1Task4                            
0     0000a0d4  _Cla1Task5                            
0     0000a0dc  _Cla1Task6                            
0     0000a0e4  _Cla1Task7                            
0     0000a0ec  _Cla1Task8                            
1     0005d200  _ClkCfgRegs                           
1     00005c80  _Cmpss1Regs                           
1     00005ca0  _Cmpss2Regs                           
1     00005cc0  _Cmpss3Regs                           
1     00005ce0  _Cmpss4Regs                           
1     00005d00  _Cmpss5Regs                           
1     00005d20  _Cmpss6Regs                           
1     00005d40  _Cmpss7Regs                           
1     00005d60  _Cmpss8Regs                           
1     0005d300  _CpuSysRegs                           
1     00000c00  _CpuTimer0Regs                        
1     00000c08  _CpuTimer1Regs                        
1     00000c10  _CpuTimer2Regs                        
0     0000ba90  _CsmUnlock                            
0     0000b014  _DATALOG_ISR                          
0     0000b258  _DMA_CH1_ISR                          
0     0000b262  _DMA_CH2_ISR                          
0     0000b26c  _DMA_CH3_ISR                          
0     0000b276  _DMA_CH4_ISR                          
0     0000b280  _DMA_CH5_ISR                          
0     0000b28a  _DMA_CH6_ISR                          
1     00005c00  _DacaRegs                             
1     00005c10  _DacbRegs                             
1     00005c20  _DaccRegs                             
1     0005f070  _DcsmCommonRegs                       
1     00078000  _DcsmZ1Otp                            
1     0005f000  _DcsmZ1Regs                           
1     00078200  _DcsmZ2Otp                            
1     0005f040  _DcsmZ2Regs                           
1     00001502  _Den                                  
1     0005d000  _DevCfgRegs                           
0     0000b8f4  _DisableDog                           
0     0000b8b5  _DisablePeripheralClocks              
1     00007980  _DmaClaSrcSelRegs                     
1     00001000  _DmaRegs                              
0     0000b1ae  _ECAP1_ISR                            
0     0000b1b8  _ECAP2_ISR                            
0     0000b1c2  _ECAP3_ISR                            
0     0000b1cc  _ECAP4_ISR                            
0     0000b1d6  _ECAP5_ISR                            
0     0000b1e0  _ECAP6_ISR                            
1     00005000  _ECap1Regs                            
1     00005020  _ECap2Regs                            
1     00005040  _ECap3Regs                            
1     00005060  _ECap4Regs                            
1     00005080  _ECap5Regs                            
1     000050a0  _ECap6Regs                            
0     0000b514  _EMIF_ERROR_ISR                       
0     0000b56e  _EMPTY_ISR                            
0     0000b028  _EMU_ISR                              
0     0000b46a  _EPWM10_ISR                           
0     0000b442  _EPWM10_TZ_ISR                        
0     0000b474  _EPWM11_ISR                           
0     0000b44c  _EPWM11_TZ_ISR                        
0     0000b47e  _EPWM12_ISR                           
0     0000b456  _EPWM12_TZ_ISR                        
0     0000b15e  _EPWM1_ISR                            
0     0000b10e  _EPWM1_TZ_ISR                         
0     0000b168  _EPWM2_ISR                            
0     0000b118  _EPWM2_TZ_ISR                         
0     0000b172  _EPWM3_ISR                            
0     0000b122  _EPWM3_TZ_ISR                         
0     0000b17c  _EPWM4_ISR                            
0     0000b12c  _EPWM4_TZ_ISR                         
0     0000b186  _EPWM5_ISR                            
0     0000b136  _EPWM5_TZ_ISR                         
0     0000b190  _EPWM6_ISR                            
0     0000b140  _EPWM6_TZ_ISR                         
0     0000b19a  _EPWM7_ISR                            
0     0000b14a  _EPWM7_TZ_ISR                         
0     0000b1a4  _EPWM8_ISR                            
0     0000b154  _EPWM8_TZ_ISR                         
0     0000b460  _EPWM9_ISR                            
0     0000b438  _EPWM9_TZ_ISR                         
1     00004900  _EPwm10Regs                           
1     00004a00  _EPwm11Regs                           
1     00004b00  _EPwm12Regs                           
1     00004000  _EPwm1Regs                            
1     00004100  _EPwm2Regs                            
1     00004200  _EPwm3Regs                            
1     00004300  _EPwm4Regs                            
1     00004400  _EPwm5Regs                            
1     00004500  _EPwm6Regs                            
1     00004600  _EPwm7Regs                            
1     00004700  _EPwm8Regs                            
1     00004800  _EPwm9Regs                            
1     00007a00  _EPwmXbarRegs                         
0     0000b1ea  _EQEP1_ISR                            
0     0000b1f4  _EQEP2_ISR                            
0     0000b1fe  _EQEP3_ISR                            
1     00005100  _EQep1Regs                            
1     00005140  _EQep2Regs                            
1     00005180  _EQep3Regs                            
1     0005f480  _Emif1ConfigRegs                      
1     00047000  _Emif1Regs                            
1     0005f4a0  _Emif2ConfigRegs                      
1     00047800  _Emif2Regs                            
1     00000d01  _EmuBMode                             
1     00000d00  _EmuKey                               
0     0000bd29  _EnableInterrupts                     
1     00001480  _ExpRes                               
0     0000021c  _F28x_usDelay                         
0     0000b528  _FLASH_CORRECTABLE_ERROR_ISR          
0     0000b3fc  _FPU_OVERFLOW_ISR                     
0     0000b406  _FPU_UNDERFLOW_ISR                    
1     0005f800  _Flash0CtrlRegs                       
1     0005fb00  _Flash0EccRegs                        
1     00050024  _FlashPumpSemaphoreRegs               
0     0000b77e  _GPIO_EnableUnbondedIOPullups         
0     0000b759  _GPIO_EnableUnbondedIOPullupsFor100Pin
0     0000b740  _GPIO_EnableUnbondedIOPullupsFor176Pin
0     0000b794  _GPIO_ReadPin                         
0     0000b6e5  _GPIO_SetupLock                       
0     0000b5c5  _GPIO_SetupPinMux                     
0     0000b651  _GPIO_SetupPinOptions                 
0     0000b70e  _GPIO_SetupXINT1Gpio                  
0     0000b718  _GPIO_SetupXINT2Gpio                  
0     0000b722  _GPIO_SetupXINT3Gpio                  
0     0000b72c  _GPIO_SetupXINT4Gpio                  
0     0000b736  _GPIO_SetupXINT5Gpio                  
0     0000b7ab  _GPIO_WritePin                        
1     00007c00  _GpioCtrlRegs                         
1     00007f00  _GpioDataRegs                         
0     0000bb05  _HALT                                 
0     0000bb1e  _HIB                                  
0     0000b29e  _I2CA_FIFO_ISR                        
0     0000b294  _I2CA_ISR                             
0     0000b2b2  _I2CB_FIFO_ISR                        
0     0000b2a8  _I2CB_ISR                             
1     00007300  _I2caRegs                             
1     00007340  _I2cbRegs                             
0     0000baf1  _IDLE                                 
0     0000b03c  _ILLEGAL_ISR                          
0     0000b410  _IPC0_ISR                             
0     0000b41a  _IPC1_ISR                             
0     0000b424  _IPC2_ISR                             
0     0000b42e  _IPC3_ISR                             
0     0000b9c8  _InitAuxPll                           
0     0000b585  _InitGpio                             
0     0000b831  _InitPeripheralClocks                 
0     0000bd0a  _InitPieCtrl                          
0     0000bd32  _InitPieVectTable                     
0     0000b800  _InitSysCtrl                          
0     0000b902  _InitSysPll                           
1     00007900  _InputXbarRegs                        
1     00050000  _IpcRegs                              
0     0000b230  _MCBSPA_RX_ISR                        
0     0000b23a  _MCBSPA_TX_ISR                        
0     0000b244  _MCBSPB_RX_ISR                        
0     0000b24e  _MCBSPB_TX_ISR                        
1     00006000  _McbspaRegs                           
1     00006040  _McbspbRegs                           
1     0005f400  _MemCfgRegs                           
1     0005f500  _MemoryErrorRegs                      
0     0000b032  _NMI_ISR                              
0     0000b57b  _NOTUSED_ISR                          
1     00007060  _NmiIntruptRegs                       
1     00001500  _Num                                  
1     00007a80  _OutputXbarRegs                       
0     0000b564  _PIE_RESERVED_ISR                     
1     00000ce0  _PieCtrlRegs                          
1     00000d00  _PieVectTable                         
1     00009800  _PieVectTableInit                     
0     0000b532  _RAM_ACCESS_VIOLATION_ISR             
0     0000b51e  _RAM_CORRECTABLE_ERROR_ISR            
0     0000b01e  _RTOS_ISR                             
0     0000b8dc  _ReleaseFlashPump                     
1     0005e608  _RomPrefetchRegs                      
1     0005f540  _RomWaitStateRegs                     
0     0000b2e4  _SCIA_RX_ISR                          
0     0000b2ee  _SCIA_TX_ISR                          
0     0000b2f8  _SCIB_RX_ISR                          
0     0000b302  _SCIB_TX_ISR                          
0     0000b2bc  _SCIC_RX_ISR                          
0     0000b2c6  _SCIC_TX_ISR                          
0     0000b2d0  _SCID_RX_ISR                          
0     0000b2da  _SCID_TX_ISR                          
0     0000b488  _SD1_ISR                              
0     0000b492  _SD2_ISR                              
0     0000b208  _SPIA_RX_ISR                          
0     0000b212  _SPIA_TX_ISR                          
0     0000b21c  _SPIB_RX_ISR                          
0     0000b226  _SPIB_TX_ISR                          
0     0000b49c  _SPIC_RX_ISR                          
0     0000b4a6  _SPIC_TX_ISR                          
0     0000bafa  _STANDBY                              
0     0000b53c  _SYS_PLL_SLIP_ISR                     
1     00007200  _SciaRegs                             
1     00007210  _ScibRegs                             
1     00007220  _ScicRegs                             
1     00007230  _ScidRegs                             
1     00005e00  _Sdfm1Regs                            
1     00005e80  _Sdfm2Regs                            
0     0000b8cd  _SeizeFlashPump                       
0     0000b8e6  _ServiceDog                           
1     00006100  _SpiaRegs                             
1     00006110  _SpibRegs                             
1     00006120  _SpicRegs                             
1     00007940  _SyncSocRegs                          
0     0000bab1  _SysIntOsc1Sel                        
0     0000babb  _SysIntOsc2Sel                        
0     0000bac5  _SysXtalOscSel                        
0     0000b0fa  _TIMER0_ISR                           
0     0000b000  _TIMER1_ISR                           
0     0000b00a  _TIMER2_ISR                           
0     0000b4b0  _UPPA_ISR                             
0     0000b4ba  _USBA_ISR                             
0     0000b0a0  _USER10_ISR                           
0     0000b0aa  _USER11_ISR                           
0     0000b0b4  _USER12_ISR                           
0     0000b046  _USER1_ISR                            
0     0000b050  _USER2_ISR                            
0     0000b05a  _USER3_ISR                            
0     0000b064  _USER4_ISR                            
0     0000b06e  _USER5_ISR                            
0     0000b078  _USER6_ISR                            
0     0000b082  _USER7_ISR                            
0     0000b08c  _USER8_ISR                            
0     0000b096  _USER9_ISR                            
1     00006200  _UppRegs                              
0     0000b3f2  _VCU_ISR                              
0     0000b104  _WAKE_ISR                             
1     00007000  _WdRegs                               
0     0000b0dc  _XINT1_ISR                            
0     0000b0e6  _XINT2_ISR                            
0     0000b3d4  _XINT3_ISR                            
0     0000b3de  _XINT4_ISR                            
0     0000b3e8  _XINT5_ISR                            
1     00007920  _XbarRegs                             
1     00007070  _XintRegs                             
1     00000500  __STACK_END                           
abs   00000100  __STACK_SIZE                          
1     00009002  ___TI_cleanup_ptr                     
1     00009004  ___TI_dtors_ptr                       
1     00009000  ___TI_enable_exit_profile_output      
abs   ffffffff  ___TI_pprof_out_hndl                  
abs   ffffffff  ___TI_prof_data_size                  
abs   ffffffff  ___TI_prof_data_start                 
abs   ffffffff  ___binit__                            
abs   ffffffff  ___c_args__                           
0     00000122  ___cinit__                            
abs   ffffffff  ___etext__                            
abs   ffffffff  ___pinit__                            
abs   ffffffff  ___text__                             
0     0000bd72  __args_main                           
1     00009006  __lock                                
0     0000b7fa  __nop                                 
0     0000b7f6  __register_lock                       
0     0000b7f2  __register_unlock                     
1     00000400  __stack                               
0     0000b7fd  __system_post_cinit                   
0     0000b7fb  __system_pre_init                     
1     00009008  __unlock                              
0     0000b7c9  _abort                                
0     0000bc6e  _c_int00                              
0     0000bbf2  _cla1Isr1                             
0     0000bc03  _cla1Isr2                             
0     0000bc12  _cla1Isr3                             
0     0000bc21  _cla1Isr4                             
0     0000bc30  _cla1Isr5                             
0     0000bc3f  _cla1Isr6                             
0     0000bc4e  _cla1Isr7                             
0     0000bc5d  _cla1Isr8                             
0     0000bcc4  _copy_in                              
0     0000bd58  _ddcopy                               
0     0000bd58  _dpcopy                               
0     0000b7cb  _exit                                 
1     0000900a  _fail                                 
0     0000bb3b  _main                                 
1     0000900b  _pass                                 
0     0000bd58  _pdcopy                               
0     0000bd58  _ppcopy                               
abs   ffffffff  binit                                 
0     00000122  cinit                                 
0     00000000  code_start                            
abs   ffffffff  etext                                 
abs   ffffffff  pinit                                 


GLOBAL SYMBOLS: SORTED BY Symbol Address 

page  address   name                                  
----  -------   ----                                  
0     00000000  code_start                            
0     00000122  ___cinit__                            
0     00000122  cinit                                 
0     0000021c  _F28x_usDelay                         
0     00000ce0  _Cla1SoftIntRegs                      
0     0000a000  _Cla1Task1                            
0     0000a0bc  _Cla1Task2                            
0     0000a0c4  _Cla1Task3                            
0     0000a0cc  _Cla1Task4                            
0     0000a0d4  _Cla1Task5                            
0     0000a0dc  _Cla1Task6                            
0     0000a0e4  _Cla1Task7                            
0     0000a0ec  _Cla1Task8                            
0     0000b000  _TIMER1_ISR                           
0     0000b00a  _TIMER2_ISR                           
0     0000b014  _DATALOG_ISR                          
0     0000b01e  _RTOS_ISR                             
0     0000b028  _EMU_ISR                              
0     0000b032  _NMI_ISR                              
0     0000b03c  _ILLEGAL_ISR                          
0     0000b046  _USER1_ISR                            
0     0000b050  _USER2_ISR                            
0     0000b05a  _USER3_ISR                            
0     0000b064  _USER4_ISR                            
0     0000b06e  _USER5_ISR                            
0     0000b078  _USER6_ISR                            
0     0000b082  _USER7_ISR                            
0     0000b08c  _USER8_ISR                            
0     0000b096  _USER9_ISR                            
0     0000b0a0  _USER10_ISR                           
0     0000b0aa  _USER11_ISR                           
0     0000b0b4  _USER12_ISR                           
0     0000b0be  _ADCA1_ISR                            
0     0000b0c8  _ADCB1_ISR                            
0     0000b0d2  _ADCC1_ISR                            
0     0000b0dc  _XINT1_ISR                            
0     0000b0e6  _XINT2_ISR                            
0     0000b0f0  _ADCD1_ISR                            
0     0000b0fa  _TIMER0_ISR                           
0     0000b104  _WAKE_ISR                             
0     0000b10e  _EPWM1_TZ_ISR                         
0     0000b118  _EPWM2_TZ_ISR                         
0     0000b122  _EPWM3_TZ_ISR                         
0     0000b12c  _EPWM4_TZ_ISR                         
0     0000b136  _EPWM5_TZ_ISR                         
0     0000b140  _EPWM6_TZ_ISR                         
0     0000b14a  _EPWM7_TZ_ISR                         
0     0000b154  _EPWM8_TZ_ISR                         
0     0000b15e  _EPWM1_ISR                            
0     0000b168  _EPWM2_ISR                            
0     0000b172  _EPWM3_ISR                            
0     0000b17c  _EPWM4_ISR                            
0     0000b186  _EPWM5_ISR                            
0     0000b190  _EPWM6_ISR                            
0     0000b19a  _EPWM7_ISR                            
0     0000b1a4  _EPWM8_ISR                            
0     0000b1ae  _ECAP1_ISR                            
0     0000b1b8  _ECAP2_ISR                            
0     0000b1c2  _ECAP3_ISR                            
0     0000b1cc  _ECAP4_ISR                            
0     0000b1d6  _ECAP5_ISR                            
0     0000b1e0  _ECAP6_ISR                            
0     0000b1ea  _EQEP1_ISR                            
0     0000b1f4  _EQEP2_ISR                            
0     0000b1fe  _EQEP3_ISR                            
0     0000b208  _SPIA_RX_ISR                          
0     0000b212  _SPIA_TX_ISR                          
0     0000b21c  _SPIB_RX_ISR                          
0     0000b226  _SPIB_TX_ISR                          
0     0000b230  _MCBSPA_RX_ISR                        
0     0000b23a  _MCBSPA_TX_ISR                        
0     0000b244  _MCBSPB_RX_ISR                        
0     0000b24e  _MCBSPB_TX_ISR                        
0     0000b258  _DMA_CH1_ISR                          
0     0000b262  _DMA_CH2_ISR                          
0     0000b26c  _DMA_CH3_ISR                          
0     0000b276  _DMA_CH4_ISR                          
0     0000b280  _DMA_CH5_ISR                          
0     0000b28a  _DMA_CH6_ISR                          
0     0000b294  _I2CA_ISR                             
0     0000b29e  _I2CA_FIFO_ISR                        
0     0000b2a8  _I2CB_ISR                             
0     0000b2b2  _I2CB_FIFO_ISR                        
0     0000b2bc  _SCIC_RX_ISR                          
0     0000b2c6  _SCIC_TX_ISR                          
0     0000b2d0  _SCID_RX_ISR                          
0     0000b2da  _SCID_TX_ISR                          
0     0000b2e4  _SCIA_RX_ISR                          
0     0000b2ee  _SCIA_TX_ISR                          
0     0000b2f8  _SCIB_RX_ISR                          
0     0000b302  _SCIB_TX_ISR                          
0     0000b30c  _CANA0_ISR                            
0     0000b316  _CANA1_ISR                            
0     0000b320  _CANB0_ISR                            
0     0000b32a  _CANB1_ISR                            
0     0000b334  _ADCA_EVT_ISR                         
0     0000b33e  _ADCA2_ISR                            
0     0000b348  _ADCA3_ISR                            
0     0000b352  _ADCA4_ISR                            
0     0000b35c  _ADCB_EVT_ISR                         
0     0000b366  _ADCB2_ISR                            
0     0000b370  _ADCB3_ISR                            
0     0000b37a  _ADCB4_ISR                            
0     0000b384  _CLA1_1_ISR                           
0     0000b38e  _CLA1_2_ISR                           
0     0000b398  _CLA1_3_ISR                           
0     0000b3a2  _CLA1_4_ISR                           
0     0000b3ac  _CLA1_5_ISR                           
0     0000b3b6  _CLA1_6_ISR                           
0     0000b3c0  _CLA1_7_ISR                           
0     0000b3ca  _CLA1_8_ISR                           
0     0000b3d4  _XINT3_ISR                            
0     0000b3de  _XINT4_ISR                            
0     0000b3e8  _XINT5_ISR                            
0     0000b3f2  _VCU_ISR                              
0     0000b3fc  _FPU_OVERFLOW_ISR                     
0     0000b406  _FPU_UNDERFLOW_ISR                    
0     0000b410  _IPC0_ISR                             
0     0000b41a  _IPC1_ISR                             
0     0000b424  _IPC2_ISR                             
0     0000b42e  _IPC3_ISR                             
0     0000b438  _EPWM9_TZ_ISR                         
0     0000b442  _EPWM10_TZ_ISR                        
0     0000b44c  _EPWM11_TZ_ISR                        
0     0000b456  _EPWM12_TZ_ISR                        
0     0000b460  _EPWM9_ISR                            
0     0000b46a  _EPWM10_ISR                           
0     0000b474  _EPWM11_ISR                           
0     0000b47e  _EPWM12_ISR                           
0     0000b488  _SD1_ISR                              
0     0000b492  _SD2_ISR                              
0     0000b49c  _SPIC_RX_ISR                          
0     0000b4a6  _SPIC_TX_ISR                          
0     0000b4b0  _UPPA_ISR                             
0     0000b4ba  _USBA_ISR                             
0     0000b4c4  _ADCC_EVT_ISR                         
0     0000b4ce  _ADCC2_ISR                            
0     0000b4d8  _ADCC3_ISR                            
0     0000b4e2  _ADCC4_ISR                            
0     0000b4ec  _ADCD_EVT_ISR                         
0     0000b4f6  _ADCD2_ISR                            
0     0000b500  _ADCD3_ISR                            
0     0000b50a  _ADCD4_ISR                            
0     0000b514  _EMIF_ERROR_ISR                       
0     0000b51e  _RAM_CORRECTABLE_ERROR_ISR            
0     0000b528  _FLASH_CORRECTABLE_ERROR_ISR          
0     0000b532  _RAM_ACCESS_VIOLATION_ISR             
0     0000b53c  _SYS_PLL_SLIP_ISR                     
0     0000b546  _AUX_PLL_SLIP_ISR                     
0     0000b550  _CLA_OVERFLOW_ISR                     
0     0000b55a  _CLA_UNDERFLOW_ISR                    
0     0000b564  _PIE_RESERVED_ISR                     
0     0000b56e  _EMPTY_ISR                            
0     0000b57b  _NOTUSED_ISR                          
0     0000b585  _InitGpio                             
0     0000b5c5  _GPIO_SetupPinMux                     
0     0000b651  _GPIO_SetupPinOptions                 
0     0000b6e5  _GPIO_SetupLock                       
0     0000b70e  _GPIO_SetupXINT1Gpio                  
0     0000b718  _GPIO_SetupXINT2Gpio                  
0     0000b722  _GPIO_SetupXINT3Gpio                  
0     0000b72c  _GPIO_SetupXINT4Gpio                  
0     0000b736  _GPIO_SetupXINT5Gpio                  
0     0000b740  _GPIO_EnableUnbondedIOPullupsFor176Pin
0     0000b759  _GPIO_EnableUnbondedIOPullupsFor100Pin
0     0000b77e  _GPIO_EnableUnbondedIOPullups         
0     0000b794  _GPIO_ReadPin                         
0     0000b7ab  _GPIO_WritePin                        
0     0000b7c9  C$$EXIT                               
0     0000b7c9  _abort                                
0     0000b7cb  _exit                                 
0     0000b7f2  __register_unlock                     
0     0000b7f6  __register_lock                       
0     0000b7fa  __nop                                 
0     0000b7fb  __system_pre_init                     
0     0000b7fd  __system_post_cinit                   
0     0000b800  _InitSysCtrl                          
0     0000b831  _InitPeripheralClocks                 
0     0000b8b5  _DisablePeripheralClocks              
0     0000b8cd  _SeizeFlashPump                       
0     0000b8dc  _ReleaseFlashPump                     
0     0000b8e6  _ServiceDog                           
0     0000b8f4  _DisableDog                           
0     0000b902  _InitSysPll                           
0     0000b9c8  _InitAuxPll                           
0     0000ba90  _CsmUnlock                            
0     0000bab1  _SysIntOsc1Sel                        
0     0000babb  _SysIntOsc2Sel                        
0     0000bac5  _SysXtalOscSel                        
0     0000bad1  _AuxIntOsc2Sel                        
0     0000badb  _AuxXtalOscSel                        
0     0000bae7  _AuxAuxClkSel                         
0     0000baf1  _IDLE                                 
0     0000bafa  _STANDBY                              
0     0000bb05  _HALT                                 
0     0000bb1e  _HIB                                  
0     0000bb3b  _main                                 
0     0000bb51  _CLA_runTest                          
0     0000bb88  _CLA_configClaMemory                  
0     0000bbb1  _CLA_initCpu1Cla1                     
0     0000bbf2  _cla1Isr1                             
0     0000bc03  _cla1Isr2                             
0     0000bc12  _cla1Isr3                             
0     0000bc21  _cla1Isr4                             
0     0000bc30  _cla1Isr5                             
0     0000bc3f  _cla1Isr6                             
0     0000bc4e  _cla1Isr7                             
0     0000bc5d  _cla1Isr8                             
0     0000bc6e  _c_int00                              
0     0000bcc4  _copy_in                              
0     0000bd0a  _InitPieCtrl                          
0     0000bd29  _EnableInterrupts                     
0     0000bd32  _InitPieVectTable                     
0     0000bd58  _ddcopy                               
0     0000bd58  _dpcopy                               
0     0000bd58  _pdcopy                               
0     0000bd58  _ppcopy                               
0     0000bd72  __args_main                           
0     0000bd8b  LL$$AND                               
0     0000bd93  LL$$OR                                
0     0000bd9b  LL$$XOR                               
1     00000400  __stack                               
1     00000500  __STACK_END                           
1     00000b00  _AdcaResultRegs                       
1     00000b20  _AdcbResultRegs                       
1     00000b40  _AdccResultRegs                       
1     00000b60  _AdcdResultRegs                       
1     00000c00  _CpuTimer0Regs                        
1     00000c08  _CpuTimer1Regs                        
1     00000c10  _CpuTimer2Regs                        
1     00000ce0  _PieCtrlRegs                          
1     00000d00  _EmuKey                               
1     00000d00  _PieVectTable                         
1     00000d01  _EmuBMode                             
1     00001000  _DmaRegs                              
1     00001400  _Cla1Regs                             
1     00001480  _ExpRes                               
1     00001500  _Num                                  
1     00001502  _Den                                  
1     00004000  _EPwm1Regs                            
1     00004100  _EPwm2Regs                            
1     00004200  _EPwm3Regs                            
1     00004300  _EPwm4Regs                            
1     00004400  _EPwm5Regs                            
1     00004500  _EPwm6Regs                            
1     00004600  _EPwm7Regs                            
1     00004700  _EPwm8Regs                            
1     00004800  _EPwm9Regs                            
1     00004900  _EPwm10Regs                           
1     00004a00  _EPwm11Regs                           
1     00004b00  _EPwm12Regs                           
1     00005000  _ECap1Regs                            
1     00005020  _ECap2Regs                            
1     00005040  _ECap3Regs                            
1     00005060  _ECap4Regs                            
1     00005080  _ECap5Regs                            
1     000050a0  _ECap6Regs                            
1     00005100  _EQep1Regs                            
1     00005140  _EQep2Regs                            
1     00005180  _EQep3Regs                            
1     00005c00  _DacaRegs                             
1     00005c10  _DacbRegs                             
1     00005c20  _DaccRegs                             
1     00005c80  _Cmpss1Regs                           
1     00005ca0  _Cmpss2Regs                           
1     00005cc0  _Cmpss3Regs                           
1     00005ce0  _Cmpss4Regs                           
1     00005d00  _Cmpss5Regs                           
1     00005d20  _Cmpss6Regs                           
1     00005d40  _Cmpss7Regs                           
1     00005d60  _Cmpss8Regs                           
1     00005e00  _Sdfm1Regs                            
1     00005e80  _Sdfm2Regs                            
1     00006000  _McbspaRegs                           
1     00006040  _McbspbRegs                           
1     00006100  _SpiaRegs                             
1     00006110  _SpibRegs                             
1     00006120  _SpicRegs                             
1     00006200  _UppRegs                              
1     00007000  _WdRegs                               
1     00007060  _NmiIntruptRegs                       
1     00007070  _XintRegs                             
1     00007200  _SciaRegs                             
1     00007210  _ScibRegs                             
1     00007220  _ScicRegs                             
1     00007230  _ScidRegs                             
1     00007300  _I2caRegs                             
1     00007340  _I2cbRegs                             
1     00007400  _AdcaRegs                             
1     00007480  _AdcbRegs                             
1     00007500  _AdccRegs                             
1     00007580  _AdcdRegs                             
1     00007900  _InputXbarRegs                        
1     00007920  _XbarRegs                             
1     00007940  _SyncSocRegs                          
1     00007980  _DmaClaSrcSelRegs                     
1     00007a00  _EPwmXbarRegs                         
1     00007a80  _OutputXbarRegs                       
1     00007c00  _GpioCtrlRegs                         
1     00007f00  _GpioDataRegs                         
1     00008000  _CLAINV2                              
1     00008002  _CLAINV7                              
1     00008004  _CLAINV1                              
1     00008006  _CLAINV4                              
1     00008008  _CLAINV3                              
1     0000800a  _CLAINV6                              
1     0000800c  _CLAINV5                              
1     00008040  _CLAexpTable                          
1     00009000  ___TI_enable_exit_profile_output      
1     00009002  ___TI_cleanup_ptr                     
1     00009004  ___TI_dtors_ptr                       
1     00009006  __lock                                
1     00009008  __unlock                              
1     0000900a  _fail                                 
1     0000900b  _pass                                 
1     00009800  _PieVectTableInit                     
1     00047000  _Emif1Regs                            
1     00047800  _Emif2Regs                            
1     00050000  _IpcRegs                              
1     00050024  _FlashPumpSemaphoreRegs               
1     0005d000  _DevCfgRegs                           
1     0005d180  _AnalogSubsysRegs                     
1     0005d200  _ClkCfgRegs                           
1     0005d300  _CpuSysRegs                           
1     0005e608  _RomPrefetchRegs                      
1     0005f000  _DcsmZ1Regs                           
1     0005f040  _DcsmZ2Regs                           
1     0005f070  _DcsmCommonRegs                       
1     0005f400  _MemCfgRegs                           
1     0005f480  _Emif1ConfigRegs                      
1     0005f4a0  _Emif2ConfigRegs                      
1     0005f4c0  _AccessProtectionRegs                 
1     0005f500  _MemoryErrorRegs                      
1     0005f540  _RomWaitStateRegs                     
1     0005f800  _Flash0CtrlRegs                       
1     0005fb00  _Flash0EccRegs                        
1     00078000  _DcsmZ1Otp                            
1     00078200  _DcsmZ2Otp                            
abs   00000100  CLA_SCRATCHPAD_SIZE                   
abs   00000100  __STACK_SIZE                          
abs   ffffffff  .text                                 
abs   ffffffff  ___TI_pprof_out_hndl                  
abs   ffffffff  ___TI_prof_data_size                  
abs   ffffffff  ___TI_prof_data_start                 
abs   ffffffff  ___binit__                            
abs   ffffffff  ___c_args__                           
abs   ffffffff  ___etext__                            
abs   ffffffff  ___pinit__                            
abs   ffffffff  ___text__                             
abs   ffffffff  binit                                 
abs   ffffffff  etext                                 
abs   ffffffff  pinit                                 

[352 symbols]
