<?xml version="1.0"?>
<link_info>
   <banner>TMS320C2000 Linker PC v15.12.3.LTS</banner>
   <copyright>Copyright (c) 1996-2015 Texas Instruments Incorporated</copyright>
   <link_time>0x5921cb5d</link_time>
   <link_errors>0x0</link_errors>
   <output_file>tmu_sinegen_cpu01.out</output_file>
   <entry_point>
      <name>_c_int00</name>
      <address>0x91be</address>
   </entry_point>
   <input_file_list>
      <input_file id="fl-2">
         <path>.\</path>
         <kind>object</kind>
         <file>F2837xD_CodeStartBranch.obj</file>
         <name>F2837xD_CodeStartBranch.obj</name>
      </input_file>
      <input_file id="fl-3">
         <path>.\</path>
         <kind>object</kind>
         <file>F2837xD_CpuTimers.obj</file>
         <name>F2837xD_CpuTimers.obj</name>
      </input_file>
      <input_file id="fl-4">
         <path>.\</path>
         <kind>object</kind>
         <file>F2837xD_DefaultISR.obj</file>
         <name>F2837xD_DefaultISR.obj</name>
      </input_file>
      <input_file id="fl-5">
         <path>.\</path>
         <kind>object</kind>
         <file>F2837xD_GlobalVariableDefs.obj</file>
         <name>F2837xD_GlobalVariableDefs.obj</name>
      </input_file>
      <input_file id="fl-6">
         <path>.\</path>
         <kind>object</kind>
         <file>F2837xD_Gpio.obj</file>
         <name>F2837xD_Gpio.obj</name>
      </input_file>
      <input_file id="fl-7">
         <path>.\</path>
         <kind>object</kind>
         <file>F2837xD_Ipc.obj</file>
         <name>F2837xD_Ipc.obj</name>
      </input_file>
      <input_file id="fl-8">
         <path>.\</path>
         <kind>object</kind>
         <file>F2837xD_PieCtrl.obj</file>
         <name>F2837xD_PieCtrl.obj</name>
      </input_file>
      <input_file id="fl-9">
         <path>.\</path>
         <kind>object</kind>
         <file>F2837xD_PieVect.obj</file>
         <name>F2837xD_PieVect.obj</name>
      </input_file>
      <input_file id="fl-a">
         <path>.\</path>
         <kind>object</kind>
         <file>F2837xD_SysCtrl.obj</file>
         <name>F2837xD_SysCtrl.obj</name>
      </input_file>
      <input_file id="fl-b">
         <path>.\</path>
         <kind>object</kind>
         <file>F2837xD_usDelay.obj</file>
         <name>F2837xD_usDelay.obj</name>
      </input_file>
      <input_file id="fl-c">
         <path>.\</path>
         <kind>object</kind>
         <file>tmu_sinegen_cpu01.obj</file>
         <name>tmu_sinegen_cpu01.obj</name>
      </input_file>
      <input_file id="fl-13">
         <path>C:\ti\c2000_15.12.3.LTS\lib\</path>
         <kind>archive</kind>
         <file>rts2800_fpu32.lib</file>
         <name>boot.obj</name>
      </input_file>
      <input_file id="fl-14">
         <path>C:\ti\c2000_15.12.3.LTS\lib\</path>
         <kind>archive</kind>
         <file>rts2800_fpu32.lib</file>
         <name>cpy_tbl.obj</name>
      </input_file>
      <input_file id="fl-15">
         <path>C:\ti\c2000_15.12.3.LTS\lib\</path>
         <kind>archive</kind>
         <file>rts2800_fpu32.lib</file>
         <name>cpy_utils.obj</name>
      </input_file>
      <input_file id="fl-16">
         <path>C:\ti\c2000_15.12.3.LTS\lib\</path>
         <kind>archive</kind>
         <file>rts2800_fpu32.lib</file>
         <name>exit.obj</name>
      </input_file>
      <input_file id="fl-17">
         <path>C:\ti\c2000_15.12.3.LTS\lib\</path>
         <kind>archive</kind>
         <file>rts2800_fpu32.lib</file>
         <name>fs_div.obj</name>
      </input_file>
      <input_file id="fl-18">
         <path>C:\ti\c2000_15.12.3.LTS\lib\</path>
         <kind>archive</kind>
         <file>rts2800_fpu32.lib</file>
         <name>ll_aox.obj</name>
      </input_file>
      <input_file id="fl-19">
         <path>C:\ti\c2000_15.12.3.LTS\lib\</path>
         <kind>archive</kind>
         <file>rts2800_fpu32.lib</file>
         <name>memcpy.obj</name>
      </input_file>
      <input_file id="fl-1a">
         <path>C:\ti\c2000_15.12.3.LTS\lib\</path>
         <kind>archive</kind>
         <file>rts2800_fpu32.lib</file>
         <name>memset.obj</name>
      </input_file>
      <input_file id="fl-1b">
         <path>C:\ti\c2000_15.12.3.LTS\lib\</path>
         <kind>archive</kind>
         <file>rts2800_fpu32.lib</file>
         <name>pre_init.obj</name>
      </input_file>
      <input_file id="fl-1c">
         <path>C:\ti\c2000_15.12.3.LTS\lib\</path>
         <kind>archive</kind>
         <file>rts2800_fpu32.lib</file>
         <name>printf.obj</name>
      </input_file>
      <input_file id="fl-1d">
         <path>C:\ti\c2000_15.12.3.LTS\lib\</path>
         <kind>archive</kind>
         <file>rts2800_fpu32.lib</file>
         <name>s_sinf.obj</name>
      </input_file>
      <input_file id="fl-1e">
         <path>C:\ti\c2000_15.12.3.LTS\lib\</path>
         <kind>archive</kind>
         <file>rts2800_fpu32.lib</file>
         <name>startup.obj</name>
      </input_file>
      <input_file id="fl-1f">
         <path>C:\ti\c2000_15.12.3.LTS\lib\</path>
         <kind>archive</kind>
         <file>rts2800_fpu32.lib</file>
         <name>_lock.obj</name>
      </input_file>
      <input_file id="fl-20">
         <path>C:\ti\c2000_15.12.3.LTS\lib\</path>
         <kind>archive</kind>
         <file>rts2800_fpu32.lib</file>
         <name>_printfi.obj</name>
      </input_file>
      <input_file id="fl-21">
         <path>C:\ti\c2000_15.12.3.LTS\lib\</path>
         <kind>archive</kind>
         <file>rts2800_fpu32.lib</file>
         <name>args_main.obj</name>
      </input_file>
      <input_file id="fl-22">
         <path>C:\ti\c2000_15.12.3.LTS\lib\</path>
         <kind>archive</kind>
         <file>rts2800_fpu32.lib</file>
         <name>atoi.obj</name>
      </input_file>
      <input_file id="fl-23">
         <path>C:\ti\c2000_15.12.3.LTS\lib\</path>
         <kind>archive</kind>
         <file>rts2800_fpu32.lib</file>
         <name>ctype.obj</name>
      </input_file>
      <input_file id="fl-24">
         <path>C:\ti\c2000_15.12.3.LTS\lib\</path>
         <kind>archive</kind>
         <file>rts2800_fpu32.lib</file>
         <name>defs.obj</name>
      </input_file>
      <input_file id="fl-25">
         <path>C:\ti\c2000_15.12.3.LTS\lib\</path>
         <kind>archive</kind>
         <file>rts2800_fpu32.lib</file>
         <name>fd_cmp.obj</name>
      </input_file>
      <input_file id="fl-26">
         <path>C:\ti\c2000_15.12.3.LTS\lib\</path>
         <kind>archive</kind>
         <file>rts2800_fpu32.lib</file>
         <name>fd_div.obj</name>
      </input_file>
      <input_file id="fl-27">
         <path>C:\ti\c2000_15.12.3.LTS\lib\</path>
         <kind>archive</kind>
         <file>rts2800_fpu32.lib</file>
         <name>fd_mpy.obj</name>
      </input_file>
      <input_file id="fl-28">
         <path>C:\ti\c2000_15.12.3.LTS\lib\</path>
         <kind>archive</kind>
         <file>rts2800_fpu32.lib</file>
         <name>fd_neg.obj</name>
      </input_file>
      <input_file id="fl-29">
         <path>C:\ti\c2000_15.12.3.LTS\lib\</path>
         <kind>archive</kind>
         <file>rts2800_fpu32.lib</file>
         <name>fd_sub.obj</name>
      </input_file>
      <input_file id="fl-2a">
         <path>C:\ti\c2000_15.12.3.LTS\lib\</path>
         <kind>archive</kind>
         <file>rts2800_fpu32.lib</file>
         <name>fd_toi.obj</name>
      </input_file>
      <input_file id="fl-2b">
         <path>C:\ti\c2000_15.12.3.LTS\lib\</path>
         <kind>archive</kind>
         <file>rts2800_fpu32.lib</file>
         <name>fd_tol.obj</name>
      </input_file>
      <input_file id="fl-2c">
         <path>C:\ti\c2000_15.12.3.LTS\lib\</path>
         <kind>archive</kind>
         <file>rts2800_fpu32.lib</file>
         <name>fputc.obj</name>
      </input_file>
      <input_file id="fl-2d">
         <path>C:\ti\c2000_15.12.3.LTS\lib\</path>
         <kind>archive</kind>
         <file>rts2800_fpu32.lib</file>
         <name>fputs.obj</name>
      </input_file>
      <input_file id="fl-2e">
         <path>C:\ti\c2000_15.12.3.LTS\lib\</path>
         <kind>archive</kind>
         <file>rts2800_fpu32.lib</file>
         <name>fs_tofd.obj</name>
      </input_file>
      <input_file id="fl-2f">
         <path>C:\ti\c2000_15.12.3.LTS\lib\</path>
         <kind>archive</kind>
         <file>rts2800_fpu32.lib</file>
         <name>i_tofd.obj</name>
      </input_file>
      <input_file id="fl-30">
         <path>C:\ti\c2000_15.12.3.LTS\lib\</path>
         <kind>archive</kind>
         <file>rts2800_fpu32.lib</file>
         <name>l_tofd.obj</name>
      </input_file>
      <input_file id="fl-31">
         <path>C:\ti\c2000_15.12.3.LTS\lib\</path>
         <kind>archive</kind>
         <file>rts2800_fpu32.lib</file>
         <name>ll_cmp.obj</name>
      </input_file>
      <input_file id="fl-32">
         <path>C:\ti\c2000_15.12.3.LTS\lib\</path>
         <kind>archive</kind>
         <file>rts2800_fpu32.lib</file>
         <name>ll_div.obj</name>
      </input_file>
      <input_file id="fl-33">
         <path>C:\ti\c2000_15.12.3.LTS\lib\</path>
         <kind>archive</kind>
         <file>rts2800_fpu32.lib</file>
         <name>lowlev.obj</name>
      </input_file>
      <input_file id="fl-34">
         <path>C:\ti\c2000_15.12.3.LTS\lib\</path>
         <kind>archive</kind>
         <file>rts2800_fpu32.lib</file>
         <name>ltoa.obj</name>
      </input_file>
      <input_file id="fl-35">
         <path>C:\ti\c2000_15.12.3.LTS\lib\</path>
         <kind>archive</kind>
         <file>rts2800_fpu32.lib</file>
         <name>memccpy.obj</name>
      </input_file>
      <input_file id="fl-36">
         <path>C:\ti\c2000_15.12.3.LTS\lib\</path>
         <kind>archive</kind>
         <file>rts2800_fpu32.lib</file>
         <name>memchr.obj</name>
      </input_file>
      <input_file id="fl-37">
         <path>C:\ti\c2000_15.12.3.LTS\lib\</path>
         <kind>archive</kind>
         <file>rts2800_fpu32.lib</file>
         <name>s_frexp.obj</name>
      </input_file>
      <input_file id="fl-38">
         <path>C:\ti\c2000_15.12.3.LTS\lib\</path>
         <kind>archive</kind>
         <file>rts2800_fpu32.lib</file>
         <name>s_scalbn.obj</name>
      </input_file>
      <input_file id="fl-39">
         <path>C:\ti\c2000_15.12.3.LTS\lib\</path>
         <kind>archive</kind>
         <file>rts2800_fpu32.lib</file>
         <name>strchr.obj</name>
      </input_file>
      <input_file id="fl-3a">
         <path>C:\ti\c2000_15.12.3.LTS\lib\</path>
         <kind>archive</kind>
         <file>rts2800_fpu32.lib</file>
         <name>strcmp.obj</name>
      </input_file>
      <input_file id="fl-3b">
         <path>C:\ti\c2000_15.12.3.LTS\lib\</path>
         <kind>archive</kind>
         <file>rts2800_fpu32.lib</file>
         <name>strcpy.obj</name>
      </input_file>
      <input_file id="fl-3c">
         <path>C:\ti\c2000_15.12.3.LTS\lib\</path>
         <kind>archive</kind>
         <file>rts2800_fpu32.lib</file>
         <name>strlen.obj</name>
      </input_file>
      <input_file id="fl-3d">
         <path>C:\ti\c2000_15.12.3.LTS\lib\</path>
         <kind>archive</kind>
         <file>rts2800_fpu32.lib</file>
         <name>strncpy.obj</name>
      </input_file>
      <input_file id="fl-3e">
         <path>C:\ti\c2000_15.12.3.LTS\lib\</path>
         <kind>archive</kind>
         <file>rts2800_fpu32.lib</file>
         <name>trgdrv.obj</name>
      </input_file>
      <input_file id="fl-3f">
         <path>C:\ti\c2000_15.12.3.LTS\lib\</path>
         <kind>archive</kind>
         <file>rts2800_fpu32.lib</file>
         <name>trgmsg.obj</name>
      </input_file>
      <input_file id="fl-40">
         <path>C:\ti\c2000_15.12.3.LTS\lib\</path>
         <kind>archive</kind>
         <file>rts2800_fpu32.lib</file>
         <name>_io_perm.obj</name>
      </input_file>
      <input_file id="fl-41">
         <path>C:\ti\c2000_15.12.3.LTS\lib\</path>
         <kind>archive</kind>
         <file>rts2800_fpu32.lib</file>
         <name>errno.obj</name>
      </input_file>
      <input_file id="fl-42">
         <path>C:\ti\c2000_15.12.3.LTS\lib\</path>
         <kind>archive</kind>
         <file>rts2800_fpu32.lib</file>
         <name>fd_add.obj</name>
      </input_file>
      <input_file id="fl-43">
         <path>C:\ti\c2000_15.12.3.LTS\lib\</path>
         <kind>archive</kind>
         <file>rts2800_fpu32.lib</file>
         <name>fflush.obj</name>
      </input_file>
      <input_file id="fl-44">
         <path>C:\ti\c2000_15.12.3.LTS\lib\</path>
         <kind>archive</kind>
         <file>rts2800_fpu32.lib</file>
         <name>fseek.obj</name>
      </input_file>
      <input_file id="fl-45">
         <path>C:\ti\c2000_15.12.3.LTS\lib\</path>
         <kind>archive</kind>
         <file>rts2800_fpu32.lib</file>
         <name>l_div.obj</name>
      </input_file>
      <input_file id="fl-46">
         <path>C:\ti\c2000_15.12.3.LTS\lib\</path>
         <kind>archive</kind>
         <file>rts2800_fpu32.lib</file>
         <name>s_copysign.obj</name>
      </input_file>
      <input_file id="fl-47">
         <path>C:\ti\c2000_15.12.3.LTS\lib\</path>
         <kind>archive</kind>
         <file>rts2800_fpu32.lib</file>
         <name>setvbuf.obj</name>
      </input_file>
      <input_file id="fl-48">
         <path>C:\ti\c2000_15.12.3.LTS\lib\</path>
         <kind>archive</kind>
         <file>rts2800_fpu32.lib</file>
         <name>fopen.obj</name>
      </input_file>
      <input_file id="fl-49">
         <path>C:\ti\c2000_15.12.3.LTS\lib\</path>
         <kind>archive</kind>
         <file>rts2800_fpu32.lib</file>
         <name>memory.obj</name>
      </input_file>
      <input_file id="fl-4a">
         <path>C:\ti\c2000_15.12.3.LTS\lib\</path>
         <kind>archive</kind>
         <file>rts2800_fpu32.lib</file>
         <name>fclose.obj</name>
      </input_file>
      <input_file id="fl-4b">
         <path>C:\ti\c2000_15.12.3.LTS\lib\</path>
         <kind>archive</kind>
         <file>rts2800_fpu32.lib</file>
         <name>remove.obj</name>
      </input_file>
   </input_file_list>
   <object_component_list>
      <object_component id="oc-84">
         <name>codestart</name>
         <load_address>0x0</load_address>
         <run_address>0x0</run_address>
         <size>0x2</size>
         <input_file_ref idref="fl-2"/>
      </object_component>
      <object_component id="oc-25c">
         <name>.text</name>
         <load_address>0x1b0</load_address>
         <run_address>0x1b0</run_address>
         <size>0x244</size>
         <input_file_ref idref="fl-6"/>
      </object_component>
      <object_component id="oc-26b">
         <name>.text</name>
         <load_address>0x3f4</load_address>
         <run_address>0x3f4</run_address>
         <size>0xc</size>
         <input_file_ref idref="fl-1a"/>
      </object_component>
      <object_component id="oc-255">
         <name>.text</name>
         <load_address>0x8000</load_address>
         <run_address>0x8000</run_address>
         <size>0x33b</size>
         <input_file_ref idref="fl-a"/>
      </object_component>
      <object_component id="oc-24c">
         <name>.text</name>
         <load_address>0x833b</load_address>
         <run_address>0x833b</run_address>
         <size>0x27c</size>
         <input_file_ref idref="fl-3e"/>
      </object_component>
      <object_component id="oc-273">
         <name>.text</name>
         <load_address>0x85b7</load_address>
         <run_address>0x85b7</run_address>
         <size>0x1d2</size>
         <input_file_ref idref="fl-49"/>
      </object_component>
      <object_component id="oc-262">
         <name>.text</name>
         <load_address>0x8789</load_address>
         <run_address>0x8789</run_address>
         <size>0x73</size>
         <input_file_ref idref="fl-43"/>
      </object_component>
      <object_component id="oc-276">
         <name>.text</name>
         <load_address>0x87fc</load_address>
         <run_address>0x87fc</run_address>
         <size>0x3</size>
         <input_file_ref idref="fl-4b"/>
      </object_component>
      <object_component id="oc-24d">
         <name>.text</name>
         <load_address>0x8800</load_address>
         <run_address>0x8800</run_address>
         <size>0x16a</size>
         <input_file_ref idref="fl-c"/>
      </object_component>
      <object_component id="oc-1bb">
         <name>.text</name>
         <load_address>0x896a</load_address>
         <run_address>0x896a</run_address>
         <size>0x107</size>
         <input_file_ref idref="fl-32"/>
      </object_component>
      <object_component id="oc-274">
         <name>.text</name>
         <load_address>0x8a71</load_address>
         <run_address>0x8a71</run_address>
         <size>0xf9</size>
         <input_file_ref idref="fl-48"/>
      </object_component>
      <object_component id="oc-269">
         <name>.text</name>
         <load_address>0x8b6a</load_address>
         <run_address>0x8b6a</run_address>
         <size>0xbc</size>
         <input_file_ref idref="fl-38"/>
      </object_component>
      <object_component id="oc-25f">
         <name>.text</name>
         <load_address>0x8c26</load_address>
         <run_address>0x8c26</run_address>
         <size>0xb0</size>
         <input_file_ref idref="fl-2d"/>
      </object_component>
      <object_component id="oc-210">
         <name>.text</name>
         <load_address>0x8cd6</load_address>
         <run_address>0x8cd6</run_address>
         <size>0x9c</size>
         <input_file_ref idref="fl-42"/>
      </object_component>
      <object_component id="oc-250">
         <name>.text</name>
         <load_address>0x8d72</load_address>
         <run_address>0x8d72</run_address>
         <size>0x94</size>
         <input_file_ref idref="fl-3f"/>
      </object_component>
      <object_component id="oc-17e">
         <name>.text</name>
         <load_address>0x8e06</load_address>
         <run_address>0x8e06</run_address>
         <size>0x8b</size>
         <input_file_ref idref="fl-26"/>
      </object_component>
      <object_component id="oc-26e">
         <name>.text</name>
         <load_address>0x8e91</load_address>
         <run_address>0x8e91</run_address>
         <size>0x89</size>
         <input_file_ref idref="fl-47"/>
      </object_component>
      <object_component id="oc-135">
         <name>.text</name>
         <load_address>0x8f1a</load_address>
         <run_address>0x8f1a</run_address>
         <size>0x88</size>
         <input_file_ref idref="fl-17"/>
      </object_component>
      <object_component id="oc-268">
         <name>.text</name>
         <load_address>0x8fa2</load_address>
         <run_address>0x8fa2</run_address>
         <size>0x5b</size>
         <input_file_ref idref="fl-37"/>
      </object_component>
      <object_component id="oc-247">
         <name>.text</name>
         <load_address>0x8ffd</load_address>
         <run_address>0x8ffd</run_address>
         <size>0x2</size>
         <input_file_ref idref="fl-1b"/>
      </object_component>
      <object_component id="oc-183">
         <name>.text</name>
         <load_address>0x9000</load_address>
         <run_address>0x9000</run_address>
         <size>0x83</size>
         <input_file_ref idref="fl-27"/>
      </object_component>
      <object_component id="oc-258">
         <name>.text</name>
         <load_address>0x9083</load_address>
         <run_address>0x9083</run_address>
         <size>0x7c</size>
         <input_file_ref idref="fl-3"/>
      </object_component>
      <object_component id="oc-261">
         <name>.text</name>
         <load_address>0x90ff</load_address>
         <run_address>0x90ff</run_address>
         <size>0x67</size>
         <input_file_ref idref="fl-40"/>
      </object_component>
      <object_component id="oc-25a">
         <name>.text</name>
         <load_address>0x9166</load_address>
         <run_address>0x9166</run_address>
         <size>0x58</size>
         <input_file_ref idref="fl-1d"/>
      </object_component>
      <object_component id="oc-83">
         <name>.text</name>
         <load_address>0x91be</load_address>
         <run_address>0x91be</run_address>
         <size>0x56</size>
         <input_file_ref idref="fl-13"/>
      </object_component>
      <object_component id="oc-25e">
         <name>.text</name>
         <load_address>0x9214</load_address>
         <run_address>0x9214</run_address>
         <size>0x53</size>
         <input_file_ref idref="fl-2c"/>
      </object_component>
      <object_component id="oc-248">
         <name>.text</name>
         <load_address>0x9267</load_address>
         <run_address>0x9267</run_address>
         <size>0x46</size>
         <input_file_ref idref="fl-14"/>
      </object_component>
      <object_component id="oc-26d">
         <name>.text</name>
         <load_address>0x92ad</load_address>
         <run_address>0x92ad</run_address>
         <size>0x3d</size>
         <input_file_ref idref="fl-44"/>
      </object_component>
      <object_component id="oc-259">
         <name>.text</name>
         <load_address>0x92ea</load_address>
         <run_address>0x92ea</run_address>
         <size>0x34</size>
         <input_file_ref idref="fl-1c"/>
      </object_component>
      <object_component id="oc-266">
         <name>.text</name>
         <load_address>0x931e</load_address>
         <run_address>0x931e</run_address>
         <size>0x31</size>
         <input_file_ref idref="fl-22"/>
      </object_component>
      <object_component id="oc-267">
         <name>.text</name>
         <load_address>0x934f</load_address>
         <run_address>0x934f</run_address>
         <size>0x2e</size>
         <input_file_ref idref="fl-34"/>
      </object_component>
      <object_component id="oc-179">
         <name>.text</name>
         <load_address>0x937d</load_address>
         <run_address>0x937d</run_address>
         <size>0x2a</size>
         <input_file_ref idref="fl-25"/>
      </object_component>
      <object_component id="oc-21f">
         <name>.text</name>
         <load_address>0x93a7</load_address>
         <run_address>0x93a7</run_address>
         <size>0x2a</size>
         <input_file_ref idref="fl-45"/>
      </object_component>
      <object_component id="oc-24b">
         <name>.text</name>
         <load_address>0x93d1</load_address>
         <run_address>0x93d1</run_address>
         <size>0x29</size>
         <input_file_ref idref="fl-16"/>
      </object_component>
      <object_component id="oc-256">
         <name>.text</name>
         <load_address>0x93fa</load_address>
         <run_address>0x93fa</run_address>
         <size>0x28</size>
         <input_file_ref idref="fl-8"/>
      </object_component>
      <object_component id="oc-257">
         <name>.text</name>
         <load_address>0x9422</load_address>
         <run_address>0x9422</run_address>
         <size>0x26</size>
         <input_file_ref idref="fl-9"/>
      </object_component>
      <object_component id="oc-272">
         <name>.text</name>
         <load_address>0x9448</load_address>
         <run_address>0x9448</run_address>
         <size>0x22</size>
         <input_file_ref idref="fl-46"/>
      </object_component>
      <object_component id="oc-192">
         <name>.text</name>
         <load_address>0x946a</load_address>
         <run_address>0x946a</run_address>
         <size>0x21</size>
         <input_file_ref idref="fl-2a"/>
      </object_component>
      <object_component id="oc-197">
         <name>.text</name>
         <load_address>0x948b</load_address>
         <run_address>0x948b</run_address>
         <size>0x1f</size>
         <input_file_ref idref="fl-2b"/>
      </object_component>
      <object_component id="oc-1b6">
         <name>.text</name>
         <load_address>0x94aa</load_address>
         <run_address>0x94aa</run_address>
         <size>0x1e</size>
         <input_file_ref idref="fl-31"/>
      </object_component>
      <object_component id="oc-265">
         <name>.text</name>
         <load_address>0x94c8</load_address>
         <run_address>0x94c8</run_address>
         <size>0x1e</size>
         <input_file_ref idref="fl-19"/>
      </object_component>
      <object_component id="oc-270">
         <name>.text</name>
         <load_address>0x94e6</load_address>
         <run_address>0x94e6</run_address>
         <size>0x1e</size>
         <input_file_ref idref="fl-3d"/>
      </object_component>
      <object_component id="oc-1ac">
         <name>.text</name>
         <load_address>0x9504</load_address>
         <run_address>0x9504</run_address>
         <size>0x1d</size>
         <input_file_ref idref="fl-2f"/>
      </object_component>
      <object_component id="oc-1a7">
         <name>.text</name>
         <load_address>0x9521</load_address>
         <run_address>0x9521</run_address>
         <size>0x1c</size>
         <input_file_ref idref="fl-2e"/>
      </object_component>
      <object_component id="oc-1b1">
         <name>.text</name>
         <load_address>0x953d</load_address>
         <run_address>0x953d</run_address>
         <size>0x1c</size>
         <input_file_ref idref="fl-30"/>
      </object_component>
      <object_component id="oc-129">
         <name>.text</name>
         <load_address>0x9559</load_address>
         <run_address>0x9559</run_address>
         <size>0x1a</size>
         <input_file_ref idref="fl-15"/>
      </object_component>
      <object_component id="oc-24a">
         <name>.text</name>
         <load_address>0x9573</load_address>
         <run_address>0x9573</run_address>
         <size>0x19</size>
         <input_file_ref idref="fl-21"/>
      </object_component>
      <object_component id="oc-13a">
         <name>.text</name>
         <load_address>0x958c</load_address>
         <run_address>0x958c</run_address>
         <size>0x18</size>
         <input_file_ref idref="fl-18"/>
      </object_component>
      <object_component id="oc-264">
         <name>.text</name>
         <load_address>0x95a4</load_address>
         <run_address>0x95a4</run_address>
         <size>0x11</size>
         <input_file_ref idref="fl-36"/>
      </object_component>
      <object_component id="oc-18d">
         <name>.text</name>
         <load_address>0x95b5</load_address>
         <run_address>0x95b5</run_address>
         <size>0xe</size>
         <input_file_ref idref="fl-29"/>
      </object_component>
      <object_component id="oc-26c">
         <name>.text</name>
         <load_address>0x95c3</load_address>
         <run_address>0x95c3</run_address>
         <size>0xd</size>
         <input_file_ref idref="fl-35"/>
      </object_component>
      <object_component id="oc-26a">
         <name>.text</name>
         <load_address>0x95d0</load_address>
         <run_address>0x95d0</run_address>
         <size>0xc</size>
         <input_file_ref idref="fl-39"/>
      </object_component>
      <object_component id="oc-26f">
         <name>.text</name>
         <load_address>0x95dc</load_address>
         <run_address>0x95dc</run_address>
         <size>0xa</size>
         <input_file_ref idref="fl-3a"/>
      </object_component>
      <object_component id="oc-25b">
         <name>.text</name>
         <load_address>0x95e6</load_address>
         <run_address>0x95e6</run_address>
         <size>0x9</size>
         <input_file_ref idref="fl-1f"/>
      </object_component>
      <object_component id="oc-188">
         <name>.text</name>
         <load_address>0x95ef</load_address>
         <run_address>0x95ef</run_address>
         <size>0x9</size>
         <input_file_ref idref="fl-28"/>
      </object_component>
      <object_component id="oc-253">
         <name>.text</name>
         <load_address>0x95f8</load_address>
         <run_address>0x95f8</run_address>
         <size>0x8</size>
         <input_file_ref idref="fl-3c"/>
      </object_component>
      <object_component id="oc-254">
         <name>.text</name>
         <load_address>0x9600</load_address>
         <run_address>0x9600</run_address>
         <size>0x5</size>
         <input_file_ref idref="fl-3b"/>
      </object_component>
      <object_component id="oc-90">
         <name>.text:retain</name>
         <load_address>0xb000</load_address>
         <run_address>0xb000</run_address>
         <size>0x585</size>
         <input_file_ref idref="fl-4"/>
      </object_component>
      <object_component id="oc-263">
         <name>.text</name>
         <load_address>0xb585</load_address>
         <run_address>0xb585</run_address>
         <size>0x21b</size>
         <input_file_ref idref="fl-33"/>
      </object_component>
      <object_component id="oc-275">
         <name>.text</name>
         <load_address>0xb7a0</load_address>
         <run_address>0xb7a0</run_address>
         <size>0x5f</size>
         <input_file_ref idref="fl-4a"/>
      </object_component>
      <object_component id="oc-249">
         <name>.text</name>
         <load_address>0xb7ff</load_address>
         <run_address>0xb7ff</run_address>
         <size>0x1</size>
         <input_file_ref idref="fl-1e"/>
      </object_component>
      <object_component id="oc-260">
         <name>.text</name>
         <load_address>0xc000</load_address>
         <run_address>0xc000</run_address>
         <size>0xbd9</size>
         <input_file_ref idref="fl-20"/>
      </object_component>
      <object_component id="oc-1c1">
         <name>.cinit</name>
         <load_address>0x122</load_address>
         <run_address>0x122</run_address>
         <size>0x31</size>
         <input_file_ref idref="fl-33"/>
      </object_component>
      <object_component id="oc-176">
         <name>.cinit</name>
         <load_address>0x153</load_address>
         <run_address>0x153</run_address>
         <size>0x2a</size>
         <input_file_ref idref="fl-24"/>
      </object_component>
      <object_component id="oc-12f">
         <name>.cinit</name>
         <load_address>0x17d</load_address>
         <run_address>0x17d</run_address>
         <size>0xe</size>
         <input_file_ref idref="fl-16"/>
      </object_component>
      <object_component id="oc-117">
         <name>.cinit</name>
         <load_address>0x18b</load_address>
         <run_address>0x18b</run_address>
         <size>0x8</size>
         <input_file_ref idref="fl-c"/>
      </object_component>
      <object_component id="oc-24f">
         <name>.cinit:__lock</name>
         <load_address>0x193</load_address>
         <run_address>0x193</run_address>
         <size>0x5</size>
         <input_file_ref idref="fl-1f"/>
      </object_component>
      <object_component id="oc-252">
         <name>.cinit:__unlock</name>
         <load_address>0x198</load_address>
         <run_address>0x198</run_address>
         <size>0x5</size>
         <input_file_ref idref="fl-1f"/>
      </object_component>
      <object_component id="oc-20d">
         <name>.cinit</name>
         <load_address>0x19d</load_address>
         <run_address>0x19d</run_address>
         <size>0x4</size>
         <input_file_ref idref="fl-41"/>
      </object_component>
      <object_component id="oc-22f">
         <name>.cinit</name>
         <load_address>0x1a1</load_address>
         <run_address>0x1a1</run_address>
         <size>0x4</size>
         <input_file_ref idref="fl-48"/>
      </object_component>
      <object_component id="oc-236">
         <name>.cinit</name>
         <load_address>0x1a5</load_address>
         <run_address>0x1a5</run_address>
         <size>0x4</size>
         <input_file_ref idref="fl-49"/>
      </object_component>
      <object_component id="oc-11f">
         <name>.reset</name>
         <load_address>0x3fffc0</load_address>
         <run_address>0x3fffc0</run_address>
         <size>0x2</size>
         <input_file_ref idref="fl-13"/>
      </object_component>
      <object_component id="oc-11e">
         <name>.stack</name>
         <uninitialized>true</uninitialized>
         <run_address>0xd000</run_address>
         <size>0x0</size>
         <input_file_ref idref="fl-13"/>
      </object_component>
      <object_component id="oc-300">
         <name>.stack</name>
         <uninitialized>true</uninitialized>
         <run_address>0xd000</run_address>
         <size>0x0</size>
      </object_component>
      <object_component id="oc-8a">
         <name>.ebss</name>
         <uninitialized>true</uninitialized>
         <run_address>0x101a0</run_address>
         <size>0x18</size>
         <input_file_ref idref="fl-3"/>
      </object_component>
      <object_component id="oc-118">
         <name>.ebss</name>
         <uninitialized>true</uninitialized>
         <run_address>0xe000</run_address>
         <size>0x2040</size>
         <input_file_ref idref="fl-c"/>
      </object_component>
      <object_component id="oc-130">
         <name>.ebss</name>
         <uninitialized>true</uninitialized>
         <run_address>0x10250</run_address>
         <size>0x6</size>
         <input_file_ref idref="fl-16"/>
      </object_component>
      <object_component id="oc-251">
         <name>.ebss:__unlock</name>
         <uninitialized>true</uninitialized>
         <run_address>0x10258</run_address>
         <size>0x2</size>
         <input_file_ref idref="fl-1f"/>
      </object_component>
      <object_component id="oc-24e">
         <name>.ebss:__lock</name>
         <uninitialized>true</uninitialized>
         <run_address>0x10256</run_address>
         <size>0x2</size>
         <input_file_ref idref="fl-1f"/>
      </object_component>
      <object_component id="oc-177">
         <name>.ebss</name>
         <uninitialized>true</uninitialized>
         <run_address>0x10040</run_address>
         <size>0x160</size>
         <input_file_ref idref="fl-24"/>
      </object_component>
      <object_component id="oc-1c2">
         <name>.ebss</name>
         <uninitialized>true</uninitialized>
         <run_address>0x101c0</run_address>
         <size>0x88</size>
         <input_file_ref idref="fl-33"/>
      </object_component>
      <object_component id="oc-1fc">
         <name>.ebss</name>
         <uninitialized>true</uninitialized>
         <run_address>0x10248</run_address>
         <size>0x8</size>
         <input_file_ref idref="fl-3e"/>
      </object_component>
      <object_component id="oc-20e">
         <name>.ebss</name>
         <uninitialized>true</uninitialized>
         <run_address>0x1025a</run_address>
         <size>0x1</size>
         <input_file_ref idref="fl-41"/>
      </object_component>
      <object_component id="oc-230">
         <name>.ebss</name>
         <uninitialized>true</uninitialized>
         <run_address>0x1025b</run_address>
         <size>0x1</size>
         <input_file_ref idref="fl-48"/>
      </object_component>
      <object_component id="oc-238">
         <name>.ebss</name>
         <uninitialized>true</uninitialized>
         <run_address>0x101b8</run_address>
         <size>0x8</size>
         <input_file_ref idref="fl-49"/>
      </object_component>
      <object_component id="oc-25d">
         <name>.econst:_PieVectTableInit</name>
         <load_address>0xda00</load_address>
         <run_address>0xda00</run_address>
         <size>0x1c0</size>
         <input_file_ref idref="fl-9"/>
      </object_component>
      <object_component id="oc-271">
         <name>.econst:.string:__ctypes_</name>
         <load_address>0xdbc0</load_address>
         <run_address>0xdbc0</run_address>
         <size>0x101</size>
         <input_file_ref idref="fl-23"/>
      </object_component>
      <object_component id="oc-119">
         <name>.econst:.string</name>
         <load_address>0xdcc2</load_address>
         <run_address>0xdcc2</run_address>
         <size>0x40</size>
         <input_file_ref idref="fl-c"/>
      </object_component>
      <object_component id="oc-164">
         <name>.econst:.string</name>
         <load_address>0xdd02</load_address>
         <run_address>0xdd02</run_address>
         <size>0x26</size>
         <input_file_ref idref="fl-20"/>
      </object_component>
      <object_component id="oc-163">
         <name>.econst</name>
         <load_address>0xdd28</load_address>
         <run_address>0xdd28</run_address>
         <size>0x1c</size>
         <input_file_ref idref="fl-20"/>
      </object_component>
      <object_component id="oc-1dd">
         <name>.econst</name>
         <load_address>0xdd44</load_address>
         <run_address>0xdd44</run_address>
         <size>0x1c</size>
         <input_file_ref idref="fl-38"/>
      </object_component>
      <object_component id="oc-1d7">
         <name>.econst</name>
         <load_address>0xdd60</load_address>
         <run_address>0xdd60</run_address>
         <size>0x8</size>
         <input_file_ref idref="fl-37"/>
      </object_component>
      <object_component id="oc-1a2">
         <name>.econst:.string</name>
         <load_address>0xdd68</load_address>
         <run_address>0xdd68</run_address>
         <size>0x2</size>
         <input_file_ref idref="fl-2d"/>
      </object_component>
      <object_component id="oc-237">
         <name>.esysmem</name>
         <uninitialized>true</uninitialized>
         <run_address>0xd600</run_address>
         <size>0x1</size>
         <input_file_ref idref="fl-49"/>
      </object_component>
      <object_component id="oc-301">
         <name>.esysmem</name>
         <uninitialized>true</uninitialized>
         <run_address>0xd600</run_address>
         <size>0x0</size>
      </object_component>
      <object_component id="oc-202">
         <name>.cio</name>
         <uninitialized>true</uninitialized>
         <run_address>0xdd80</run_address>
         <size>0x120</size>
         <input_file_ref idref="fl-3f"/>
      </object_component>
      <object_component id="oc-111">
         <name>.TI.ramfunc</name>
         <load_address>0x1ab</load_address>
         <run_address>0x1ab</run_address>
         <size>0x4</size>
         <input_file_ref idref="fl-b"/>
      </object_component>
      <object_component id="oc-f6">
         <name>PieVectTableFile</name>
         <uninitialized>true</uninitialized>
         <run_address>0xd00</run_address>
         <size>0x1c0</size>
         <input_file_ref idref="fl-5"/>
      </object_component>
      <object_component id="oc-96">
         <name>EmuKeyVar</name>
         <uninitialized>true</uninitialized>
         <run_address>0xd00</run_address>
         <size>0x1</size>
         <input_file_ref idref="fl-5"/>
      </object_component>
      <object_component id="oc-97">
         <name>EmuBModeVar</name>
         <uninitialized>true</uninitialized>
         <run_address>0xd01</run_address>
         <size>0x1</size>
         <input_file_ref idref="fl-5"/>
      </object_component>
      <object_component id="oc-ae">
         <name>AdcaResultFile</name>
         <uninitialized>true</uninitialized>
         <run_address>0xb00</run_address>
         <size>0x18</size>
         <input_file_ref idref="fl-5"/>
      </object_component>
      <object_component id="oc-ad">
         <name>AdcbResultFile</name>
         <uninitialized>true</uninitialized>
         <run_address>0xb20</run_address>
         <size>0x18</size>
         <input_file_ref idref="fl-5"/>
      </object_component>
      <object_component id="oc-b0">
         <name>AdccResultFile</name>
         <uninitialized>true</uninitialized>
         <run_address>0xb40</run_address>
         <size>0x18</size>
         <input_file_ref idref="fl-5"/>
      </object_component>
      <object_component id="oc-af">
         <name>AdcdResultFile</name>
         <uninitialized>true</uninitialized>
         <run_address>0xb60</run_address>
         <size>0x18</size>
         <input_file_ref idref="fl-5"/>
      </object_component>
      <object_component id="oc-e1">
         <name>AdcaRegsFile</name>
         <uninitialized>true</uninitialized>
         <run_address>0x7400</run_address>
         <size>0x80</size>
         <input_file_ref idref="fl-5"/>
      </object_component>
      <object_component id="oc-e0">
         <name>AdcbRegsFile</name>
         <uninitialized>true</uninitialized>
         <run_address>0x7480</run_address>
         <size>0x80</size>
         <input_file_ref idref="fl-5"/>
      </object_component>
      <object_component id="oc-de">
         <name>AdccRegsFile</name>
         <uninitialized>true</uninitialized>
         <run_address>0x7500</run_address>
         <size>0x80</size>
         <input_file_ref idref="fl-5"/>
      </object_component>
      <object_component id="oc-df">
         <name>AdcdRegsFile</name>
         <uninitialized>true</uninitialized>
         <run_address>0x7580</run_address>
         <size>0x80</size>
         <input_file_ref idref="fl-5"/>
      </object_component>
      <object_component id="oc-db">
         <name>AnalogSubsysRegsFile</name>
         <uninitialized>true</uninitialized>
         <run_address>0x5d180</run_address>
         <size>0x48</size>
         <input_file_ref idref="fl-5"/>
      </object_component>
      <object_component id="oc-d5">
         <name>Cla1RegsFile</name>
         <uninitialized>true</uninitialized>
         <run_address>0x1400</run_address>
         <size>0x3e</size>
         <input_file_ref idref="fl-5"/>
      </object_component>
      <object_component id="oc-9b">
         <name>Cla1SoftIntRegsFile</name>
         <uninitialized>true</uninitialized>
         <run_address>0xce0</run_address>
         <size>0x4</size>
         <input_file_ref idref="fl-5"/>
      </object_component>
      <object_component id="oc-c1">
         <name>Cmpss1RegsFile</name>
         <uninitialized>true</uninitialized>
         <run_address>0x5c80</run_address>
         <size>0x20</size>
         <input_file_ref idref="fl-5"/>
      </object_component>
      <object_component id="oc-c0">
         <name>Cmpss2RegsFile</name>
         <uninitialized>true</uninitialized>
         <run_address>0x5ca0</run_address>
         <size>0x20</size>
         <input_file_ref idref="fl-5"/>
      </object_component>
      <object_component id="oc-c3">
         <name>Cmpss3RegsFile</name>
         <uninitialized>true</uninitialized>
         <run_address>0x5cc0</run_address>
         <size>0x20</size>
         <input_file_ref idref="fl-5"/>
      </object_component>
      <object_component id="oc-c2">
         <name>Cmpss4RegsFile</name>
         <uninitialized>true</uninitialized>
         <run_address>0x5ce0</run_address>
         <size>0x20</size>
         <input_file_ref idref="fl-5"/>
      </object_component>
      <object_component id="oc-c6">
         <name>Cmpss5RegsFile</name>
         <uninitialized>true</uninitialized>
         <run_address>0x5d00</run_address>
         <size>0x20</size>
         <input_file_ref idref="fl-5"/>
      </object_component>
      <object_component id="oc-bc">
         <name>Cmpss6RegsFile</name>
         <uninitialized>true</uninitialized>
         <run_address>0x5d20</run_address>
         <size>0x20</size>
         <input_file_ref idref="fl-5"/>
      </object_component>
      <object_component id="oc-bb">
         <name>Cmpss7RegsFile</name>
         <uninitialized>true</uninitialized>
         <run_address>0x5d40</run_address>
         <size>0x20</size>
         <input_file_ref idref="fl-5"/>
      </object_component>
      <object_component id="oc-be">
         <name>Cmpss8RegsFile</name>
         <uninitialized>true</uninitialized>
         <run_address>0x5d60</run_address>
         <size>0x20</size>
         <input_file_ref idref="fl-5"/>
      </object_component>
      <object_component id="oc-a3">
         <name>CpuTimer0RegsFile</name>
         <uninitialized>true</uninitialized>
         <run_address>0xc00</run_address>
         <size>0x8</size>
         <input_file_ref idref="fl-5"/>
      </object_component>
      <object_component id="oc-a4">
         <name>CpuTimer1RegsFile</name>
         <uninitialized>true</uninitialized>
         <run_address>0xc08</run_address>
         <size>0x8</size>
         <input_file_ref idref="fl-5"/>
      </object_component>
      <object_component id="oc-a1">
         <name>CpuTimer2RegsFile</name>
         <uninitialized>true</uninitialized>
         <run_address>0xc10</run_address>
         <size>0x8</size>
         <input_file_ref idref="fl-5"/>
      </object_component>
      <object_component id="oc-9e">
         <name>DacaRegsFile</name>
         <uninitialized>true</uninitialized>
         <run_address>0x5c00</run_address>
         <size>0x8</size>
         <input_file_ref idref="fl-5"/>
      </object_component>
      <object_component id="oc-9f">
         <name>DacbRegsFile</name>
         <uninitialized>true</uninitialized>
         <run_address>0x5c10</run_address>
         <size>0x8</size>
         <input_file_ref idref="fl-5"/>
      </object_component>
      <object_component id="oc-a0">
         <name>DaccRegsFile</name>
         <uninitialized>true</uninitialized>
         <run_address>0x5c20</run_address>
         <size>0x8</size>
         <input_file_ref idref="fl-5"/>
      </object_component>
      <object_component id="oc-d0">
         <name>DcsmZ1RegsFile</name>
         <uninitialized>true</uninitialized>
         <run_address>0x5f000</run_address>
         <size>0x24</size>
         <input_file_ref idref="fl-5"/>
      </object_component>
      <object_component id="oc-ce">
         <name>DcsmZ2RegsFile</name>
         <uninitialized>true</uninitialized>
         <run_address>0x5f040</run_address>
         <size>0x24</size>
         <input_file_ref idref="fl-5"/>
      </object_component>
      <object_component id="oc-a2">
         <name>DcsmCommonRegsFile</name>
         <uninitialized>true</uninitialized>
         <run_address>0x5f070</run_address>
         <size>0x8</size>
         <input_file_ref idref="fl-5"/>
      </object_component>
      <object_component id="oc-bd">
         <name>DcsmZ1OtpFile</name>
         <uninitialized>true</uninitialized>
         <run_address>0x78000</run_address>
         <size>0x20</size>
         <input_file_ref idref="fl-5"/>
      </object_component>
      <object_component id="oc-bf">
         <name>DcsmZ2OtpFile</name>
         <uninitialized>true</uninitialized>
         <run_address>0x78200</run_address>
         <size>0x20</size>
         <input_file_ref idref="fl-5"/>
      </object_component>
      <object_component id="oc-e6">
         <name>DmaRegsFile</name>
         <uninitialized>true</uninitialized>
         <run_address>0x1000</run_address>
         <size>0xe0</size>
         <input_file_ref idref="fl-5"/>
      </object_component>
      <object_component id="oc-b2">
         <name>DmaClaSrcSelRegsFile</name>
         <uninitialized>true</uninitialized>
         <run_address>0x7980</run_address>
         <size>0x1a</size>
         <input_file_ref idref="fl-5"/>
      </object_component>
      <object_component id="oc-c5">
         <name>ECap1RegsFile</name>
         <uninitialized>true</uninitialized>
         <run_address>0x5000</run_address>
         <size>0x20</size>
         <input_file_ref idref="fl-5"/>
      </object_component>
      <object_component id="oc-c4">
         <name>ECap2RegsFile</name>
         <uninitialized>true</uninitialized>
         <run_address>0x5020</run_address>
         <size>0x20</size>
         <input_file_ref idref="fl-5"/>
      </object_component>
      <object_component id="oc-b3">
         <name>ECap3RegsFile</name>
         <uninitialized>true</uninitialized>
         <run_address>0x5040</run_address>
         <size>0x20</size>
         <input_file_ref idref="fl-5"/>
      </object_component>
      <object_component id="oc-b5">
         <name>ECap4RegsFile</name>
         <uninitialized>true</uninitialized>
         <run_address>0x5060</run_address>
         <size>0x20</size>
         <input_file_ref idref="fl-5"/>
      </object_component>
      <object_component id="oc-ba">
         <name>ECap5RegsFile</name>
         <uninitialized>true</uninitialized>
         <run_address>0x5080</run_address>
         <size>0x20</size>
         <input_file_ref idref="fl-5"/>
      </object_component>
      <object_component id="oc-b4">
         <name>ECap6RegsFile</name>
         <uninitialized>true</uninitialized>
         <run_address>0x50a0</run_address>
         <size>0x20</size>
         <input_file_ref idref="fl-5"/>
      </object_component>
      <object_component id="oc-dc">
         <name>Emif1RegsFile</name>
         <uninitialized>true</uninitialized>
         <run_address>0x47000</run_address>
         <size>0x70</size>
         <input_file_ref idref="fl-5"/>
      </object_component>
      <object_component id="oc-dd">
         <name>Emif2RegsFile</name>
         <uninitialized>true</uninitialized>
         <run_address>0x47800</run_address>
         <size>0x70</size>
         <input_file_ref idref="fl-5"/>
      </object_component>
      <object_component id="oc-eb">
         <name>EPwm1RegsFile</name>
         <uninitialized>true</uninitialized>
         <run_address>0x4000</run_address>
         <size>0x100</size>
         <input_file_ref idref="fl-5"/>
      </object_component>
      <object_component id="oc-ea">
         <name>EPwm2RegsFile</name>
         <uninitialized>true</uninitialized>
         <run_address>0x4100</run_address>
         <size>0x100</size>
         <input_file_ref idref="fl-5"/>
      </object_component>
      <object_component id="oc-ed">
         <name>EPwm3RegsFile</name>
         <uninitialized>true</uninitialized>
         <run_address>0x4200</run_address>
         <size>0x100</size>
         <input_file_ref idref="fl-5"/>
      </object_component>
      <object_component id="oc-e8">
         <name>EPwm4RegsFile</name>
         <uninitialized>true</uninitialized>
         <run_address>0x4300</run_address>
         <size>0x100</size>
         <input_file_ref idref="fl-5"/>
      </object_component>
      <object_component id="oc-e7">
         <name>EPwm5RegsFile</name>
         <uninitialized>true</uninitialized>
         <run_address>0x4400</run_address>
         <size>0x100</size>
         <input_file_ref idref="fl-5"/>
      </object_component>
      <object_component id="oc-ec">
         <name>EPwm6RegsFile</name>
         <uninitialized>true</uninitialized>
         <run_address>0x4500</run_address>
         <size>0x100</size>
         <input_file_ref idref="fl-5"/>
      </object_component>
      <object_component id="oc-e9">
         <name>EPwm7RegsFile</name>
         <uninitialized>true</uninitialized>
         <run_address>0x4600</run_address>
         <size>0x100</size>
         <input_file_ref idref="fl-5"/>
      </object_component>
      <object_component id="oc-f2">
         <name>EPwm8RegsFile</name>
         <uninitialized>true</uninitialized>
         <run_address>0x4700</run_address>
         <size>0x100</size>
         <input_file_ref idref="fl-5"/>
      </object_component>
      <object_component id="oc-f0">
         <name>EPwm9RegsFile</name>
         <uninitialized>true</uninitialized>
         <run_address>0x4800</run_address>
         <size>0x100</size>
         <input_file_ref idref="fl-5"/>
      </object_component>
      <object_component id="oc-f1">
         <name>EPwm10RegsFile</name>
         <uninitialized>true</uninitialized>
         <run_address>0x4900</run_address>
         <size>0x100</size>
         <input_file_ref idref="fl-5"/>
      </object_component>
      <object_component id="oc-ee">
         <name>EPwm11RegsFile</name>
         <uninitialized>true</uninitialized>
         <run_address>0x4a00</run_address>
         <size>0x100</size>
         <input_file_ref idref="fl-5"/>
      </object_component>
      <object_component id="oc-ef">
         <name>EPwm12RegsFile</name>
         <uninitialized>true</uninitialized>
         <run_address>0x4b00</run_address>
         <size>0x100</size>
         <input_file_ref idref="fl-5"/>
      </object_component>
      <object_component id="oc-d8">
         <name>EPwmXbarRegsFile</name>
         <uninitialized>true</uninitialized>
         <run_address>0x7a00</run_address>
         <size>0x40</size>
         <input_file_ref idref="fl-5"/>
      </object_component>
      <object_component id="oc-cb">
         <name>EQep1RegsFile</name>
         <uninitialized>true</uninitialized>
         <run_address>0x5100</run_address>
         <size>0x22</size>
         <input_file_ref idref="fl-5"/>
      </object_component>
      <object_component id="oc-c9">
         <name>EQep2RegsFile</name>
         <uninitialized>true</uninitialized>
         <run_address>0x5140</run_address>
         <size>0x22</size>
         <input_file_ref idref="fl-5"/>
      </object_component>
      <object_component id="oc-c7">
         <name>EQep3RegsFile</name>
         <uninitialized>true</uninitialized>
         <run_address>0x5180</run_address>
         <size>0x22</size>
         <input_file_ref idref="fl-5"/>
      </object_component>
      <object_component id="oc-f5">
         <name>Flash0CtrlRegsFile</name>
         <uninitialized>true</uninitialized>
         <run_address>0x5f800</run_address>
         <size>0x182</size>
         <input_file_ref idref="fl-5"/>
      </object_component>
      <object_component id="oc-d1">
         <name>Flash0EccRegsFile</name>
         <uninitialized>true</uninitialized>
         <run_address>0x5fb00</run_address>
         <size>0x28</size>
         <input_file_ref idref="fl-5"/>
      </object_component>
      <object_component id="oc-f4">
         <name>GpioCtrlRegsFile</name>
         <uninitialized>true</uninitialized>
         <run_address>0x7c00</run_address>
         <size>0x180</size>
         <input_file_ref idref="fl-5"/>
      </object_component>
      <object_component id="oc-d3">
         <name>GpioDataRegsFile</name>
         <uninitialized>true</uninitialized>
         <run_address>0x7f00</run_address>
         <size>0x30</size>
         <input_file_ref idref="fl-5"/>
      </object_component>
      <object_component id="oc-d9">
         <name>OutputXbarRegsFile</name>
         <uninitialized>true</uninitialized>
         <run_address>0x7a80</run_address>
         <size>0x40</size>
         <input_file_ref idref="fl-5"/>
      </object_component>
      <object_component id="oc-ca">
         <name>I2caRegsFile</name>
         <uninitialized>true</uninitialized>
         <run_address>0x7300</run_address>
         <size>0x22</size>
         <input_file_ref idref="fl-5"/>
      </object_component>
      <object_component id="oc-c8">
         <name>I2cbRegsFile</name>
         <uninitialized>true</uninitialized>
         <run_address>0x7340</run_address>
         <size>0x22</size>
         <input_file_ref idref="fl-5"/>
      </object_component>
      <object_component id="oc-b8">
         <name>InputXbarRegsFile</name>
         <uninitialized>true</uninitialized>
         <run_address>0x7900</run_address>
         <size>0x20</size>
         <input_file_ref idref="fl-5"/>
      </object_component>
      <object_component id="oc-b9">
         <name>XbarRegsFile</name>
         <uninitialized>true</uninitialized>
         <run_address>0x7920</run_address>
         <size>0x20</size>
         <input_file_ref idref="fl-5"/>
      </object_component>
      <object_component id="oc-cc">
         <name>IpcRegsFile</name>
         <uninitialized>true</uninitialized>
         <run_address>0x50000</run_address>
         <size>0x24</size>
         <input_file_ref idref="fl-5"/>
      </object_component>
      <object_component id="oc-98">
         <name>FlashPumpSemaphoreRegsFile</name>
         <uninitialized>true</uninitialized>
         <run_address>0x50024</run_address>
         <size>0x2</size>
         <input_file_ref idref="fl-5"/>
      </object_component>
      <object_component id="oc-9a">
         <name>RomPrefetchRegsFile</name>
         <uninitialized>true</uninitialized>
         <run_address>0x5e608</run_address>
         <size>0x2</size>
         <input_file_ref idref="fl-5"/>
      </object_component>
      <object_component id="oc-e3">
         <name>MemCfgRegsFile</name>
         <uninitialized>true</uninitialized>
         <run_address>0x5f400</run_address>
         <size>0x80</size>
         <input_file_ref idref="fl-5"/>
      </object_component>
      <object_component id="oc-b6">
         <name>Emif1ConfigRegsFile</name>
         <uninitialized>true</uninitialized>
         <run_address>0x5f480</run_address>
         <size>0x20</size>
         <input_file_ref idref="fl-5"/>
      </object_component>
      <object_component id="oc-b7">
         <name>Emif2ConfigRegsFile</name>
         <uninitialized>true</uninitialized>
         <run_address>0x5f4a0</run_address>
         <size>0x20</size>
         <input_file_ref idref="fl-5"/>
      </object_component>
      <object_component id="oc-d7">
         <name>AccessProtectionRegsFile</name>
         <uninitialized>true</uninitialized>
         <run_address>0x5f4c0</run_address>
         <size>0x40</size>
         <input_file_ref idref="fl-5"/>
      </object_component>
      <object_component id="oc-d6">
         <name>MemoryErrorRegsFile</name>
         <uninitialized>true</uninitialized>
         <run_address>0x5f500</run_address>
         <size>0x40</size>
         <input_file_ref idref="fl-5"/>
      </object_component>
      <object_component id="oc-99">
         <name>RomWaitStateRegsFile</name>
         <uninitialized>true</uninitialized>
         <run_address>0x5f540</run_address>
         <size>0x2</size>
         <input_file_ref idref="fl-5"/>
      </object_component>
      <object_component id="oc-cd">
         <name>McbspaRegsFile</name>
         <uninitialized>true</uninitialized>
         <run_address>0x6000</run_address>
         <size>0x24</size>
         <input_file_ref idref="fl-5"/>
      </object_component>
      <object_component id="oc-cf">
         <name>McbspbRegsFile</name>
         <uninitialized>true</uninitialized>
         <run_address>0x6040</run_address>
         <size>0x24</size>
         <input_file_ref idref="fl-5"/>
      </object_component>
      <object_component id="oc-da">
         <name>UppRegsFile</name>
         <uninitialized>true</uninitialized>
         <run_address>0x6200</run_address>
         <size>0x48</size>
         <input_file_ref idref="fl-5"/>
      </object_component>
      <object_component id="oc-9d">
         <name>NmiIntruptRegsFile</name>
         <uninitialized>true</uninitialized>
         <run_address>0x7060</run_address>
         <size>0x7</size>
         <input_file_ref idref="fl-5"/>
      </object_component>
      <object_component id="oc-b1">
         <name>PieCtrlRegsFile</name>
         <uninitialized>true</uninitialized>
         <run_address>0xce0</run_address>
         <size>0x1a</size>
         <input_file_ref idref="fl-5"/>
      </object_component>
      <object_component id="oc-ab">
         <name>SciaRegsFile</name>
         <uninitialized>true</uninitialized>
         <run_address>0x7200</run_address>
         <size>0x10</size>
         <input_file_ref idref="fl-5"/>
      </object_component>
      <object_component id="oc-ac">
         <name>ScibRegsFile</name>
         <uninitialized>true</uninitialized>
         <run_address>0x7210</run_address>
         <size>0x10</size>
         <input_file_ref idref="fl-5"/>
      </object_component>
      <object_component id="oc-aa">
         <name>ScicRegsFile</name>
         <uninitialized>true</uninitialized>
         <run_address>0x7220</run_address>
         <size>0x10</size>
         <input_file_ref idref="fl-5"/>
      </object_component>
      <object_component id="oc-a9">
         <name>ScidRegsFile</name>
         <uninitialized>true</uninitialized>
         <run_address>0x7230</run_address>
         <size>0x10</size>
         <input_file_ref idref="fl-5"/>
      </object_component>
      <object_component id="oc-e2">
         <name>Sdfm1RegsFile</name>
         <uninitialized>true</uninitialized>
         <run_address>0x5e00</run_address>
         <size>0x80</size>
         <input_file_ref idref="fl-5"/>
      </object_component>
      <object_component id="oc-e4">
         <name>Sdfm2RegsFile</name>
         <uninitialized>true</uninitialized>
         <run_address>0x5e80</run_address>
         <size>0x80</size>
         <input_file_ref idref="fl-5"/>
      </object_component>
      <object_component id="oc-a6">
         <name>SpiaRegsFile</name>
         <uninitialized>true</uninitialized>
         <run_address>0x6100</run_address>
         <size>0x10</size>
         <input_file_ref idref="fl-5"/>
      </object_component>
      <object_component id="oc-a8">
         <name>SpibRegsFile</name>
         <uninitialized>true</uninitialized>
         <run_address>0x6110</run_address>
         <size>0x10</size>
         <input_file_ref idref="fl-5"/>
      </object_component>
      <object_component id="oc-a7">
         <name>SpicRegsFile</name>
         <uninitialized>true</uninitialized>
         <run_address>0x6120</run_address>
         <size>0x10</size>
         <input_file_ref idref="fl-5"/>
      </object_component>
      <object_component id="oc-f3">
         <name>DevCfgRegsFile</name>
         <uninitialized>true</uninitialized>
         <run_address>0x5d000</run_address>
         <size>0x12e</size>
         <input_file_ref idref="fl-5"/>
      </object_component>
      <object_component id="oc-d4">
         <name>ClkCfgRegsFile</name>
         <uninitialized>true</uninitialized>
         <run_address>0x5d200</run_address>
         <size>0x32</size>
         <input_file_ref idref="fl-5"/>
      </object_component>
      <object_component id="oc-e5">
         <name>CpuSysRegsFile</name>
         <uninitialized>true</uninitialized>
         <run_address>0x5d300</run_address>
         <size>0x82</size>
         <input_file_ref idref="fl-5"/>
      </object_component>
      <object_component id="oc-9c">
         <name>SyncSocRegsFile</name>
         <uninitialized>true</uninitialized>
         <run_address>0x7940</run_address>
         <size>0x6</size>
         <input_file_ref idref="fl-5"/>
      </object_component>
      <object_component id="oc-d2">
         <name>WdRegsFile</name>
         <uninitialized>true</uninitialized>
         <run_address>0x7000</run_address>
         <size>0x2b</size>
         <input_file_ref idref="fl-5"/>
      </object_component>
      <object_component id="oc-a5">
         <name>XintRegsFile</name>
         <uninitialized>true</uninitialized>
         <run_address>0x7070</run_address>
         <size>0xb</size>
         <input_file_ref idref="fl-5"/>
      </object_component>
      <object_component id="oc-85">
         <name>.debug_info</name>
         <load_address>0x0</load_address>
         <run_address>0x0</run_address>
         <size>0x19a</size>
         <input_file_ref idref="fl-2"/>
      </object_component>
      <object_component id="oc-89">
         <name>.debug_info</name>
         <load_address>0x19a</load_address>
         <run_address>0x19a</run_address>
         <size>0xb0f</size>
         <input_file_ref idref="fl-3"/>
      </object_component>
      <object_component id="oc-8f">
         <name>.debug_info</name>
         <load_address>0xca9</load_address>
         <run_address>0xca9</run_address>
         <size>0x7e15</size>
         <input_file_ref idref="fl-4"/>
      </object_component>
      <object_component id="oc-95">
         <name>.debug_info</name>
         <load_address>0x8abe</load_address>
         <run_address>0x8abe</run_address>
         <size>0x4dc15</size>
         <input_file_ref idref="fl-5"/>
      </object_component>
      <object_component id="oc-f8">
         <name>.debug_info</name>
         <load_address>0x566d3</load_address>
         <run_address>0x566d3</run_address>
         <size>0x1a4e2</size>
         <input_file_ref idref="fl-6"/>
      </object_component>
      <object_component id="oc-fd">
         <name>.debug_info</name>
         <load_address>0x70bb5</load_address>
         <run_address>0x70bb5</run_address>
         <size>0x16f0</size>
         <input_file_ref idref="fl-7"/>
      </object_component>
      <object_component id="oc-102">
         <name>.debug_info</name>
         <load_address>0x722a5</load_address>
         <run_address>0x722a5</run_address>
         <size>0x36dd</size>
         <input_file_ref idref="fl-8"/>
      </object_component>
      <object_component id="oc-107">
         <name>.debug_info</name>
         <load_address>0x75982</load_address>
         <run_address>0x75982</run_address>
         <size>0x681f</size>
         <input_file_ref idref="fl-9"/>
      </object_component>
      <object_component id="oc-10c">
         <name>.debug_info</name>
         <load_address>0x7c1a1</load_address>
         <run_address>0x7c1a1</run_address>
         <size>0xd2e7</size>
         <input_file_ref idref="fl-a"/>
      </object_component>
      <object_component id="oc-112">
         <name>.debug_info</name>
         <load_address>0x89488</load_address>
         <run_address>0x89488</run_address>
         <size>0x195</size>
         <input_file_ref idref="fl-b"/>
      </object_component>
      <object_component id="oc-116">
         <name>.debug_info</name>
         <load_address>0x8961d</load_address>
         <run_address>0x8961d</run_address>
         <size>0x1460</size>
         <input_file_ref idref="fl-c"/>
      </object_component>
      <object_component id="oc-120">
         <name>.debug_info</name>
         <load_address>0x8aa7d</load_address>
         <run_address>0x8aa7d</run_address>
         <size>0x16c</size>
         <input_file_ref idref="fl-13"/>
      </object_component>
      <object_component id="oc-124">
         <name>.debug_info</name>
         <load_address>0x8abe9</load_address>
         <run_address>0x8abe9</run_address>
         <size>0x628</size>
         <input_file_ref idref="fl-14"/>
      </object_component>
      <object_component id="oc-12a">
         <name>.debug_info</name>
         <load_address>0x8b211</load_address>
         <run_address>0x8b211</run_address>
         <size>0x113</size>
         <input_file_ref idref="fl-15"/>
      </object_component>
      <object_component id="oc-12e">
         <name>.debug_info</name>
         <load_address>0x8b324</load_address>
         <run_address>0x8b324</run_address>
         <size>0x5ac</size>
         <input_file_ref idref="fl-16"/>
      </object_component>
      <object_component id="oc-136">
         <name>.debug_info</name>
         <load_address>0x8b8d0</load_address>
         <run_address>0x8b8d0</run_address>
         <size>0x10d</size>
         <input_file_ref idref="fl-17"/>
      </object_component>
      <object_component id="oc-13b">
         <name>.debug_info</name>
         <load_address>0x8b9dd</load_address>
         <run_address>0x8b9dd</run_address>
         <size>0x16f</size>
         <input_file_ref idref="fl-18"/>
      </object_component>
      <object_component id="oc-13f">
         <name>.debug_info</name>
         <load_address>0x8bb4c</load_address>
         <run_address>0x8bb4c</run_address>
         <size>0x470</size>
         <input_file_ref idref="fl-19"/>
      </object_component>
      <object_component id="oc-144">
         <name>.debug_info</name>
         <load_address>0x8bfbc</load_address>
         <run_address>0x8bfbc</run_address>
         <size>0x528</size>
         <input_file_ref idref="fl-1a"/>
      </object_component>
      <object_component id="oc-149">
         <name>.debug_info</name>
         <load_address>0x8c4e4</load_address>
         <run_address>0x8c4e4</run_address>
         <size>0x3e3</size>
         <input_file_ref idref="fl-1b"/>
      </object_component>
      <object_component id="oc-14e">
         <name>.debug_info</name>
         <load_address>0x8c8c7</load_address>
         <run_address>0x8c8c7</run_address>
         <size>0x70a</size>
         <input_file_ref idref="fl-1c"/>
      </object_component>
      <object_component id="oc-153">
         <name>.debug_info</name>
         <load_address>0x8cfd1</load_address>
         <run_address>0x8cfd1</run_address>
         <size>0x435</size>
         <input_file_ref idref="fl-1d"/>
      </object_component>
      <object_component id="oc-158">
         <name>.debug_info</name>
         <load_address>0x8d406</load_address>
         <run_address>0x8d406</run_address>
         <size>0x3e0</size>
         <input_file_ref idref="fl-1e"/>
      </object_component>
      <object_component id="oc-15d">
         <name>.debug_info</name>
         <load_address>0x8d7e6</load_address>
         <run_address>0x8d7e6</run_address>
         <size>0x502</size>
         <input_file_ref idref="fl-1f"/>
      </object_component>
      <object_component id="oc-162">
         <name>.debug_info</name>
         <load_address>0x8dce8</load_address>
         <run_address>0x8dce8</run_address>
         <size>0x2560</size>
         <input_file_ref idref="fl-20"/>
      </object_component>
      <object_component id="oc-169">
         <name>.debug_info</name>
         <load_address>0x90248</load_address>
         <run_address>0x90248</run_address>
         <size>0x4cf</size>
         <input_file_ref idref="fl-21"/>
      </object_component>
      <object_component id="oc-16e">
         <name>.debug_info</name>
         <load_address>0x90717</load_address>
         <run_address>0x90717</run_address>
         <size>0x455</size>
         <input_file_ref idref="fl-22"/>
      </object_component>
      <object_component id="oc-173">
         <name>.debug_info</name>
         <load_address>0x90b6c</load_address>
         <run_address>0x90b6c</run_address>
         <size>0x1dd</size>
         <input_file_ref idref="fl-23"/>
      </object_component>
      <object_component id="oc-175">
         <name>.debug_info</name>
         <load_address>0x90d49</load_address>
         <run_address>0x90d49</run_address>
         <size>0x2d0</size>
         <input_file_ref idref="fl-24"/>
      </object_component>
      <object_component id="oc-17a">
         <name>.debug_info</name>
         <load_address>0x91019</load_address>
         <run_address>0x91019</run_address>
         <size>0x119</size>
         <input_file_ref idref="fl-25"/>
      </object_component>
      <object_component id="oc-17f">
         <name>.debug_info</name>
         <load_address>0x91132</load_address>
         <run_address>0x91132</run_address>
         <size>0x10d</size>
         <input_file_ref idref="fl-26"/>
      </object_component>
      <object_component id="oc-184">
         <name>.debug_info</name>
         <load_address>0x9123f</load_address>
         <run_address>0x9123f</run_address>
         <size>0x10d</size>
         <input_file_ref idref="fl-27"/>
      </object_component>
      <object_component id="oc-189">
         <name>.debug_info</name>
         <load_address>0x9134c</load_address>
         <run_address>0x9134c</run_address>
         <size>0x10d</size>
         <input_file_ref idref="fl-28"/>
      </object_component>
      <object_component id="oc-18e">
         <name>.debug_info</name>
         <load_address>0x91459</load_address>
         <run_address>0x91459</run_address>
         <size>0x11b</size>
         <input_file_ref idref="fl-29"/>
      </object_component>
      <object_component id="oc-193">
         <name>.debug_info</name>
         <load_address>0x91574</load_address>
         <run_address>0x91574</run_address>
         <size>0x10d</size>
         <input_file_ref idref="fl-2a"/>
      </object_component>
      <object_component id="oc-198">
         <name>.debug_info</name>
         <load_address>0x91681</load_address>
         <run_address>0x91681</run_address>
         <size>0x10d</size>
         <input_file_ref idref="fl-2b"/>
      </object_component>
      <object_component id="oc-19c">
         <name>.debug_info</name>
         <load_address>0x9178e</load_address>
         <run_address>0x9178e</run_address>
         <size>0x66f</size>
         <input_file_ref idref="fl-2c"/>
      </object_component>
      <object_component id="oc-1a1">
         <name>.debug_info</name>
         <load_address>0x91dfd</load_address>
         <run_address>0x91dfd</run_address>
         <size>0x848</size>
         <input_file_ref idref="fl-2d"/>
      </object_component>
      <object_component id="oc-1a8">
         <name>.debug_info</name>
         <load_address>0x92645</load_address>
         <run_address>0x92645</run_address>
         <size>0x113</size>
         <input_file_ref idref="fl-2e"/>
      </object_component>
      <object_component id="oc-1ad">
         <name>.debug_info</name>
         <load_address>0x92758</load_address>
         <run_address>0x92758</run_address>
         <size>0x111</size>
         <input_file_ref idref="fl-2f"/>
      </object_component>
      <object_component id="oc-1b2">
         <name>.debug_info</name>
         <load_address>0x92869</load_address>
         <run_address>0x92869</run_address>
         <size>0x111</size>
         <input_file_ref idref="fl-30"/>
      </object_component>
      <object_component id="oc-1b7">
         <name>.debug_info</name>
         <load_address>0x9297a</load_address>
         <run_address>0x9297a</run_address>
         <size>0x147</size>
         <input_file_ref idref="fl-31"/>
      </object_component>
      <object_component id="oc-1bc">
         <name>.debug_info</name>
         <load_address>0x92ac1</load_address>
         <run_address>0x92ac1</run_address>
         <size>0x22a</size>
         <input_file_ref idref="fl-32"/>
      </object_component>
      <object_component id="oc-1c0">
         <name>.debug_info</name>
         <load_address>0x92ceb</load_address>
         <run_address>0x92ceb</run_address>
         <size>0x12c7</size>
         <input_file_ref idref="fl-33"/>
      </object_component>
      <object_component id="oc-1c7">
         <name>.debug_info</name>
         <load_address>0x93fb2</load_address>
         <run_address>0x93fb2</run_address>
         <size>0x4ef</size>
         <input_file_ref idref="fl-34"/>
      </object_component>
      <object_component id="oc-1cc">
         <name>.debug_info</name>
         <load_address>0x944a1</load_address>
         <run_address>0x944a1</run_address>
         <size>0x46e</size>
         <input_file_ref idref="fl-35"/>
      </object_component>
      <object_component id="oc-1d1">
         <name>.debug_info</name>
         <load_address>0x9490f</load_address>
         <run_address>0x9490f</run_address>
         <size>0x512</size>
         <input_file_ref idref="fl-36"/>
      </object_component>
      <object_component id="oc-1d6">
         <name>.debug_info</name>
         <load_address>0x94e21</load_address>
         <run_address>0x94e21</run_address>
         <size>0x538</size>
         <input_file_ref idref="fl-37"/>
      </object_component>
      <object_component id="oc-1dc">
         <name>.debug_info</name>
         <load_address>0x95359</load_address>
         <run_address>0x95359</run_address>
         <size>0x5e3</size>
         <input_file_ref idref="fl-38"/>
      </object_component>
      <object_component id="oc-1e2">
         <name>.debug_info</name>
         <load_address>0x9593c</load_address>
         <run_address>0x9593c</run_address>
         <size>0x517</size>
         <input_file_ref idref="fl-39"/>
      </object_component>
      <object_component id="oc-1e7">
         <name>.debug_info</name>
         <load_address>0x95e53</load_address>
         <run_address>0x95e53</run_address>
         <size>0x507</size>
         <input_file_ref idref="fl-3a"/>
      </object_component>
      <object_component id="oc-1ec">
         <name>.debug_info</name>
         <load_address>0x9635a</load_address>
         <run_address>0x9635a</run_address>
         <size>0x4f1</size>
         <input_file_ref idref="fl-3b"/>
      </object_component>
      <object_component id="oc-1f1">
         <name>.debug_info</name>
         <load_address>0x9684b</load_address>
         <run_address>0x9684b</run_address>
         <size>0x4d0</size>
         <input_file_ref idref="fl-3c"/>
      </object_component>
      <object_component id="oc-1f6">
         <name>.debug_info</name>
         <load_address>0x96d1b</load_address>
         <run_address>0x96d1b</run_address>
         <size>0x51a</size>
         <input_file_ref idref="fl-3d"/>
      </object_component>
      <object_component id="oc-1fb">
         <name>.debug_info</name>
         <load_address>0x97235</load_address>
         <run_address>0x97235</run_address>
         <size>0xf1d</size>
         <input_file_ref idref="fl-3e"/>
      </object_component>
      <object_component id="oc-201">
         <name>.debug_info</name>
         <load_address>0x98152</load_address>
         <run_address>0x98152</run_address>
         <size>0x5c6</size>
         <input_file_ref idref="fl-3f"/>
      </object_component>
      <object_component id="oc-207">
         <name>.debug_info</name>
         <load_address>0x98718</load_address>
         <run_address>0x98718</run_address>
         <size>0x5da</size>
         <input_file_ref idref="fl-40"/>
      </object_component>
      <object_component id="oc-20c">
         <name>.debug_info</name>
         <load_address>0x98cf2</load_address>
         <run_address>0x98cf2</run_address>
         <size>0x1bc</size>
         <input_file_ref idref="fl-41"/>
      </object_component>
      <object_component id="oc-211">
         <name>.debug_info</name>
         <load_address>0x98eae</load_address>
         <run_address>0x98eae</run_address>
         <size>0x10d</size>
         <input_file_ref idref="fl-42"/>
      </object_component>
      <object_component id="oc-215">
         <name>.debug_info</name>
         <load_address>0x98fbb</load_address>
         <run_address>0x98fbb</run_address>
         <size>0x659</size>
         <input_file_ref idref="fl-43"/>
      </object_component>
      <object_component id="oc-21a">
         <name>.debug_info</name>
         <load_address>0x99614</load_address>
         <run_address>0x99614</run_address>
         <size>0x5c4</size>
         <input_file_ref idref="fl-44"/>
      </object_component>
      <object_component id="oc-220">
         <name>.debug_info</name>
         <load_address>0x99bd8</load_address>
         <run_address>0x99bd8</run_address>
         <size>0x19e</size>
         <input_file_ref idref="fl-45"/>
      </object_component>
      <object_component id="oc-224">
         <name>.debug_info</name>
         <load_address>0x99d76</load_address>
         <run_address>0x99d76</run_address>
         <size>0x4c5</size>
         <input_file_ref idref="fl-46"/>
      </object_component>
      <object_component id="oc-229">
         <name>.debug_info</name>
         <load_address>0x9a23b</load_address>
         <run_address>0x9a23b</run_address>
         <size>0x61e</size>
         <input_file_ref idref="fl-47"/>
      </object_component>
      <object_component id="oc-22e">
         <name>.debug_info</name>
         <load_address>0x9a859</load_address>
         <run_address>0x9a859</run_address>
         <size>0x8e1</size>
         <input_file_ref idref="fl-48"/>
      </object_component>
      <object_component id="oc-235">
         <name>.debug_info</name>
         <load_address>0x9b13a</load_address>
         <run_address>0x9b13a</run_address>
         <size>0xb20</size>
         <input_file_ref idref="fl-49"/>
      </object_component>
      <object_component id="oc-23d">
         <name>.debug_info</name>
         <load_address>0x9bc5a</load_address>
         <run_address>0x9bc5a</run_address>
         <size>0x6ed</size>
         <input_file_ref idref="fl-4a"/>
      </object_component>
      <object_component id="oc-242">
[...]
         <value>0xe006</value>
         <object_component_ref idref="oc-118"/>
      </symbol>
      <symbol id="sm-45e">
         <name>_timeRTS</name>
         <value>0xe008</value>
         <object_component_ref idref="oc-118"/>
      </symbol>
      <symbol id="sm-45f">
         <name>_pass</name>
         <value>0xe000</value>
         <object_component_ref idref="oc-118"/>
      </symbol>
      <symbol id="sm-460">
         <name>_fail</name>
         <value>0xe001</value>
         <object_component_ref idref="oc-118"/>
      </symbol>
      <symbol id="sm-461">
         <name>_RTS_runTest</name>
         <value>0x88f5</value>
         <object_component_ref idref="oc-24d"/>
      </symbol>
      <symbol id="sm-462">
         <name>_errorVector</name>
         <value>0xf040</value>
         <object_component_ref idref="oc-118"/>
      </symbol>
      <symbol id="sm-463">
         <name>_genInputVector</name>
         <value>0x8876</value>
         <object_component_ref idref="oc-24d"/>
      </symbol>
      <symbol id="sm-464">
         <name>_genErrorVector</name>
         <value>0x88a4</value>
         <object_component_ref idref="oc-24d"/>
      </symbol>
      <symbol id="sm-465">
         <name>_tmuOutput</name>
         <value>0xf840</value>
         <object_component_ref idref="oc-118"/>
      </symbol>
      <symbol id="sm-466">
         <name>_timeTMU</name>
         <value>0xe004</value>
         <object_component_ref idref="oc-118"/>
      </symbol>
      <symbol id="sm-483">
         <name>_c_int00</name>
         <value>0x91be</value>
         <object_component_ref idref="oc-83"/>
      </symbol>
      <symbol id="sm-484">
         <name>__stack</name>
         <value>0xd000</value>
         <object_component_ref idref="oc-11e"/>
      </symbol>
      <symbol id="sm-49a">
         <name>_copy_in</name>
         <value>0x9267</value>
         <object_component_ref idref="oc-248"/>
      </symbol>
      <symbol id="sm-4a9">
         <name>_ppcopy</name>
         <value>0x9559</value>
         <object_component_ref idref="oc-129"/>
      </symbol>
      <symbol id="sm-4aa">
         <name>_dpcopy</name>
         <value>0x9559</value>
         <object_component_ref idref="oc-129"/>
      </symbol>
      <symbol id="sm-4ab">
         <name>_pdcopy</name>
         <value>0x9559</value>
         <object_component_ref idref="oc-129"/>
      </symbol>
      <symbol id="sm-4ac">
         <name>_ddcopy</name>
         <value>0x9559</value>
         <object_component_ref idref="oc-129"/>
      </symbol>
      <symbol id="sm-4c1">
         <name>C$$EXIT</name>
         <value>0x93d1</value>
         <object_component_ref idref="oc-24b"/>
      </symbol>
      <symbol id="sm-4c2">
         <name>_exit</name>
         <value>0x93d3</value>
         <object_component_ref idref="oc-24b"/>
      </symbol>
      <symbol id="sm-4c3">
         <name>___TI_cleanup_ptr</name>
         <value>0x10252</value>
         <object_component_ref idref="oc-130"/>
      </symbol>
      <symbol id="sm-4c4">
         <name>___TI_enable_exit_profile_output</name>
         <value>0x10250</value>
         <object_component_ref idref="oc-130"/>
      </symbol>
      <symbol id="sm-4c5">
         <name>_abort</name>
         <value>0x93d1</value>
         <object_component_ref idref="oc-24b"/>
      </symbol>
      <symbol id="sm-4c6">
         <name>___TI_dtors_ptr</name>
         <value>0x10254</value>
         <object_component_ref idref="oc-130"/>
      </symbol>
      <symbol id="sm-4d7">
         <name>FS$$DIV</name>
         <value>0x8f1a</value>
         <object_component_ref idref="oc-135"/>
      </symbol>
      <symbol id="sm-4e3">
         <name>LL$$AND</name>
         <value>0x958c</value>
         <object_component_ref idref="oc-13a"/>
      </symbol>
      <symbol id="sm-4e4">
         <name>LL$$OR</name>
         <value>0x9594</value>
         <object_component_ref idref="oc-13a"/>
      </symbol>
      <symbol id="sm-4e5">
         <name>LL$$XOR</name>
         <value>0x959c</value>
         <object_component_ref idref="oc-13a"/>
      </symbol>
      <symbol id="sm-4f7">
         <name>_memcpy</name>
         <value>0x94c8</value>
         <object_component_ref idref="oc-265"/>
      </symbol>
      <symbol id="sm-506">
         <name>_memset</name>
         <value>0x3f4</value>
         <object_component_ref idref="oc-26b"/>
      </symbol>
      <symbol id="sm-513">
         <name>__system_pre_init</name>
         <value>0x8ffd</value>
         <object_component_ref idref="oc-247"/>
      </symbol>
      <symbol id="sm-524">
         <name>_printf</name>
         <value>0x92f0</value>
         <object_component_ref idref="oc-259"/>
      </symbol>
      <symbol id="sm-532">
         <name>_sin</name>
         <value>0x9166</value>
         <object_component_ref idref="oc-25a"/>
      </symbol>
      <symbol id="sm-533">
         <name>_sinf</name>
         <value>0x9166</value>
         <object_component_ref idref="oc-25a"/>
      </symbol>
      <symbol id="sm-540">
         <name>__system_post_cinit</name>
         <value>0xb7ff</value>
         <object_component_ref idref="oc-249"/>
      </symbol>
      <symbol id="sm-555">
         <name>__unlock</name>
         <value>0x10258</value>
         <object_component_ref idref="oc-251"/>
      </symbol>
      <symbol id="sm-556">
         <name>__lock</name>
         <value>0x10256</value>
         <object_component_ref idref="oc-24e"/>
      </symbol>
      <symbol id="sm-557">
         <name>__register_lock</name>
         <value>0x95ea</value>
         <object_component_ref idref="oc-25b"/>
      </symbol>
      <symbol id="sm-558">
         <name>__nop</name>
         <value>0x95ee</value>
         <object_component_ref idref="oc-25b"/>
      </symbol>
      <symbol id="sm-559">
         <name>__register_unlock</name>
         <value>0x95e6</value>
         <object_component_ref idref="oc-25b"/>
      </symbol>
      <symbol id="sm-687">
         <name>___TI_printfi</name>
         <value>0xcab4</value>
         <object_component_ref idref="oc-260"/>
      </symbol>
      <symbol id="sm-697">
         <name>__args_main</name>
         <value>0x9573</value>
         <object_component_ref idref="oc-24a"/>
      </symbol>
      <symbol id="sm-6ac">
         <name>_atoi</name>
         <value>0x931e</value>
         <object_component_ref idref="oc-266"/>
      </symbol>
      <symbol id="sm-6b5">
         <name>__ctypes_</name>
         <value>0xdbc0</value>
         <object_component_ref idref="oc-271"/>
      </symbol>
      <symbol id="sm-6c1">
         <name>___TI_ft_end</name>
         <value>0x10040</value>
         <object_component_ref idref="oc-177"/>
      </symbol>
      <symbol id="sm-6c2">
         <name>___TI_tmpnams</name>
         <value>0x10100</value>
         <object_component_ref idref="oc-177"/>
      </symbol>
      <symbol id="sm-6c3">
         <name>__ftable</name>
         <value>0x10080</value>
         <object_component_ref idref="oc-177"/>
      </symbol>
      <symbol id="sm-6d3">
         <name>FD$$CMP</name>
         <value>0x937d</value>
         <object_component_ref idref="oc-179"/>
      </symbol>
      <symbol id="sm-6ea">
         <name>FD$$DIV</name>
         <value>0x8e06</value>
         <object_component_ref idref="oc-17e"/>
      </symbol>
      <symbol id="sm-6fc">
         <name>FD$$MPY</name>
         <value>0x9000</value>
         <object_component_ref idref="oc-183"/>
      </symbol>
      <symbol id="sm-709">
         <name>FD$$NEG</name>
         <value>0x95ef</value>
         <object_component_ref idref="oc-188"/>
      </symbol>
      <symbol id="sm-715">
         <name>FD$$SUB</name>
         <value>0x95b5</value>
         <object_component_ref idref="oc-18d"/>
      </symbol>
      <symbol id="sm-724">
         <name>FD$$TOI</name>
         <value>0x946a</value>
         <object_component_ref idref="oc-192"/>
      </symbol>
      <symbol id="sm-733">
         <name>FD$$TOL</name>
         <value>0x948b</value>
         <object_component_ref idref="oc-197"/>
      </symbol>
      <symbol id="sm-747">
         <name>_putchar</name>
         <value>0x9262</value>
         <object_component_ref idref="oc-25e"/>
      </symbol>
      <symbol id="sm-748">
         <name>_putc</name>
         <value>0x9214</value>
         <object_component_ref idref="oc-25e"/>
      </symbol>
      <symbol id="sm-749">
         <name>_fputc</name>
         <value>0x9214</value>
         <object_component_ref idref="oc-25e"/>
      </symbol>
      <symbol id="sm-767">
         <name>_puts</name>
         <value>0x8cc3</value>
         <object_component_ref idref="oc-25f"/>
      </symbol>
      <symbol id="sm-768">
         <name>_fputs</name>
         <value>0x8c26</value>
         <object_component_ref idref="oc-25f"/>
      </symbol>
      <symbol id="sm-778">
         <name>FS$$TOFD</name>
         <value>0x9521</value>
         <object_component_ref idref="oc-1a7"/>
      </symbol>
      <symbol id="sm-788">
         <name>I$$TOFD</name>
         <value>0x9504</value>
         <object_component_ref idref="oc-1ac"/>
      </symbol>
      <symbol id="sm-798">
         <name>L$$TOFD</name>
         <value>0x953d</value>
         <object_component_ref idref="oc-1b1"/>
      </symbol>
      <symbol id="sm-7a6">
         <name>ULL$$CMP</name>
         <value>0x94bc</value>
         <object_component_ref idref="oc-1b6"/>
      </symbol>
      <symbol id="sm-7a7">
         <name>LL$$CMP</name>
         <value>0x94aa</value>
         <object_component_ref idref="oc-1b6"/>
      </symbol>
      <symbol id="sm-7d3">
         <name>ULL$$MOD</name>
         <value>0x8a0f</value>
         <object_component_ref idref="oc-1bb"/>
      </symbol>
      <symbol id="sm-7d4">
         <name>ULL$$DIV</name>
         <value>0x89e0</value>
         <object_component_ref idref="oc-1bb"/>
      </symbol>
      <symbol id="sm-7d5">
         <name>LL$$MOD</name>
         <value>0x89a6</value>
         <object_component_ref idref="oc-1bb"/>
      </symbol>
      <symbol id="sm-7d6">
         <name>LL$$DIV</name>
         <value>0x896a</value>
         <object_component_ref idref="oc-1bb"/>
      </symbol>
      <symbol id="sm-811">
         <name>_add_device</name>
         <value>0xb722</value>
         <object_component_ref idref="oc-263"/>
      </symbol>
      <symbol id="sm-812">
         <name>_rename</name>
         <value>0xb605</value>
         <object_component_ref idref="oc-263"/>
      </symbol>
      <symbol id="sm-813">
         <name>_read</name>
         <value>0xb64d</value>
         <object_component_ref idref="oc-263"/>
      </symbol>
      <symbol id="sm-814">
         <name>_unlink</name>
         <value>0xb5ec</value>
         <object_component_ref idref="oc-263"/>
      </symbol>
      <symbol id="sm-815">
         <name>_remove_device</name>
         <value>0xb633</value>
         <object_component_ref idref="oc-263"/>
      </symbol>
      <symbol id="sm-816">
         <name>_open</name>
         <value>0xb666</value>
         <object_component_ref idref="oc-263"/>
      </symbol>
      <symbol id="sm-817">
         <name>_lseek</name>
         <value>0xb6d7</value>
         <object_component_ref idref="oc-263"/>
      </symbol>
      <symbol id="sm-818">
         <name>_close</name>
         <value>0xb6ef</value>
         <object_component_ref idref="oc-263"/>
      </symbol>
      <symbol id="sm-819">
         <name>_write</name>
         <value>0xb585</value>
         <object_component_ref idref="oc-263"/>
      </symbol>
      <symbol id="sm-828">
         <name>_ltoa</name>
         <value>0x934f</value>
         <object_component_ref idref="oc-267"/>
      </symbol>
      <symbol id="sm-838">
         <name>_memccpy</name>
         <value>0x95c3</value>
         <object_component_ref idref="oc-26c"/>
      </symbol>
      <symbol id="sm-848">
         <name>_memchr</name>
         <value>0x95a4</value>
         <object_component_ref idref="oc-264"/>
      </symbol>
      <symbol id="sm-85c">
         <name>_frexpl</name>
         <value>0x8fa2</value>
         <object_component_ref idref="oc-268"/>
      </symbol>
      <symbol id="sm-87a">
         <name>_scalbnl</name>
         <value>0x8b6a</value>
         <object_component_ref idref="oc-269"/>
      </symbol>
      <symbol id="sm-87b">
         <name>_ldexpl</name>
         <value>0x8b6a</value>
         <object_component_ref idref="oc-269"/>
      </symbol>
      <symbol id="sm-88b">
         <name>_strchr</name>
         <value>0x95d0</value>
         <object_component_ref idref="oc-26a"/>
      </symbol>
      <symbol id="sm-89a">
         <name>_strcmp</name>
         <value>0x95dc</value>
         <object_component_ref idref="oc-26f"/>
      </symbol>
      <symbol id="sm-8a8">
         <name>_strcpy</name>
         <value>0x9600</value>
         <object_component_ref idref="oc-254"/>
      </symbol>
      <symbol id="sm-8b6">
         <name>_strlen</name>
         <value>0x95f8</value>
         <object_component_ref idref="oc-253"/>
      </symbol>
      <symbol id="sm-8c7">
         <name>_strncpy</name>
         <value>0x94e6</value>
         <object_component_ref idref="oc-270"/>
      </symbol>
      <symbol id="sm-8db">
         <name>_HOSTopen</name>
         <value>0x848f</value>
         <object_component_ref idref="oc-24c"/>
      </symbol>
      <symbol id="sm-8dc">
         <name>_HOSTread</name>
         <value>0x8450</value>
         <object_component_ref idref="oc-24c"/>
      </symbol>
      <symbol id="sm-8dd">
         <name>_HOSTgetenv</name>
         <value>0x8530</value>
         <object_component_ref idref="oc-24c"/>
      </symbol>
      <symbol id="sm-8de">
         <name>_HOSTtime</name>
         <value>0x83dc</value>
         <object_component_ref idref="oc-24c"/>
      </symbol>
      <symbol id="sm-8df">
         <name>_HOSTtime64</name>
         <value>0x8397</value>
         <object_component_ref idref="oc-24c"/>
      </symbol>
      <symbol id="sm-8e0">
         <name>_HOSTrename</name>
         <value>0x8412</value>
         <object_component_ref idref="oc-24c"/>
      </symbol>
      <symbol id="sm-8e1">
         <name>_HOSTclock</name>
         <value>0x8581</value>
         <object_component_ref idref="oc-24c"/>
      </symbol>
      <symbol id="sm-8e2">
         <name>_HOSTwrite</name>
         <value>0x833b</value>
         <object_component_ref idref="oc-24c"/>
      </symbol>
      <symbol id="sm-8e3">
         <name>_HOSTlseek</name>
         <value>0x84cf</value>
         <object_component_ref idref="oc-24c"/>
      </symbol>
      <symbol id="sm-8e4">
         <name>_HOSTunlink</name>
         <value>0x8373</value>
         <object_component_ref idref="oc-24c"/>
      </symbol>
      <symbol id="sm-8e5">
         <name>_HOSTclose</name>
         <value>0x8558</value>
         <object_component_ref idref="oc-24c"/>
      </symbol>
      <symbol id="sm-8ff">
         <name>___TI_readmsg</name>
         <value>0x8dca</value>
         <object_component_ref idref="oc-250"/>
      </symbol>
      <symbol id="sm-900">
         <name>C$$IO$$</name>
         <value>0x8dc5</value>
         <object_component_ref idref="oc-250"/>
      </symbol>
      <symbol id="sm-901">
         <name>__CIOBUF_</name>
         <value>0xdd80</value>
         <object_component_ref idref="oc-202"/>
      </symbol>
      <symbol id="sm-902">
         <name>___TI_writemsg</name>
         <value>0x8d72</value>
         <object_component_ref idref="oc-250"/>
      </symbol>
      <symbol id="sm-91a">
         <name>___TI_rd_ok</name>
         <value>0x913a</value>
         <object_component_ref idref="oc-261"/>
      </symbol>
      <symbol id="sm-91b">
         <name>___TI_wrt_ok</name>
         <value>0x90ff</value>
         <object_component_ref idref="oc-261"/>
      </symbol>
      <symbol id="sm-926">
         <name>_errno</name>
         <value>0x1025a</value>
         <object_component_ref idref="oc-20e"/>
      </symbol>
      <symbol id="sm-941">
         <name>FD$$ADD</name>
         <value>0x8cd6</value>
         <object_component_ref idref="oc-210"/>
      </symbol>
      <symbol id="sm-958">
         <name>___TI_doflush</name>
         <value>0x8789</value>
         <object_component_ref idref="oc-262"/>
      </symbol>
      <symbol id="sm-959">
         <name>_fflush</name>
         <value>0x87b8</value>
         <object_component_ref idref="oc-262"/>
      </symbol>
      <symbol id="sm-96a">
         <name>_fseek</name>
         <value>0x92ad</value>
         <object_component_ref idref="oc-26d"/>
      </symbol>
      <symbol id="sm-976">
         <name>UL$$MOD</name>
         <value>0x93cb</value>
         <object_component_ref idref="oc-21f"/>
      </symbol>
      <symbol id="sm-977">
         <name>L$$MOD</name>
         <value>0x93b6</value>
         <object_component_ref idref="oc-21f"/>
      </symbol>
      <symbol id="sm-978">
         <name>L$$DIV</name>
         <value>0x93a7</value>
         <object_component_ref idref="oc-21f"/>
      </symbol>
      <symbol id="sm-979">
         <name>UL$$DIV</name>
         <value>0x93c4</value>
         <object_component_ref idref="oc-21f"/>
      </symbol>
      <symbol id="sm-987">
         <name>_copysignl</name>
         <value>0x9448</value>
         <object_component_ref idref="oc-272"/>
      </symbol>
      <symbol id="sm-99e">
         <name>_setvbuf</name>
         <value>0x8e91</value>
         <object_component_ref idref="oc-26e"/>
      </symbol>
      <symbol id="sm-9d4">
         <name>_fopen</name>
         <value>0x8b24</value>
         <object_component_ref idref="oc-274"/>
      </symbol>
      <symbol id="sm-9d5">
         <name>___TI_cleanup</name>
         <value>0x8ae9</value>
         <object_component_ref idref="oc-274"/>
      </symbol>
      <symbol id="sm-9d6">
         <name>_freopen</name>
         <value>0x8b06</value>
         <object_component_ref idref="oc-274"/>
      </symbol>
      <symbol id="sm-a1e">
         <name>__sys_memory</name>
         <value>0xd600</value>
         <object_component_ref idref="oc-237"/>
      </symbol>
      <symbol id="sm-a1f">
         <name>_chkheap</name>
         <value>0x8770</value>
         <object_component_ref idref="oc-273"/>
      </symbol>
      <symbol id="sm-a20">
         <name>_realloc</name>
         <value>0x867e</value>
         <object_component_ref idref="oc-273"/>
      </symbol>
      <symbol id="sm-a21">
         <name>_free_memory</name>
         <value>0x8752</value>
         <object_component_ref idref="oc-273"/>
      </symbol>
      <symbol id="sm-a22">
         <name>_max_free</name>
         <value>0x8730</value>
         <object_component_ref idref="oc-273"/>
      </symbol>
      <symbol id="sm-a23">
         <name>_free</name>
         <value>0x85b7</value>
         <object_component_ref idref="oc-273"/>
      </symbol>
      <symbol id="sm-a24">
         <name>_calloc</name>
         <value>0x8772</value>
         <object_component_ref idref="oc-273"/>
      </symbol>
      <symbol id="sm-a25">
         <name>_malloc</name>
         <value>0x8620</value>
         <object_component_ref idref="oc-273"/>
      </symbol>
      <symbol id="sm-a26">
         <name>_minit</name>
         <value>0x85fb</value>
         <object_component_ref idref="oc-273"/>
      </symbol>
      <symbol id="sm-a38">
         <name>___TI_closefile</name>
         <value>0xb7a0</value>
         <object_component_ref idref="oc-275"/>
      </symbol>
      <symbol id="sm-a39">
         <name>_fclose</name>
         <value>0xb7e4</value>
         <object_component_ref idref="oc-275"/>
      </symbol>
      <symbol id="sm-a46">
         <name>_remove</name>
         <value>0x87fc</value>
         <object_component_ref idref="oc-276"/>
      </symbol>
   </symbol_table>
   <title>Link successful</title>
</link_info>
